
==========================================================================
detailed place report_tns
--------------------------------------------------------------------------
tns max -68.15

==========================================================================
detailed place report_wns
--------------------------------------------------------------------------
wns max -1.51

==========================================================================
detailed place report_worst_slack
--------------------------------------------------------------------------
worst slack max -1.51

==========================================================================
detailed place report_clock_min_period
--------------------------------------------------------------------------
core_clock period_min = 2.49 fmax = 400.89
vclk_core_clock period_min = 0.00 fmax = inf

==========================================================================
detailed place report_checks -path_delay min
--------------------------------------------------------------------------
Startpoint: dpath.a_reg.out[0]$_DFFE_PP_
            (rising edge-triggered flip-flop clocked by core_clock)
Endpoint: dpath.b_reg.out[0]$_DFFE_PP_
          (rising edge-triggered flip-flop clocked by core_clock)
Path Group: core_clock
Path Type: min

Fanout     Cap    Slew   Delay    Time   Description
-----------------------------------------------------------------------------
                  0.00    0.00    0.00   clock core_clock (rise edge)
                          0.29    0.29   clock network delay (ideal)
                  0.00    0.00    0.29 ^ dpath.a_reg.out[0]$_DFFE_PP_/CLK (sky130_fd_sc_hd__edfxtp_1)
     2    0.01    0.08    0.33    0.62 ^ dpath.a_reg.out[0]$_DFFE_PP_/Q (sky130_fd_sc_hd__edfxtp_1)
                                         _034_ (net)
                  0.08    0.00    0.62 ^ _172_/A0 (sky130_fd_sc_hd__mux2_1)
     1    0.00    0.04    0.12    0.74 ^ _172_/X (sky130_fd_sc_hd__mux2_1)
                                         _087_ (net)
                  0.04    0.00    0.74 ^ dpath.b_reg.out[0]$_DFFE_PP_/D (sky130_fd_sc_hd__edfxtp_1)
                                  0.74   data arrival time

                  0.00    0.00    0.00   clock core_clock (rise edge)
                          0.29    0.29   clock network delay (ideal)
                          0.00    0.29   clock reconvergence pessimism
                                  0.29 ^ dpath.b_reg.out[0]$_DFFE_PP_/CLK (sky130_fd_sc_hd__edfxtp_1)
                         -0.11    0.18   library hold time
                                  0.18   data required time
-----------------------------------------------------------------------------
                                  0.18   data required time
                                 -0.74   data arrival time
-----------------------------------------------------------------------------
                                  0.56   slack (MET)


Startpoint: ctrl.state.out[1]$_DFF_P_
            (rising edge-triggered flip-flop clocked by core_clock)
Endpoint: resp_val (output port clocked by vclk_core_clock)
Path Group: vclk_core_clock
Path Type: min

Fanout     Cap    Slew   Delay    Time   Description
-----------------------------------------------------------------------------
                  0.00    0.00    0.00   clock core_clock (rise edge)
                          0.29    0.29   clock network delay (ideal)
                  0.00    0.00    0.29 ^ ctrl.state.out[1]$_DFF_P_/CLK (sky130_fd_sc_hd__dfxtp_1)
     2    0.01    0.04    0.29    0.58 v ctrl.state.out[1]$_DFF_P_/Q (sky130_fd_sc_hd__dfxtp_1)
                                         _003_ (net)
                  0.04    0.00    0.58 v _121_/A (sky130_fd_sc_hd__clkinv_1)
     2    0.01    0.04    0.05    0.64 ^ _121_/Y (sky130_fd_sc_hd__clkinv_1)
                                         _036_ (net)
                  0.04    0.00    0.64 ^ _187_/A (sky130_fd_sc_hd__nor2_1)
     2    0.01    0.03    0.05    0.69 v _187_/Y (sky130_fd_sc_hd__nor2_1)
                                         net55 (net)
                  0.03    0.00    0.69 v output55/A (sky130_fd_sc_hd__clkdlybuf4s50_1)
     1    0.00    0.04    0.40    1.09 v output55/X (sky130_fd_sc_hd__clkdlybuf4s50_1)
                                         resp_val (net)
                  0.04    0.00    1.09 v resp_val (out)
                                  1.09   data arrival time

                  0.00    0.00    0.00   clock vclk_core_clock (rise edge)
                          0.29    0.29   clock network delay (ideal)
                          0.00    0.29   clock reconvergence pessimism
                         -0.22    0.07   output external delay
                                  0.07   data required time
-----------------------------------------------------------------------------
                                  0.07   data required time
                                 -1.09   data arrival time
-----------------------------------------------------------------------------
                                  1.02   slack (MET)



==========================================================================
detailed place report_checks -path_delay max
--------------------------------------------------------------------------
Startpoint: dpath.b_reg.out[2]$_DFFE_PP_
            (rising edge-triggered flip-flop clocked by core_clock)
Endpoint: dpath.b_reg.out[12]$_DFFE_PP_
          (rising edge-triggered flip-flop clocked by core_clock)
Path Group: core_clock
Path Type: max

Fanout     Cap    Slew   Delay    Time   Description
-----------------------------------------------------------------------------
                  0.00    0.00    0.00   clock core_clock (rise edge)
                          0.29    0.29   clock network delay (ideal)
                  0.00    0.00    0.29 ^ dpath.b_reg.out[2]$_DFFE_PP_/CLK (sky130_fd_sc_hd__edfxtp_1)
     4    0.02    0.14    0.43    0.72 v dpath.b_reg.out[2]$_DFFE_PP_/Q (sky130_fd_sc_hd__edfxtp_1)
                                         _016_ (net)
                  0.14    0.00    0.72 v _119_/_151_/A (sky130_fd_sc_hd__xor2_1)
     2    0.01    0.20    0.25    0.97 ^ _119_/_151_/X (sky130_fd_sc_hd__xor2_1)
                                         _119_/_022_ (net)
                  0.20    0.00    0.97 ^ _119_/_154_/B (sky130_fd_sc_hd__xnor2_1)
     2    0.01    0.25    0.19    1.17 ^ _119_/_154_/Y (sky130_fd_sc_hd__xnor2_1)
                                         _119_/_025_ (net)
                  0.25    0.00    1.17 ^ _119_/place166/A (sky130_fd_sc_hd__buf_4)
     2    0.01    0.04    0.17    1.33 ^ _119_/place166/X (sky130_fd_sc_hd__buf_4)
                                         _119_/net182 (net)
                  0.04    0.00    1.33 ^ _119_/_155_/B (sky130_fd_sc_hd__nor2_1)
     1    0.00    0.05    0.04    1.37 v _119_/_155_/Y (sky130_fd_sc_hd__nor2_1)
                                         _119_/_026_ (net)
                  0.05    0.00    1.37 v _119_/_166_/A1 (sky130_fd_sc_hd__a21oi_2)
     3    0.02    0.22    0.22    1.59 ^ _119_/_166_/Y (sky130_fd_sc_hd__a21oi_2)
                                         _119_/_037_ (net)
                  0.22    0.00    1.59 ^ _119_/_167_/A1 (sky130_fd_sc_hd__o21ai_2)
     2    0.01    0.08    0.13    1.72 v _119_/_167_/Y (sky130_fd_sc_hd__o21ai_2)
                                         _119_/_038_ (net)
                  0.08    0.00    1.72 v _119_/_205_/A2 (sky130_fd_sc_hd__a21o_4)
     4    0.03    0.06    0.26    1.98 v _119_/_205_/X (sky130_fd_sc_hd__a21o_4)
                                         _032_ (net)
                  0.06    0.00    1.98 v place139/A (sky130_fd_sc_hd__buf_12)
     6    0.03    0.03    0.14    2.12 v place139/X (sky130_fd_sc_hd__buf_12)
                                         net155 (net)
                  0.04    0.00    2.12 v _123_/A1 (sky130_fd_sc_hd__o21bai_4)
     2    0.02    0.18    0.19    2.32 ^ _123_/Y (sky130_fd_sc_hd__o21bai_4)
                                         _038_ (net)
                  0.18    0.00    2.32 ^ place133/A (sky130_fd_sc_hd__buf_12)
     9    0.06    0.08    0.17    2.48 ^ place133/X (sky130_fd_sc_hd__buf_12)
                                         net149 (net)
                  0.08    0.01    2.49 ^ dpath.b_reg.out[12]$_DFFE_PP_/DE (sky130_fd_sc_hd__edfxtp_1)
                                  2.49   data arrival time

                  0.00    1.10    1.10   clock core_clock (rise edge)
                          0.29    1.39   clock network delay (ideal)
                          0.00    1.39   clock reconvergence pessimism
                                  1.39 ^ dpath.b_reg.out[12]$_DFFE_PP_/CLK (sky130_fd_sc_hd__edfxtp_1)
                         -0.30    1.09   library setup time
                                  1.09   data required time
-----------------------------------------------------------------------------
                                  1.09   data required time
                                 -2.49   data arrival time
-----------------------------------------------------------------------------
                                 -1.39   slack (VIOLATED)


Startpoint: dpath.a_reg.out[4]$_DFFE_PP_
            (rising edge-triggered flip-flop clocked by core_clock)
Endpoint: resp_msg[15] (output port clocked by vclk_core_clock)
Path Group: vclk_core_clock
Path Type: max

Fanout     Cap    Slew   Delay    Time   Description
-----------------------------------------------------------------------------
                  0.00    0.00    0.00   clock core_clock (rise edge)
                          0.29    0.29   clock network delay (ideal)
                  0.00    0.00    0.29 ^ dpath.a_reg.out[4]$_DFFE_PP_/CLK (sky130_fd_sc_hd__edfxtp_1)
     2    0.01    0.09    0.37    0.66 v dpath.a_reg.out[4]$_DFFE_PP_/Q (sky130_fd_sc_hd__edfxtp_1)
                                         _029_ (net)
                  0.09    0.00    0.66 v _119_/_145_/A (sky130_fd_sc_hd__xnor3_1)
     5    0.01    0.12    0.44    1.10 v _119_/_145_/X (sky130_fd_sc_hd__xnor3_1)
                                         _119_/_016_ (net)
                  0.12    0.00    1.10 v _119_/_214_/A (sky130_fd_sc_hd__or2_1)
     3    0.01    0.09    0.30    1.40 v _119_/_214_/X (sky130_fd_sc_hd__or2_1)
                                         _119_/_079_ (net)
                  0.09    0.00    1.40 v _119_/_225_/C (sky130_fd_sc_hd__nor3_1)
     1    0.01    0.21    0.19    1.59 ^ _119_/_225_/Y (sky130_fd_sc_hd__nor3_1)
                                         _119_/_088_ (net)
                  0.21    0.00    1.59 ^ _119_/_228_/B1 (sky130_fd_sc_hd__a221oi_2)
     3    0.01    0.13    0.11    1.70 v _119_/_228_/Y (sky130_fd_sc_hd__a221oi_2)
                                         _119_/_091_ (net)
                  0.13    0.00    1.70 v _119_/_130_/A3 (sky130_fd_sc_hd__o311ai_1)
     1    0.01    0.29    0.30    2.00 ^ _119_/_130_/Y (sky130_fd_sc_hd__o311ai_1)
                                         _119_/_002_ (net)
                  0.29    0.00    2.00 ^ _119_/_131_/B (sky130_fd_sc_hd__xnor2_1)
     2    0.01    0.20    0.19    2.19 ^ _119_/_131_/Y (sky130_fd_sc_hd__xnor2_1)
                                         net45 (net)
                  0.20    0.00    2.19 ^ output45/A (sky130_fd_sc_hd__clkdlybuf4s50_1)
     1    0.00    0.03    0.49    2.68 ^ output45/X (sky130_fd_sc_hd__clkdlybuf4s50_1)
                                         resp_msg[15] (net)
                  0.03    0.00    2.68 ^ resp_msg[15] (out)
                                  2.68   data arrival time

                  0.00    1.10    1.10   clock vclk_core_clock (rise edge)
                          0.29    1.39   clock network delay (ideal)
                          0.00    1.39   clock reconvergence pessimism
                         -0.22    1.17   output external delay
                                  1.17   data required time
-----------------------------------------------------------------------------
                                  1.17   data required time
                                 -2.68   data arrival time
-----------------------------------------------------------------------------
                                 -1.51   slack (VIOLATED)



==========================================================================
detailed place report_checks -unconstrained
--------------------------------------------------------------------------
Startpoint: dpath.b_reg.out[2]$_DFFE_PP_
            (rising edge-triggered flip-flop clocked by core_clock)
Endpoint: dpath.b_reg.out[12]$_DFFE_PP_
          (rising edge-triggered flip-flop clocked by core_clock)
Path Group: core_clock
Path Type: max

Fanout     Cap    Slew   Delay    Time   Description
-----------------------------------------------------------------------------
                  0.00    0.00    0.00   clock core_clock (rise edge)
                          0.29    0.29   clock network delay (ideal)
                  0.00    0.00    0.29 ^ dpath.b_reg.out[2]$_DFFE_PP_/CLK (sky130_fd_sc_hd__edfxtp_1)
     4    0.02    0.14    0.43    0.72 v dpath.b_reg.out[2]$_DFFE_PP_/Q (sky130_fd_sc_hd__edfxtp_1)
                                         _016_ (net)
                  0.14    0.00    0.72 v _119_/_151_/A (sky130_fd_sc_hd__xor2_1)
     2    0.01    0.20    0.25    0.97 ^ _119_/_151_/X (sky130_fd_sc_hd__xor2_1)
                                         _119_/_022_ (net)
                  0.20    0.00    0.97 ^ _119_/_154_/B (sky130_fd_sc_hd__xnor2_1)
     2    0.01    0.25    0.19    1.17 ^ _119_/_154_/Y (sky130_fd_sc_hd__xnor2_1)
                                         _119_/_025_ (net)
                  0.25    0.00    1.17 ^ _119_/place166/A (sky130_fd_sc_hd__buf_4)
     2    0.01    0.04    0.17    1.33 ^ _119_/place166/X (sky130_fd_sc_hd__buf_4)
                                         _119_/net182 (net)
                  0.04    0.00    1.33 ^ _119_/_155_/B (sky130_fd_sc_hd__nor2_1)
     1    0.00    0.05    0.04    1.37 v _119_/_155_/Y (sky130_fd_sc_hd__nor2_1)
                                         _119_/_026_ (net)
                  0.05    0.00    1.37 v _119_/_166_/A1 (sky130_fd_sc_hd__a21oi_2)
     3    0.02    0.22    0.22    1.59 ^ _119_/_166_/Y (sky130_fd_sc_hd__a21oi_2)
                                         _119_/_037_ (net)
                  0.22    0.00    1.59 ^ _119_/_167_/A1 (sky130_fd_sc_hd__o21ai_2)
     2    0.01    0.08    0.13    1.72 v _119_/_167_/Y (sky130_fd_sc_hd__o21ai_2)
                                         _119_/_038_ (net)
                  0.08    0.00    1.72 v _119_/_205_/A2 (sky130_fd_sc_hd__a21o_4)
     4    0.03    0.06    0.26    1.98 v _119_/_205_/X (sky130_fd_sc_hd__a21o_4)
                                         _032_ (net)
                  0.06    0.00    1.98 v place139/A (sky130_fd_sc_hd__buf_12)
     6    0.03    0.03    0.14    2.12 v place139/X (sky130_fd_sc_hd__buf_12)
                                         net155 (net)
                  0.04    0.00    2.12 v _123_/A1 (sky130_fd_sc_hd__o21bai_4)
     2    0.02    0.18    0.19    2.32 ^ _123_/Y (sky130_fd_sc_hd__o21bai_4)
                                         _038_ (net)
                  0.18    0.00    2.32 ^ place133/A (sky130_fd_sc_hd__buf_12)
     9    0.06    0.08    0.17    2.48 ^ place133/X (sky130_fd_sc_hd__buf_12)
                                         net149 (net)
                  0.08    0.01    2.49 ^ dpath.b_reg.out[12]$_DFFE_PP_/DE (sky130_fd_sc_hd__edfxtp_1)
                                  2.49   data arrival time

                  0.00    1.10    1.10   clock core_clock (rise edge)
                          0.29    1.39   clock network delay (ideal)
                          0.00    1.39   clock reconvergence pessimism
                                  1.39 ^ dpath.b_reg.out[12]$_DFFE_PP_/CLK (sky130_fd_sc_hd__edfxtp_1)
                         -0.30    1.09   library setup time
                                  1.09   data required time
-----------------------------------------------------------------------------
                                  1.09   data required time
                                 -2.49   data arrival time
-----------------------------------------------------------------------------
                                 -1.39   slack (VIOLATED)


Startpoint: dpath.a_reg.out[4]$_DFFE_PP_
            (rising edge-triggered flip-flop clocked by core_clock)
Endpoint: resp_msg[15] (output port clocked by vclk_core_clock)
Path Group: vclk_core_clock
Path Type: max

Fanout     Cap    Slew   Delay    Time   Description
-----------------------------------------------------------------------------
                  0.00    0.00    0.00   clock core_clock (rise edge)
                          0.29    0.29   clock network delay (ideal)
                  0.00    0.00    0.29 ^ dpath.a_reg.out[4]$_DFFE_PP_/CLK (sky130_fd_sc_hd__edfxtp_1)
     2    0.01    0.09    0.37    0.66 v dpath.a_reg.out[4]$_DFFE_PP_/Q (sky130_fd_sc_hd__edfxtp_1)
                                         _029_ (net)
                  0.09    0.00    0.66 v _119_/_145_/A (sky130_fd_sc_hd__xnor3_1)
     5    0.01    0.12    0.44    1.10 v _119_/_145_/X (sky130_fd_sc_hd__xnor3_1)
                                         _119_/_016_ (net)
                  0.12    0.00    1.10 v _119_/_214_/A (sky130_fd_sc_hd__or2_1)
     3    0.01    0.09    0.30    1.40 v _119_/_214_/X (sky130_fd_sc_hd__or2_1)
                                         _119_/_079_ (net)
                  0.09    0.00    1.40 v _119_/_225_/C (sky130_fd_sc_hd__nor3_1)
     1    0.01    0.21    0.19    1.59 ^ _119_/_225_/Y (sky130_fd_sc_hd__nor3_1)
                                         _119_/_088_ (net)
                  0.21    0.00    1.59 ^ _119_/_228_/B1 (sky130_fd_sc_hd__a221oi_2)
     3    0.01    0.13    0.11    1.70 v _119_/_228_/Y (sky130_fd_sc_hd__a221oi_2)
                                         _119_/_091_ (net)
                  0.13    0.00    1.70 v _119_/_130_/A3 (sky130_fd_sc_hd__o311ai_1)
     1    0.01    0.29    0.30    2.00 ^ _119_/_130_/Y (sky130_fd_sc_hd__o311ai_1)
                                         _119_/_002_ (net)
                  0.29    0.00    2.00 ^ _119_/_131_/B (sky130_fd_sc_hd__xnor2_1)
     2    0.01    0.20    0.19    2.19 ^ _119_/_131_/Y (sky130_fd_sc_hd__xnor2_1)
                                         net45 (net)
                  0.20    0.00    2.19 ^ output45/A (sky130_fd_sc_hd__clkdlybuf4s50_1)
     1    0.00    0.03    0.49    2.68 ^ output45/X (sky130_fd_sc_hd__clkdlybuf4s50_1)
                                         resp_msg[15] (net)
                  0.03    0.00    2.68 ^ resp_msg[15] (out)
                                  2.68   data arrival time

                  0.00    1.10    1.10   clock vclk_core_clock (rise edge)
                          0.29    1.39   clock network delay (ideal)
                          0.00    1.39   clock reconvergence pessimism
                         -0.22    1.17   output external delay
                                  1.17   data required time
-----------------------------------------------------------------------------
                                  1.17   data required time
                                 -2.68   data arrival time
-----------------------------------------------------------------------------
                                 -1.51   slack (VIOLATED)



==========================================================================
detailed place report_check_types -max_slew -max_cap -max_fanout -violators
--------------------------------------------------------------------------

==========================================================================
detailed place max_slew_check_slack
--------------------------------------------------------------------------
1.0

==========================================================================
detailed place max_slew_check_limit
--------------------------------------------------------------------------
1.0

==========================================================================
detailed place max_slew_check_slack_limit
--------------------------------------------------------------------------
1.0000

==========================================================================
detailed place max_fanout_check_slack
--------------------------------------------------------------------------
1.0000000150474662e+30

==========================================================================
detailed place max_fanout_check_limit
--------------------------------------------------------------------------
1.0000000150474662e+30

==========================================================================
detailed place max_capacitance_check_slack
--------------------------------------------------------------------------
0.028467409312725067

==========================================================================
detailed place max_capacitance_check_limit
--------------------------------------------------------------------------
0.03663099929690361

==========================================================================
detailed place max_capacitance_check_slack_limit
--------------------------------------------------------------------------
0.7771

==========================================================================
detailed place max_slew_violation_count
--------------------------------------------------------------------------
max slew violation count 0

==========================================================================
detailed place max_fanout_violation_count
--------------------------------------------------------------------------
max fanout violation count 0

==========================================================================
detailed place max_cap_violation_count
--------------------------------------------------------------------------
max cap violation count 0

==========================================================================
detailed place setup_violation_count
--------------------------------------------------------------------------
setup violation count 69

==========================================================================
detailed place hold_violation_count
--------------------------------------------------------------------------
hold violation count 0

==========================================================================
detailed place report_checks -path_delay max reg to reg
--------------------------------------------------------------------------
Startpoint: dpath.b_reg.out[2]$_DFFE_PP_
            (rising edge-triggered flip-flop clocked by core_clock)
Endpoint: dpath.b_reg.out[12]$_DFFE_PP_
          (rising edge-triggered flip-flop clocked by core_clock)
Path Group: core_clock
Path Type: max

  Delay    Time   Description
---------------------------------------------------------
   0.00    0.00   clock core_clock (rise edge)
   0.29    0.29   clock network delay (ideal)
   0.00    0.29 ^ dpath.b_reg.out[2]$_DFFE_PP_/CLK (sky130_fd_sc_hd__edfxtp_1)
   0.43    0.72 v dpath.b_reg.out[2]$_DFFE_PP_/Q (sky130_fd_sc_hd__edfxtp_1)
   0.25    0.97 ^ _119_/_151_/X (sky130_fd_sc_hd__xor2_1)
   0.19    1.17 ^ _119_/_154_/Y (sky130_fd_sc_hd__xnor2_1)
   0.17    1.33 ^ _119_/place166/X (sky130_fd_sc_hd__buf_4)
   0.04    1.37 v _119_/_155_/Y (sky130_fd_sc_hd__nor2_1)
   0.22    1.59 ^ _119_/_166_/Y (sky130_fd_sc_hd__a21oi_2)
   0.13    1.72 v _119_/_167_/Y (sky130_fd_sc_hd__o21ai_2)
   0.26    1.98 v _119_/_205_/X (sky130_fd_sc_hd__a21o_4)
   0.14    2.12 v place139/X (sky130_fd_sc_hd__buf_12)
   0.19    2.32 ^ _123_/Y (sky130_fd_sc_hd__o21bai_4)
   0.17    2.48 ^ place133/X (sky130_fd_sc_hd__buf_12)
   0.01    2.49 ^ dpath.b_reg.out[12]$_DFFE_PP_/DE (sky130_fd_sc_hd__edfxtp_1)
           2.49   data arrival time

   1.10    1.10   clock core_clock (rise edge)
   0.29    1.39   clock network delay (ideal)
   0.00    1.39   clock reconvergence pessimism
           1.39 ^ dpath.b_reg.out[12]$_DFFE_PP_/CLK (sky130_fd_sc_hd__edfxtp_1)
  -0.30    1.09   library setup time
           1.09   data required time
---------------------------------------------------------
           1.09   data required time
          -2.49   data arrival time
---------------------------------------------------------
          -1.39   slack (VIOLATED)



==========================================================================
detailed place report_checks -path_delay min reg to reg
--------------------------------------------------------------------------
Startpoint: dpath.a_reg.out[0]$_DFFE_PP_
            (rising edge-triggered flip-flop clocked by core_clock)
Endpoint: dpath.b_reg.out[0]$_DFFE_PP_
          (rising edge-triggered flip-flop clocked by core_clock)
Path Group: core_clock
Path Type: min

  Delay    Time   Description
---------------------------------------------------------
   0.00    0.00   clock core_clock (rise edge)
   0.29    0.29   clock network delay (ideal)
   0.00    0.29 ^ dpath.a_reg.out[0]$_DFFE_PP_/CLK (sky130_fd_sc_hd__edfxtp_1)
   0.33    0.62 ^ dpath.a_reg.out[0]$_DFFE_PP_/Q (sky130_fd_sc_hd__edfxtp_1)
   0.12    0.74 ^ _172_/X (sky130_fd_sc_hd__mux2_1)
   0.00    0.74 ^ dpath.b_reg.out[0]$_DFFE_PP_/D (sky130_fd_sc_hd__edfxtp_1)
           0.74   data arrival time

   0.00    0.00   clock core_clock (rise edge)
   0.29    0.29   clock network delay (ideal)
   0.00    0.29   clock reconvergence pessimism
           0.29 ^ dpath.b_reg.out[0]$_DFFE_PP_/CLK (sky130_fd_sc_hd__edfxtp_1)
  -0.11    0.18   library hold time
           0.18   data required time
---------------------------------------------------------
           0.18   data required time
          -0.74   data arrival time
---------------------------------------------------------
           0.56   slack (MET)



==========================================================================
detailed place critical path target clock latency max path
--------------------------------------------------------------------------
0.2900

==========================================================================
detailed place critical path target clock latency min path
--------------------------------------------------------------------------
0.2900

==========================================================================
detailed place critical path source clock latency min path
--------------------------------------------------------------------------
0.2900

==========================================================================
detailed place critical path delay
--------------------------------------------------------------------------
2.6825

==========================================================================
detailed place critical path slack
--------------------------------------------------------------------------
-1.5125

==========================================================================
detailed place slack div critical path delay
--------------------------------------------------------------------------
-56.383970

==========================================================================
detailed place report_power
--------------------------------------------------------------------------
Group                  Internal  Switching    Leakage      Total
                          Power      Power      Power      Power (Watts)
----------------------------------------------------------------
Sequential             1.69e-03   1.24e-04   3.51e-10   1.81e-03  30.5%
Combinational          2.45e-03   1.68e-03   1.34e-09   4.13e-03  69.5%
Clock                  0.00e+00   0.00e+00   0.00e+00   0.00e+00   0.0%
Macro                  0.00e+00   0.00e+00   0.00e+00   0.00e+00   0.0%
Pad                    0.00e+00   0.00e+00   0.00e+00   0.00e+00   0.0%
----------------------------------------------------------------
Total                  4.14e-03   1.80e-03   1.69e-09   5.94e-03 100.0%
                          69.6%      30.4%       0.0%
