
==========================================================================
global place report_tns
--------------------------------------------------------------------------
tns max -67.11

==========================================================================
global place report_wns
--------------------------------------------------------------------------
wns max -1.47

==========================================================================
global place report_worst_slack
--------------------------------------------------------------------------
worst slack max -1.47

==========================================================================
global place report_clock_min_period
--------------------------------------------------------------------------
core_clock period_min = 2.47 fmax = 404.16
vclk_core_clock period_min = 0.00 fmax = inf

==========================================================================
global place report_checks -path_delay min
--------------------------------------------------------------------------
Startpoint: dpath.a_reg.out[0]$_DFFE_PP_
            (rising edge-triggered flip-flop clocked by core_clock)
Endpoint: dpath.b_reg.out[0]$_DFFE_PP_
          (rising edge-triggered flip-flop clocked by core_clock)
Path Group: core_clock
Path Type: min

Fanout     Cap    Slew   Delay    Time   Description
-----------------------------------------------------------------------------
                  0.00    0.00    0.00   clock core_clock (rise edge)
                          0.29    0.29   clock network delay (ideal)
                  0.00    0.00    0.29 ^ dpath.a_reg.out[0]$_DFFE_PP_/CLK (sky130_fd_sc_hd__edfxtp_1)
     2    0.01    0.08    0.32    0.61 ^ dpath.a_reg.out[0]$_DFFE_PP_/Q (sky130_fd_sc_hd__edfxtp_1)
                                         _034_ (net)
                  0.08    0.00    0.61 ^ _172_/A0 (sky130_fd_sc_hd__mux2_1)
     1    0.00    0.04    0.12    0.73 ^ _172_/X (sky130_fd_sc_hd__mux2_1)
                                         _087_ (net)
                  0.04    0.00    0.73 ^ dpath.b_reg.out[0]$_DFFE_PP_/D (sky130_fd_sc_hd__edfxtp_1)
                                  0.73   data arrival time

                  0.00    0.00    0.00   clock core_clock (rise edge)
                          0.29    0.29   clock network delay (ideal)
                          0.00    0.29   clock reconvergence pessimism
                                  0.29 ^ dpath.b_reg.out[0]$_DFFE_PP_/CLK (sky130_fd_sc_hd__edfxtp_1)
                         -0.11    0.18   library hold time
                                  0.18   data required time
-----------------------------------------------------------------------------
                                  0.18   data required time
                                 -0.73   data arrival time
-----------------------------------------------------------------------------
                                  0.55   slack (MET)


Startpoint: ctrl.state.out[1]$_DFF_P_
            (rising edge-triggered flip-flop clocked by core_clock)
Endpoint: resp_val (output port clocked by vclk_core_clock)
Path Group: vclk_core_clock
Path Type: min

Fanout     Cap    Slew   Delay    Time   Description
-----------------------------------------------------------------------------
                  0.00    0.00    0.00   clock core_clock (rise edge)
                          0.29    0.29   clock network delay (ideal)
                  0.00    0.00    0.29 ^ ctrl.state.out[1]$_DFF_P_/CLK (sky130_fd_sc_hd__dfxtp_1)
     2    0.01    0.04    0.29    0.58 v ctrl.state.out[1]$_DFF_P_/Q (sky130_fd_sc_hd__dfxtp_1)
                                         _003_ (net)
                  0.04    0.00    0.58 v _121_/A (sky130_fd_sc_hd__clkinv_1)
     2    0.01    0.04    0.05    0.63 ^ _121_/Y (sky130_fd_sc_hd__clkinv_1)
                                         _036_ (net)
                  0.04    0.00    0.63 ^ _187_/A (sky130_fd_sc_hd__nor2_1)
     2    0.01    0.03    0.05    0.68 v _187_/Y (sky130_fd_sc_hd__nor2_1)
                                         net55 (net)
                  0.03    0.00    0.68 v output55/A (sky130_fd_sc_hd__clkdlybuf4s50_1)
     1    0.00    0.04    0.40    1.08 v output55/X (sky130_fd_sc_hd__clkdlybuf4s50_1)
                                         resp_val (net)
                  0.04    0.00    1.08 v resp_val (out)
                                  1.08   data arrival time

                  0.00    0.00    0.00   clock vclk_core_clock (rise edge)
                          0.29    0.29   clock network delay (ideal)
                          0.00    0.29   clock reconvergence pessimism
                         -0.22    0.07   output external delay
                                  0.07   data required time
-----------------------------------------------------------------------------
                                  0.07   data required time
                                 -1.08   data arrival time
-----------------------------------------------------------------------------
                                  1.01   slack (MET)



==========================================================================
global place report_checks -path_delay max
--------------------------------------------------------------------------
Startpoint: dpath.b_reg.out[2]$_DFFE_PP_
            (rising edge-triggered flip-flop clocked by core_clock)
Endpoint: dpath.b_reg.out[11]$_DFFE_PP_
          (rising edge-triggered flip-flop clocked by core_clock)
Path Group: core_clock
Path Type: max

Fanout     Cap    Slew   Delay    Time   Description
-----------------------------------------------------------------------------
                  0.00    0.00    0.00   clock core_clock (rise edge)
                          0.29    0.29   clock network delay (ideal)
                  0.00    0.00    0.29 ^ dpath.b_reg.out[2]$_DFFE_PP_/CLK (sky130_fd_sc_hd__edfxtp_1)
     4    0.01    0.13    0.42    0.71 v dpath.b_reg.out[2]$_DFFE_PP_/Q (sky130_fd_sc_hd__edfxtp_1)
                                         _016_ (net)
                  0.13    0.00    0.71 v _119_/_151_/A (sky130_fd_sc_hd__xor2_1)
     2    0.01    0.22    0.26    0.97 ^ _119_/_151_/X (sky130_fd_sc_hd__xor2_1)
                                         _119_/_022_ (net)
                  0.22    0.00    0.97 ^ _119_/_154_/B (sky130_fd_sc_hd__xnor2_1)
     2    0.01    0.23    0.19    1.16 ^ _119_/_154_/Y (sky130_fd_sc_hd__xnor2_1)
                                         _119_/_025_ (net)
                  0.23    0.00    1.16 ^ _119_/place166/A (sky130_fd_sc_hd__buf_4)
     2    0.01    0.04    0.16    1.32 ^ _119_/place166/X (sky130_fd_sc_hd__buf_4)
                                         _119_/net182 (net)
                  0.04    0.00    1.32 ^ _119_/_155_/B (sky130_fd_sc_hd__nor2_1)
     1    0.00    0.05    0.04    1.36 v _119_/_155_/Y (sky130_fd_sc_hd__nor2_1)
                                         _119_/_026_ (net)
                  0.05    0.00    1.36 v _119_/_166_/A1 (sky130_fd_sc_hd__a21oi_2)
     3    0.02    0.22    0.22    1.58 ^ _119_/_166_/Y (sky130_fd_sc_hd__a21oi_2)
                                         _119_/_037_ (net)
                  0.22    0.00    1.58 ^ _119_/_167_/A1 (sky130_fd_sc_hd__o21ai_2)
     2    0.01    0.08    0.13    1.71 v _119_/_167_/Y (sky130_fd_sc_hd__o21ai_2)
                                         _119_/_038_ (net)
                  0.08    0.00    1.71 v _119_/_205_/A2 (sky130_fd_sc_hd__a21o_4)
     4    0.03    0.06    0.26    1.97 v _119_/_205_/X (sky130_fd_sc_hd__a21o_4)
                                         _032_ (net)
                  0.06    0.00    1.97 v place139/A (sky130_fd_sc_hd__buf_12)
     6    0.03    0.04    0.14    2.11 v place139/X (sky130_fd_sc_hd__buf_12)
                                         net155 (net)
                  0.04    0.00    2.11 v _123_/A1 (sky130_fd_sc_hd__o21bai_4)
     2    0.02    0.18    0.19    2.30 ^ _123_/Y (sky130_fd_sc_hd__o21bai_4)
                                         _038_ (net)
                  0.18    0.00    2.30 ^ place133/A (sky130_fd_sc_hd__buf_12)
     9    0.06    0.08    0.16    2.46 ^ place133/X (sky130_fd_sc_hd__buf_12)
                                         net149 (net)
                  0.08    0.01    2.47 ^ dpath.b_reg.out[11]$_DFFE_PP_/DE (sky130_fd_sc_hd__edfxtp_1)
                                  2.47   data arrival time

                  0.00    1.10    1.10   clock core_clock (rise edge)
                          0.29    1.39   clock network delay (ideal)
                          0.00    1.39   clock reconvergence pessimism
                                  1.39 ^ dpath.b_reg.out[11]$_DFFE_PP_/CLK (sky130_fd_sc_hd__edfxtp_1)
                         -0.30    1.09   library setup time
                                  1.09   data required time
-----------------------------------------------------------------------------
                                  1.09   data required time
                                 -2.47   data arrival time
-----------------------------------------------------------------------------
                                 -1.37   slack (VIOLATED)


Startpoint: dpath.b_reg.out[2]$_DFFE_PP_
            (rising edge-triggered flip-flop clocked by core_clock)
Endpoint: resp_msg[7] (output port clocked by vclk_core_clock)
Path Group: vclk_core_clock
Path Type: max

Fanout     Cap    Slew   Delay    Time   Description
-----------------------------------------------------------------------------
                  0.00    0.00    0.00   clock core_clock (rise edge)
                          0.29    0.29   clock network delay (ideal)
                  0.00    0.00    0.29 ^ dpath.b_reg.out[2]$_DFFE_PP_/CLK (sky130_fd_sc_hd__edfxtp_1)
     4    0.01    0.13    0.42    0.71 v dpath.b_reg.out[2]$_DFFE_PP_/Q (sky130_fd_sc_hd__edfxtp_1)
                                         _016_ (net)
                  0.13    0.00    0.71 v _119_/_153_/B (sky130_fd_sc_hd__xor3_1)
     2    0.01    0.09    0.41    1.12 v _119_/_153_/X (sky130_fd_sc_hd__xor3_1)
                                         _119_/_024_ (net)
                  0.09    0.00    1.12 v _119_/_210_/B (sky130_fd_sc_hd__nand3_2)
     2    0.01    0.06    0.09    1.21 ^ _119_/_210_/Y (sky130_fd_sc_hd__nand3_2)
                                         _119_/_077_ (net)
                  0.06    0.00    1.21 ^ _119_/_211_/B1 (sky130_fd_sc_hd__o211ai_1)
     2    0.01    0.12    0.13    1.34 v _119_/_211_/Y (sky130_fd_sc_hd__o211ai_1)
                                         _119_/_078_ (net)
                  0.12    0.00    1.34 v _119_/_228_/B2 (sky130_fd_sc_hd__a221oi_2)
     3    0.01    0.31    0.35    1.70 ^ _119_/_228_/Y (sky130_fd_sc_hd__a221oi_2)
                                         _119_/_091_ (net)
                  0.31    0.00    1.70 ^ _119_/place142/A (sky130_fd_sc_hd__buf_4)
     1    0.00    0.04    0.17    1.87 ^ _119_/place142/X (sky130_fd_sc_hd__buf_4)
                                         _119_/net158 (net)
                  0.04    0.00    1.87 ^ _119_/_229_/B (sky130_fd_sc_hd__xor2_1)
     2    0.01    0.26    0.25    2.12 ^ _119_/_229_/X (sky130_fd_sc_hd__xor2_1)
                                         net52 (net)
                  0.26    0.00    2.12 ^ output52/A (sky130_fd_sc_hd__clkdlybuf4s50_1)
     1    0.00    0.04    0.52    2.64 ^ output52/X (sky130_fd_sc_hd__clkdlybuf4s50_1)
                                         resp_msg[7] (net)
                  0.04    0.00    2.64 ^ resp_msg[7] (out)
                                  2.64   data arrival time

                  0.00    1.10    1.10   clock vclk_core_clock (rise edge)
                          0.29    1.39   clock network delay (ideal)
                          0.00    1.39   clock reconvergence pessimism
                         -0.22    1.17   output external delay
                                  1.17   data required time
-----------------------------------------------------------------------------
                                  1.17   data required time
                                 -2.64   data arrival time
-----------------------------------------------------------------------------
                                 -1.47   slack (VIOLATED)



==========================================================================
global place report_checks -unconstrained
--------------------------------------------------------------------------
Startpoint: dpath.b_reg.out[2]$_DFFE_PP_
            (rising edge-triggered flip-flop clocked by core_clock)
Endpoint: dpath.b_reg.out[11]$_DFFE_PP_
          (rising edge-triggered flip-flop clocked by core_clock)
Path Group: core_clock
Path Type: max

Fanout     Cap    Slew   Delay    Time   Description
-----------------------------------------------------------------------------
                  0.00    0.00    0.00   clock core_clock (rise edge)
                          0.29    0.29   clock network delay (ideal)
                  0.00    0.00    0.29 ^ dpath.b_reg.out[2]$_DFFE_PP_/CLK (sky130_fd_sc_hd__edfxtp_1)
     4    0.01    0.13    0.42    0.71 v dpath.b_reg.out[2]$_DFFE_PP_/Q (sky130_fd_sc_hd__edfxtp_1)
                                         _016_ (net)
                  0.13    0.00    0.71 v _119_/_151_/A (sky130_fd_sc_hd__xor2_1)
     2    0.01    0.22    0.26    0.97 ^ _119_/_151_/X (sky130_fd_sc_hd__xor2_1)
                                         _119_/_022_ (net)
                  0.22    0.00    0.97 ^ _119_/_154_/B (sky130_fd_sc_hd__xnor2_1)
     2    0.01    0.23    0.19    1.16 ^ _119_/_154_/Y (sky130_fd_sc_hd__xnor2_1)
                                         _119_/_025_ (net)
                  0.23    0.00    1.16 ^ _119_/place166/A (sky130_fd_sc_hd__buf_4)
     2    0.01    0.04    0.16    1.32 ^ _119_/place166/X (sky130_fd_sc_hd__buf_4)
                                         _119_/net182 (net)
                  0.04    0.00    1.32 ^ _119_/_155_/B (sky130_fd_sc_hd__nor2_1)
     1    0.00    0.05    0.04    1.36 v _119_/_155_/Y (sky130_fd_sc_hd__nor2_1)
                                         _119_/_026_ (net)
                  0.05    0.00    1.36 v _119_/_166_/A1 (sky130_fd_sc_hd__a21oi_2)
     3    0.02    0.22    0.22    1.58 ^ _119_/_166_/Y (sky130_fd_sc_hd__a21oi_2)
                                         _119_/_037_ (net)
                  0.22    0.00    1.58 ^ _119_/_167_/A1 (sky130_fd_sc_hd__o21ai_2)
     2    0.01    0.08    0.13    1.71 v _119_/_167_/Y (sky130_fd_sc_hd__o21ai_2)
                                         _119_/_038_ (net)
                  0.08    0.00    1.71 v _119_/_205_/A2 (sky130_fd_sc_hd__a21o_4)
     4    0.03    0.06    0.26    1.97 v _119_/_205_/X (sky130_fd_sc_hd__a21o_4)
                                         _032_ (net)
                  0.06    0.00    1.97 v place139/A (sky130_fd_sc_hd__buf_12)
     6    0.03    0.04    0.14    2.11 v place139/X (sky130_fd_sc_hd__buf_12)
                                         net155 (net)
                  0.04    0.00    2.11 v _123_/A1 (sky130_fd_sc_hd__o21bai_4)
     2    0.02    0.18    0.19    2.30 ^ _123_/Y (sky130_fd_sc_hd__o21bai_4)
                                         _038_ (net)
                  0.18    0.00    2.30 ^ place133/A (sky130_fd_sc_hd__buf_12)
     9    0.06    0.08    0.16    2.46 ^ place133/X (sky130_fd_sc_hd__buf_12)
                                         net149 (net)
                  0.08    0.01    2.47 ^ dpath.b_reg.out[11]$_DFFE_PP_/DE (sky130_fd_sc_hd__edfxtp_1)
                                  2.47   data arrival time

                  0.00    1.10    1.10   clock core_clock (rise edge)
                          0.29    1.39   clock network delay (ideal)
                          0.00    1.39   clock reconvergence pessimism
                                  1.39 ^ dpath.b_reg.out[11]$_DFFE_PP_/CLK (sky130_fd_sc_hd__edfxtp_1)
                         -0.30    1.09   library setup time
                                  1.09   data required time
-----------------------------------------------------------------------------
                                  1.09   data required time
                                 -2.47   data arrival time
-----------------------------------------------------------------------------
                                 -1.37   slack (VIOLATED)


Startpoint: dpath.b_reg.out[2]$_DFFE_PP_
            (rising edge-triggered flip-flop clocked by core_clock)
Endpoint: resp_msg[7] (output port clocked by vclk_core_clock)
Path Group: vclk_core_clock
Path Type: max

Fanout     Cap    Slew   Delay    Time   Description
-----------------------------------------------------------------------------
                  0.00    0.00    0.00   clock core_clock (rise edge)
                          0.29    0.29   clock network delay (ideal)
                  0.00    0.00    0.29 ^ dpath.b_reg.out[2]$_DFFE_PP_/CLK (sky130_fd_sc_hd__edfxtp_1)
     4    0.01    0.13    0.42    0.71 v dpath.b_reg.out[2]$_DFFE_PP_/Q (sky130_fd_sc_hd__edfxtp_1)
                                         _016_ (net)
                  0.13    0.00    0.71 v _119_/_153_/B (sky130_fd_sc_hd__xor3_1)
     2    0.01    0.09    0.41    1.12 v _119_/_153_/X (sky130_fd_sc_hd__xor3_1)
                                         _119_/_024_ (net)
                  0.09    0.00    1.12 v _119_/_210_/B (sky130_fd_sc_hd__nand3_2)
     2    0.01    0.06    0.09    1.21 ^ _119_/_210_/Y (sky130_fd_sc_hd__nand3_2)
                                         _119_/_077_ (net)
                  0.06    0.00    1.21 ^ _119_/_211_/B1 (sky130_fd_sc_hd__o211ai_1)
     2    0.01    0.12    0.13    1.34 v _119_/_211_/Y (sky130_fd_sc_hd__o211ai_1)
                                         _119_/_078_ (net)
                  0.12    0.00    1.34 v _119_/_228_/B2 (sky130_fd_sc_hd__a221oi_2)
     3    0.01    0.31    0.35    1.70 ^ _119_/_228_/Y (sky130_fd_sc_hd__a221oi_2)
                                         _119_/_091_ (net)
                  0.31    0.00    1.70 ^ _119_/place142/A (sky130_fd_sc_hd__buf_4)
     1    0.00    0.04    0.17    1.87 ^ _119_/place142/X (sky130_fd_sc_hd__buf_4)
                                         _119_/net158 (net)
                  0.04    0.00    1.87 ^ _119_/_229_/B (sky130_fd_sc_hd__xor2_1)
     2    0.01    0.26    0.25    2.12 ^ _119_/_229_/X (sky130_fd_sc_hd__xor2_1)
                                         net52 (net)
                  0.26    0.00    2.12 ^ output52/A (sky130_fd_sc_hd__clkdlybuf4s50_1)
     1    0.00    0.04    0.52    2.64 ^ output52/X (sky130_fd_sc_hd__clkdlybuf4s50_1)
                                         resp_msg[7] (net)
                  0.04    0.00    2.64 ^ resp_msg[7] (out)
                                  2.64   data arrival time

                  0.00    1.10    1.10   clock vclk_core_clock (rise edge)
                          0.29    1.39   clock network delay (ideal)
                          0.00    1.39   clock reconvergence pessimism
                         -0.22    1.17   output external delay
                                  1.17   data required time
-----------------------------------------------------------------------------
                                  1.17   data required time
                                 -2.64   data arrival time
-----------------------------------------------------------------------------
                                 -1.47   slack (VIOLATED)



==========================================================================
global place report_power
--------------------------------------------------------------------------
Group                  Internal  Switching    Leakage      Total
                          Power      Power      Power      Power (Watts)
----------------------------------------------------------------
Sequential             1.69e-03   1.19e-04   3.51e-10   1.81e-03  30.4%
Combinational          2.44e-03   1.69e-03   1.34e-09   4.13e-03  69.6%
Clock                  0.00e+00   0.00e+00   0.00e+00   0.00e+00   0.0%
Macro                  0.00e+00   0.00e+00   0.00e+00   0.00e+00   0.0%
Pad                    0.00e+00   0.00e+00   0.00e+00   0.00e+00   0.0%
----------------------------------------------------------------
Total                  4.13e-03   1.81e-03   1.69e-09   5.94e-03 100.0%
                          69.6%      30.4%       0.0%
