
==========================================================================
cts final report_tns
--------------------------------------------------------------------------
tns max -62.78

==========================================================================
cts final report_wns
--------------------------------------------------------------------------
wns max -1.36

==========================================================================
cts final report_worst_slack
--------------------------------------------------------------------------
worst slack max -1.36

==========================================================================
cts final report_clock_min_period
--------------------------------------------------------------------------
core_clock period_min = 2.46 fmax = 406.73
vclk_core_clock period_min = 0.00 fmax = inf

==========================================================================
cts final report_clock_skew
--------------------------------------------------------------------------
Clock core_clock
   0.29 source latency dpath.a_reg.out[0]$_DFFE_PP_/CLK ^
  -0.29 target latency dpath.b_reg.out[7]$_DFFE_PP_/CLK ^
   0.00 CRPR
--------------
   0.01 setup skew

Clock vclk_core_clock
No launch/capture paths found.


==========================================================================
cts final report_checks -path_delay min
--------------------------------------------------------------------------
Startpoint: dpath.a_reg.out[0]$_DFFE_PP_
            (rising edge-triggered flip-flop clocked by core_clock)
Endpoint: dpath.b_reg.out[0]$_DFFE_PP_
          (rising edge-triggered flip-flop clocked by core_clock)
Path Group: core_clock
Path Type: min

Fanout     Cap    Slew   Delay    Time   Description
-----------------------------------------------------------------------------
                          0.00    0.00   clock core_clock (rise edge)
                          0.00    0.00   clock source latency
     1    0.02    0.00    0.00    0.00 ^ clk (in)
                                         clk (net)
                  0.00    0.00    0.00 ^ clkbuf_0_clk/A (sky130_fd_sc_hd__clkbuf_8)
     4    0.03    0.07    0.13    0.13 ^ clkbuf_0_clk/X (sky130_fd_sc_hd__clkbuf_8)
                                         clknet_0_clk (net)
                  0.07    0.00    0.13 ^ clkbuf_2_0__f_clk/A (sky130_fd_sc_hd__clkbuf_8)
     9    0.04    0.08    0.16    0.29 ^ clkbuf_2_0__f_clk/X (sky130_fd_sc_hd__clkbuf_8)
                                         clknet_2_0__leaf_clk (net)
                  0.08    0.00    0.29 ^ dpath.a_reg.out[0]$_DFFE_PP_/CLK (sky130_fd_sc_hd__edfxtp_1)
     2    0.01    0.09    0.36    0.66 ^ dpath.a_reg.out[0]$_DFFE_PP_/Q (sky130_fd_sc_hd__edfxtp_1)
                                         _034_ (net)
                  0.09    0.00    0.66 ^ _172_/A0 (sky130_fd_sc_hd__mux2_4)
     1    0.00    0.03    0.14    0.80 ^ _172_/X (sky130_fd_sc_hd__mux2_4)
                                         _087_ (net)
                  0.03    0.00    0.80 ^ dpath.b_reg.out[0]$_DFFE_PP_/D (sky130_fd_sc_hd__edfxtp_1)
                                  0.80   data arrival time

                          0.00    0.00   clock core_clock (rise edge)
                          0.00    0.00   clock source latency
     1    0.02    0.00    0.00    0.00 ^ clk (in)
                                         clk (net)
                  0.00    0.00    0.00 ^ clkbuf_0_clk/A (sky130_fd_sc_hd__clkbuf_8)
     4    0.03    0.07    0.13    0.13 ^ clkbuf_0_clk/X (sky130_fd_sc_hd__clkbuf_8)
                                         clknet_0_clk (net)
                  0.07    0.00    0.13 ^ clkbuf_2_0__f_clk/A (sky130_fd_sc_hd__clkbuf_8)
     9    0.04    0.08    0.16    0.29 ^ clkbuf_2_0__f_clk/X (sky130_fd_sc_hd__clkbuf_8)
                                         clknet_2_0__leaf_clk (net)
                  0.08    0.00    0.29 ^ dpath.b_reg.out[0]$_DFFE_PP_/CLK (sky130_fd_sc_hd__edfxtp_1)
                          0.00    0.29   clock reconvergence pessimism
                         -0.10    0.20   library hold time
                                  0.20   data required time
-----------------------------------------------------------------------------
                                  0.20   data required time
                                 -0.80   data arrival time
-----------------------------------------------------------------------------
                                  0.60   slack (MET)


Startpoint: ctrl.state.out[1]$_DFF_P_
            (rising edge-triggered flip-flop clocked by core_clock)
Endpoint: resp_val (output port clocked by vclk_core_clock)
Path Group: vclk_core_clock
Path Type: min

Fanout     Cap    Slew   Delay    Time   Description
-----------------------------------------------------------------------------
                          0.00    0.00   clock core_clock (rise edge)
                          0.00    0.00   clock source latency
     1    0.02    0.00    0.00    0.00 ^ clk (in)
                                         clk (net)
                  0.00    0.00    0.00 ^ clkbuf_0_clk/A (sky130_fd_sc_hd__clkbuf_8)
     4    0.03    0.07    0.13    0.13 ^ clkbuf_0_clk/X (sky130_fd_sc_hd__clkbuf_8)
                                         clknet_0_clk (net)
                  0.07    0.00    0.13 ^ clkbuf_2_2__f_clk/A (sky130_fd_sc_hd__clkbuf_8)
    10    0.03    0.07    0.16    0.29 ^ clkbuf_2_2__f_clk/X (sky130_fd_sc_hd__clkbuf_8)
                                         clknet_2_2__leaf_clk (net)
                  0.07    0.00    0.29 ^ ctrl.state.out[1]$_DFF_P_/CLK (sky130_fd_sc_hd__dfxtp_1)
     2    0.01    0.05    0.32    0.61 v ctrl.state.out[1]$_DFF_P_/Q (sky130_fd_sc_hd__dfxtp_1)
                                         _003_ (net)
                  0.05    0.00    0.61 v _121_/A (sky130_fd_sc_hd__clkinv_1)
     2    0.01    0.08    0.08    0.70 ^ _121_/Y (sky130_fd_sc_hd__clkinv_1)
                                         _036_ (net)
                  0.08    0.00    0.70 ^ _187_/B (sky130_fd_sc_hd__nor2_4)
     2    0.01    0.02    0.04    0.73 v _187_/Y (sky130_fd_sc_hd__nor2_4)
                                         net55 (net)
                  0.02    0.00    0.73 v output55/A (sky130_fd_sc_hd__buf_2)
     1    0.00    0.02    0.10    0.84 v output55/X (sky130_fd_sc_hd__buf_2)
                                         resp_val (net)
                  0.02    0.00    0.84 v resp_val (out)
                                  0.84   data arrival time

                  0.00    0.00    0.00   clock vclk_core_clock (rise edge)
                          0.29    0.29   clock network delay (ideal)
                          0.00    0.29   clock reconvergence pessimism
                         -0.22    0.07   output external delay
                                  0.07   data required time
-----------------------------------------------------------------------------
                                  0.07   data required time
                                 -0.84   data arrival time
-----------------------------------------------------------------------------
                                  0.77   slack (MET)



==========================================================================
cts final report_checks -path_delay max
--------------------------------------------------------------------------
Startpoint: dpath.b_reg.out[5]$_DFFE_PP_
            (rising edge-triggered flip-flop clocked by core_clock)
Endpoint: dpath.b_reg.out[3]$_DFFE_PP_
          (rising edge-triggered flip-flop clocked by core_clock)
Path Group: core_clock
Path Type: max

Fanout     Cap    Slew   Delay    Time   Description
-----------------------------------------------------------------------------
                          0.00    0.00   clock core_clock (rise edge)
                          0.00    0.00   clock source latency
     1    0.02    0.00    0.00    0.00 ^ clk (in)
                                         clk (net)
                  0.00    0.00    0.00 ^ clkbuf_0_clk/A (sky130_fd_sc_hd__clkbuf_8)
     4    0.03    0.07    0.13    0.13 ^ clkbuf_0_clk/X (sky130_fd_sc_hd__clkbuf_8)
                                         clknet_0_clk (net)
                  0.07    0.00    0.13 ^ clkbuf_2_2__f_clk/A (sky130_fd_sc_hd__clkbuf_8)
    10    0.03    0.07    0.16    0.29 ^ clkbuf_2_2__f_clk/X (sky130_fd_sc_hd__clkbuf_8)
                                         clknet_2_2__leaf_clk (net)
                  0.07    0.00    0.29 ^ dpath.b_reg.out[5]$_DFFE_PP_/CLK (sky130_fd_sc_hd__edfxtp_1)
     2    0.01    0.12    0.43    0.72 v dpath.b_reg.out[5]$_DFFE_PP_/Q (sky130_fd_sc_hd__edfxtp_1)
                                         _013_ (net)
                  0.12    0.00    0.72 v _119_/_136_/A (sky130_fd_sc_hd__xor2_2)
     2    0.02    0.27    0.30    1.02 ^ _119_/_136_/X (sky130_fd_sc_hd__xor2_2)
                                         _119_/_007_ (net)
                  0.27    0.00    1.02 ^ _119_/_140_/B (sky130_fd_sc_hd__xnor2_4)
     5    0.03    0.25    0.20    1.21 ^ _119_/_140_/Y (sky130_fd_sc_hd__xnor2_4)
                                         _119_/_011_ (net)
                  0.25    0.00    1.21 ^ _119_/_141_/A2 (sky130_fd_sc_hd__o21ai_2)
     2    0.01    0.06    0.10    1.31 v _119_/_141_/Y (sky130_fd_sc_hd__o21ai_2)
                                         _119_/_012_ (net)
                  0.06    0.00    1.31 v _119_/place155/A (sky130_fd_sc_hd__buf_4)
     1    0.01    0.03    0.14    1.46 v _119_/place155/X (sky130_fd_sc_hd__buf_4)
                                         _119_/net171 (net)
                  0.03    0.00    1.46 v _119_/_144_/A1 (sky130_fd_sc_hd__a21oi_4)
     2    0.01    0.14    0.15    1.60 ^ _119_/_144_/Y (sky130_fd_sc_hd__a21oi_4)
                                         _119_/_015_ (net)
                  0.14    0.00    1.60 ^ _119_/_167_/B1 (sky130_fd_sc_hd__o21ai_4)
     2    0.01    0.05    0.08    1.68 v _119_/_167_/Y (sky130_fd_sc_hd__o21ai_4)
                                         _119_/_038_ (net)
                  0.05    0.00    1.68 v _119_/_205_/A1 (sky130_fd_sc_hd__a21o_4)
     4    0.02    0.06    0.23    1.91 v _119_/_205_/X (sky130_fd_sc_hd__a21o_4)
                                         _032_ (net)
                  0.06    0.00    1.91 v place139/A (sky130_fd_sc_hd__buf_12)
     4    0.03    0.03    0.13    2.05 v place139/X (sky130_fd_sc_hd__buf_12)
                                         net155 (net)
                  0.03    0.00    2.05 v _123_/A2 (sky130_fd_sc_hd__o21bai_4)
     2    0.02    0.18    0.17    2.22 ^ _123_/Y (sky130_fd_sc_hd__o21bai_4)
                                         _038_ (net)
                  0.18    0.00    2.22 ^ rebuffer229/A (sky130_fd_sc_hd__buf_12)
     2    0.02    0.04    0.14    2.36 ^ rebuffer229/X (sky130_fd_sc_hd__buf_12)
                                         net247 (net)
                  0.04    0.00    2.36 ^ place134/A (sky130_fd_sc_hd__buf_12)
     7    0.04    0.06    0.11    2.47 ^ place134/X (sky130_fd_sc_hd__buf_12)
                                         net150 (net)
                  0.06    0.00    2.47 ^ dpath.b_reg.out[3]$_DFFE_PP_/DE (sky130_fd_sc_hd__edfxtp_1)
                                  2.47   data arrival time

                          1.10    1.10   clock core_clock (rise edge)
                          0.00    1.10   clock source latency
     1    0.02    0.00    0.00    1.10 ^ clk (in)
                                         clk (net)
                  0.00    0.00    1.10 ^ clkbuf_0_clk/A (sky130_fd_sc_hd__clkbuf_8)
     4    0.03    0.07    0.13    1.23 ^ clkbuf_0_clk/X (sky130_fd_sc_hd__clkbuf_8)
                                         clknet_0_clk (net)
                  0.07    0.00    1.23 ^ clkbuf_2_2__f_clk/A (sky130_fd_sc_hd__clkbuf_8)
    10    0.03    0.07    0.16    1.39 ^ clkbuf_2_2__f_clk/X (sky130_fd_sc_hd__clkbuf_8)
                                         clknet_2_2__leaf_clk (net)
                  0.07    0.00    1.39 ^ dpath.b_reg.out[3]$_DFFE_PP_/CLK (sky130_fd_sc_hd__edfxtp_1)
                          0.00    1.39   clock reconvergence pessimism
                         -0.27    1.11   library setup time
                                  1.11   data required time
-----------------------------------------------------------------------------
                                  1.11   data required time
                                 -2.47   data arrival time
-----------------------------------------------------------------------------
                                 -1.36   slack (VIOLATED)


Startpoint: dpath.b_reg.out[0]$_DFFE_PP_
            (rising edge-triggered flip-flop clocked by core_clock)
Endpoint: resp_msg[12] (output port clocked by vclk_core_clock)
Path Group: vclk_core_clock
Path Type: max

Fanout     Cap    Slew   Delay    Time   Description
-----------------------------------------------------------------------------
                          0.00    0.00   clock core_clock (rise edge)
                          0.00    0.00   clock source latency
     1    0.02    0.00    0.00    0.00 ^ clk (in)
                                         clk (net)
                  0.00    0.00    0.00 ^ clkbuf_0_clk/A (sky130_fd_sc_hd__clkbuf_8)
     4    0.03    0.07    0.13    0.13 ^ clkbuf_0_clk/X (sky130_fd_sc_hd__clkbuf_8)
                                         clknet_0_clk (net)
                  0.07    0.00    0.13 ^ clkbuf_2_0__f_clk/A (sky130_fd_sc_hd__clkbuf_8)
     9    0.04    0.08    0.16    0.29 ^ clkbuf_2_0__f_clk/X (sky130_fd_sc_hd__clkbuf_8)
                                         clknet_2_0__leaf_clk (net)
                  0.08    0.00    0.29 ^ dpath.b_reg.out[0]$_DFFE_PP_/CLK (sky130_fd_sc_hd__edfxtp_1)
     2    0.01    0.11    0.43    0.72 v dpath.b_reg.out[0]$_DFFE_PP_/Q (sky130_fd_sc_hd__edfxtp_1)
                                         _018_ (net)
                  0.11    0.00    0.72 v _119_/_158_/B (sky130_fd_sc_hd__xnor2_2)
     2    0.01    0.06    0.16    0.89 v _119_/_158_/Y (sky130_fd_sc_hd__xnor2_2)
                                         _119_/_029_ (net)
                  0.06    0.00    0.89 v _119_/_160_/C (sky130_fd_sc_hd__maj3_2)
     4    0.02    0.10    0.37    1.26 v _119_/_160_/X (sky130_fd_sc_hd__maj3_2)
                                         _119_/_031_ (net)
                  0.10    0.00    1.26 v _119_/_163_/A1 (sky130_fd_sc_hd__o21ai_4)
     2    0.01    0.13    0.18    1.45 ^ _119_/_163_/Y (sky130_fd_sc_hd__o21ai_4)
                                         _119_/_034_ (net)
                  0.13    0.00    1.45 ^ _119_/place153/A (sky130_fd_sc_hd__buf_6)
     2    0.02    0.05    0.13    1.58 ^ _119_/place153/X (sky130_fd_sc_hd__buf_6)
                                         _119_/net169 (net)
                  0.05    0.00    1.58 ^ _119_/_166_/A1 (sky130_fd_sc_hd__a21oi_4)
     2    0.02    0.07    0.06    1.64 v _119_/_166_/Y (sky130_fd_sc_hd__a21oi_4)
                                         _119_/_037_ (net)
                  0.07    0.00    1.64 v _119_/rebuffer235/A (sky130_fd_sc_hd__buf_6)
     2    0.01    0.03    0.13    1.77 v _119_/rebuffer235/X (sky130_fd_sc_hd__buf_6)
                                         _119_/net253 (net)
                  0.03    0.00    1.77 v _119_/rebuffer226/A (sky130_fd_sc_hd__buf_4)
     1    0.00    0.03    0.12    1.89 v _119_/rebuffer226/X (sky130_fd_sc_hd__buf_4)
                                         _119_/net243 (net)
                  0.03    0.00    1.89 v _119_/_255_/B2 (sky130_fd_sc_hd__o221ai_2)
     1    0.01    0.24    0.19    2.08 ^ _119_/_255_/Y (sky130_fd_sc_hd__o221ai_2)
                                         _119_/_113_ (net)
                  0.24    0.00    2.08 ^ _119_/_256_/A (sky130_fd_sc_hd__xnor2_2)
     2    0.01    0.17    0.16    2.24 ^ _119_/_256_/Y (sky130_fd_sc_hd__xnor2_2)
                                         net42 (net)
                  0.17    0.00    2.24 ^ output42/A (sky130_fd_sc_hd__dlygate4sd2_1)
     1    0.00    0.03    0.23    2.47 ^ output42/X (sky130_fd_sc_hd__dlygate4sd2_1)
                                         resp_msg[12] (net)
                  0.03    0.00    2.47 ^ resp_msg[12] (out)
                                  2.47   data arrival time

                  0.00    1.10    1.10   clock vclk_core_clock (rise edge)
                          0.29    1.39   clock network delay (ideal)
                          0.00    1.39   clock reconvergence pessimism
                         -0.22    1.17   output external delay
                                  1.17   data required time
-----------------------------------------------------------------------------
                                  1.17   data required time
                                 -2.47   data arrival time
-----------------------------------------------------------------------------
                                 -1.30   slack (VIOLATED)



==========================================================================
cts final report_checks -unconstrained
--------------------------------------------------------------------------
Startpoint: dpath.b_reg.out[5]$_DFFE_PP_
            (rising edge-triggered flip-flop clocked by core_clock)
Endpoint: dpath.b_reg.out[3]$_DFFE_PP_
          (rising edge-triggered flip-flop clocked by core_clock)
Path Group: core_clock
Path Type: max

Fanout     Cap    Slew   Delay    Time   Description
-----------------------------------------------------------------------------
                          0.00    0.00   clock core_clock (rise edge)
                          0.00    0.00   clock source latency
     1    0.02    0.00    0.00    0.00 ^ clk (in)
                                         clk (net)
                  0.00    0.00    0.00 ^ clkbuf_0_clk/A (sky130_fd_sc_hd__clkbuf_8)
     4    0.03    0.07    0.13    0.13 ^ clkbuf_0_clk/X (sky130_fd_sc_hd__clkbuf_8)
                                         clknet_0_clk (net)
                  0.07    0.00    0.13 ^ clkbuf_2_2__f_clk/A (sky130_fd_sc_hd__clkbuf_8)
    10    0.03    0.07    0.16    0.29 ^ clkbuf_2_2__f_clk/X (sky130_fd_sc_hd__clkbuf_8)
                                         clknet_2_2__leaf_clk (net)
                  0.07    0.00    0.29 ^ dpath.b_reg.out[5]$_DFFE_PP_/CLK (sky130_fd_sc_hd__edfxtp_1)
     2    0.01    0.12    0.43    0.72 v dpath.b_reg.out[5]$_DFFE_PP_/Q (sky130_fd_sc_hd__edfxtp_1)
                                         _013_ (net)
                  0.12    0.00    0.72 v _119_/_136_/A (sky130_fd_sc_hd__xor2_2)
     2    0.02    0.27    0.30    1.02 ^ _119_/_136_/X (sky130_fd_sc_hd__xor2_2)
                                         _119_/_007_ (net)
                  0.27    0.00    1.02 ^ _119_/_140_/B (sky130_fd_sc_hd__xnor2_4)
     5    0.03    0.25    0.20    1.21 ^ _119_/_140_/Y (sky130_fd_sc_hd__xnor2_4)
                                         _119_/_011_ (net)
                  0.25    0.00    1.21 ^ _119_/_141_/A2 (sky130_fd_sc_hd__o21ai_2)
     2    0.01    0.06    0.10    1.31 v _119_/_141_/Y (sky130_fd_sc_hd__o21ai_2)
                                         _119_/_012_ (net)
                  0.06    0.00    1.31 v _119_/place155/A (sky130_fd_sc_hd__buf_4)
     1    0.01    0.03    0.14    1.46 v _119_/place155/X (sky130_fd_sc_hd__buf_4)
                                         _119_/net171 (net)
                  0.03    0.00    1.46 v _119_/_144_/A1 (sky130_fd_sc_hd__a21oi_4)
     2    0.01    0.14    0.15    1.60 ^ _119_/_144_/Y (sky130_fd_sc_hd__a21oi_4)
                                         _119_/_015_ (net)
                  0.14    0.00    1.60 ^ _119_/_167_/B1 (sky130_fd_sc_hd__o21ai_4)
     2    0.01    0.05    0.08    1.68 v _119_/_167_/Y (sky130_fd_sc_hd__o21ai_4)
                                         _119_/_038_ (net)
                  0.05    0.00    1.68 v _119_/_205_/A1 (sky130_fd_sc_hd__a21o_4)
     4    0.02    0.06    0.23    1.91 v _119_/_205_/X (sky130_fd_sc_hd__a21o_4)
                                         _032_ (net)
                  0.06    0.00    1.91 v place139/A (sky130_fd_sc_hd__buf_12)
     4    0.03    0.03    0.13    2.05 v place139/X (sky130_fd_sc_hd__buf_12)
                                         net155 (net)
                  0.03    0.00    2.05 v _123_/A2 (sky130_fd_sc_hd__o21bai_4)
     2    0.02    0.18    0.17    2.22 ^ _123_/Y (sky130_fd_sc_hd__o21bai_4)
                                         _038_ (net)
                  0.18    0.00    2.22 ^ rebuffer229/A (sky130_fd_sc_hd__buf_12)
     2    0.02    0.04    0.14    2.36 ^ rebuffer229/X (sky130_fd_sc_hd__buf_12)
                                         net247 (net)
                  0.04    0.00    2.36 ^ place134/A (sky130_fd_sc_hd__buf_12)
     7    0.04    0.06    0.11    2.47 ^ place134/X (sky130_fd_sc_hd__buf_12)
                                         net150 (net)
                  0.06    0.00    2.47 ^ dpath.b_reg.out[3]$_DFFE_PP_/DE (sky130_fd_sc_hd__edfxtp_1)
                                  2.47   data arrival time

                          1.10    1.10   clock core_clock (rise edge)
                          0.00    1.10   clock source latency
     1    0.02    0.00    0.00    1.10 ^ clk (in)
                                         clk (net)
                  0.00    0.00    1.10 ^ clkbuf_0_clk/A (sky130_fd_sc_hd__clkbuf_8)
     4    0.03    0.07    0.13    1.23 ^ clkbuf_0_clk/X (sky130_fd_sc_hd__clkbuf_8)
                                         clknet_0_clk (net)
                  0.07    0.00    1.23 ^ clkbuf_2_2__f_clk/A (sky130_fd_sc_hd__clkbuf_8)
    10    0.03    0.07    0.16    1.39 ^ clkbuf_2_2__f_clk/X (sky130_fd_sc_hd__clkbuf_8)
                                         clknet_2_2__leaf_clk (net)
                  0.07    0.00    1.39 ^ dpath.b_reg.out[3]$_DFFE_PP_/CLK (sky130_fd_sc_hd__edfxtp_1)
                          0.00    1.39   clock reconvergence pessimism
                         -0.27    1.11   library setup time
                                  1.11   data required time
-----------------------------------------------------------------------------
                                  1.11   data required time
                                 -2.47   data arrival time
-----------------------------------------------------------------------------
                                 -1.36   slack (VIOLATED)


Startpoint: dpath.b_reg.out[0]$_DFFE_PP_
            (rising edge-triggered flip-flop clocked by core_clock)
Endpoint: resp_msg[12] (output port clocked by vclk_core_clock)
Path Group: vclk_core_clock
Path Type: max

Fanout     Cap    Slew   Delay    Time   Description
-----------------------------------------------------------------------------
                          0.00    0.00   clock core_clock (rise edge)
                          0.00    0.00   clock source latency
     1    0.02    0.00    0.00    0.00 ^ clk (in)
                                         clk (net)
                  0.00    0.00    0.00 ^ clkbuf_0_clk/A (sky130_fd_sc_hd__clkbuf_8)
     4    0.03    0.07    0.13    0.13 ^ clkbuf_0_clk/X (sky130_fd_sc_hd__clkbuf_8)
                                         clknet_0_clk (net)
                  0.07    0.00    0.13 ^ clkbuf_2_0__f_clk/A (sky130_fd_sc_hd__clkbuf_8)
     9    0.04    0.08    0.16    0.29 ^ clkbuf_2_0__f_clk/X (sky130_fd_sc_hd__clkbuf_8)
                                         clknet_2_0__leaf_clk (net)
                  0.08    0.00    0.29 ^ dpath.b_reg.out[0]$_DFFE_PP_/CLK (sky130_fd_sc_hd__edfxtp_1)
     2    0.01    0.11    0.43    0.72 v dpath.b_reg.out[0]$_DFFE_PP_/Q (sky130_fd_sc_hd__edfxtp_1)
                                         _018_ (net)
                  0.11    0.00    0.72 v _119_/_158_/B (sky130_fd_sc_hd__xnor2_2)
     2    0.01    0.06    0.16    0.89 v _119_/_158_/Y (sky130_fd_sc_hd__xnor2_2)
                                         _119_/_029_ (net)
                  0.06    0.00    0.89 v _119_/_160_/C (sky130_fd_sc_hd__maj3_2)
     4    0.02    0.10    0.37    1.26 v _119_/_160_/X (sky130_fd_sc_hd__maj3_2)
                                         _119_/_031_ (net)
                  0.10    0.00    1.26 v _119_/_163_/A1 (sky130_fd_sc_hd__o21ai_4)
     2    0.01    0.13    0.18    1.45 ^ _119_/_163_/Y (sky130_fd_sc_hd__o21ai_4)
                                         _119_/_034_ (net)
                  0.13    0.00    1.45 ^ _119_/place153/A (sky130_fd_sc_hd__buf_6)
     2    0.02    0.05    0.13    1.58 ^ _119_/place153/X (sky130_fd_sc_hd__buf_6)
                                         _119_/net169 (net)
                  0.05    0.00    1.58 ^ _119_/_166_/A1 (sky130_fd_sc_hd__a21oi_4)
     2    0.02    0.07    0.06    1.64 v _119_/_166_/Y (sky130_fd_sc_hd__a21oi_4)
                                         _119_/_037_ (net)
                  0.07    0.00    1.64 v _119_/rebuffer235/A (sky130_fd_sc_hd__buf_6)
     2    0.01    0.03    0.13    1.77 v _119_/rebuffer235/X (sky130_fd_sc_hd__buf_6)
                                         _119_/net253 (net)
                  0.03    0.00    1.77 v _119_/rebuffer226/A (sky130_fd_sc_hd__buf_4)
     1    0.00    0.03    0.12    1.89 v _119_/rebuffer226/X (sky130_fd_sc_hd__buf_4)
                                         _119_/net243 (net)
                  0.03    0.00    1.89 v _119_/_255_/B2 (sky130_fd_sc_hd__o221ai_2)
     1    0.01    0.24    0.19    2.08 ^ _119_/_255_/Y (sky130_fd_sc_hd__o221ai_2)
                                         _119_/_113_ (net)
                  0.24    0.00    2.08 ^ _119_/_256_/A (sky130_fd_sc_hd__xnor2_2)
     2    0.01    0.17    0.16    2.24 ^ _119_/_256_/Y (sky130_fd_sc_hd__xnor2_2)
                                         net42 (net)
                  0.17    0.00    2.24 ^ output42/A (sky130_fd_sc_hd__dlygate4sd2_1)
     1    0.00    0.03    0.23    2.47 ^ output42/X (sky130_fd_sc_hd__dlygate4sd2_1)
                                         resp_msg[12] (net)
                  0.03    0.00    2.47 ^ resp_msg[12] (out)
                                  2.47   data arrival time

                  0.00    1.10    1.10   clock vclk_core_clock (rise edge)
                          0.29    1.39   clock network delay (ideal)
                          0.00    1.39   clock reconvergence pessimism
                         -0.22    1.17   output external delay
                                  1.17   data required time
-----------------------------------------------------------------------------
                                  1.17   data required time
                                 -2.47   data arrival time
-----------------------------------------------------------------------------
                                 -1.30   slack (VIOLATED)



==========================================================================
cts final report_check_types -max_slew -max_cap -max_fanout -violators
--------------------------------------------------------------------------

==========================================================================
cts final max_slew_check_slack
--------------------------------------------------------------------------
1.0

==========================================================================
cts final max_slew_check_limit
--------------------------------------------------------------------------
1.0

==========================================================================
cts final max_slew_check_slack_limit
--------------------------------------------------------------------------
1.0000

==========================================================================
cts final max_fanout_check_slack
--------------------------------------------------------------------------
1.0000000150474662e+30

==========================================================================
cts final max_fanout_check_limit
--------------------------------------------------------------------------
1.0000000150474662e+30

==========================================================================
cts final max_capacitance_check_slack
--------------------------------------------------------------------------
0.0272188950330019

==========================================================================
cts final max_capacitance_check_limit
--------------------------------------------------------------------------
0.03663099929690361

==========================================================================
cts final max_capacitance_check_slack_limit
--------------------------------------------------------------------------
0.7431

==========================================================================
cts final max_slew_violation_count
--------------------------------------------------------------------------
max slew violation count 0

==========================================================================
cts final max_fanout_violation_count
--------------------------------------------------------------------------
max fanout violation count 0

==========================================================================
cts final max_cap_violation_count
--------------------------------------------------------------------------
max cap violation count 0

==========================================================================
cts final setup_violation_count
--------------------------------------------------------------------------
setup violation count 84

==========================================================================
cts final hold_violation_count
--------------------------------------------------------------------------
hold violation count 0

==========================================================================
cts final report_checks -path_delay max reg to reg
--------------------------------------------------------------------------
Startpoint: dpath.b_reg.out[5]$_DFFE_PP_
            (rising edge-triggered flip-flop clocked by core_clock)
Endpoint: dpath.b_reg.out[3]$_DFFE_PP_
          (rising edge-triggered flip-flop clocked by core_clock)
Path Group: core_clock
Path Type: max

  Delay    Time   Description
---------------------------------------------------------
   0.00    0.00   clock core_clock (rise edge)
   0.00    0.00   clock source latency
   0.00    0.00 ^ clk (in)
   0.13    0.13 ^ clkbuf_0_clk/X (sky130_fd_sc_hd__clkbuf_8)
   0.16    0.29 ^ clkbuf_2_2__f_clk/X (sky130_fd_sc_hd__clkbuf_8)
   0.00    0.29 ^ dpath.b_reg.out[5]$_DFFE_PP_/CLK (sky130_fd_sc_hd__edfxtp_1)
   0.43    0.72 v dpath.b_reg.out[5]$_DFFE_PP_/Q (sky130_fd_sc_hd__edfxtp_1)
   0.30    1.02 ^ _119_/_136_/X (sky130_fd_sc_hd__xor2_2)
   0.20    1.21 ^ _119_/_140_/Y (sky130_fd_sc_hd__xnor2_4)
   0.10    1.31 v _119_/_141_/Y (sky130_fd_sc_hd__o21ai_2)
   0.15    1.46 v _119_/place155/X (sky130_fd_sc_hd__buf_4)
   0.15    1.60 ^ _119_/_144_/Y (sky130_fd_sc_hd__a21oi_4)
   0.08    1.68 v _119_/_167_/Y (sky130_fd_sc_hd__o21ai_4)
   0.23    1.91 v _119_/_205_/X (sky130_fd_sc_hd__a21o_4)
   0.13    2.05 v place139/X (sky130_fd_sc_hd__buf_12)
   0.17    2.22 ^ _123_/Y (sky130_fd_sc_hd__o21bai_4)
   0.14    2.36 ^ rebuffer229/X (sky130_fd_sc_hd__buf_12)
   0.11    2.47 ^ place134/X (sky130_fd_sc_hd__buf_12)
   0.00    2.47 ^ dpath.b_reg.out[3]$_DFFE_PP_/DE (sky130_fd_sc_hd__edfxtp_1)
           2.47   data arrival time

   1.10    1.10   clock core_clock (rise edge)
   0.00    1.10   clock source latency
   0.00    1.10 ^ clk (in)
   0.13    1.23 ^ clkbuf_0_clk/X (sky130_fd_sc_hd__clkbuf_8)
   0.16    1.39 ^ clkbuf_2_2__f_clk/X (sky130_fd_sc_hd__clkbuf_8)
   0.00    1.39 ^ dpath.b_reg.out[3]$_DFFE_PP_/CLK (sky130_fd_sc_hd__edfxtp_1)
   0.00    1.39   clock reconvergence pessimism
  -0.27    1.11   library setup time
           1.11   data required time
---------------------------------------------------------
           1.11   data required time
          -2.47   data arrival time
---------------------------------------------------------
          -1.36   slack (VIOLATED)



==========================================================================
cts final report_checks -path_delay min reg to reg
--------------------------------------------------------------------------
Startpoint: dpath.a_reg.out[0]$_DFFE_PP_
            (rising edge-triggered flip-flop clocked by core_clock)
Endpoint: dpath.b_reg.out[0]$_DFFE_PP_
          (rising edge-triggered flip-flop clocked by core_clock)
Path Group: core_clock
Path Type: min

  Delay    Time   Description
---------------------------------------------------------
   0.00    0.00   clock core_clock (rise edge)
   0.00    0.00   clock source latency
   0.00    0.00 ^ clk (in)
   0.13    0.13 ^ clkbuf_0_clk/X (sky130_fd_sc_hd__clkbuf_8)
   0.16    0.29 ^ clkbuf_2_0__f_clk/X (sky130_fd_sc_hd__clkbuf_8)
   0.00    0.29 ^ dpath.a_reg.out[0]$_DFFE_PP_/CLK (sky130_fd_sc_hd__edfxtp_1)
   0.36    0.66 ^ dpath.a_reg.out[0]$_DFFE_PP_/Q (sky130_fd_sc_hd__edfxtp_1)
   0.14    0.80 ^ _172_/X (sky130_fd_sc_hd__mux2_4)
   0.00    0.80 ^ dpath.b_reg.out[0]$_DFFE_PP_/D (sky130_fd_sc_hd__edfxtp_1)
           0.80   data arrival time

   0.00    0.00   clock core_clock (rise edge)
   0.00    0.00   clock source latency
   0.00    0.00 ^ clk (in)
   0.13    0.13 ^ clkbuf_0_clk/X (sky130_fd_sc_hd__clkbuf_8)
   0.16    0.29 ^ clkbuf_2_0__f_clk/X (sky130_fd_sc_hd__clkbuf_8)
   0.00    0.29 ^ dpath.b_reg.out[0]$_DFFE_PP_/CLK (sky130_fd_sc_hd__edfxtp_1)
   0.00    0.29   clock reconvergence pessimism
  -0.10    0.20   library hold time
           0.20   data required time
---------------------------------------------------------
           0.20   data required time
          -0.80   data arrival time
---------------------------------------------------------
           0.60   slack (MET)



==========================================================================
cts final critical path target clock latency max path
--------------------------------------------------------------------------
0.2876

==========================================================================
cts final critical path target clock latency min path
--------------------------------------------------------------------------
0.2878

==========================================================================
cts final critical path source clock latency min path
--------------------------------------------------------------------------
0.2900

==========================================================================
cts final critical path delay
--------------------------------------------------------------------------
2.4716

==========================================================================
cts final critical path slack
--------------------------------------------------------------------------
-1.3586

==========================================================================
cts final slack div critical path delay
--------------------------------------------------------------------------
-54.968441

==========================================================================
cts final report_power
--------------------------------------------------------------------------
Group                  Internal  Switching    Leakage      Total
                          Power      Power      Power      Power (Watts)
----------------------------------------------------------------
Sequential             1.66e-03   1.38e-04   3.51e-10   1.80e-03  21.9%
Combinational          3.10e-03   2.23e-03   1.77e-09   5.32e-03  64.9%
Clock                  5.73e-04   5.12e-04   5.15e-11   1.08e-03  13.2%
Macro                  0.00e+00   0.00e+00   0.00e+00   0.00e+00   0.0%
Pad                    0.00e+00   0.00e+00   0.00e+00   0.00e+00   0.0%
----------------------------------------------------------------
Total                  5.33e-03   2.88e-03   2.18e-09   8.20e-03 100.0%
                          64.9%      35.1%       0.0%
