
==========================================================================
finish report_tns
--------------------------------------------------------------------------
tns max -61.73

==========================================================================
finish report_wns
--------------------------------------------------------------------------
wns max -1.36

==========================================================================
finish report_worst_slack
--------------------------------------------------------------------------
worst slack max -1.36

==========================================================================
finish report_clock_min_period
--------------------------------------------------------------------------
core_clock period_min = 2.46 fmax = 406.19
vclk_core_clock period_min = 0.00 fmax = inf

==========================================================================
finish report_clock_skew
--------------------------------------------------------------------------
Clock core_clock
   0.29 source latency dpath.a_reg.out[4]$_DFFE_PP_/CLK ^
  -0.29 target latency dpath.b_reg.out[7]$_DFFE_PP_/CLK ^
   0.00 CRPR
--------------
   0.00 setup skew

Clock vclk_core_clock
No launch/capture paths found.


==========================================================================
finish report_checks -path_delay min
--------------------------------------------------------------------------
Startpoint: resp_rdy (input port clocked by vclk_core_clock)
Endpoint: ctrl.state.out[0]$_DFF_P_
          (rising edge-triggered flip-flop clocked by core_clock)
Path Group: core_clock
Path Type: min

Fanout     Cap    Slew   Delay    Time   Description
-----------------------------------------------------------------------------
                  0.00    0.00    0.00   clock vclk_core_clock (rise edge)
                          0.29    0.29   clock network delay (ideal)
                          0.22    0.51 ^ input external delay
     1    0.00    0.00    0.00    0.51 ^ resp_rdy (in)
                                         resp_rdy (net)
                  0.00    0.00    0.51 ^ input37/A (sky130_fd_sc_hd__dlymetal6s2s_1)
     2    0.01    0.08    0.10    0.61 ^ input37/X (sky130_fd_sc_hd__dlymetal6s2s_1)
                                         net37 (net)
                  0.08    0.00    0.61 ^ _188_/B2 (sky130_fd_sc_hd__a221o_1)
     1    0.01    0.08    0.17    0.78 ^ _188_/X (sky130_fd_sc_hd__a221o_1)
                                         _102_ (net)
                  0.08    0.00    0.78 ^ ctrl.state.out[0]$_DFF_P_/D (sky130_fd_sc_hd__dfxtp_4)
                                  0.78   data arrival time

                          0.00    0.00   clock core_clock (rise edge)
                          0.00    0.00   clock source latency
     1    0.01    0.00    0.00    0.00 ^ clk (in)
                                         clk (net)
                  0.00    0.00    0.00 ^ clkbuf_0_clk/A (sky130_fd_sc_hd__clkbuf_8)
     4    0.03    0.07    0.13    0.13 ^ clkbuf_0_clk/X (sky130_fd_sc_hd__clkbuf_8)
                                         clknet_0_clk (net)
                  0.07    0.00    0.13 ^ clkbuf_2_2__f_clk/A (sky130_fd_sc_hd__clkbuf_8)
    10    0.03    0.07    0.16    0.29 ^ clkbuf_2_2__f_clk/X (sky130_fd_sc_hd__clkbuf_8)
                                         clknet_2_2__leaf_clk (net)
                  0.07    0.00    0.29 ^ ctrl.state.out[0]$_DFF_P_/CLK (sky130_fd_sc_hd__dfxtp_4)
                          0.00    0.29   clock reconvergence pessimism
                         -0.03    0.25   library hold time
                                  0.25   data required time
-----------------------------------------------------------------------------
                                  0.25   data required time
                                 -0.78   data arrival time
-----------------------------------------------------------------------------
                                  0.52   slack (MET)


Startpoint: ctrl.state.out[1]$_DFF_P_
            (rising edge-triggered flip-flop clocked by core_clock)
Endpoint: resp_val (output port clocked by vclk_core_clock)
Path Group: vclk_core_clock
Path Type: min

Fanout     Cap    Slew   Delay    Time   Description
-----------------------------------------------------------------------------
                          0.00    0.00   clock core_clock (rise edge)
                          0.00    0.00   clock source latency
     1    0.01    0.00    0.00    0.00 ^ clk (in)
                                         clk (net)
                  0.00    0.00    0.00 ^ clkbuf_0_clk/A (sky130_fd_sc_hd__clkbuf_8)
     4    0.03    0.07    0.13    0.13 ^ clkbuf_0_clk/X (sky130_fd_sc_hd__clkbuf_8)
                                         clknet_0_clk (net)
                  0.07    0.00    0.13 ^ clkbuf_2_2__f_clk/A (sky130_fd_sc_hd__clkbuf_8)
    10    0.03    0.07    0.16    0.29 ^ clkbuf_2_2__f_clk/X (sky130_fd_sc_hd__clkbuf_8)
                                         clknet_2_2__leaf_clk (net)
                  0.07    0.00    0.29 ^ ctrl.state.out[1]$_DFF_P_/CLK (sky130_fd_sc_hd__dfxtp_1)
     2    0.01    0.05    0.33    0.61 v ctrl.state.out[1]$_DFF_P_/Q (sky130_fd_sc_hd__dfxtp_1)
                                         _003_ (net)
                  0.05    0.00    0.61 v _121_/A (sky130_fd_sc_hd__clkinv_1)
     2    0.01    0.08    0.08    0.70 ^ _121_/Y (sky130_fd_sc_hd__clkinv_1)
                                         _036_ (net)
                  0.08    0.00    0.70 ^ _187_/A (sky130_fd_sc_hd__nor2_4)
     2    0.01    0.02    0.05    0.74 v _187_/Y (sky130_fd_sc_hd__nor2_4)
                                         net55 (net)
                  0.02    0.00    0.74 v output55/A (sky130_fd_sc_hd__buf_2)
     1    0.00    0.02    0.10    0.85 v output55/X (sky130_fd_sc_hd__buf_2)
                                         resp_val (net)
                  0.02    0.00    0.85 v resp_val (out)
                                  0.85   data arrival time

                  0.00    0.00    0.00   clock vclk_core_clock (rise edge)
                          0.29    0.29   clock network delay (ideal)
                          0.00    0.29   clock reconvergence pessimism
                         -0.22    0.07   output external delay
                                  0.07   data required time
-----------------------------------------------------------------------------
                                  0.07   data required time
                                 -0.85   data arrival time
-----------------------------------------------------------------------------
                                  0.78   slack (MET)



==========================================================================
finish report_checks -path_delay max
--------------------------------------------------------------------------
Startpoint: dpath.b_reg.out[4]$_DFFE_PP_
            (rising edge-triggered flip-flop clocked by core_clock)
Endpoint: dpath.a_reg.out[4]$_DFFE_PP_
          (rising edge-triggered flip-flop clocked by core_clock)
Path Group: core_clock
Path Type: max

Fanout     Cap    Slew   Delay    Time   Description
-----------------------------------------------------------------------------
                          0.00    0.00   clock core_clock (rise edge)
                          0.00    0.00   clock source latency
     1    0.01    0.00    0.00    0.00 ^ clk (in)
                                         clk (net)
                  0.00    0.00    0.00 ^ clkbuf_0_clk/A (sky130_fd_sc_hd__clkbuf_8)
     4    0.03    0.07    0.13    0.13 ^ clkbuf_0_clk/X (sky130_fd_sc_hd__clkbuf_8)
                                         clknet_0_clk (net)
                  0.07    0.00    0.13 ^ clkbuf_2_2__f_clk/A (sky130_fd_sc_hd__clkbuf_8)
    10    0.03    0.07    0.16    0.29 ^ clkbuf_2_2__f_clk/X (sky130_fd_sc_hd__clkbuf_8)
                                         clknet_2_2__leaf_clk (net)
                  0.07    0.00    0.29 ^ dpath.b_reg.out[4]$_DFFE_PP_/CLK (sky130_fd_sc_hd__edfxtp_1)
     2    0.01    0.09    0.39    0.68 v dpath.b_reg.out[4]$_DFFE_PP_/Q (sky130_fd_sc_hd__edfxtp_1)
                                         _014_ (net)
                  0.09    0.00    0.68 v _119_/_145_/A (sky130_fd_sc_hd__xnor3_2)
     4    0.02    0.13    0.47    1.15 v _119_/_145_/X (sky130_fd_sc_hd__xnor3_2)
                                         _119_/_016_ (net)
                  0.13    0.00    1.15 v _119_/rebuffer221/A (sky130_fd_sc_hd__buf_6)
     2    0.02    0.03    0.16    1.31 v _119_/rebuffer221/X (sky130_fd_sc_hd__buf_6)
                                         _119_/net238 (net)
                  0.03    0.00    1.31 v _119_/_146_/B (sky130_fd_sc_hd__nor2_4)
     2    0.02    0.14    0.13    1.44 ^ _119_/_146_/Y (sky130_fd_sc_hd__nor2_4)
                                         _119_/_017_ (net)
                  0.14    0.00    1.44 ^ _119_/place154/A (sky130_fd_sc_hd__buf_6)
     2    0.02    0.05    0.13    1.57 ^ _119_/place154/X (sky130_fd_sc_hd__buf_6)
                                         _119_/net170 (net)
                  0.05    0.00    1.58 ^ _119_/_147_/B (sky130_fd_sc_hd__nand2_4)
     1    0.01    0.04    0.06    1.63 v _119_/_147_/Y (sky130_fd_sc_hd__nand2_4)
                                         _119_/_018_ (net)
                  0.05    0.00    1.64 v _119_/_167_/A1 (sky130_fd_sc_hd__o21ai_4)
     2    0.01    0.15    0.17    1.81 ^ _119_/_167_/Y (sky130_fd_sc_hd__o21ai_4)
                                         _119_/_038_ (net)
                  0.15    0.00    1.81 ^ _119_/_205_/A1 (sky130_fd_sc_hd__a21o_4)
     4    0.03    0.08    0.18    1.99 ^ _119_/_205_/X (sky130_fd_sc_hd__a21o_4)
                                         _032_ (net)
                  0.08    0.00    1.99 ^ rebuffer333/A (sky130_fd_sc_hd__buf_6)
     1    0.01    0.04    0.10    2.09 ^ rebuffer333/X (sky130_fd_sc_hd__buf_6)
                                         net353 (net)
                  0.04    0.00    2.09 ^ rebuffer271/A (sky130_fd_sc_hd__buf_8)
     5    0.04    0.08    0.12    2.21 ^ rebuffer271/X (sky130_fd_sc_hd__buf_8)
                                         net289 (net)
                  0.08    0.00    2.22 ^ _139_/S (sky130_fd_sc_hd__mux2i_1)
     1    0.00    0.14    0.20    2.41 ^ _139_/Y (sky130_fd_sc_hd__mux2i_1)
                                         _054_ (net)
                  0.14    0.00    2.41 ^ _141_/A2 (sky130_fd_sc_hd__o21ai_1)
     1    0.01    0.07    0.09    2.50 v _141_/Y (sky130_fd_sc_hd__o21ai_1)
                                         _056_ (net)
                  0.07    0.00    2.50 v dpath.a_reg.out[4]$_DFFE_PP_/D (sky130_fd_sc_hd__edfxtp_1)
                                  2.50   data arrival time

                          1.10    1.10   clock core_clock (rise edge)
                          0.00    1.10   clock source latency
     1    0.01    0.00    0.00    1.10 ^ clk (in)
                                         clk (net)
                  0.00    0.00    1.10 ^ clkbuf_0_clk/A (sky130_fd_sc_hd__clkbuf_8)
     4    0.03    0.07    0.13    1.23 ^ clkbuf_0_clk/X (sky130_fd_sc_hd__clkbuf_8)
                                         clknet_0_clk (net)
                  0.07    0.00    1.23 ^ clkbuf_2_0__f_clk/A (sky130_fd_sc_hd__clkbuf_8)
     9    0.04    0.08    0.16    1.39 ^ clkbuf_2_0__f_clk/X (sky130_fd_sc_hd__clkbuf_8)
                                         clknet_2_0__leaf_clk (net)
                  0.08    0.00    1.39 ^ dpath.a_reg.out[4]$_DFFE_PP_/CLK (sky130_fd_sc_hd__edfxtp_1)
                          0.00    1.39   clock reconvergence pessimism
                         -0.25    1.14   library setup time
                                  1.14   data required time
-----------------------------------------------------------------------------
                                  1.14   data required time
                                 -2.50   data arrival time
-----------------------------------------------------------------------------
                                 -1.36   slack (VIOLATED)


Startpoint: dpath.b_reg.out[3]$_DFFE_PP_
            (rising edge-triggered flip-flop clocked by core_clock)
Endpoint: resp_msg[13] (output port clocked by vclk_core_clock)
Path Group: vclk_core_clock
Path Type: max

Fanout     Cap    Slew   Delay    Time   Description
-----------------------------------------------------------------------------
                          0.00    0.00   clock core_clock (rise edge)
                          0.00    0.00   clock source latency
     1    0.01    0.00    0.00    0.00 ^ clk (in)
                                         clk (net)
                  0.00    0.00    0.00 ^ clkbuf_0_clk/A (sky130_fd_sc_hd__clkbuf_8)
     4    0.03    0.07    0.13    0.13 ^ clkbuf_0_clk/X (sky130_fd_sc_hd__clkbuf_8)
                                         clknet_0_clk (net)
                  0.07    0.00    0.13 ^ clkbuf_2_2__f_clk/A (sky130_fd_sc_hd__clkbuf_8)
    10    0.03    0.07    0.16    0.29 ^ clkbuf_2_2__f_clk/X (sky130_fd_sc_hd__clkbuf_8)
                                         clknet_2_2__leaf_clk (net)
                  0.07    0.00    0.29 ^ dpath.b_reg.out[3]$_DFFE_PP_/CLK (sky130_fd_sc_hd__edfxtp_1)
     2    0.01    0.10    0.40    0.69 v dpath.b_reg.out[3]$_DFFE_PP_/Q (sky130_fd_sc_hd__edfxtp_1)
                                         _015_ (net)
                  0.10    0.00    0.69 v _119_/_150_/B (sky130_fd_sc_hd__xnor3_2)
     5    0.03    0.14    0.47    1.16 v _119_/_150_/X (sky130_fd_sc_hd__xnor3_2)
                                         _119_/_021_ (net)
                  0.14    0.00    1.16 v _119_/_214_/A (sky130_fd_sc_hd__or2_4)
     2    0.02    0.06    0.31    1.47 v _119_/_214_/X (sky130_fd_sc_hd__or2_4)
                                         _119_/_079_ (net)
                  0.06    0.00    1.47 v _119_/rebuffer342/A (sky130_fd_sc_hd__buf_6)
     2    0.02    0.03    0.14    1.60 v _119_/rebuffer342/X (sky130_fd_sc_hd__buf_6)
                                         _119_/net362 (net)
                  0.03    0.00    1.61 v _119_/_216_/C (sky130_fd_sc_hd__nor3_4)
     2    0.01    0.21    0.17    1.78 ^ _119_/_216_/Y (sky130_fd_sc_hd__nor3_4)
                                         _119_/_081_ (net)
                  0.21    0.00    1.78 ^ _119_/_237_/A3 (sky130_fd_sc_hd__o31ai_2)
     2    0.01    0.10    0.10    1.87 v _119_/_237_/Y (sky130_fd_sc_hd__o31ai_2)
                                         _119_/_098_ (net)
                  0.10    0.00    1.88 v _119_/_263_/A2 (sky130_fd_sc_hd__o211ai_1)
     1    0.01    0.22    0.23    2.11 ^ _119_/_263_/Y (sky130_fd_sc_hd__o211ai_1)
                                         _119_/_120_ (net)
                  0.22    0.00    2.11 ^ _119_/_264_/A (sky130_fd_sc_hd__xnor2_1)
     2    0.01    0.20    0.18    2.29 ^ _119_/_264_/Y (sky130_fd_sc_hd__xnor2_1)
                                         net43 (net)
                  0.20    0.00    2.29 ^ output43/A (sky130_fd_sc_hd__buf_2)
     1    0.00    0.02    0.13    2.42 ^ output43/X (sky130_fd_sc_hd__buf_2)
                                         resp_msg[13] (net)
                  0.02    0.00    2.42 ^ resp_msg[13] (out)
                                  2.42   data arrival time

                  0.00    1.10    1.10   clock vclk_core_clock (rise edge)
                          0.29    1.39   clock network delay (ideal)
                          0.00    1.39   clock reconvergence pessimism
                         -0.22    1.17   output external delay
                                  1.17   data required time
-----------------------------------------------------------------------------
                                  1.17   data required time
                                 -2.42   data arrival time
-----------------------------------------------------------------------------
                                 -1.25   slack (VIOLATED)



==========================================================================
finish report_checks -unconstrained
--------------------------------------------------------------------------
Startpoint: dpath.b_reg.out[4]$_DFFE_PP_
            (rising edge-triggered flip-flop clocked by core_clock)
Endpoint: dpath.a_reg.out[4]$_DFFE_PP_
          (rising edge-triggered flip-flop clocked by core_clock)
Path Group: core_clock
Path Type: max

Fanout     Cap    Slew   Delay    Time   Description
-----------------------------------------------------------------------------
                          0.00    0.00   clock core_clock (rise edge)
                          0.00    0.00   clock source latency
     1    0.01    0.00    0.00    0.00 ^ clk (in)
                                         clk (net)
                  0.00    0.00    0.00 ^ clkbuf_0_clk/A (sky130_fd_sc_hd__clkbuf_8)
     4    0.03    0.07    0.13    0.13 ^ clkbuf_0_clk/X (sky130_fd_sc_hd__clkbuf_8)
                                         clknet_0_clk (net)
                  0.07    0.00    0.13 ^ clkbuf_2_2__f_clk/A (sky130_fd_sc_hd__clkbuf_8)
    10    0.03    0.07    0.16    0.29 ^ clkbuf_2_2__f_clk/X (sky130_fd_sc_hd__clkbuf_8)
                                         clknet_2_2__leaf_clk (net)
                  0.07    0.00    0.29 ^ dpath.b_reg.out[4]$_DFFE_PP_/CLK (sky130_fd_sc_hd__edfxtp_1)
     2    0.01    0.09    0.39    0.68 v dpath.b_reg.out[4]$_DFFE_PP_/Q (sky130_fd_sc_hd__edfxtp_1)
                                         _014_ (net)
                  0.09    0.00    0.68 v _119_/_145_/A (sky130_fd_sc_hd__xnor3_2)
     4    0.02    0.13    0.47    1.15 v _119_/_145_/X (sky130_fd_sc_hd__xnor3_2)
                                         _119_/_016_ (net)
                  0.13    0.00    1.15 v _119_/rebuffer221/A (sky130_fd_sc_hd__buf_6)
     2    0.02    0.03    0.16    1.31 v _119_/rebuffer221/X (sky130_fd_sc_hd__buf_6)
                                         _119_/net238 (net)
                  0.03    0.00    1.31 v _119_/_146_/B (sky130_fd_sc_hd__nor2_4)
     2    0.02    0.14    0.13    1.44 ^ _119_/_146_/Y (sky130_fd_sc_hd__nor2_4)
                                         _119_/_017_ (net)
                  0.14    0.00    1.44 ^ _119_/place154/A (sky130_fd_sc_hd__buf_6)
     2    0.02    0.05    0.13    1.57 ^ _119_/place154/X (sky130_fd_sc_hd__buf_6)
                                         _119_/net170 (net)
                  0.05    0.00    1.58 ^ _119_/_147_/B (sky130_fd_sc_hd__nand2_4)
     1    0.01    0.04    0.06    1.63 v _119_/_147_/Y (sky130_fd_sc_hd__nand2_4)
                                         _119_/_018_ (net)
                  0.05    0.00    1.64 v _119_/_167_/A1 (sky130_fd_sc_hd__o21ai_4)
     2    0.01    0.15    0.17    1.81 ^ _119_/_167_/Y (sky130_fd_sc_hd__o21ai_4)
                                         _119_/_038_ (net)
                  0.15    0.00    1.81 ^ _119_/_205_/A1 (sky130_fd_sc_hd__a21o_4)
     4    0.03    0.08    0.18    1.99 ^ _119_/_205_/X (sky130_fd_sc_hd__a21o_4)
                                         _032_ (net)
                  0.08    0.00    1.99 ^ rebuffer333/A (sky130_fd_sc_hd__buf_6)
     1    0.01    0.04    0.10    2.09 ^ rebuffer333/X (sky130_fd_sc_hd__buf_6)
                                         net353 (net)
                  0.04    0.00    2.09 ^ rebuffer271/A (sky130_fd_sc_hd__buf_8)
     5    0.04    0.08    0.12    2.21 ^ rebuffer271/X (sky130_fd_sc_hd__buf_8)
                                         net289 (net)
                  0.08    0.00    2.22 ^ _139_/S (sky130_fd_sc_hd__mux2i_1)
     1    0.00    0.14    0.20    2.41 ^ _139_/Y (sky130_fd_sc_hd__mux2i_1)
                                         _054_ (net)
                  0.14    0.00    2.41 ^ _141_/A2 (sky130_fd_sc_hd__o21ai_1)
     1    0.01    0.07    0.09    2.50 v _141_/Y (sky130_fd_sc_hd__o21ai_1)
                                         _056_ (net)
                  0.07    0.00    2.50 v dpath.a_reg.out[4]$_DFFE_PP_/D (sky130_fd_sc_hd__edfxtp_1)
                                  2.50   data arrival time

                          1.10    1.10   clock core_clock (rise edge)
                          0.00    1.10   clock source latency
     1    0.01    0.00    0.00    1.10 ^ clk (in)
                                         clk (net)
                  0.00    0.00    1.10 ^ clkbuf_0_clk/A (sky130_fd_sc_hd__clkbuf_8)
     4    0.03    0.07    0.13    1.23 ^ clkbuf_0_clk/X (sky130_fd_sc_hd__clkbuf_8)
                                         clknet_0_clk (net)
                  0.07    0.00    1.23 ^ clkbuf_2_0__f_clk/A (sky130_fd_sc_hd__clkbuf_8)
     9    0.04    0.08    0.16    1.39 ^ clkbuf_2_0__f_clk/X (sky130_fd_sc_hd__clkbuf_8)
                                         clknet_2_0__leaf_clk (net)
                  0.08    0.00    1.39 ^ dpath.a_reg.out[4]$_DFFE_PP_/CLK (sky130_fd_sc_hd__edfxtp_1)
                          0.00    1.39   clock reconvergence pessimism
                         -0.25    1.14   library setup time
                                  1.14   data required time
-----------------------------------------------------------------------------
                                  1.14   data required time
                                 -2.50   data arrival time
-----------------------------------------------------------------------------
                                 -1.36   slack (VIOLATED)


Startpoint: dpath.b_reg.out[3]$_DFFE_PP_
            (rising edge-triggered flip-flop clocked by core_clock)
Endpoint: resp_msg[13] (output port clocked by vclk_core_clock)
Path Group: vclk_core_clock
Path Type: max

Fanout     Cap    Slew   Delay    Time   Description
-----------------------------------------------------------------------------
                          0.00    0.00   clock core_clock (rise edge)
                          0.00    0.00   clock source latency
     1    0.01    0.00    0.00    0.00 ^ clk (in)
                                         clk (net)
                  0.00    0.00    0.00 ^ clkbuf_0_clk/A (sky130_fd_sc_hd__clkbuf_8)
     4    0.03    0.07    0.13    0.13 ^ clkbuf_0_clk/X (sky130_fd_sc_hd__clkbuf_8)
                                         clknet_0_clk (net)
                  0.07    0.00    0.13 ^ clkbuf_2_2__f_clk/A (sky130_fd_sc_hd__clkbuf_8)
    10    0.03    0.07    0.16    0.29 ^ clkbuf_2_2__f_clk/X (sky130_fd_sc_hd__clkbuf_8)
                                         clknet_2_2__leaf_clk (net)
                  0.07    0.00    0.29 ^ dpath.b_reg.out[3]$_DFFE_PP_/CLK (sky130_fd_sc_hd__edfxtp_1)
     2    0.01    0.10    0.40    0.69 v dpath.b_reg.out[3]$_DFFE_PP_/Q (sky130_fd_sc_hd__edfxtp_1)
                                         _015_ (net)
                  0.10    0.00    0.69 v _119_/_150_/B (sky130_fd_sc_hd__xnor3_2)
     5    0.03    0.14    0.47    1.16 v _119_/_150_/X (sky130_fd_sc_hd__xnor3_2)
                                         _119_/_021_ (net)
                  0.14    0.00    1.16 v _119_/_214_/A (sky130_fd_sc_hd__or2_4)
     2    0.02    0.06    0.31    1.47 v _119_/_214_/X (sky130_fd_sc_hd__or2_4)
                                         _119_/_079_ (net)
                  0.06    0.00    1.47 v _119_/rebuffer342/A (sky130_fd_sc_hd__buf_6)
     2    0.02    0.03    0.14    1.60 v _119_/rebuffer342/X (sky130_fd_sc_hd__buf_6)
                                         _119_/net362 (net)
                  0.03    0.00    1.61 v _119_/_216_/C (sky130_fd_sc_hd__nor3_4)
     2    0.01    0.21    0.17    1.78 ^ _119_/_216_/Y (sky130_fd_sc_hd__nor3_4)
                                         _119_/_081_ (net)
                  0.21    0.00    1.78 ^ _119_/_237_/A3 (sky130_fd_sc_hd__o31ai_2)
     2    0.01    0.10    0.10    1.87 v _119_/_237_/Y (sky130_fd_sc_hd__o31ai_2)
                                         _119_/_098_ (net)
                  0.10    0.00    1.88 v _119_/_263_/A2 (sky130_fd_sc_hd__o211ai_1)
     1    0.01    0.22    0.23    2.11 ^ _119_/_263_/Y (sky130_fd_sc_hd__o211ai_1)
                                         _119_/_120_ (net)
                  0.22    0.00    2.11 ^ _119_/_264_/A (sky130_fd_sc_hd__xnor2_1)
     2    0.01    0.20    0.18    2.29 ^ _119_/_264_/Y (sky130_fd_sc_hd__xnor2_1)
                                         net43 (net)
                  0.20    0.00    2.29 ^ output43/A (sky130_fd_sc_hd__buf_2)
     1    0.00    0.02    0.13    2.42 ^ output43/X (sky130_fd_sc_hd__buf_2)
                                         resp_msg[13] (net)
                  0.02    0.00    2.42 ^ resp_msg[13] (out)
                                  2.42   data arrival time

                  0.00    1.10    1.10   clock vclk_core_clock (rise edge)
                          0.29    1.39   clock network delay (ideal)
                          0.00    1.39   clock reconvergence pessimism
                         -0.22    1.17   output external delay
                                  1.17   data required time
-----------------------------------------------------------------------------
                                  1.17   data required time
                                 -2.42   data arrival time
-----------------------------------------------------------------------------
                                 -1.25   slack (VIOLATED)



==========================================================================
finish report_check_types -max_slew -max_cap -max_fanout -violators
--------------------------------------------------------------------------

==========================================================================
finish max_slew_check_slack
--------------------------------------------------------------------------
1.0

==========================================================================
finish max_slew_check_limit
--------------------------------------------------------------------------
1.0

==========================================================================
finish max_slew_check_slack_limit
--------------------------------------------------------------------------
1.0000

==========================================================================
finish max_fanout_check_slack
--------------------------------------------------------------------------
1.0000000150474662e+30

==========================================================================
finish max_fanout_check_limit
--------------------------------------------------------------------------
1.0000000150474662e+30

==========================================================================
finish max_capacitance_check_slack
--------------------------------------------------------------------------
0.027882404625415802

==========================================================================
finish max_capacitance_check_limit
--------------------------------------------------------------------------
0.03663099929690361

==========================================================================
finish max_capacitance_check_slack_limit
--------------------------------------------------------------------------
0.7612

==========================================================================
finish max_slew_violation_count
--------------------------------------------------------------------------
max slew violation count 0

==========================================================================
finish max_fanout_violation_count
--------------------------------------------------------------------------
max fanout violation count 0

==========================================================================
finish max_cap_violation_count
--------------------------------------------------------------------------
max cap violation count 0

==========================================================================
finish setup_violation_count
--------------------------------------------------------------------------
setup violation count 82

==========================================================================
finish hold_violation_count
--------------------------------------------------------------------------
hold violation count 0

==========================================================================
finish report_checks -path_delay max reg to reg
--------------------------------------------------------------------------
Startpoint: dpath.b_reg.out[4]$_DFFE_PP_
            (rising edge-triggered flip-flop clocked by core_clock)
Endpoint: dpath.a_reg.out[4]$_DFFE_PP_
          (rising edge-triggered flip-flop clocked by core_clock)
Path Group: core_clock
Path Type: max

  Delay    Time   Description
---------------------------------------------------------
   0.00    0.00   clock core_clock (rise edge)
   0.00    0.00   clock source latency
   0.00    0.00 ^ clk (in)
   0.13    0.13 ^ clkbuf_0_clk/X (sky130_fd_sc_hd__clkbuf_8)
   0.16    0.29 ^ clkbuf_2_2__f_clk/X (sky130_fd_sc_hd__clkbuf_8)
   0.00    0.29 ^ dpath.b_reg.out[4]$_DFFE_PP_/CLK (sky130_fd_sc_hd__edfxtp_1)
   0.39    0.68 v dpath.b_reg.out[4]$_DFFE_PP_/Q (sky130_fd_sc_hd__edfxtp_1)
   0.47    1.15 v _119_/_145_/X (sky130_fd_sc_hd__xnor3_2)
   0.16    1.31 v _119_/rebuffer221/X (sky130_fd_sc_hd__buf_6)
   0.13    1.44 ^ _119_/_146_/Y (sky130_fd_sc_hd__nor2_4)
   0.14    1.57 ^ _119_/place154/X (sky130_fd_sc_hd__buf_6)
   0.06    1.63 v _119_/_147_/Y (sky130_fd_sc_hd__nand2_4)
   0.17    1.81 ^ _119_/_167_/Y (sky130_fd_sc_hd__o21ai_4)
   0.18    1.99 ^ _119_/_205_/X (sky130_fd_sc_hd__a21o_4)
   0.10    2.09 ^ rebuffer333/X (sky130_fd_sc_hd__buf_6)
   0.12    2.21 ^ rebuffer271/X (sky130_fd_sc_hd__buf_8)
   0.20    2.41 ^ _139_/Y (sky130_fd_sc_hd__mux2i_1)
   0.09    2.50 v _141_/Y (sky130_fd_sc_hd__o21ai_1)
   0.00    2.50 v dpath.a_reg.out[4]$_DFFE_PP_/D (sky130_fd_sc_hd__edfxtp_1)
           2.50   data arrival time

   1.10    1.10   clock core_clock (rise edge)
   0.00    1.10   clock source latency
   0.00    1.10 ^ clk (in)
   0.13    1.23 ^ clkbuf_0_clk/X (sky130_fd_sc_hd__clkbuf_8)
   0.16    1.39 ^ clkbuf_2_0__f_clk/X (sky130_fd_sc_hd__clkbuf_8)
   0.00    1.39 ^ dpath.a_reg.out[4]$_DFFE_PP_/CLK (sky130_fd_sc_hd__edfxtp_1)
   0.00    1.39   clock reconvergence pessimism
  -0.25    1.14   library setup time
           1.14   data required time
---------------------------------------------------------
           1.14   data required time
          -2.50   data arrival time
---------------------------------------------------------
          -1.36   slack (VIOLATED)



==========================================================================
finish report_checks -path_delay min reg to reg
--------------------------------------------------------------------------
Startpoint: dpath.a_reg.out[0]$_DFFE_PP_
            (rising edge-triggered flip-flop clocked by core_clock)
Endpoint: dpath.b_reg.out[0]$_DFFE_PP_
          (rising edge-triggered flip-flop clocked by core_clock)
Path Group: core_clock
Path Type: min

  Delay    Time   Description
---------------------------------------------------------
   0.00    0.00   clock core_clock (rise edge)
   0.00    0.00   clock source latency
   0.00    0.00 ^ clk (in)
   0.13    0.13 ^ clkbuf_0_clk/X (sky130_fd_sc_hd__clkbuf_8)
   0.16    0.29 ^ clkbuf_2_0__f_clk/X (sky130_fd_sc_hd__clkbuf_8)
   0.00    0.29 ^ dpath.a_reg.out[0]$_DFFE_PP_/CLK (sky130_fd_sc_hd__edfxtp_1)
   0.35    0.64 ^ dpath.a_reg.out[0]$_DFFE_PP_/Q (sky130_fd_sc_hd__edfxtp_1)
   0.14    0.78 ^ _172_/X (sky130_fd_sc_hd__mux2_4)
   0.00    0.78 ^ dpath.b_reg.out[0]$_DFFE_PP_/D (sky130_fd_sc_hd__edfxtp_1)
           0.78   data arrival time

   0.00    0.00   clock core_clock (rise edge)
   0.00    0.00   clock source latency
   0.00    0.00 ^ clk (in)
   0.13    0.13 ^ clkbuf_0_clk/X (sky130_fd_sc_hd__clkbuf_8)
   0.16    0.29 ^ clkbuf_2_0__f_clk/X (sky130_fd_sc_hd__clkbuf_8)
   0.00    0.29 ^ dpath.b_reg.out[0]$_DFFE_PP_/CLK (sky130_fd_sc_hd__edfxtp_1)
   0.00    0.29   clock reconvergence pessimism
  -0.10    0.19   library hold time
           0.19   data required time
---------------------------------------------------------
           0.19   data required time
          -0.78   data arrival time
---------------------------------------------------------
           0.59   slack (MET)



==========================================================================
finish critical path target clock latency max path
--------------------------------------------------------------------------
0.2878

==========================================================================
finish critical path target clock latency min path
--------------------------------------------------------------------------
0.2880

==========================================================================
finish critical path source clock latency min path
--------------------------------------------------------------------------
0.2900

==========================================================================
finish critical path delay
--------------------------------------------------------------------------
2.5042

==========================================================================
finish critical path slack
--------------------------------------------------------------------------
-1.3619

==========================================================================
finish slack div critical path delay
--------------------------------------------------------------------------
-54.384634

==========================================================================
finish report_power
--------------------------------------------------------------------------
Group                  Internal  Switching    Leakage      Total
                          Power      Power      Power      Power (Watts)
----------------------------------------------------------------
Sequential             1.66e-03   1.43e-04   3.51e-10   1.80e-03  19.9%
Combinational          3.47e-03   2.69e-03   1.93e-09   6.17e-03  68.2%
Clock                  5.73e-04   4.99e-04   5.15e-11   1.07e-03  11.9%
Macro                  0.00e+00   0.00e+00   0.00e+00   0.00e+00   0.0%
Pad                    0.00e+00   0.00e+00   0.00e+00   0.00e+00   0.0%
----------------------------------------------------------------
Total                  5.70e-03   3.34e-03   2.33e-09   9.04e-03 100.0%
                          63.1%      36.9%       0.0%
