OpenROAD unknown 
Features included (+) or not (-): -GPU +GUI -Python
This program is licensed under the BSD-3 license. See the LICENSE file for details.
Components of this program may be licensed under more restrictive licenses which must be honored.
[INFO ORD-0030] Using 2 thread(s).
read_liberty /OpenROAD-flow-scripts/flow/platforms/sky130hd/lib/sky130_fd_sc_hd__tt_025C_1v80.lib
read_db -hier ./results/sky130hd/gcd/base/2_floorplan.odb
[WARNING ORD-0012] Hierarchical flow (-hier) is currently in development and may cause multiple issues. Do not use in production environments.
read_sdc ./results/sky130hd/gcd/base/2_floorplan.sdc
source /OpenROAD-flow-scripts/flow/platforms/sky130hd/setRC.tcl
global_placement -skip_io -density 0.6 -pad_left 0 -pad_right 0
[INFO GPL-0190] Using 1 of 2 threads for placement: one per core, SMT siblings idle.
[INFO GPL-0001] ---- Initialize GPL Main Data Structures
[INFO GPL-0002] DBU: 1000
[INFO GPL-0003] SiteSize: (  0.460  2.720 ) um
[INFO GPL-0004] CoreBBox: (  1.380  2.720 ) ( 77.740 76.160 ) um
[INFO GPL-0016] Core area:                    5607.878 um^2
[INFO GPL-0036] Movable instances area:       2572.467 um^2
[INFO GPL-0037] Total instances area:         2662.554 um^2
[INFO GPL-0035] Pin density area adjust:       195.873 um^2
[INFO GPL-0032] ---- Initialize Region: Top-level
[INFO GPL-0006] Number of instances:               322
[INFO GPL-0007] Movable instances:                 250
[INFO GPL-0008] Fixed instances:                    72
[INFO GPL-0009] Dummy instances:                     0
[INFO GPL-0010] Number of nets:                    286
[INFO GPL-0011] Number of pins:                    892
[INFO GPL-0012] Die BBox:       (  0.000  0.000 ) ( 78.880 78.880 ) um
[INFO GPL-0013] Placement BBox: (  1.380  2.720 ) ( 77.740 76.160 ) um
[INFO GPL-0014] Region name: top-level.
[INFO GPL-0015] Region area:                  5607.878 um^2
[INFO GPL-0017] Fixed instances area:           90.086 um^2
[INFO GPL-0018] Movable instances area:       2768.340 um^2
[INFO GPL-0019] Utilization:                    50.171 %
[INFO GPL-0020] Standard cells area:          2768.340 um^2
[INFO GPL-0021] Large instances area:            0.000 um^2
[INFO GPL-0005] ---- Execute Conjugate Gradient Initial Placement.
[INFO GPL-0051] Source of initial instance position counters:
	Odb location = 0	Core center = 250	Region center = 0
[INFO GPL-0033] ---- Initialize Nesterov Region: Top-level
[INFO GPL-0023] Placement target density:       0.6000
[INFO GPL-0024] Movable insts average area:     11.073 um^2
[INFO GPL-0025] Ideal bin area:                 18.456 um^2
[INFO GPL-0026] Ideal bin count:                   303
[INFO GPL-0027] Total bin area:               5607.878 um^2
[INFO GPL-0028] Bin count (X, Y):          16 ,     16
[INFO GPL-0029] Bin size (W * H):       4.772 *  4.590 um
[INFO GPL-0030] Number of bins:                    256
[INFO GPL-0084] ---- Execute Nesterov Global Placement.
[INFO GPL-0031] HPWL: Half-Perimeter Wirelength
Iteration | Overflow |     HPWL (um) |  HPWL(%) |   Penalty | Group
---------------------------------------------------------------
        0 |   0.9622 |  6.006010e+02 |   +0.00% |  4.38e-14 |      
       10 |   0.9622 |  5.738810e+02 |   -4.45% |  7.14e-14 |      
       20 |   0.9622 |  5.715510e+02 |   -0.41% |  1.16e-13 |      
       30 |   0.9622 |  5.715950e+02 |   +0.01% |  1.89e-13 |      
       40 |   0.9622 |  5.716650e+02 |   +0.01% |  3.08e-13 |      
       50 |   0.9622 |  5.718540e+02 |   +0.03% |  5.02e-13 |      
       60 |   0.9622 |  5.723130e+02 |   +0.08% |  8.18e-13 |      
       70 |   0.9622 |  5.732790e+02 |   +0.17% |  1.33e-12 |      
       80 |   0.9622 |  5.750770e+02 |   +0.31% |  2.17e-12 |      
       90 |   0.9622 |  5.774110e+02 |   +0.41% |  3.54e-12 |      
      100 |   0.9622 |  5.807320e+02 |   +0.58% |  5.76e-12 |      
      110 |   0.9622 |  5.852010e+02 |   +0.77% |  9.38e-12 |      
      120 |   0.9622 |  5.902840e+02 |   +0.87% |  1.53e-11 |      
      130 |   0.9622 |  6.081920e+02 |   +3.03% |  2.49e-11 |      
      140 |   0.9480 |  6.860900e+02 |  +12.81% |  4.06e-11 |      
      150 |   0.9085 |  9.003610e+02 |  +31.23% |  6.61e-11 |      
      160 |   0.8797 |  1.076377e+03 |  +19.55% |  1.08e-10 |      
      170 |   0.8635 |  1.176485e+03 |   +9.30% |  1.75e-10 |      
      180 |   0.8267 |  1.305919e+03 |  +11.00% |  2.85e-10 |      
      190 |   0.7912 |  1.456964e+03 |  +11.57% |  4.65e-10 |      
      200 |   0.7557 |  1.622419e+03 |  +11.36% |  7.57e-10 |      
      210 |   0.7101 |  1.789167e+03 |  +10.28% |  1.23e-09 |      
      220 |   0.6686 |  1.929567e+03 |   +7.85% |  2.01e-09 |      
      230 |   0.6161 |  2.091567e+03 |   +8.40% |  3.27e-09 |      
      240 |   0.5631 |  2.233891e+03 |   +6.80% |  5.33e-09 |      
      250 |   0.5117 |  2.389807e+03 |   +6.98% |  8.69e-09 |      
      260 |   0.4525 |  2.507046e+03 |   +4.91% |  1.41e-08 |      
      270 |   0.4003 |  2.653271e+03 |   +5.83% |  2.30e-08 |      
      280 |   0.3469 |  2.765109e+03 |   +4.22% |  3.75e-08 |      
      290 |   0.3198 |  2.874893e+03 |   +3.97% |  5.59e-08 |      
      300 |   0.2837 |  2.953422e+03 |   +2.73% |  8.23e-08 |      
      310 |   0.2422 |  3.011684e+03 |   +1.97% |  1.21e-07 |      
      320 |   0.1989 |  3.044360e+03 |   +1.08% |  1.79e-07 |      
      330 |   0.1710 |  3.081954e+03 |   +1.23% |  2.63e-07 |      
      340 |   0.1451 |  3.125186e+03 |   +1.40% |  3.87e-07 |      
      350 |   0.1169 |  3.172234e+03 |   +1.51% |  5.71e-07 |      
      357 |   0.0978 |  3.193937e+03 |          |  7.78e-07 |      
---------------------------------------------------------------
[INFO GPL-1001] Global placement finished at iteration 357
[INFO GPL-1002] Placed Cell Area             2768.3398
[INFO GPL-1003] Available Free Area          5517.7920
[INFO GPL-1004] Minimum Feasible Density        0.5100 (cell_area / free_area)
[INFO GPL-1006]   Suggested Target Densities:
[INFO GPL-1007]     - For 90% usage of free space: 0.5575
[INFO GPL-1008]     - For 80% usage of free space: 0.6271
[INFO GPL-1014] Final placement area: 2768.34 (+0.00%)
[INFO GPL-1018] Final HPWL (um): 3198.76
Design area 2663 um^2 47% utilization.
write_db ./results/sky130hd/gcd/base/3_1_place_gp_skip_io.odb
Elapsed time: 0:00.66[h:]min:sec. CPU time: user 0.53 sys 0.07 (91%). Peak memory: 104064KB.
Log                    Ext     Elapsed      CPU     CPU/ Peak Mem sha1sum
                                     s        s  Elapsed       MB [0:10)
3_1_place_gp_skip_io   .odb          0        1     0.91      101 40ba76c62a
