OpenROAD unknown 
Features included (+) or not (-): -GPU +GUI -Python
This program is licensed under the BSD-3 license. See the LICENSE file for details.
Components of this program may be licensed under more restrictive licenses which must be honored.
[INFO ORD-0030] Using 2 thread(s).
read_liberty /OpenROAD-flow-scripts/flow/platforms/sky130hd/lib/sky130_fd_sc_hd__tt_025C_1v80.lib
read_db -hier ./results/sky130hd/gcd/base/3_place.odb
[WARNING ORD-0012] Hierarchical flow (-hier) is currently in development and may cause multiple issues. Do not use in production environments.
read_sdc ./results/sky130hd/gcd/base/3_place.sdc
source /OpenROAD-flow-scripts/flow/platforms/sky130hd/setRC.tcl
clock_tree_synthesis -sink_clustering_enable -repair_clock_nets
[INFO CTS-0050] Root buffer is sky130_fd_sc_hd__clkbuf_8.
[INFO CTS-0051] Sink buffer is sky130_fd_sc_hd__clkbuf_16.
[INFO CTS-0052] The following clock buffers will be used for CTS:
                    sky130_fd_sc_hd__clkbuf_8
                    sky130_fd_sc_hd__clkbuf_16
[INFO CTS-0049] Characterization buffer is sky130_fd_sc_hd__clkbuf_16.
[INFO CTS-0007] Net "clk" found for clock "core_clock".
[INFO CTS-0010]  Clock net "clk" has 35 sinks.
[INFO CTS-0008] TritonCTS found 1 clock nets.
[INFO CTS-0097] Characterization used 2 buffer(s) types.
[INFO CTS-0201] 0 blockages from hard placement blockages and placed macros will be used.
[INFO CTS-0027] Generating H-Tree topology for net clk.
[INFO CTS-0028]  Total number of sinks: 35.
[INFO CTS-0090]  Sinks will be clustered based on buffer max cap.
[INFO CTS-0030]  Number of static layers: 0.
[INFO CTS-0020]  Wire segment unit: 13600  dbu (13 um).
[INFO CTS-0023]  Original sink region: [(1650, 4020), (71030, 74740)].
[INFO CTS-0024]  Normalized sink region: [(0.121324, 0.295588), (5.22279, 5.49559)].
[INFO CTS-0025]     Width:  5.1015.
[INFO CTS-0026]     Height: 5.2000.
 Level 1
    Direction: Vertical
    Sinks per sub-region: 18
    Sub-region size: 5.1015 X 2.6000
[INFO CTS-0034]     Segment length (rounded): 1.
 Level 2
    Direction: Horizontal
    Sinks per sub-region: 9
    Sub-region size: 2.5507 X 2.6000
[INFO CTS-0034]     Segment length (rounded): 1.
[INFO CTS-0038]  Stop criterion found. Sink region hpwl is smaller than max wirelength (1911.535 um) and max number of sinks is 15.
[INFO CTS-0035]  Number of sinks covered: 35.
[INFO CTS-0018]     Created 5 clock buffers.
[INFO CTS-0012]     Minimum number of buffers in the clock path: 2.
[INFO CTS-0013]     Maximum number of buffers in the clock path: 2.
[INFO CTS-0015]     Created 5 clock nets.
[INFO CTS-0016]     Fanout distribution for the current clock = 7:1, 9:2, 10:1..
[INFO CTS-0017]     Max level of the clock tree: 2.
[INFO CTS-0098] Clock net "clk"
[INFO CTS-0099]  Sinks 38
[INFO CTS-0100]  Leaf buffers 0
[INFO CTS-0101]  Average sink wire length 115.87 um
[INFO CTS-0102]  Path depth 2 - 2
[INFO CTS-0207]  Dummy loads inserted 3
[INFO CTS-0500] Runtime: 0.43s
estimate_parasitics -placement
detailed_placement
[INFO DPL-0006] Core area: 5607.88 um^2
[INFO DPL-0007] Movable instances area: 3824.92 um^2
[INFO DPL-0008] Fixed instances area within core: 90.09 um^2
[INFO DPL-0009] Utilization: 69.8%
[INFO DPL-0005] Diamond search max displacement: +/- 500 sites horizontally, +/- 100 rows vertically.
[INFO DPL-1102] Legalizing using negotiation legalizer.
[INFO DPL-1103] Negotiation base search window: +/-20 sites horizontally, +/-5 rows vertically 
	Automatic search window extension enabled.
	Search window extendable up to the max displacement cap of +/-500 sites, +/-100 rows near walls.
[INFO DPL-1104] NegotiationLegalizer DRC penalty: 5.
[INFO DPL-0392] Negotiation cell height distribution (1 unique row-count(s)):
[INFO DPL-0393]   height 1 row(s): 467 cells
          |      Total |  Illegal |  Illegal
Iteration | Violations |    Cells |    Sites
---------------------------------------------
        0 |         61 |        11 |        50
        1 |          0 |         0 |         0
Negotiation phase 1 converged at iteration 1.
[INFO DPL-0500] Runtime: 0.00s
Detailed Placement Analysis
---------------------------------
legalizer            negotiation
total moves                 263
total displacement        489.4 u
average displacement        1.0 u
max displacement           11.0 u
original HPWL            5240.8 u
legalized HPWL           5532.5 u
delta HPWL                    6 %

estimate_parasitics -placement
Warning: master sky130_ef_sc_hd__decap_12 has signal pins but no liberty cell
repair_timing -setup_margin 0 -hold_margin 0 -repair_tns 100 -match_cell_footprint -verbose
[INFO RSZ-0100] Repair move sequence: UnbufferMove SizeUpMove SwapPinsMove BufferMove CloneMove SplitLoadMove 
[INFO RSZ-0094] Found 81 endpoints with setup violations.
[INFO RSZ-0099] Repairing 81 out of 81 (100.00%) violating endpoints...
   Iter   | Removed | Resized | Inserted | Cloned |  Pin  |   Area   |    WNS   |    TNS     |  Viol  |  Worst
          | Buffers |  Gates  | Buffers  |  Gates | Swaps |          |          |            | Endpts | Endpoint
------------------------------------------------------------------------------------------------------------------------------
       0* |       0 |       0 |        0 |      0 |     0 |    +0.0% |   -2.069 |      -88.8 |     81 | resp_msg[14]
      10* |       0 |       4 |        2 |      0 |     3 |    +0.8% |   -1.987 |      -84.2 |     81 | resp_msg[14]
      20* |       0 |       6 |        3 |      0 |    10 |    +1.2% |   -2.062 |      -84.8 |     81 | resp_msg[14]
      30* |       0 |      10 |        5 |      0 |    14 |    +1.8% |   -1.931 |      -81.7 |     81 | dpath.a_reg.out\[14\]$_DFFE_PP_/D
      33* |       0 |      12 |        5 |      0 |    15 |    +2.1% |   -1.923 |      -81.7 |     81 | dpath.a_reg.out\[14\]$_DFFE_PP_/D
      40* |       0 |      15 |        6 |      0 |    17 |    +2.5% |   -1.923 |      -81.7 |     81 | dpath.a_reg.out\[14\]$_DFFE_PP_/D
      40* |       0 |      15 |        6 |      0 |    16 |    +2.5% |   -1.923 |      -81.7 |     81 | dpath.a_reg.out\[14\]$_DFFE_PP_/D
      43* |       0 |      16 |        6 |      0 |    16 |    +2.5% |   -1.923 |      -81.7 |     81 | dpath.a_reg.out\[14\]$_DFFE_PP_/D
      46* |       0 |      17 |        6 |      0 |    16 |    +2.5% |   -1.923 |      -81.7 |     81 | dpath.a_reg.out\[14\]$_DFFE_PP_/D
      50* |       0 |      19 |        6 |      0 |    17 |    +2.5% |   -1.923 |      -81.7 |     81 | dpath.a_reg.out\[14\]$_DFFE_PP_/D
      52* |       0 |      18 |        6 |      0 |    16 |    +2.5% |   -1.923 |      -81.7 |     81 | dpath.a_reg.out\[14\]$_DFFE_PP_/D
      55* |       0 |      19 |        6 |      0 |    16 |    +2.5% |   -1.923 |      -81.7 |     81 | dpath.a_reg.out\[14\]$_DFFE_PP_/D
      59* |       0 |      21 |        6 |      0 |    16 |    +2.6% |   -1.923 |      -81.8 |     81 | dpath.a_reg.out\[14\]$_DFFE_PP_/D
      60* |       0 |      21 |        6 |      0 |    16 |    +2.6% |   -1.923 |      -81.8 |     81 | dpath.a_reg.out\[14\]$_DFFE_PP_/D
      64* |       0 |      23 |        6 |      0 |    17 |    +2.6% |   -1.923 |      -81.8 |     81 | dpath.a_reg.out\[14\]$_DFFE_PP_/D
      67* |       0 |      24 |        6 |      0 |    17 |    +2.6% |   -1.923 |      -81.8 |     81 | dpath.a_reg.out\[14\]$_DFFE_PP_/D
      70* |       0 |      25 |        6 |      0 |    18 |    +2.6% |   -1.923 |      -81.8 |     81 | dpath.a_reg.out\[14\]$_DFFE_PP_/D
      70* |       0 |      25 |        6 |      0 |    17 |    +2.6% |   -1.923 |      -81.8 |     81 | dpath.a_reg.out\[14\]$_DFFE_PP_/D
      74* |       0 |      25 |        6 |      0 |    17 |    +2.6% |   -1.923 |      -81.8 |     81 | dpath.a_reg.out\[14\]$_DFFE_PP_/D
      80* |       0 |      27 |        6 |      0 |    20 |    +2.7% |   -1.923 |      -82.3 |     81 | dpath.a_reg.out\[14\]$_DFFE_PP_/D
      81* |       0 |      26 |        6 |      0 |    17 |    +2.7% |   -1.922 |      -82.0 |     81 | dpath.a_reg.out\[14\]$_DFFE_PP_/D
      84* |       1 |      27 |        6 |      0 |    17 |    +2.6% |   -1.922 |      -80.0 |     81 | dpath.a_reg.out\[14\]$_DFFE_PP_/D
      85* |       1 |      27 |        6 |      0 |    17 |    +2.6% |   -1.922 |      -80.0 |     81 | dpath.a_reg.out\[14\]$_DFFE_PP_/D
      86* |       1 |      27 |        6 |      0 |    17 |    +2.6% |   -1.922 |      -80.0 |     81 | dpath.a_reg.out\[14\]$_DFFE_PP_/D
      87* |       1 |      27 |        6 |      0 |    17 |    +2.6% |   -1.922 |      -80.0 |     81 | dpath.a_reg.out\[14\]$_DFFE_PP_/D
      88* |       1 |      27 |        6 |      0 |    17 |    +2.6% |   -1.922 |      -80.0 |     81 | dpath.a_reg.out\[14\]$_DFFE_PP_/D
      89* |       1 |      27 |        6 |      0 |    17 |    +2.6% |   -1.922 |      -80.0 |     81 | dpath.a_reg.out\[14\]$_DFFE_PP_/D
      90* |       1 |      27 |        6 |      0 |    17 |    +2.6% |   -1.922 |      -80.0 |     81 | dpath.a_reg.out\[14\]$_DFFE_PP_/D
      93* |       1 |      29 |        6 |      0 |    17 |    +2.7% |   -1.922 |      -80.3 |     81 | dpath.a_reg.out\[14\]$_DFFE_PP_/D
      94* |       1 |      29 |        6 |      0 |    17 |    +2.7% |   -1.922 |      -80.3 |     81 | dpath.a_reg.out\[14\]$_DFFE_PP_/D
      95* |       1 |      29 |        6 |      0 |    17 |    +2.7% |   -1.922 |      -80.3 |     81 | dpath.a_reg.out\[14\]$_DFFE_PP_/D
      96* |       1 |      29 |        6 |      0 |    17 |    +2.7% |   -1.922 |      -80.3 |     81 | dpath.a_reg.out\[14\]$_DFFE_PP_/D
      97* |       1 |      29 |        6 |      0 |    17 |    +2.7% |   -1.922 |      -80.3 |     81 | dpath.a_reg.out\[14\]$_DFFE_PP_/D
      98* |       1 |      29 |        6 |      0 |    17 |    +2.7% |   -1.922 |      -80.3 |     81 | dpath.a_reg.out\[14\]$_DFFE_PP_/D
      99* |       1 |      29 |        6 |      0 |    17 |    +2.7% |   -1.922 |      -80.3 |     81 | dpath.a_reg.out\[14\]$_DFFE_PP_/D
     100* |       1 |      29 |        6 |      0 |    17 |    +2.7% |   -1.922 |      -80.3 |     81 | dpath.a_reg.out\[14\]$_DFFE_PP_/D
     100* |       1 |      29 |        6 |      0 |    17 |    +2.7% |   -1.922 |      -80.3 |     81 | dpath.a_reg.out\[14\]$_DFFE_PP_/D
     101* |       1 |      29 |        6 |      0 |    17 |    +2.7% |   -1.922 |      -80.3 |     81 | dpath.a_reg.out\[14\]$_DFFE_PP_/D
     102* |       1 |      29 |        6 |      0 |    17 |    +2.7% |   -1.922 |      -80.3 |     81 | dpath.a_reg.out\[14\]$_DFFE_PP_/D
     103* |       1 |      29 |        6 |      0 |    17 |    +2.7% |   -1.922 |      -80.3 |     81 | dpath.a_reg.out\[14\]$_DFFE_PP_/D
     110* |       1 |      33 |        8 |      0 |    17 |    +3.2% |   -1.922 |      -80.3 |     81 | dpath.a_reg.out\[14\]$_DFFE_PP_/D
     111* |       1 |      29 |        6 |      0 |    17 |    +2.7% |   -1.922 |      -80.3 |     81 | dpath.a_reg.out\[14\]$_DFFE_PP_/D
     116* |       1 |      30 |        6 |      0 |    17 |    +2.7% |   -1.922 |      -80.3 |     81 | dpath.a_reg.out\[14\]$_DFFE_PP_/D
     119* |       1 |      31 |        6 |      0 |    17 |    +2.7% |   -1.922 |      -80.2 |     81 | dpath.a_reg.out\[14\]$_DFFE_PP_/D
     120* |       1 |      31 |        6 |      0 |    17 |    +2.7% |   -1.922 |      -80.2 |     81 | dpath.a_reg.out\[14\]$_DFFE_PP_/D
     130* |       1 |      36 |        6 |      0 |    22 |    +3.6% |   -1.922 |      -80.4 |     81 | dpath.a_reg.out\[14\]$_DFFE_PP_/D
     136* |       1 |      40 |        7 |      0 |    23 |    +3.8% |   -1.922 |      -80.3 |     81 | dpath.a_reg.out\[14\]$_DFFE_PP_/D
     140* |       1 |      42 |        7 |      0 |    24 |    +3.8% |   -1.930 |      -80.1 |     81 | dpath.a_reg.out\[14\]$_DFFE_PP_/D
     148* |       1 |      42 |        8 |      0 |    24 |    +4.0% |   -1.921 |      -80.2 |     81 | dpath.a_reg.out\[14\]$_DFFE_PP_/D
     150* |       1 |      42 |        9 |      0 |    24 |    +4.2% |   -1.921 |      -80.2 |     81 | dpath.a_reg.out\[14\]$_DFFE_PP_/D
     155* |       1 |      44 |        9 |      0 |    25 |    +4.5% |   -1.921 |      -80.2 |     81 | dpath.a_reg.out\[14\]$_DFFE_PP_/D
     160* |       1 |      48 |        9 |      0 |    25 |    +4.6% |   -1.921 |      -79.8 |     81 | dpath.a_reg.out\[14\]$_DFFE_PP_/D
     161* |       1 |      48 |        9 |      0 |    26 |    +4.6% |   -1.921 |      -79.8 |     81 | dpath.a_reg.out\[14\]$_DFFE_PP_/D
     170* |       1 |      52 |       10 |      0 |    29 |    +5.0% |   -2.027 |      -83.0 |     81 | dpath.a_reg.out\[14\]$_DFFE_PP_/D
     172* |       1 |      48 |        9 |      0 |    26 |    +4.6% |   -1.921 |      -79.8 |     81 | dpath.a_reg.out\[14\]$_DFFE_PP_/D
     180* |       1 |      54 |        9 |      0 |    27 |    +5.0% |   -1.921 |      -79.5 |     81 | dpath.a_reg.out\[14\]$_DFFE_PP_/D
     188* |       1 |      54 |        9 |      0 |    27 |    +5.0% |   -1.921 |      -79.5 |     81 | dpath.a_reg.out\[14\]$_DFFE_PP_/D
     190* |       1 |      55 |        9 |      0 |    27 |    +5.0% |   -1.921 |      -79.2 |     81 | dpath.a_reg.out\[14\]$_DFFE_PP_/D
     197* |       1 |      60 |       10 |      0 |    27 |    +5.5% |   -1.921 |      -79.2 |     81 | dpath.a_reg.out\[14\]$_DFFE_PP_/D
     200* |       1 |      61 |       10 |      0 |    28 |    +5.7% |   -1.921 |      -79.2 |     81 | dpath.a_reg.out\[14\]$_DFFE_PP_/D
     209* |       1 |      67 |       12 |      0 |    29 |    +6.2% |   -1.921 |      -78.9 |     81 | dpath.a_reg.out\[14\]$_DFFE_PP_/D
     210* |       1 |      67 |       12 |      0 |    29 |    +6.2% |   -1.921 |      -78.9 |     81 | dpath.a_reg.out\[14\]$_DFFE_PP_/D
     219* |       1 |      71 |       13 |      0 |    31 |    +6.7% |   -1.921 |      -79.1 |     81 | dpath.a_reg.out\[14\]$_DFFE_PP_/D
     220* |       1 |      71 |       13 |      0 |    31 |    +6.7% |   -1.921 |      -79.1 |     81 | dpath.a_reg.out\[14\]$_DFFE_PP_/D
     230* |       1 |      77 |       16 |      0 |    32 |    +7.9% |   -1.972 |      -80.5 |     81 | dpath.a_reg.out\[14\]$_DFFE_PP_/D
     240* |       1 |      83 |       20 |      0 |    32 |    +8.9% |   -1.972 |      -80.8 |     81 | dpath.a_reg.out\[14\]$_DFFE_PP_/D
     245* |       1 |      72 |       13 |      0 |    32 |    +6.9% |   -1.921 |      -79.0 |     81 | dpath.a_reg.out\[14\]$_DFFE_PP_/D
     250* |       1 |      74 |       14 |      0 |    33 |    +7.2% |   -1.921 |      -78.7 |     81 | dpath.a_reg.out\[14\]$_DFFE_PP_/D
     254* |       2 |      76 |       14 |      0 |    33 |    +6.9% |   -1.921 |      -78.5 |     81 | dpath.a_reg.out\[14\]$_DFFE_PP_/D
     260* |       2 |      79 |       16 |      0 |    33 |    +7.5% |   -1.928 |      -78.7 |     81 | dpath.a_reg.out\[14\]$_DFFE_PP_/D
     264* |       2 |      77 |       14 |      0 |    33 |    +7.1% |   -1.921 |      -78.4 |     81 | dpath.a_reg.out\[14\]$_DFFE_PP_/D
     270* |       2 |      80 |       15 |      0 |    34 |    +7.4% |   -1.921 |      -78.3 |     81 | dpath.a_reg.out\[14\]$_DFFE_PP_/D
     276* |       2 |      82 |       15 |      0 |    34 |    +7.4% |   -1.921 |      -78.2 |     81 | dpath.a_reg.out\[14\]$_DFFE_PP_/D
     280* |       2 |      84 |       15 |      0 |    35 |    +7.4% |   -1.921 |      -77.9 |     81 | dpath.a_reg.out\[14\]$_DFFE_PP_/D
     285* |       2 |      88 |       15 |      0 |    36 |    +7.6% |   -1.921 |      -77.8 |     81 | dpath.a_reg.out\[14\]$_DFFE_PP_/D
     290* |       2 |      90 |       16 |      0 |    37 |    +7.8% |   -1.921 |      -77.5 |     81 | dpath.a_reg.out\[14\]$_DFFE_PP_/D
     297* |       2 |      91 |       16 |      0 |    37 |    +7.7% |   -1.921 |      -77.4 |     81 | dpath.a_reg.out\[14\]$_DFFE_PP_/D
     300* |       2 |      92 |       16 |      0 |    38 |    +7.8% |   -1.921 |      -77.3 |     81 | dpath.a_reg.out\[14\]$_DFFE_PP_/D
     310* |       2 |      97 |       18 |      0 |    41 |    +8.9% |   -1.921 |      -77.4 |     81 | dpath.a_reg.out\[14\]$_DFFE_PP_/D
     312* |       2 |      94 |       17 |      0 |    39 |    +8.4% |   -1.921 |      -77.2 |     81 | dpath.a_reg.out\[14\]$_DFFE_PP_/D
     320* |       2 |      97 |       19 |      0 |    41 |    +9.1% |   -1.921 |      -77.6 |     81 | dpath.a_reg.out\[14\]$_DFFE_PP_/D
     321* |       2 |      94 |       17 |      0 |    39 |    +8.4% |   -1.921 |      -77.2 |     81 | dpath.a_reg.out\[14\]$_DFFE_PP_/D
     328* |       2 |      98 |       18 |      0 |    40 |    +8.6% |   -1.921 |      -76.9 |     81 | dpath.a_reg.out\[14\]$_DFFE_PP_/D
     330* |       2 |      99 |       18 |      0 |    40 |    +8.6% |   -1.921 |      -77.0 |     81 | dpath.a_reg.out\[14\]$_DFFE_PP_/D
     339* |       2 |     105 |       19 |      0 |    42 |    +8.9% |   -1.921 |      -78.0 |     81 | dpath.a_reg.out\[14\]$_DFFE_PP_/D
     340* |       2 |     105 |       19 |      0 |    42 |    +8.9% |   -1.921 |      -78.0 |     81 | dpath.a_reg.out\[14\]$_DFFE_PP_/D
     350* |       2 |     110 |       24 |      1 |    42 |   +11.9% |   -1.921 |      -79.4 |     81 | dpath.a_reg.out\[14\]$_DFFE_PP_/D
     352* |       2 |     112 |       24 |      1 |    42 |   +11.9% |   -1.921 |      -79.2 |     81 | dpath.a_reg.out\[14\]$_DFFE_PP_/D
     355* |       2 |     113 |       24 |      1 |    42 |   +12.0% |   -1.921 |      -79.2 |     81 | dpath.a_reg.out\[14\]$_DFFE_PP_/D
     357* |       2 |     114 |       24 |      1 |    42 |   +12.1% |   -1.921 |      -79.2 |     81 | dpath.a_reg.out\[14\]$_DFFE_PP_/D
     360* |       2 |     115 |       25 |      1 |    42 |   +12.5% |   -1.921 |      -79.2 |     81 | dpath.a_reg.out\[14\]$_DFFE_PP_/D
     362* |       2 |     115 |       24 |      1 |    42 |   +12.0% |   -1.921 |      -79.1 |     81 | dpath.a_reg.out\[14\]$_DFFE_PP_/D
     366* |       2 |     115 |       24 |      1 |    42 |   +12.0% |   -1.921 |      -79.1 |     81 | dpath.a_reg.out\[14\]$_DFFE_PP_/D
     368* |       2 |     115 |       25 |      1 |    42 |   +12.5% |   -1.921 |      -79.2 |     81 | dpath.a_reg.out\[14\]$_DFFE_PP_/D
     369* |       2 |     115 |       25 |      1 |    42 |   +12.5% |   -1.921 |      -79.2 |     81 | dpath.a_reg.out\[14\]$_DFFE_PP_/D
     370* |       2 |     115 |       25 |      1 |    42 |   +12.5% |   -1.921 |      -79.2 |     81 | dpath.a_reg.out\[14\]$_DFFE_PP_/D
     370* |       2 |     115 |       25 |      1 |    42 |   +12.5% |   -1.921 |      -79.2 |     81 | dpath.a_reg.out\[14\]$_DFFE_PP_/D
     371* |       2 |     115 |       25 |      1 |    42 |   +12.5% |   -1.921 |      -79.2 |     81 | dpath.a_reg.out\[14\]$_DFFE_PP_/D
     377* |       2 |     118 |       28 |      1 |    42 |   +13.3% |   -1.921 |      -81.2 |     81 | dpath.a_reg.out\[14\]$_DFFE_PP_/D
     378* |       2 |     118 |       28 |      1 |    42 |   +13.3% |   -1.921 |      -81.2 |     81 | dpath.a_reg.out\[14\]$_DFFE_PP_/D
     379* |       2 |     118 |       28 |      1 |    42 |   +13.3% |   -1.921 |      -81.2 |     81 | dpath.a_reg.out\[14\]$_DFFE_PP_/D
     380* |       2 |     118 |       28 |      1 |    42 |   +13.3% |   -1.921 |      -81.2 |     81 | dpath.a_reg.out\[14\]$_DFFE_PP_/D
     382* |       2 |     118 |       28 |      1 |    42 |   +13.3% |   -1.921 |      -81.2 |     81 | dpath.a_reg.out\[14\]$_DFFE_PP_/D
     383* |       2 |     118 |       28 |      1 |    42 |   +13.3% |   -1.921 |      -81.2 |     81 | dpath.a_reg.out\[14\]$_DFFE_PP_/D
     389* |       2 |     122 |       28 |      2 |    42 |   +14.6% |   -1.921 |      -80.9 |     81 | dpath.a_reg.out\[14\]$_DFFE_PP_/D
     390* |       2 |     122 |       28 |      2 |    42 |   +14.6% |   -1.921 |      -80.9 |     81 | dpath.a_reg.out\[14\]$_DFFE_PP_/D
     390* |       2 |     122 |       28 |      2 |    42 |   +14.6% |   -1.921 |      -80.9 |     81 | dpath.a_reg.out\[14\]$_DFFE_PP_/D
     391* |       2 |     122 |       28 |      2 |    42 |   +14.6% |   -1.921 |      -80.9 |     81 | dpath.a_reg.out\[14\]$_DFFE_PP_/D
     392* |       2 |     122 |       28 |      2 |    42 |   +14.6% |   -1.921 |      -80.9 |     81 | dpath.a_reg.out\[14\]$_DFFE_PP_/D
     393* |       2 |     122 |       28 |      2 |    42 |   +14.6% |   -1.921 |      -80.9 |     81 | dpath.a_reg.out\[14\]$_DFFE_PP_/D
     394* |       2 |     122 |       28 |      2 |    42 |   +14.6% |   -1.921 |      -80.9 |     81 | dpath.a_reg.out\[14\]$_DFFE_PP_/D
     395* |       2 |     122 |       28 |      2 |    42 |   +14.6% |   -1.921 |      -80.9 |     81 | dpath.a_reg.out\[14\]$_DFFE_PP_/D
     397* |       2 |     123 |       28 |      2 |    42 |   +14.4% |   -1.921 |      -80.2 |     81 | dpath.a_reg.out\[14\]$_DFFE_PP_/D
     398* |       2 |     123 |       28 |      2 |    42 |   +14.4% |   -1.921 |      -80.2 |     81 | dpath.a_reg.out\[14\]$_DFFE_PP_/D
     399* |       2 |     123 |       28 |      2 |    42 |   +14.4% |   -1.921 |      -80.2 |     81 | dpath.a_reg.out\[14\]$_DFFE_PP_/D
     400* |       2 |     123 |       28 |      2 |    42 |   +14.4% |   -1.921 |      -80.2 |     81 | dpath.a_reg.out\[14\]$_DFFE_PP_/D
     400* |       2 |     123 |       28 |      2 |    42 |   +14.4% |   -1.921 |      -80.2 |     81 | dpath.a_reg.out\[14\]$_DFFE_PP_/D
     401* |       2 |     123 |       28 |      2 |    42 |   +14.4% |   -1.921 |      -80.2 |     81 | dpath.a_reg.out\[14\]$_DFFE_PP_/D
     402* |       2 |     123 |       28 |      2 |    42 |   +14.4% |   -1.921 |      -80.2 |     81 | dpath.a_reg.out\[14\]$_DFFE_PP_/D
     403* |       2 |     123 |       28 |      2 |    42 |   +14.4% |   -1.921 |      -80.2 |     81 | dpath.a_reg.out\[14\]$_DFFE_PP_/D
     404* |       2 |     123 |       28 |      2 |    42 |   +14.4% |   -1.921 |      -80.2 |     81 | dpath.a_reg.out\[14\]$_DFFE_PP_/D
     405* |       2 |     123 |       28 |      2 |    42 |   +14.4% |   -1.921 |      -80.2 |     81 | dpath.a_reg.out\[14\]$_DFFE_PP_/D
     405* |       2 |     123 |       28 |      2 |    42 |   +14.4% |   -1.921 |      -80.2 |     81 | dpath.a_reg.out\[14\]$_DFFE_PP_/D
     406+ |       2 |     123 |       28 |      2 |    42 |   +14.4% |   -1.921 |      -80.2 |     83 | dpath.a_reg.out\[14\]$_DFFE_PP_/D
     408+ |       2 |     124 |       28 |      2 |    42 |   +14.6% |   -1.921 |      -80.2 |     83 | dpath.a_reg.out\[14\]$_DFFE_PP_/D
     409+ |       2 |     124 |       28 |      2 |    42 |   +14.6% |   -1.921 |      -80.2 |     83 | dpath.a_reg.out\[14\]$_DFFE_PP_/D
     410+ |       2 |     124 |       28 |      2 |    42 |   +14.6% |   -1.921 |      -80.2 |     83 | dpath.a_reg.out\[14\]$_DFFE_PP_/D
     410+ |       2 |     124 |       28 |      2 |    42 |   +14.6% |   -1.921 |      -80.2 |     83 | dpath.a_reg.out\[14\]$_DFFE_PP_/D
     411+ |       2 |     124 |       28 |      2 |    42 |   +14.6% |   -1.921 |      -80.2 |     83 | dpath.a_reg.out\[14\]$_DFFE_PP_/D
     412+ |       2 |     124 |       28 |      2 |    42 |   +14.6% |   -1.921 |      -80.2 |     83 | dpath.a_reg.out\[14\]$_DFFE_PP_/D
     413+ |       2 |     124 |       28 |      2 |    42 |   +14.6% |   -1.921 |      -80.2 |     83 | dpath.a_reg.out\[14\]$_DFFE_PP_/D
     414+ |       2 |     124 |       28 |      2 |    42 |   +14.6% |   -1.921 |      -80.2 |     83 | dpath.a_reg.out\[14\]$_DFFE_PP_/D
     417+ |       2 |     126 |       28 |      2 |    42 |   +14.5% |   -1.921 |      -80.1 |     83 | dpath.a_reg.out\[14\]$_DFFE_PP_/D
     418+ |       2 |     126 |       28 |      2 |    42 |   +14.5% |   -1.921 |      -80.1 |     83 | dpath.a_reg.out\[14\]$_DFFE_PP_/D
     419+ |       2 |     126 |       28 |      2 |    42 |   +14.5% |   -1.921 |      -80.1 |     83 | dpath.a_reg.out\[14\]$_DFFE_PP_/D
     420+ |       2 |     126 |       28 |      2 |    42 |   +14.5% |   -1.921 |      -80.1 |     83 | dpath.a_reg.out\[14\]$_DFFE_PP_/D
     420+ |       2 |     126 |       28 |      2 |    42 |   +14.5% |   -1.921 |      -80.1 |     83 | dpath.a_reg.out\[14\]$_DFFE_PP_/D
     421+ |       2 |     126 |       28 |      2 |    42 |   +14.5% |   -1.921 |      -80.1 |     83 | dpath.a_reg.out\[14\]$_DFFE_PP_/D
     422+ |       2 |     126 |       28 |      2 |    42 |   +14.5% |   -1.921 |      -80.1 |     83 | dpath.a_reg.out\[14\]$_DFFE_PP_/D
     423+ |       2 |     126 |       28 |      2 |    42 |   +14.5% |   -1.921 |      -80.1 |     83 | dpath.a_reg.out\[14\]$_DFFE_PP_/D
     424+ |       2 |     126 |       28 |      2 |    42 |   +14.5% |   -1.921 |      -80.1 |     83 | dpath.a_reg.out\[14\]$_DFFE_PP_/D
     425+ |       2 |     126 |       28 |      2 |    42 |   +14.5% |   -1.921 |      -80.1 |     83 | dpath.a_reg.out\[14\]$_DFFE_PP_/D
     426+ |       2 |     126 |       28 |      2 |    42 |   +14.5% |   -1.921 |      -80.1 |     83 | dpath.a_reg.out\[14\]$_DFFE_PP_/D
     427+ |       2 |     126 |       28 |      2 |    42 |   +14.5% |   -1.921 |      -80.1 |     83 | dpath.a_reg.out\[14\]$_DFFE_PP_/D
     428+ |       2 |     126 |       28 |      2 |    42 |   +14.5% |   -1.921 |      -80.1 |     83 | dpath.a_reg.out\[14\]$_DFFE_PP_/D
     429+ |       2 |     126 |       28 |      2 |    42 |   +14.5% |   -1.921 |      -80.1 |     83 | dpath.a_reg.out\[14\]$_DFFE_PP_/D
     430+ |       2 |     126 |       28 |      2 |    42 |   +14.5% |   -1.921 |      -80.1 |     83 | dpath.a_reg.out\[14\]$_DFFE_PP_/D
     430+ |       2 |     126 |       28 |      2 |    42 |   +14.5% |   -1.921 |      -80.1 |     83 | dpath.a_reg.out\[14\]$_DFFE_PP_/D
     431+ |       2 |     126 |       28 |      2 |    42 |   +14.5% |   -1.921 |      -80.1 |     83 | dpath.a_reg.out\[14\]$_DFFE_PP_/D
     432+ |       2 |     126 |       28 |      2 |    42 |   +14.5% |   -1.921 |      -80.1 |     83 | dpath.a_reg.out\[14\]$_DFFE_PP_/D
     433+ |       2 |     126 |       28 |      2 |    42 |   +14.5% |   -1.921 |      -80.1 |     83 | dpath.a_reg.out\[14\]$_DFFE_PP_/D
     434+ |       2 |     126 |       28 |      2 |    42 |   +14.5% |   -1.921 |      -80.1 |     83 | dpath.a_reg.out\[14\]$_DFFE_PP_/D
     435+ |       2 |     126 |       28 |      2 |    42 |   +14.5% |   -1.921 |      -80.1 |     83 | dpath.a_reg.out\[14\]$_DFFE_PP_/D
     436+ |       2 |     126 |       28 |      2 |    42 |   +14.5% |   -1.921 |      -80.1 |     83 | dpath.a_reg.out\[14\]$_DFFE_PP_/D
     437+ |       2 |     126 |       28 |      2 |    42 |   +14.5% |   -1.921 |      -80.1 |     83 | dpath.a_reg.out\[14\]$_DFFE_PP_/D
     438+ |       2 |     126 |       28 |      2 |    42 |   +14.5% |   -1.921 |      -80.1 |     83 | dpath.a_reg.out\[14\]$_DFFE_PP_/D
     439+ |       2 |     126 |       28 |      2 |    42 |   +14.5% |   -1.921 |      -80.1 |     83 | dpath.a_reg.out\[14\]$_DFFE_PP_/D
     440+ |       2 |     126 |       28 |      2 |    42 |   +14.5% |   -1.921 |      -80.1 |     83 | dpath.a_reg.out\[14\]$_DFFE_PP_/D
     440+ |       2 |     126 |       28 |      2 |    42 |   +14.5% |   -1.921 |      -80.1 |     83 | dpath.a_reg.out\[14\]$_DFFE_PP_/D
     441+ |       2 |     126 |       28 |      2 |    42 |   +14.5% |   -1.921 |      -80.1 |     83 | dpath.a_reg.out\[14\]$_DFFE_PP_/D
     442+ |       2 |     126 |       28 |      2 |    42 |   +14.5% |   -1.921 |      -80.1 |     83 | dpath.a_reg.out\[14\]$_DFFE_PP_/D
     443+ |       2 |     126 |       28 |      2 |    42 |   +14.5% |   -1.921 |      -80.1 |     83 | dpath.a_reg.out\[14\]$_DFFE_PP_/D
     444+ |       2 |     126 |       28 |      2 |    42 |   +14.5% |   -1.921 |      -80.1 |     83 | dpath.a_reg.out\[14\]$_DFFE_PP_/D
     445+ |       2 |     126 |       28 |      2 |    42 |   +14.5% |   -1.921 |      -80.1 |     83 | dpath.a_reg.out\[14\]$_DFFE_PP_/D
     446+ |       2 |     126 |       28 |      2 |    42 |   +14.5% |   -1.921 |      -80.1 |     83 | dpath.a_reg.out\[14\]$_DFFE_PP_/D
     447+ |       2 |     126 |       28 |      2 |    42 |   +14.5% |   -1.921 |      -80.1 |     83 | dpath.a_reg.out\[14\]$_DFFE_PP_/D
     448+ |       2 |     126 |       28 |      2 |    42 |   +14.5% |   -1.921 |      -80.1 |     83 | dpath.a_reg.out\[14\]$_DFFE_PP_/D
     449+ |       2 |     126 |       28 |      2 |    42 |   +14.5% |   -1.921 |      -80.1 |     83 | dpath.a_reg.out\[14\]$_DFFE_PP_/D
     450+ |       2 |     126 |       28 |      2 |    42 |   +14.5% |   -1.921 |      -80.1 |     83 | dpath.a_reg.out\[14\]$_DFFE_PP_/D
     450+ |       2 |     126 |       28 |      2 |    42 |   +14.5% |   -1.921 |      -80.1 |     83 | dpath.a_reg.out\[14\]$_DFFE_PP_/D
     451+ |       2 |     126 |       28 |      2 |    42 |   +14.5% |   -1.921 |      -80.1 |     83 | dpath.a_reg.out\[14\]$_DFFE_PP_/D
     452+ |       2 |     126 |       28 |      2 |    42 |   +14.5% |   -1.921 |      -80.1 |     83 | dpath.a_reg.out\[14\]$_DFFE_PP_/D
     453+ |       2 |     126 |       28 |      2 |    42 |   +14.5% |   -1.921 |      -80.1 |     83 | dpath.a_reg.out\[14\]$_DFFE_PP_/D
     454+ |       2 |     126 |       28 |      2 |    42 |   +14.5% |   -1.921 |      -80.1 |     83 | dpath.a_reg.out\[14\]$_DFFE_PP_/D
     458+ |       2 |     129 |       28 |      2 |    42 |   +15.0% |   -1.921 |      -80.1 |     83 | dpath.a_reg.out\[14\]$_DFFE_PP_/D
     459+ |       2 |     129 |       28 |      2 |    42 |   +15.0% |   -1.921 |      -80.1 |     83 | dpath.a_reg.out\[14\]$_DFFE_PP_/D
     460+ |       2 |     129 |       28 |      2 |    42 |   +15.0% |   -1.921 |      -80.1 |     83 | dpath.a_reg.out\[14\]$_DFFE_PP_/D
     460+ |       2 |     129 |       28 |      2 |    42 |   +15.0% |   -1.921 |      -80.1 |     83 | dpath.a_reg.out\[14\]$_DFFE_PP_/D
     461+ |       2 |     129 |       28 |      2 |    42 |   +15.0% |   -1.921 |      -80.1 |     83 | dpath.a_reg.out\[14\]$_DFFE_PP_/D
     462+ |       2 |     129 |       28 |      2 |    42 |   +15.0% |   -1.921 |      -80.1 |     83 | dpath.a_reg.out\[14\]$_DFFE_PP_/D
     463+ |       2 |     129 |       28 |      2 |    42 |   +15.0% |   -1.921 |      -80.1 |     83 | dpath.a_reg.out\[14\]$_DFFE_PP_/D
     464+ |       2 |     129 |       28 |      2 |    42 |   +15.0% |   -1.921 |      -80.1 |     83 | dpath.a_reg.out\[14\]$_DFFE_PP_/D
     465+ |       2 |     129 |       28 |      2 |    42 |   +15.0% |   -1.921 |      -80.1 |     83 | dpath.a_reg.out\[14\]$_DFFE_PP_/D
     466+ |       2 |     129 |       28 |      2 |    42 |   +15.0% |   -1.921 |      -80.1 |     83 | dpath.a_reg.out\[14\]$_DFFE_PP_/D
     467+ |       2 |     129 |       28 |      2 |    42 |   +15.0% |   -1.921 |      -80.1 |     83 | dpath.a_reg.out\[14\]$_DFFE_PP_/D
     468+ |       2 |     129 |       28 |      2 |    42 |   +15.0% |   -1.921 |      -80.1 |     83 | dpath.a_reg.out\[14\]$_DFFE_PP_/D
     469+ |       2 |     129 |       28 |      2 |    42 |   +15.0% |   -1.921 |      -80.1 |     83 | dpath.a_reg.out\[14\]$_DFFE_PP_/D
     470+ |       2 |     129 |       28 |      2 |    42 |   +15.0% |   -1.921 |      -80.1 |     83 | dpath.a_reg.out\[14\]$_DFFE_PP_/D
     470+ |       2 |     129 |       28 |      2 |    42 |   +15.0% |   -1.921 |      -80.1 |     83 | dpath.a_reg.out\[14\]$_DFFE_PP_/D
     471+ |       2 |     129 |       28 |      2 |    42 |   +15.0% |   -1.921 |      -80.1 |     83 | dpath.a_reg.out\[14\]$_DFFE_PP_/D
     472+ |       2 |     129 |       28 |      2 |    42 |   +15.0% |   -1.921 |      -80.1 |     83 | dpath.a_reg.out\[14\]$_DFFE_PP_/D
     473+ |       2 |     129 |       28 |      2 |    42 |   +15.0% |   -1.921 |      -80.1 |     83 | dpath.a_reg.out\[14\]$_DFFE_PP_/D
     474+ |       2 |     129 |       28 |      2 |    42 |   +15.0% |   -1.921 |      -80.1 |     83 | dpath.a_reg.out\[14\]$_DFFE_PP_/D
     475+ |       2 |     129 |       28 |      2 |    42 |   +15.0% |   -1.921 |      -80.1 |     83 | dpath.a_reg.out\[14\]$_DFFE_PP_/D
     476+ |       2 |     129 |       28 |      2 |    42 |   +15.0% |   -1.921 |      -80.1 |     83 | dpath.a_reg.out\[14\]$_DFFE_PP_/D
     477+ |       2 |     129 |       28 |      2 |    42 |   +15.0% |   -1.921 |      -80.1 |     83 | dpath.a_reg.out\[14\]$_DFFE_PP_/D
     478+ |       2 |     129 |       28 |      2 |    42 |   +15.0% |   -1.921 |      -80.1 |     83 | dpath.a_reg.out\[14\]$_DFFE_PP_/D
     479+ |       2 |     129 |       28 |      2 |    42 |   +15.0% |   -1.921 |      -80.1 |     83 | dpath.a_reg.out\[14\]$_DFFE_PP_/D
     480+ |       2 |     129 |       28 |      2 |    42 |   +15.0% |   -1.921 |      -80.1 |     83 | dpath.a_reg.out\[14\]$_DFFE_PP_/D
     480+ |       2 |     129 |       28 |      2 |    42 |   +15.0% |   -1.921 |      -80.1 |     83 | dpath.a_reg.out\[14\]$_DFFE_PP_/D
     481+ |       2 |     129 |       28 |      2 |    42 |   +15.0% |   -1.921 |      -80.1 |     83 | dpath.a_reg.out\[14\]$_DFFE_PP_/D
     482+ |       2 |     129 |       28 |      2 |    42 |   +15.0% |   -1.921 |      -80.1 |     83 | dpath.a_reg.out\[14\]$_DFFE_PP_/D
     483+ |       2 |     129 |       28 |      2 |    42 |   +15.0% |   -1.921 |      -80.1 |     83 | dpath.a_reg.out\[14\]$_DFFE_PP_/D
     484+ |       2 |     129 |       28 |      2 |    42 |   +15.0% |   -1.921 |      -80.1 |     83 | dpath.a_reg.out\[14\]$_DFFE_PP_/D
     485+ |       2 |     129 |       28 |      2 |    42 |   +15.0% |   -1.921 |      -80.1 |     83 | dpath.a_reg.out\[14\]$_DFFE_PP_/D
     486+ |       2 |     129 |       28 |      2 |    42 |   +15.0% |   -1.921 |      -80.1 |     83 | dpath.a_reg.out\[14\]$_DFFE_PP_/D
     487+ |       2 |     129 |       28 |      2 |    42 |   +15.0% |   -1.921 |      -80.1 |     83 | dpath.a_reg.out\[14\]$_DFFE_PP_/D
     488+ |       2 |     129 |       28 |      2 |    42 |   +15.0% |   -1.921 |      -80.1 |     83 | dpath.a_reg.out\[14\]$_DFFE_PP_/D
     489+ |       2 |     129 |       28 |      2 |    42 |   +15.0% |   -1.921 |      -80.1 |     83 | dpath.a_reg.out\[14\]$_DFFE_PP_/D
     490+ |       2 |     129 |       28 |      2 |    42 |   +15.0% |   -1.921 |      -80.1 |     83 | dpath.a_reg.out\[14\]$_DFFE_PP_/D
     490+ |       2 |     129 |       28 |      2 |    42 |   +15.0% |   -1.921 |      -80.1 |     83 | dpath.a_reg.out\[14\]$_DFFE_PP_/D
     494+ |       2 |     132 |       28 |      2 |    42 |   +15.1% |   -1.921 |      -80.0 |     83 | dpath.a_reg.out\[14\]$_DFFE_PP_/D
     498+ |       2 |     135 |       28 |      2 |    42 |   +15.3% |   -1.921 |      -80.0 |     83 | dpath.a_reg.out\[14\]$_DFFE_PP_/D
     500+ |       2 |     136 |       28 |      2 |    42 |   +15.3% |   -1.921 |      -79.9 |     83 | dpath.a_reg.out\[14\]$_DFFE_PP_/D
     502+ |       2 |     137 |       28 |      2 |    43 |   +15.3% |   -1.921 |      -79.9 |     83 | dpath.a_reg.out\[14\]$_DFFE_PP_/D
     503+ |       2 |     137 |       28 |      2 |    43 |   +15.3% |   -1.921 |      -79.9 |     83 | dpath.a_reg.out\[14\]$_DFFE_PP_/D
    final |       2 |     137 |       28 |      2 |    43 |   +15.3% |   -1.921 |      -79.9 |     83 | dpath.a_reg.out\[14\]$_DFFE_PP_/D
------------------------------------------------------------------------------------------------------------------------------
[INFO RSZ-0059] Removed 2 buffers.
[INFO RSZ-0040] Inserted 28 buffers.
[INFO RSZ-0051] Resized 137 instances: 137 up, 0 up match, 0 down, 0 VT
[INFO RSZ-0043] Swapped pins on 43 instances.
[INFO RSZ-0049] Cloned 2 instances.
[WARNING RSZ-0062] Unable to repair all setup violations.
[INFO RSZ-0505] Runtime: 2.83s
[INFO RSZ-0033] No hold violations found.
[INFO RSZ-0506] Runtime: 0.00s
Warning: master sky130_ef_sc_hd__decap_12 has signal pins but no liberty cell
Elapsed time: 0:00.38[h:]min:sec. CPU time: user 0.36 sys 0.01 (98%). Peak memory: 20308KB.
Repair timing output passed lec test
detailed_placement
[INFO DPL-0006] Core area: 5607.88 um^2
[INFO DPL-0007] Movable instances area: 4425.49 um^2
[INFO DPL-0008] Fixed instances area within core: 90.09 um^2
[INFO DPL-0009] Utilization: 80.5%
[INFO DPL-0005] Diamond search max displacement: +/- 500 sites horizontally, +/- 100 rows vertically.
[INFO DPL-1102] Legalizing using negotiation legalizer.
[INFO DPL-1103] Negotiation base search window: +/-20 sites horizontally, +/-5 rows vertically 
	Automatic search window extension enabled.
	Search window extendable up to the max displacement cap of +/-500 sites, +/-100 rows near walls.
[INFO DPL-1104] NegotiationLegalizer DRC penalty: 5.
[INFO DPL-0392] Negotiation cell height distribution (1 unique row-count(s)):
[INFO DPL-0393]   height 1 row(s): 495 cells
          |      Total |  Illegal |  Illegal
Iteration | Violations |    Cells |    Sites
---------------------------------------------
        0 |        500 |        94 |       406
        1 |        197 |        27 |       170
        2 |        119 |        17 |       102
        3 |        105 |        15 |        90
        4 |         93 |        11 |        82
        5 |         68 |         8 |        60
        6 |         78 |        12 |        66
        7 |         35 |         5 |        30
        8 |         31 |         3 |        28
        9 |         14 |         2 |        12
       10 |         16 |         2 |        14
       13 |          0 |         0 |         0
Negotiation phase 1 converged at iteration 13.
[INFO DPL-0500] Runtime: 0.03s
Detailed Placement Analysis
---------------------------------
legalizer            negotiation
total moves                 633
total displacement        669.7 u
average displacement        1.4 u
max displacement           16.0 u
original HPWL            5901.7 u
legalized HPWL           6733.4 u
delta HPWL                   14 %

estimate_parasitics -placement
Report metrics stage 4, cts final...

==========================================================================
cts final report_design_area
--------------------------------------------------------------------------
Design area 4516 um^2 81% utilization.
write_db ./results/sky130hd/gcd/base/4_1_cts.odb
write_sdc -no_timestamp ./results/sky130hd/gcd/base/4_cts.sdc
Elapsed time: 0:04.55[h:]min:sec. CPU time: user 3.56 sys 0.50 (89%). Peak memory: 158604KB.
Log                    Ext     Elapsed      CPU     CPU/ Peak Mem sha1sum
                                     s        s  Elapsed       MB [0:10)
4_1_cts                .odb          0        0     0.97       19 1e3f6380ee
