OpenROAD unknown 
Features included (+) or not (-): -GPU +GUI -Python
This program is licensed under the BSD-3 license. See the LICENSE file for details.
Components of this program may be licensed under more restrictive licenses which must be honored.
[INFO ORD-0030] Using 2 thread(s).
read_liberty /OpenROAD-flow-scripts/flow/platforms/sky130hd/lib/sky130_fd_sc_hd__tt_025C_1v80.lib
read_db -hier ./results/sky130hd/gcd/base/4_cts.odb
[WARNING ORD-0012] Hierarchical flow (-hier) is currently in development and may cause multiple issues. Do not use in production environments.
read_sdc ./results/sky130hd/gcd/base/4_cts.sdc
source /OpenROAD-flow-scripts/flow/platforms/sky130hd/setRC.tcl
pin_access
[INFO DRT-0149] Reading tech and libs.
[WARNING DRT-0349] LEF58_ENCLOSURE with no CUTCLASS is not supported. Skipping for layer mcon
[WARNING DRT-0349] LEF58_ENCLOSURE with no CUTCLASS is not supported. Skipping for layer mcon
[WARNING DRT-0349] LEF58_ENCLOSURE with no CUTCLASS is not supported. Skipping for layer via
[WARNING DRT-0349] LEF58_ENCLOSURE with no CUTCLASS is not supported. Skipping for layer via
[WARNING DRT-0349] LEF58_ENCLOSURE with no CUTCLASS is not supported. Skipping for layer via2
[WARNING DRT-0349] LEF58_ENCLOSURE with no CUTCLASS is not supported. Skipping for layer via2
[WARNING DRT-0349] LEF58_ENCLOSURE with no CUTCLASS is not supported. Skipping for layer via3
[WARNING DRT-0349] LEF58_ENCLOSURE with no CUTCLASS is not supported. Skipping for layer via3
[WARNING DRT-0349] LEF58_ENCLOSURE with no CUTCLASS is not supported. Skipping for layer via4
[WARNING DRT-0349] LEF58_ENCLOSURE with no CUTCLASS is not supported. Skipping for layer via4

Units:                1000
Number of layers:     13
Number of macros:     441
Number of vias:       29
Number of viarulegen: 25

[INFO DRT-0150] Reading design.

Design:                   gcd
Die area:                 ( 0 0 ) ( 78880 78880 )
Number of track patterns: 12
Number of DEF vias:       0
Number of components:     495
Number of terminals:      56
Number of snets:          2
Number of nets:           456

[INFO DRT-0167] List of default vias:
  Layer via
    default via: M1M2_PR
  Layer via2
    default via: M2M3_PR
  Layer via3
    default via: M3M4_PR
  Layer via4
    default via: M4M5_PR
[INFO DRT-0162] Library cell analysis.
[INFO DRT-0163] Instance analysis.
[INFO DRT-0164] Number of unique instances = 110.
[INFO DRT-0168] Init region query.
[INFO DRT-0024]   Complete FR_MASTERSLICE.
[INFO DRT-0024]   Complete Fr_VIA.
[INFO DRT-0024]   Complete li1.
[INFO DRT-0024]   Complete mcon.
[INFO DRT-0024]   Complete met1.
[INFO DRT-0024]   Complete via.
[INFO DRT-0024]   Complete met2.
[INFO DRT-0024]   Complete via2.
[INFO DRT-0024]   Complete met3.
[INFO DRT-0024]   Complete via3.
[INFO DRT-0024]   Complete met4.
[INFO DRT-0024]   Complete via4.
[INFO DRT-0024]   Complete met5.
[INFO DRT-0033] FR_MASTERSLICE shape region query size = 0.
[INFO DRT-0033] FR_VIA shape region query size = 0.
[INFO DRT-0033] li1 shape region query size = 11969.
[INFO DRT-0033] mcon shape region query size = 7580.
[INFO DRT-0033] met1 shape region query size = 1608.
[INFO DRT-0033] via shape region query size = 350.
[INFO DRT-0033] met2 shape region query size = 241.
[INFO DRT-0033] via2 shape region query size = 280.
[INFO DRT-0033] met3 shape region query size = 233.
[INFO DRT-0033] via3 shape region query size = 280.
[INFO DRT-0033] met4 shape region query size = 88.
[INFO DRT-0033] via4 shape region query size = 13.
[INFO DRT-0033] met5 shape region query size = 23.
[INFO DRT-0165] Start pin access.
[INFO DRT-0078]   Complete 821 pins.
[INFO DRT-0079]   Complete 100 unique inst patterns.
[INFO DRT-0081]   Complete 110 unique inst patterns.
[INFO DRT-0084]   Complete 243 groups.
#scanned instances     = 495
#unique  instances     = 110
#stdCellGenAp          = 3039
#stdCellValidPlanarAp  = 14
#stdCellValidViaAp     = 2271
#stdCellPinNoAp        = 0
#stdCellPinCnt         = 1235
#instTermValidViaApCnt = 0
#macroGenAp            = 0
#macroValidPlanarAp    = 0
#macroValidViaAp       = 0
#macroNoAp             = 0
[INFO DRT-0166] Complete pin access.
[INFO DRT-0267] cpu time = 00:00:36, elapsed time = 00:00:20, memory = 110.59 (MB), peak = 110.38 (MB)
Took 21 seconds: pin_access
global_route -congestion_report_file ./reports/sky130hd/gcd/base/congestion.rpt -congestion_iterations 30 -congestion_report_iter_step 5 -verbose
[INFO GRT-0020] Min routing layer: met1
[INFO GRT-0021] Max routing layer: met5
[INFO GRT-0022] Global adjustment: 0%
[INFO GRT-0023] Grid origin: (0, 0)
[INFO GRT-0088] Layer li1     Track-Pitch = 0.4600  line-2-Via Pitch: 0.3400
[INFO GRT-0088] Layer met1    Track-Pitch = 0.3400  line-2-Via Pitch: 0.3400
[INFO GRT-0088] Layer met2    Track-Pitch = 0.4600  line-2-Via Pitch: 0.3500
[INFO GRT-0088] Layer met3    Track-Pitch = 0.6800  line-2-Via Pitch: 0.6150
[INFO GRT-0088] Layer met4    Track-Pitch = 0.9200  line-2-Via Pitch: 1.0400
[INFO GRT-0088] Layer met5    Track-Pitch = 3.4000  line-2-Via Pitch: 3.1100
[INFO GRT-0003] Macros: 0
[INFO GRT-0004] Blockages: 801
[INFO GRT-0019] Found 6 clock nets.
[INFO GRT-0001] Minimum degree: 2
[INFO GRT-0002] Maximum degree: 21

[INFO GRT-0053] Routing resources analysis:
          Routing      Original      Derated      Resource
Layer     Direction    Resources     Resources    Reduction (%)
---------------------------------------------------------------
li1        Vertical            0             0          0.00%
met1       Horizontal       1767          1370          22.47%
met2       Vertical         1490          1150          22.82%
met3       Horizontal       1105           870          21.27%
met4       Vertical          730           550          24.66%
met5       Horizontal        180           110          38.89%
---------------------------------------------------------------

[INFO GRT-0197] Via related to pin nodes: 2067
[INFO GRT-0198] Via related Steiner nodes: 32
[INFO GRT-0199] Via filling finished.
[INFO GRT-0111] Final number of vias: 2581
[INFO GRT-0112] Final usage 3D: 8817

[INFO GRT-0096] Final congestion report:
Layer         Resource        Demand        Usage (%)    Max H / Max V / Total Congestion
---------------------------------------------------------------------------------------
li1                  0             0            0.00%             0 /  0 /  0
met1              1370           507           37.01%             0 /  0 /  0
met2              1150           483           42.00%             0 /  0 /  0
met3               870            38            4.37%             0 /  0 /  0
met4               550            46            8.36%             0 /  0 /  0
met5               110             0            0.00%             0 /  0 /  0
---------------------------------------------------------------------------------------
Total             4050          1074           26.52%             0 /  0 /  0

[INFO GRT-0018] Total wirelength: 12585 um
[INFO GRT-0014] Routed nets: 456
[INFO GRT-0303] Global routing runtime = 00:00:00
[WARNING STA-0450] virtual clock vclk_core_clock can not be propagated.
estimate_parasitics -global_routing
Perform buffer insertion and gate resizing...
repair_design -verbose
Iteration |   Area    | Resized | Buffers | Nets repaired | Remaining
---------------------------------------------------------------------
        0 |     +0.0% |       0 |       0 |             0 |       459
       10 |     +0.0% |       0 |       0 |             0 |       449
       20 |     +0.0% |       0 |       0 |             0 |       439
       30 |     +0.0% |       0 |       0 |             0 |       429
       40 |     +0.0% |       0 |       0 |             0 |       419
       50 |     +0.0% |       0 |       0 |             0 |       409
       60 |     +0.0% |       0 |       0 |             0 |       399
       70 |     +0.0% |       0 |       0 |             0 |       389
       80 |     +0.0% |       0 |       0 |             0 |       379
       90 |     +0.0% |       0 |       0 |             0 |       369
      100 |     +0.0% |       0 |       0 |             0 |       359
      110 |     +0.0% |       0 |       0 |             0 |       349
      120 |     +0.0% |       0 |       0 |             0 |       339
      130 |     +0.0% |       0 |       0 |             0 |       329
      140 |     +0.0% |       0 |       0 |             0 |       319
      150 |     +0.0% |       0 |       0 |             0 |       309
      160 |     +0.0% |       0 |       0 |             0 |       299
      170 |     +0.0% |       0 |       0 |             0 |       289
      180 |     +0.0% |       0 |       0 |             0 |       279
      190 |     +0.0% |       0 |       0 |             0 |       269
      200 |     +0.0% |       0 |       0 |             0 |       259
      210 |     +0.0% |       0 |       0 |             0 |       249
      220 |     +0.0% |       0 |       0 |             0 |       239
      230 |     +0.0% |       0 |       0 |             0 |       229
      240 |     +0.0% |       0 |       0 |             0 |       219
      250 |     +0.0% |       0 |       0 |             0 |       209
      260 |     +0.0% |       0 |       0 |             0 |       199
      270 |     +0.0% |       0 |       0 |             0 |       189
      280 |     +0.0% |       0 |       0 |             0 |       179
      290 |     +0.0% |       0 |       0 |             0 |       169
      300 |     +0.0% |       0 |       0 |             0 |       159
      310 |     +0.0% |       0 |       0 |             0 |       149
      320 |     +0.0% |       0 |       0 |             0 |       139
      330 |     +0.0% |       0 |       0 |             0 |       129
      340 |     +0.0% |       0 |       0 |             0 |       119
      350 |     +0.0% |       0 |       0 |             0 |       109
      360 |     +0.0% |       0 |       0 |             0 |        99
      370 |     +0.0% |       0 |       0 |             0 |        89
      380 |     +0.0% |       0 |       0 |             0 |        79
      390 |     +0.0% |       0 |       0 |             0 |        69
      400 |     +0.0% |       0 |       0 |             0 |        59
      410 |     +0.0% |       0 |       0 |             0 |        49
      420 |     +0.0% |       0 |       0 |             0 |        39
      430 |     +0.0% |       0 |       0 |             0 |        29
      440 |     +0.0% |       0 |       0 |             0 |        19
      450 |     +0.0% |       0 |       0 |             0 |         9
    final |     +0.0% |       0 |       0 |             0 |         0
---------------------------------------------------------------------
[INFO RSZ-0504] Runtime: 0.05s
global_route -start_incremental
detailed_placement
[INFO DPL-0006] Core area: 5607.88 um^2
[INFO DPL-0007] Movable instances area: 4425.49 um^2
[INFO DPL-0008] Fixed instances area within core: 90.09 um^2
[INFO DPL-0009] Utilization: 80.5%
[INFO DPL-0005] Diamond search max displacement: +/- 500 sites horizontally, +/- 100 rows vertically.
[INFO DPL-1102] Legalizing using negotiation legalizer.
[INFO DPL-1103] Negotiation base search window: +/-20 sites horizontally, +/-5 rows vertically 
	Automatic search window extension enabled.
	Search window extendable up to the max displacement cap of +/-500 sites, +/-100 rows near walls.
[INFO DPL-1104] NegotiationLegalizer DRC penalty: 5.
[INFO DPL-0392] Negotiation cell height distribution (1 unique row-count(s)):
[INFO DPL-0393]   height 1 row(s): 495 cells
[INFO DPL-0500] Runtime: 0.00s
Detailed Placement Analysis
---------------------------------
legalizer            negotiation
total moves                   0
total displacement          0.0 u
average displacement        0.0 u
max displacement            0.0 u
original HPWL            6733.4 u
legalized HPWL           6733.4 u
delta HPWL                    0 %

global_route -end_incremental -congestion_report_file ./reports/sky130hd/gcd/base/congestion_post_repair_design.rpt
Repair setup and hold violations...
estimate_parasitics -global_routing
repair_timing -setup_margin 0 -hold_margin 0 -repair_tns 100 -verbose
[INFO RSZ-0100] Repair move sequence: UnbufferMove SizeUpMove SwapPinsMove BufferMove CloneMove SplitLoadMove 
[INFO RSZ-0094] Found 85 endpoints with setup violations.
[INFO RSZ-0099] Repairing 85 out of 85 (100.00%) violating endpoints...
   Iter   | Removed | Resized | Inserted | Cloned |  Pin  |   Area   |    WNS   |    TNS     |  Viol  |  Worst
          | Buffers |  Gates  | Buffers  |  Gates | Swaps |          |          |            | Endpts | Endpoint
------------------------------------------------------------------------------------------------------------------------------
       0* |       0 |       0 |        0 |      0 |     0 |    +0.0% |   -2.155 |      -89.3 |     85 | dpath.a_reg.out\[14\]$_DFFE_PP_/D
      10* |       0 |       2 |        2 |      0 |     5 |    +0.7% |   -2.096 |      -88.0 |     85 | dpath.a_reg.out\[14\]$_DFFE_PP_/D
      16* |       0 |       2 |        2 |      0 |     7 |    +0.7% |   -2.084 |      -87.6 |     85 | dpath.a_reg.out\[14\]$_DFFE_PP_/D
      20* |       0 |       2 |        4 |      0 |     9 |    +1.0% |   -2.084 |      -87.5 |     85 | dpath.a_reg.out\[14\]$_DFFE_PP_/D
      23* |       0 |       2 |        4 |      0 |     8 |    +1.0% |   -2.084 |      -87.5 |     85 | dpath.a_reg.out\[14\]$_DFFE_PP_/D
      30* |       0 |       4 |        5 |      0 |    11 |    +1.3% |   -2.096 |      -87.2 |     85 | dpath.a_reg.out\[14\]$_DFFE_PP_/D
      30* |       0 |       2 |        4 |      0 |     8 |    +1.0% |   -2.084 |      -87.5 |     85 | dpath.a_reg.out\[14\]$_DFFE_PP_/D
      35* |       0 |       2 |        4 |      0 |     9 |    +1.0% |   -2.084 |      -87.4 |     85 | dpath.a_reg.out\[14\]$_DFFE_PP_/D
      40* |       0 |       4 |        5 |      0 |    10 |    +1.3% |   -2.084 |      -87.5 |     85 | dpath.a_reg.out\[14\]$_DFFE_PP_/D
      42* |       0 |       4 |        4 |      0 |     9 |    +1.1% |   -2.084 |      -87.4 |     85 | dpath.a_reg.out\[14\]$_DFFE_PP_/D
      46* |       0 |       4 |        4 |      0 |     9 |    +1.1% |   -2.084 |      -87.4 |     85 | dpath.a_reg.out\[14\]$_DFFE_PP_/D
      50* |       0 |       5 |        5 |      0 |    10 |    +1.4% |   -2.096 |      -87.1 |     85 | dpath.a_reg.out\[14\]$_DFFE_PP_/D
      50* |       0 |       4 |        4 |      0 |     9 |    +1.1% |   -2.084 |      -87.4 |     85 | dpath.a_reg.out\[14\]$_DFFE_PP_/D
      56* |       1 |       5 |        4 |      0 |     9 |    +0.9% |   -2.084 |      -87.2 |     85 | dpath.a_reg.out\[14\]$_DFFE_PP_/D
      60* |       1 |       6 |        5 |      0 |    10 |    +1.2% |   -2.096 |      -86.9 |     85 | dpath.a_reg.out\[14\]$_DFFE_PP_/D
      60* |       1 |       5 |        4 |      0 |     9 |    +0.9% |   -2.084 |      -87.2 |     85 | dpath.a_reg.out\[14\]$_DFFE_PP_/D
      70* |       1 |       8 |        8 |      0 |    11 |    +1.9% |   -2.097 |      -86.8 |     85 | dpath.a_reg.out\[14\]$_DFFE_PP_/D
      73* |       1 |       6 |        4 |      0 |     9 |    +1.0% |   -2.084 |      -87.2 |     85 | dpath.a_reg.out\[14\]$_DFFE_PP_/D
      80* |       1 |      10 |        5 |      0 |    10 |    +1.6% |   -2.096 |      -86.8 |     85 | dpath.a_reg.out\[14\]$_DFFE_PP_/D
      84* |       1 |       7 |        5 |      0 |     9 |    +1.4% |   -2.084 |      -87.1 |     85 | dpath.a_reg.out\[14\]$_DFFE_PP_/D
      90* |       1 |       9 |        9 |      0 |     9 |    +2.2% |   -2.096 |      -86.7 |     85 | dpath.a_reg.out\[14\]$_DFFE_PP_/D
      99* |       1 |      12 |       12 |      0 |    11 |    +3.0% |   -2.077 |      -89.5 |     85 | dpath.a_reg.out\[14\]$_DFFE_PP_/D
     100* |       1 |      12 |       12 |      0 |    11 |    +3.0% |   -2.077 |      -89.5 |     85 | dpath.a_reg.out\[14\]$_DFFE_PP_/D
     101* |       1 |      12 |       12 |      0 |    11 |    +3.0% |   -2.077 |      -89.5 |     85 | dpath.a_reg.out\[14\]$_DFFE_PP_/D
     103* |       1 |      12 |       12 |      0 |    11 |    +3.0% |   -2.077 |      -89.5 |     85 | dpath.a_reg.out\[14\]$_DFFE_PP_/D
     108* |       1 |      12 |       12 |      0 |    13 |    +3.0% |   -2.077 |      -89.5 |     85 | dpath.a_reg.out\[14\]$_DFFE_PP_/D
     110* |       1 |      13 |       12 |      0 |    13 |    +3.0% |   -2.077 |      -89.7 |     85 | dpath.a_reg.out\[14\]$_DFFE_PP_/D
     112* |       2 |      13 |       12 |      0 |    14 |    +2.8% |   -2.077 |      -89.6 |     85 | dpath.a_reg.out\[14\]$_DFFE_PP_/D
     114* |       2 |      13 |       12 |      0 |    14 |    +2.8% |   -2.077 |      -89.6 |     85 | dpath.a_reg.out\[14\]$_DFFE_PP_/D
     120* |       2 |      15 |       13 |      0 |    16 |    +3.1% |   -2.077 |      -89.3 |     85 | dpath.a_reg.out\[14\]$_DFFE_PP_/D
     126* |       2 |      15 |       12 |      0 |    15 |    +2.9% |   -2.077 |      -89.2 |     85 | dpath.a_reg.out\[14\]$_DFFE_PP_/D
     128* |       2 |      15 |       12 |      0 |    15 |    +2.9% |   -2.077 |      -89.2 |     85 | dpath.a_reg.out\[14\]$_DFFE_PP_/D
     129* |       2 |      15 |       12 |      0 |    15 |    +2.9% |   -2.077 |      -89.2 |     85 | dpath.a_reg.out\[14\]$_DFFE_PP_/D
     130* |       2 |      15 |       12 |      0 |    15 |    +2.9% |   -2.077 |      -89.2 |     85 | dpath.a_reg.out\[14\]$_DFFE_PP_/D
     130* |       2 |      15 |       12 |      0 |    15 |    +2.9% |   -2.077 |      -89.2 |     85 | dpath.a_reg.out\[14\]$_DFFE_PP_/D
     131* |       2 |      15 |       12 |      0 |    15 |    +2.9% |   -2.077 |      -89.2 |     85 | dpath.a_reg.out\[14\]$_DFFE_PP_/D
     132* |       2 |      15 |       12 |      0 |    15 |    +2.9% |   -2.077 |      -89.2 |     85 | dpath.a_reg.out\[14\]$_DFFE_PP_/D
     133* |       2 |      15 |       12 |      0 |    15 |    +2.9% |   -2.077 |      -89.2 |     85 | dpath.a_reg.out\[14\]$_DFFE_PP_/D
     134* |       2 |      15 |       12 |      0 |    15 |    +2.9% |   -2.077 |      -89.2 |     85 | dpath.a_reg.out\[14\]$_DFFE_PP_/D
     135* |       2 |      15 |       12 |      0 |    15 |    +2.9% |   -2.077 |      -89.2 |     85 | dpath.a_reg.out\[14\]$_DFFE_PP_/D
     136* |       2 |      15 |       12 |      0 |    15 |    +2.9% |   -2.077 |      -89.2 |     85 | dpath.a_reg.out\[14\]$_DFFE_PP_/D
     137* |       2 |      15 |       12 |      0 |    15 |    +2.9% |   -2.077 |      -89.2 |     85 | dpath.a_reg.out\[14\]$_DFFE_PP_/D
     138* |       2 |      15 |       12 |      0 |    15 |    +2.9% |   -2.077 |      -89.2 |     85 | dpath.a_reg.out\[14\]$_DFFE_PP_/D
     139* |       2 |      15 |       12 |      0 |    15 |    +2.9% |   -2.077 |      -89.2 |     85 | dpath.a_reg.out\[14\]$_DFFE_PP_/D
     140* |       2 |      15 |       12 |      0 |    15 |    +2.9% |   -2.077 |      -89.2 |     85 | dpath.a_reg.out\[14\]$_DFFE_PP_/D
     140* |       2 |      15 |       12 |      0 |    15 |    +2.9% |   -2.077 |      -89.2 |     85 | dpath.a_reg.out\[14\]$_DFFE_PP_/D
     141* |       2 |      15 |       12 |      0 |    15 |    +2.9% |   -2.077 |      -89.2 |     85 | dpath.a_reg.out\[14\]$_DFFE_PP_/D
     142* |       2 |      15 |       12 |      0 |    15 |    +2.9% |   -2.077 |      -89.2 |     85 | dpath.a_reg.out\[14\]$_DFFE_PP_/D
     143* |       2 |      15 |       12 |      0 |    15 |    +2.9% |   -2.077 |      -89.2 |     85 | dpath.a_reg.out\[14\]$_DFFE_PP_/D
     150* |       2 |      19 |       13 |      0 |    16 |    +3.3% |   -2.072 |      -89.2 |     85 | dpath.a_reg.out\[14\]$_DFFE_PP_/D
     156* |       2 |      19 |       13 |      0 |    16 |    +3.3% |   -2.072 |      -89.2 |     85 | dpath.a_reg.out\[14\]$_DFFE_PP_/D
     160* |       2 |      20 |       13 |      0 |    18 |    +3.5% |   -2.072 |      -89.1 |     85 | dpath.a_reg.out\[14\]$_DFFE_PP_/D
     162* |       2 |      21 |       13 |      0 |    19 |    +3.6% |   -2.072 |      -89.1 |     85 | dpath.a_reg.out\[14\]$_DFFE_PP_/D
     169* |       2 |      21 |       13 |      0 |    19 |    +3.6% |   -2.072 |      -89.1 |     85 | dpath.a_reg.out\[14\]$_DFFE_PP_/D
     170* |       2 |      21 |       13 |      0 |    19 |    +3.6% |   -2.072 |      -89.1 |     85 | dpath.a_reg.out\[14\]$_DFFE_PP_/D
     180* |       4 |      25 |       16 |      0 |    20 |    +4.0% |   -2.072 |      -89.3 |     85 | dpath.a_reg.out\[14\]$_DFFE_PP_/D
     182* |       4 |      22 |       13 |      0 |    20 |    +3.3% |   -2.072 |      -89.0 |     85 | dpath.a_reg.out\[14\]$_DFFE_PP_/D
     186* |       4 |      22 |       13 |      0 |    20 |    +3.3% |   -2.072 |      -89.0 |     85 | dpath.a_reg.out\[14\]$_DFFE_PP_/D
     190* |       5 |      23 |       14 |      0 |    20 |    +3.4% |   -2.072 |      -89.0 |     85 | dpath.a_reg.out\[14\]$_DFFE_PP_/D
     193* |       6 |      24 |       14 |      0 |    21 |    +3.3% |   -2.072 |      -88.9 |     85 | dpath.a_reg.out\[14\]$_DFFE_PP_/D
     200* |       6 |      28 |       15 |      0 |    22 |    +3.5% |   -2.072 |      -88.9 |     85 | dpath.a_reg.out\[14\]$_DFFE_PP_/D
     210* |       6 |      34 |       19 |      0 |    22 |    +4.7% |   -2.078 |      -89.3 |     85 | dpath.a_reg.out\[14\]$_DFFE_PP_/D
     220* |       6 |      39 |       23 |      0 |    23 |    +5.8% |   -2.096 |      -90.2 |     85 | dpath.a_reg.out\[14\]$_DFFE_PP_/D
     221* |       6 |      29 |       15 |      0 |    22 |    +3.6% |   -2.072 |      -88.9 |     85 | dpath.a_reg.out\[14\]$_DFFE_PP_/D
     227* |       6 |      29 |       15 |      0 |    22 |    +3.6% |   -2.072 |      -88.9 |     85 | dpath.a_reg.out\[14\]$_DFFE_PP_/D
     230* |       6 |      30 |       16 |      0 |    22 |    +3.8% |   -2.071 |      -89.0 |     85 | dpath.a_reg.out\[14\]$_DFFE_PP_/D
     236* |       6 |      31 |       17 |      0 |    22 |    +4.0% |   -2.071 |      -88.6 |     85 | dpath.a_reg.out\[14\]$_DFFE_PP_/D
     240* |       6 |      31 |       18 |      0 |    24 |    +4.2% |   -2.071 |      -88.6 |     85 | dpath.a_reg.out\[14\]$_DFFE_PP_/D
     240* |       6 |      31 |       18 |      0 |    23 |    +4.2% |   -2.071 |      -88.6 |     85 | dpath.a_reg.out\[14\]$_DFFE_PP_/D
     245* |       8 |      32 |       18 |      0 |    24 |    +3.8% |   -2.071 |      -88.6 |     85 | dpath.a_reg.out\[14\]$_DFFE_PP_/D
     250* |       9 |      33 |       18 |      0 |    26 |    +3.7% |   -2.090 |      -89.0 |     85 | dpath.a_reg.out\[14\]$_DFFE_PP_/D
     250* |       9 |      32 |       18 |      0 |    25 |    +3.6% |   -2.071 |      -88.5 |     85 | dpath.a_reg.out\[14\]$_DFFE_PP_/D
     260* |       9 |      36 |       20 |      0 |    28 |    +4.5% |   -2.071 |      -88.3 |     85 | dpath.a_reg.out\[14\]$_DFFE_PP_/D
     270* |      10 |      41 |       23 |      0 |    30 |    +5.3% |   -2.071 |      -88.3 |     85 | dpath.a_reg.out\[14\]$_DFFE_PP_/D
     275* |      10 |      42 |       23 |      0 |    31 |    +5.5% |   -2.071 |      -88.1 |     85 | dpath.a_reg.out\[14\]$_DFFE_PP_/D
     280* |      10 |      44 |       25 |      0 |    31 |    +6.0% |   -2.071 |      -88.5 |     85 | dpath.a_reg.out\[14\]$_DFFE_PP_/D
     281* |      10 |      42 |       23 |      0 |    31 |    +5.5% |   -2.071 |      -88.1 |     85 | dpath.a_reg.out\[14\]$_DFFE_PP_/D
     287* |      10 |      43 |       23 |      0 |    32 |    +5.7% |   -2.071 |      -88.1 |     85 | dpath.a_reg.out\[14\]$_DFFE_PP_/D
     290* |      11 |      43 |       24 |      0 |    32 |    +5.6% |   -2.071 |      -87.2 |     85 | dpath.a_reg.out\[14\]$_DFFE_PP_/D
     291* |      11 |      43 |       25 |      0 |    32 |    +5.8% |   -2.071 |      -87.2 |     85 | dpath.a_reg.out\[14\]$_DFFE_PP_/D
     292* |      11 |      43 |       25 |      0 |    32 |    +5.8% |   -2.071 |      -87.2 |     85 | dpath.a_reg.out\[14\]$_DFFE_PP_/D
     293* |      11 |      43 |       25 |      0 |    32 |    +5.8% |   -2.071 |      -87.2 |     85 | dpath.a_reg.out\[14\]$_DFFE_PP_/D
     294* |      11 |      43 |       25 |      0 |    32 |    +5.8% |   -2.071 |      -87.2 |     85 | dpath.a_reg.out\[14\]$_DFFE_PP_/D
     295* |      11 |      43 |       25 |      0 |    32 |    +5.8% |   -2.071 |      -87.2 |     85 | dpath.a_reg.out\[14\]$_DFFE_PP_/D
     296* |      11 |      43 |       25 |      0 |    32 |    +5.8% |   -2.071 |      -87.2 |     85 | dpath.a_reg.out\[14\]$_DFFE_PP_/D
     298* |      11 |      44 |       25 |      0 |    32 |    +5.8% |   -2.071 |      -87.2 |     85 | dpath.a_reg.out\[14\]$_DFFE_PP_/D
     300* |      11 |      45 |       25 |      0 |    32 |    +5.9% |   -2.071 |      -87.2 |     85 | dpath.a_reg.out\[14\]$_DFFE_PP_/D
     304* |      13 |      46 |       25 |      0 |    32 |    +5.2% |   -2.071 |      -86.9 |     85 | dpath.a_reg.out\[14\]$_DFFE_PP_/D
     310* |      15 |      47 |       27 |      0 |    32 |    +5.2% |   -2.071 |      -86.9 |     85 | dpath.a_reg.out\[14\]$_DFFE_PP_/D
     310* |      15 |      47 |       27 |      0 |    32 |    +5.2% |   -2.071 |      -86.9 |     85 | dpath.a_reg.out\[14\]$_DFFE_PP_/D
     313* |      15 |      47 |       27 |      0 |    33 |    +5.2% |   -2.071 |      -86.6 |     85 | dpath.a_reg.out\[14\]$_DFFE_PP_/D
     314* |      15 |      47 |       27 |      0 |    33 |    +5.2% |   -2.071 |      -86.6 |     85 | dpath.a_reg.out\[14\]$_DFFE_PP_/D
     315* |      15 |      47 |       27 |      0 |    33 |    +5.2% |   -2.071 |      -86.6 |     85 | dpath.a_reg.out\[14\]$_DFFE_PP_/D
     316* |      15 |      47 |       27 |      0 |    33 |    +5.2% |   -2.071 |      -86.6 |     85 | dpath.a_reg.out\[14\]$_DFFE_PP_/D
     317* |      15 |      47 |       27 |      0 |    33 |    +5.2% |   -2.071 |      -86.6 |     85 | dpath.a_reg.out\[14\]$_DFFE_PP_/D
     318* |      15 |      47 |       27 |      0 |    33 |    +5.2% |   -2.071 |      -86.6 |     85 | dpath.a_reg.out\[14\]$_DFFE_PP_/D
     319* |      15 |      47 |       27 |      0 |    33 |    +5.2% |   -2.071 |      -86.6 |     85 | dpath.a_reg.out\[14\]$_DFFE_PP_/D
     320* |      15 |      47 |       27 |      0 |    33 |    +5.2% |   -2.071 |      -86.6 |     85 | dpath.a_reg.out\[14\]$_DFFE_PP_/D
     320* |      15 |      47 |       27 |      0 |    33 |    +5.2% |   -2.071 |      -86.6 |     85 | dpath.a_reg.out\[14\]$_DFFE_PP_/D
     321* |      15 |      47 |       27 |      0 |    33 |    +5.2% |   -2.071 |      -86.6 |     85 | dpath.a_reg.out\[14\]$_DFFE_PP_/D
     322* |      15 |      47 |       27 |      0 |    33 |    +5.2% |   -2.071 |      -86.6 |     85 | dpath.a_reg.out\[14\]$_DFFE_PP_/D
     323* |      15 |      47 |       27 |      0 |    33 |    +5.2% |   -2.071 |      -86.6 |     85 | dpath.a_reg.out\[14\]$_DFFE_PP_/D
     324* |      15 |      47 |       27 |      0 |    33 |    +5.2% |   -2.071 |      -86.6 |     85 | dpath.a_reg.out\[14\]$_DFFE_PP_/D
     325* |      15 |      47 |       27 |      0 |    33 |    +5.2% |   -2.071 |      -86.6 |     85 | dpath.a_reg.out\[14\]$_DFFE_PP_/D
     326* |      15 |      47 |       27 |      0 |    33 |    +5.2% |   -2.071 |      -86.6 |     85 | dpath.a_reg.out\[14\]$_DFFE_PP_/D
     327* |      15 |      47 |       27 |      0 |    33 |    +5.2% |   -2.071 |      -86.6 |     85 | dpath.a_reg.out\[14\]$_DFFE_PP_/D
     328* |      15 |      47 |       27 |      0 |    33 |    +5.2% |   -2.071 |      -86.6 |     85 | dpath.a_reg.out\[14\]$_DFFE_PP_/D
     329* |      15 |      47 |       27 |      0 |    33 |    +5.2% |   -2.071 |      -86.6 |     85 | dpath.a_reg.out\[14\]$_DFFE_PP_/D
     330* |      15 |      47 |       27 |      0 |    33 |    +5.2% |   -2.071 |      -86.6 |     85 | dpath.a_reg.out\[14\]$_DFFE_PP_/D
     334* |      16 |      49 |       28 |      0 |    33 |    +5.2% |   -2.071 |      -86.5 |     85 | dpath.a_reg.out\[14\]$_DFFE_PP_/D
     335* |      16 |      49 |       28 |      0 |    33 |    +5.2% |   -2.071 |      -86.5 |     85 | dpath.a_reg.out\[14\]$_DFFE_PP_/D
     337* |      16 |      50 |       28 |      0 |    33 |    +5.3% |   -2.071 |      -86.5 |     85 | dpath.a_reg.out\[14\]$_DFFE_PP_/D
     340* |      16 |      51 |       28 |      0 |    34 |    +5.4% |   -2.071 |      -86.6 |     85 | dpath.a_reg.out\[14\]$_DFFE_PP_/D
     340* |      16 |      51 |       28 |      0 |    33 |    +5.4% |   -2.071 |      -86.5 |     85 | dpath.a_reg.out\[14\]$_DFFE_PP_/D
     342* |      16 |      51 |       28 |      0 |    33 |    +5.4% |   -2.071 |      -86.5 |     85 | dpath.a_reg.out\[14\]$_DFFE_PP_/D
     345* |      16 |      53 |       28 |      0 |    33 |    +5.6% |   -2.071 |      -86.5 |     85 | dpath.a_reg.out\[14\]$_DFFE_PP_/D
     347* |      16 |      54 |       28 |      0 |    33 |    +5.7% |   -2.071 |      -86.5 |     85 | dpath.a_reg.out\[14\]$_DFFE_PP_/D
     350* |      16 |      56 |       28 |      0 |    33 |    +5.8% |   -2.071 |      -86.5 |     85 | dpath.a_reg.out\[14\]$_DFFE_PP_/D
     350* |      16 |      56 |       28 |      0 |    33 |    +5.8% |   -2.071 |      -86.5 |     85 | dpath.a_reg.out\[14\]$_DFFE_PP_/D
     351* |      16 |      56 |       28 |      0 |    33 |    +5.8% |   -2.071 |      -86.5 |     85 | dpath.a_reg.out\[14\]$_DFFE_PP_/D
     353* |      16 |      57 |       28 |      0 |    33 |    +5.8% |   -2.071 |      -86.5 |     85 | dpath.a_reg.out\[14\]$_DFFE_PP_/D
     353* |      16 |      57 |       28 |      0 |    33 |    +5.8% |   -2.071 |      -86.5 |     85 | dpath.a_reg.out\[14\]$_DFFE_PP_/D
     354+ |      16 |      57 |       28 |      0 |    33 |    +5.8% |   -2.071 |      -86.5 |     83 | dpath.a_reg.out\[14\]$_DFFE_PP_/D
     355+ |      16 |      57 |       28 |      0 |    33 |    +5.8% |   -2.071 |      -86.5 |     83 | dpath.a_reg.out\[14\]$_DFFE_PP_/D
     356+ |      16 |      57 |       28 |      0 |    33 |    +5.8% |   -2.071 |      -86.5 |     83 | dpath.a_reg.out\[14\]$_DFFE_PP_/D
     357+ |      16 |      57 |       28 |      0 |    33 |    +5.8% |   -2.071 |      -86.5 |     83 | dpath.a_reg.out\[14\]$_DFFE_PP_/D
     358+ |      16 |      57 |       28 |      0 |    33 |    +5.8% |   -2.071 |      -86.5 |     83 | dpath.a_reg.out\[14\]$_DFFE_PP_/D
     359+ |      16 |      57 |       28 |      0 |    33 |    +5.8% |   -2.071 |      -86.5 |     83 | dpath.a_reg.out\[14\]$_DFFE_PP_/D
     360+ |      16 |      57 |       28 |      0 |    33 |    +5.8% |   -2.071 |      -86.5 |     83 | dpath.a_reg.out\[14\]$_DFFE_PP_/D
     360+ |      16 |      57 |       28 |      0 |    33 |    +5.8% |   -2.071 |      -86.5 |     83 | dpath.a_reg.out\[14\]$_DFFE_PP_/D
     362+ |      16 |      58 |       28 |      0 |    33 |    +5.9% |   -2.071 |      -86.5 |     83 | dpath.a_reg.out\[14\]$_DFFE_PP_/D
     363+ |      16 |      58 |       28 |      0 |    33 |    +5.9% |   -2.071 |      -86.5 |     83 | dpath.a_reg.out\[14\]$_DFFE_PP_/D
     364+ |      16 |      58 |       28 |      0 |    33 |    +5.9% |   -2.071 |      -86.5 |     83 | dpath.a_reg.out\[14\]$_DFFE_PP_/D
     365+ |      16 |      58 |       28 |      0 |    33 |    +5.9% |   -2.071 |      -86.5 |     83 | dpath.a_reg.out\[14\]$_DFFE_PP_/D
     366+ |      16 |      58 |       28 |      0 |    33 |    +5.9% |   -2.071 |      -86.5 |     83 | dpath.a_reg.out\[14\]$_DFFE_PP_/D
     367+ |      16 |      58 |       28 |      0 |    33 |    +5.9% |   -2.071 |      -86.5 |     83 | dpath.a_reg.out\[14\]$_DFFE_PP_/D
     368+ |      16 |      58 |       28 |      0 |    33 |    +5.9% |   -2.071 |      -86.5 |     83 | dpath.a_reg.out\[14\]$_DFFE_PP_/D
     369+ |      16 |      58 |       28 |      0 |    33 |    +5.9% |   -2.071 |      -86.5 |     83 | dpath.a_reg.out\[14\]$_DFFE_PP_/D
     370+ |      16 |      58 |       28 |      0 |    33 |    +5.9% |   -2.071 |      -86.5 |     83 | dpath.a_reg.out\[14\]$_DFFE_PP_/D
     370+ |      16 |      58 |       28 |      0 |    33 |    +5.9% |   -2.071 |      -86.5 |     83 | dpath.a_reg.out\[14\]$_DFFE_PP_/D
     371+ |      16 |      58 |       28 |      0 |    33 |    +5.9% |   -2.071 |      -86.5 |     83 | dpath.a_reg.out\[14\]$_DFFE_PP_/D
     372+ |      16 |      58 |       28 |      0 |    33 |    +5.9% |   -2.071 |      -86.5 |     83 | dpath.a_reg.out\[14\]$_DFFE_PP_/D
     373+ |      16 |      58 |       28 |      0 |    33 |    +5.9% |   -2.071 |      -86.5 |     83 | dpath.a_reg.out\[14\]$_DFFE_PP_/D
     374+ |      16 |      58 |       28 |      0 |    33 |    +5.9% |   -2.071 |      -86.5 |     83 | dpath.a_reg.out\[14\]$_DFFE_PP_/D
     375+ |      16 |      58 |       28 |      0 |    33 |    +5.9% |   -2.071 |      -86.5 |     83 | dpath.a_reg.out\[14\]$_DFFE_PP_/D
     376+ |      16 |      58 |       28 |      0 |    33 |    +5.9% |   -2.071 |      -86.5 |     83 | dpath.a_reg.out\[14\]$_DFFE_PP_/D
     377+ |      16 |      58 |       28 |      0 |    33 |    +5.9% |   -2.071 |      -86.5 |     83 | dpath.a_reg.out\[14\]$_DFFE_PP_/D
     378+ |      16 |      58 |       28 |      0 |    33 |    +5.9% |   -2.071 |      -86.5 |     83 | dpath.a_reg.out\[14\]$_DFFE_PP_/D
     379+ |      16 |      58 |       28 |      0 |    33 |    +5.9% |   -2.071 |      -86.5 |     83 | dpath.a_reg.out\[14\]$_DFFE_PP_/D
     380+ |      16 |      58 |       28 |      0 |    33 |    +5.9% |   -2.071 |      -86.5 |     83 | dpath.a_reg.out\[14\]$_DFFE_PP_/D
     381+ |      16 |      59 |       28 |      0 |    33 |    +6.0% |   -2.071 |      -86.5 |     83 | dpath.a_reg.out\[14\]$_DFFE_PP_/D
     382+ |      16 |      59 |       28 |      0 |    33 |    +6.0% |   -2.071 |      -86.5 |     83 | dpath.a_reg.out\[14\]$_DFFE_PP_/D
     383+ |      16 |      59 |       28 |      0 |    33 |    +6.0% |   -2.071 |      -86.5 |     83 | dpath.a_reg.out\[14\]$_DFFE_PP_/D
     384+ |      16 |      59 |       28 |      0 |    33 |    +6.0% |   -2.071 |      -86.5 |     83 | dpath.a_reg.out\[14\]$_DFFE_PP_/D
     385+ |      16 |      59 |       28 |      0 |    33 |    +6.0% |   -2.071 |      -86.5 |     83 | dpath.a_reg.out\[14\]$_DFFE_PP_/D
     386+ |      16 |      59 |       28 |      0 |    33 |    +6.0% |   -2.071 |      -86.5 |     83 | dpath.a_reg.out\[14\]$_DFFE_PP_/D
     388+ |      16 |      60 |       28 |      0 |    33 |    +5.8% |   -2.071 |      -86.4 |     83 | dpath.a_reg.out\[14\]$_DFFE_PP_/D
     389+ |      16 |      60 |       28 |      0 |    33 |    +5.8% |   -2.071 |      -86.4 |     83 | dpath.a_reg.out\[14\]$_DFFE_PP_/D
     390+ |      16 |      60 |       28 |      0 |    33 |    +5.8% |   -2.071 |      -86.4 |     83 | dpath.a_reg.out\[14\]$_DFFE_PP_/D
     390+ |      16 |      60 |       28 |      0 |    33 |    +5.8% |   -2.071 |      -86.4 |     83 | dpath.a_reg.out\[14\]$_DFFE_PP_/D
     391+ |      16 |      60 |       28 |      0 |    33 |    +5.8% |   -2.071 |      -86.4 |     83 | dpath.a_reg.out\[14\]$_DFFE_PP_/D
     392+ |      16 |      60 |       28 |      0 |    33 |    +5.8% |   -2.071 |      -86.4 |     83 | dpath.a_reg.out\[14\]$_DFFE_PP_/D
     393+ |      16 |      60 |       28 |      0 |    33 |    +5.8% |   -2.071 |      -86.4 |     83 | dpath.a_reg.out\[14\]$_DFFE_PP_/D
     394+ |      16 |      60 |       28 |      0 |    33 |    +5.8% |   -2.071 |      -86.4 |     83 | dpath.a_reg.out\[14\]$_DFFE_PP_/D
     395+ |      16 |      60 |       28 |      0 |    33 |    +5.8% |   -2.071 |      -86.4 |     83 | dpath.a_reg.out\[14\]$_DFFE_PP_/D
     396+ |      16 |      60 |       28 |      0 |    33 |    +5.8% |   -2.071 |      -86.4 |     83 | dpath.a_reg.out\[14\]$_DFFE_PP_/D
     397+ |      16 |      60 |       28 |      0 |    33 |    +5.8% |   -2.071 |      -86.4 |     83 | dpath.a_reg.out\[14\]$_DFFE_PP_/D
     398+ |      16 |      60 |       28 |      0 |    33 |    +5.8% |   -2.071 |      -86.4 |     83 | dpath.a_reg.out\[14\]$_DFFE_PP_/D
     399+ |      16 |      60 |       28 |      0 |    33 |    +5.8% |   -2.071 |      -86.4 |     83 | dpath.a_reg.out\[14\]$_DFFE_PP_/D
     400+ |      16 |      60 |       28 |      0 |    33 |    +5.8% |   -2.071 |      -86.4 |     83 | dpath.a_reg.out\[14\]$_DFFE_PP_/D
     400+ |      16 |      60 |       28 |      0 |    33 |    +5.8% |   -2.071 |      -86.4 |     83 | dpath.a_reg.out\[14\]$_DFFE_PP_/D
     402+ |      16 |      61 |       28 |      0 |    33 |    +5.9% |   -2.071 |      -86.4 |     83 | dpath.a_reg.out\[14\]$_DFFE_PP_/D
     403+ |      16 |      61 |       28 |      0 |    33 |    +5.9% |   -2.071 |      -86.4 |     83 | dpath.a_reg.out\[14\]$_DFFE_PP_/D
     405+ |      16 |      62 |       28 |      0 |    33 |    +6.0% |   -2.071 |      -86.4 |     83 | dpath.a_reg.out\[14\]$_DFFE_PP_/D
     406+ |      16 |      62 |       28 |      0 |    33 |    +6.0% |   -2.071 |      -86.4 |     83 | dpath.a_reg.out\[14\]$_DFFE_PP_/D
     407+ |      16 |      62 |       28 |      0 |    33 |    +6.0% |   -2.071 |      -86.4 |     83 | dpath.a_reg.out\[14\]$_DFFE_PP_/D
     408+ |      16 |      62 |       28 |      0 |    33 |    +6.0% |   -2.071 |      -86.4 |     83 | dpath.a_reg.out\[14\]$_DFFE_PP_/D
     409+ |      16 |      62 |       28 |      0 |    33 |    +6.0% |   -2.071 |      -86.4 |     83 | dpath.a_reg.out\[14\]$_DFFE_PP_/D
     410+ |      16 |      62 |       28 |      0 |    33 |    +6.0% |   -2.071 |      -86.4 |     83 | dpath.a_reg.out\[14\]$_DFFE_PP_/D
     410+ |      16 |      62 |       28 |      0 |    33 |    +6.0% |   -2.071 |      -86.4 |     83 | dpath.a_reg.out\[14\]$_DFFE_PP_/D
     411+ |      16 |      62 |       28 |      0 |    33 |    +6.0% |   -2.071 |      -86.4 |     83 | dpath.a_reg.out\[14\]$_DFFE_PP_/D
     412+ |      16 |      62 |       28 |      0 |    33 |    +6.0% |   -2.071 |      -86.4 |     83 | dpath.a_reg.out\[14\]$_DFFE_PP_/D
     413+ |      16 |      62 |       28 |      0 |    33 |    +6.0% |   -2.071 |      -86.4 |     83 | dpath.a_reg.out\[14\]$_DFFE_PP_/D
     414+ |      16 |      62 |       28 |      0 |    33 |    +6.0% |   -2.071 |      -86.4 |     83 | dpath.a_reg.out\[14\]$_DFFE_PP_/D
     415+ |      16 |      62 |       28 |      0 |    33 |    +6.0% |   -2.071 |      -86.4 |     83 | dpath.a_reg.out\[14\]$_DFFE_PP_/D
     416+ |      16 |      62 |       28 |      0 |    33 |    +6.0% |   -2.071 |      -86.4 |     83 | dpath.a_reg.out\[14\]$_DFFE_PP_/D
     417+ |      16 |      62 |       28 |      0 |    33 |    +6.0% |   -2.071 |      -86.4 |     83 | dpath.a_reg.out\[14\]$_DFFE_PP_/D
     418+ |      16 |      62 |       28 |      0 |    33 |    +6.0% |   -2.071 |      -86.4 |     83 | dpath.a_reg.out\[14\]$_DFFE_PP_/D
     419+ |      16 |      62 |       28 |      0 |    33 |    +6.0% |   -2.071 |      -86.4 |     83 | dpath.a_reg.out\[14\]$_DFFE_PP_/D
     420+ |      16 |      62 |       28 |      0 |    33 |    +6.0% |   -2.071 |      -86.4 |     83 | dpath.a_reg.out\[14\]$_DFFE_PP_/D
     420+ |      16 |      62 |       28 |      0 |    33 |    +6.0% |   -2.071 |      -86.4 |     83 | dpath.a_reg.out\[14\]$_DFFE_PP_/D
     421+ |      16 |      62 |       28 |      0 |    33 |    +6.0% |   -2.071 |      -86.4 |     83 | dpath.a_reg.out\[14\]$_DFFE_PP_/D
     422+ |      16 |      62 |       28 |      0 |    33 |    +6.0% |   -2.071 |      -86.4 |     83 | dpath.a_reg.out\[14\]$_DFFE_PP_/D
     423+ |      16 |      62 |       28 |      0 |    33 |    +6.0% |   -2.071 |      -86.4 |     83 | dpath.a_reg.out\[14\]$_DFFE_PP_/D
     424+ |      16 |      62 |       28 |      0 |    33 |    +6.0% |   -2.071 |      -86.4 |     83 | dpath.a_reg.out\[14\]$_DFFE_PP_/D
     425+ |      16 |      62 |       28 |      0 |    33 |    +6.0% |   -2.071 |      -86.4 |     83 | dpath.a_reg.out\[14\]$_DFFE_PP_/D
     426+ |      16 |      62 |       28 |      0 |    33 |    +6.0% |   -2.071 |      -86.4 |     83 | dpath.a_reg.out\[14\]$_DFFE_PP_/D
     427+ |      16 |      62 |       28 |      0 |    33 |    +6.0% |   -2.071 |      -86.4 |     83 | dpath.a_reg.out\[14\]$_DFFE_PP_/D
     428+ |      16 |      62 |       28 |      0 |    33 |    +6.0% |   -2.071 |      -86.4 |     83 | dpath.a_reg.out\[14\]$_DFFE_PP_/D
     429+ |      16 |      62 |       28 |      0 |    33 |    +6.0% |   -2.071 |      -86.4 |     83 | dpath.a_reg.out\[14\]$_DFFE_PP_/D
     430+ |      16 |      62 |       28 |      0 |    33 |    +6.0% |   -2.071 |      -86.4 |     83 | dpath.a_reg.out\[14\]$_DFFE_PP_/D
     430+ |      16 |      62 |       28 |      0 |    33 |    +6.0% |   -2.071 |      -86.4 |     83 | dpath.a_reg.out\[14\]$_DFFE_PP_/D
     431+ |      16 |      62 |       28 |      0 |    33 |    +6.0% |   -2.071 |      -86.4 |     83 | dpath.a_reg.out\[14\]$_DFFE_PP_/D
     432+ |      16 |      62 |       28 |      0 |    33 |    +6.0% |   -2.071 |      -86.4 |     83 | dpath.a_reg.out\[14\]$_DFFE_PP_/D
     433+ |      16 |      62 |       28 |      0 |    33 |    +6.0% |   -2.071 |      -86.4 |     83 | dpath.a_reg.out\[14\]$_DFFE_PP_/D
     434+ |      16 |      62 |       28 |      0 |    33 |    +6.0% |   -2.071 |      -86.4 |     83 | dpath.a_reg.out\[14\]$_DFFE_PP_/D
     435+ |      16 |      62 |       28 |      0 |    33 |    +6.0% |   -2.071 |      -86.4 |     83 | dpath.a_reg.out\[14\]$_DFFE_PP_/D
     436+ |      16 |      62 |       28 |      0 |    33 |    +6.0% |   -2.071 |      -86.4 |     83 | dpath.a_reg.out\[14\]$_DFFE_PP_/D
     437+ |      16 |      62 |       28 |      0 |    33 |    +6.0% |   -2.071 |      -86.4 |     83 | dpath.a_reg.out\[14\]$_DFFE_PP_/D
     438+ |      16 |      62 |       28 |      0 |    33 |    +6.0% |   -2.071 |      -86.4 |     83 | dpath.a_reg.out\[14\]$_DFFE_PP_/D
     439+ |      16 |      62 |       28 |      0 |    33 |    +6.0% |   -2.071 |      -86.4 |     83 | dpath.a_reg.out\[14\]$_DFFE_PP_/D
     440+ |      16 |      62 |       28 |      0 |    33 |    +6.0% |   -2.071 |      -86.4 |     83 | dpath.a_reg.out\[14\]$_DFFE_PP_/D
     440+ |      16 |      62 |       28 |      0 |    33 |    +6.0% |   -2.071 |      -86.4 |     83 | dpath.a_reg.out\[14\]$_DFFE_PP_/D
     441+ |      16 |      62 |       28 |      0 |    33 |    +6.0% |   -2.071 |      -86.4 |     83 | dpath.a_reg.out\[14\]$_DFFE_PP_/D
    final |      16 |      62 |       28 |      0 |    33 |    +6.0% |   -2.071 |      -86.4 |     83 | dpath.a_reg.out\[14\]$_DFFE_PP_/D
------------------------------------------------------------------------------------------------------------------------------
[INFO RSZ-0059] Removed 16 buffers.
[INFO RSZ-0040] Inserted 28 buffers.
[INFO RSZ-0051] Resized 62 instances: 62 up, 0 up match, 0 down, 0 VT
[INFO RSZ-0043] Swapped pins on 33 instances.
[WARNING RSZ-0062] Unable to repair all setup violations.
[INFO RSZ-0505] Runtime: 12.44s
[INFO RSZ-0033] No hold violations found.
[INFO RSZ-0506] Runtime: 0.00s
Took 12 seconds: repair_timing -setup_margin 0 -hold_margin 0 -repair_tns 100 -verbose
global_route -start_incremental
detailed_placement
[INFO DPL-0006] Core area: 5607.88 um^2
[INFO DPL-0007] Movable instances area: 4697.00 um^2
[INFO DPL-0008] Fixed instances area within core: 90.09 um^2
[INFO DPL-0009] Utilization: 85.4%
[INFO DPL-0005] Diamond search max displacement: +/- 500 sites horizontally, +/- 100 rows vertically.
[INFO DPL-1102] Legalizing using negotiation legalizer.
[INFO DPL-1103] Negotiation base search window: +/-20 sites horizontally, +/-5 rows vertically 
	Automatic search window extension enabled.
	Search window extendable up to the max displacement cap of +/-500 sites, +/-100 rows near walls.
[INFO DPL-1104] NegotiationLegalizer DRC penalty: 5.
[INFO DPL-0392] Negotiation cell height distribution (1 unique row-count(s)):
[INFO DPL-0393]   height 1 row(s): 507 cells
          |      Total |  Illegal |  Illegal
Iteration | Violations |    Cells |    Sites
---------------------------------------------
        0 |        449 |        75 |       359
        1 |        280 |        52 |       228
        2 |        242 |        32 |       204
        3 |        217 |        27 |       190
        4 |        154 |        20 |       134
        5 |        109 |        15 |        94
        6 |         98 |         8 |        90
        7 |         83 |        11 |        72
        8 |         71 |         7 |        64
        9 |         86 |        10 |        76
       10 |         88 |        10 |        78
       20 |         22 |         4 |        18
       24 |          0 |         0 |         0
Negotiation phase 1 converged at iteration 24.
[INFO DPL-0500] Runtime: 0.06s
Detailed Placement Analysis
---------------------------------
legalizer            negotiation
total moves                 844
total displacement        825.6 u
average displacement        1.6 u
max displacement           24.1 u
original HPWL            6813.9 u
legalized HPWL           7584.7 u
delta HPWL                   11 %

check_placement -verbose
global_route -end_incremental -congestion_report_file ./reports/sky130hd/gcd/base/congestion_post_repair_timing.rpt
Took 6 seconds: global_route -end_incremental -congestion_report_file ./reports/sky130hd/gcd/base/congestion_post_repair_timing.rpt
estimate_parasitics -global_routing
global_route -start_incremental
global_route -end_incremental -congestion_report_file ./reports/sky130hd/gcd/base/congestion_post_recover_power.rpt
Repair antennas...
[INFO GRT-0012] Found 0 antenna violations.
[INFO ANT-0002] Found 0 net violations.
[INFO ANT-0001] Found 0 pin violations.
Estimate parasitics...
estimate_parasitics -global_routing
Report metrics stage 5, global route...

==========================================================================
global route report_design_area
--------------------------------------------------------------------------
Design area 4787 um^2 85% utilization.
[INFO FLW-0007] clock core_clock period 1.100000
[WARNING FLW-0010] more than one clock found. Skipping sdc update.
[INFO FLW-0011] Path endpoint path count 88
write_db ./results/sky130hd/gcd/base/5_1_grt.odb
write_sdc -no_timestamp ./results/sky130hd/gcd/base/5_1_grt.sdc
Elapsed time: 0:40.43[h:]min:sec. CPU time: user 60.34 sys 0.58 (150%). Peak memory: 255480KB.
Log                    Ext     Elapsed      CPU     CPU/ Peak Mem sha1sum
                                     s        s  Elapsed       MB [0:10)
5_1_grt                .odb         40       61     1.51      249 0ac3f8cb6a
5_1_grt                .sdc                                       a71291c5b4
