OpenROAD unknown 
Features included (+) or not (-): -GPU +GUI -Python
This program is licensed under the BSD-3 license. See the LICENSE file for details.
Components of this program may be licensed under more restrictive licenses which must be honored.
[INFO ORD-0030] Using 2 thread(s).
read_liberty /OpenROAD-flow-scripts/flow/platforms/sky130hd/lib/sky130_fd_sc_hd__tt_025C_1v80.lib
read_db -hier ./results/sky130hd/gcd/base/5_1_grt.odb
[WARNING ORD-0012] Hierarchical flow (-hier) is currently in development and may cause multiple issues. Do not use in production environments.
read_sdc ./results/sky130hd/gcd/base/5_1_grt.sdc
source /OpenROAD-flow-scripts/flow/platforms/sky130hd/setRC.tcl
[WARNING STA-0450] virtual clock vclk_core_clock can not be propagated.
detailed_route -output_drc ./reports/sky130hd/gcd/base/5_route_drc.rpt -output_maze ./results/sky130hd/gcd/base/maze.log -droute_end_iter 64 -verbose 1 -drc_report_iter_step 5
[INFO DRT-0149] Reading tech and libs.
[WARNING DRT-0349] LEF58_ENCLOSURE with no CUTCLASS is not supported. Skipping for layer mcon
[WARNING DRT-0349] LEF58_ENCLOSURE with no CUTCLASS is not supported. Skipping for layer mcon
[WARNING DRT-0349] LEF58_ENCLOSURE with no CUTCLASS is not supported. Skipping for layer via
[WARNING DRT-0349] LEF58_ENCLOSURE with no CUTCLASS is not supported. Skipping for layer via
[WARNING DRT-0349] LEF58_ENCLOSURE with no CUTCLASS is not supported. Skipping for layer via2
[WARNING DRT-0349] LEF58_ENCLOSURE with no CUTCLASS is not supported. Skipping for layer via2
[WARNING DRT-0349] LEF58_ENCLOSURE with no CUTCLASS is not supported. Skipping for layer via3
[WARNING DRT-0349] LEF58_ENCLOSURE with no CUTCLASS is not supported. Skipping for layer via3
[WARNING DRT-0349] LEF58_ENCLOSURE with no CUTCLASS is not supported. Skipping for layer via4
[WARNING DRT-0349] LEF58_ENCLOSURE with no CUTCLASS is not supported. Skipping for layer via4

Units:                1000
Number of layers:     13
Number of macros:     441
Number of vias:       29
Number of viarulegen: 25

[INFO DRT-0150] Reading design.

Design:                   gcd
Die area:                 ( 0 0 ) ( 78880 78880 )
Number of track patterns: 12
Number of DEF vias:       0
Number of components:     507
Number of terminals:      56
Number of snets:          2
Number of nets:           468

[INFO DRT-0167] List of default vias:
  Layer via
    default via: M1M2_PR
  Layer via2
    default via: M2M3_PR
  Layer via3
    default via: M3M4_PR
  Layer via4
    default via: M4M5_PR
[INFO DRT-0162] Library cell analysis.
[INFO DRT-0163] Instance analysis.
[INFO DRT-0164] Number of unique instances = 116.
[INFO DRT-0168] Init region query.
[INFO DRT-0024]   Complete FR_MASTERSLICE.
[INFO DRT-0024]   Complete Fr_VIA.
[INFO DRT-0024]   Complete li1.
[INFO DRT-0024]   Complete mcon.
[INFO DRT-0024]   Complete met1.
[INFO DRT-0024]   Complete via.
[INFO DRT-0024]   Complete met2.
[INFO DRT-0024]   Complete via2.
[INFO DRT-0024]   Complete met3.
[INFO DRT-0024]   Complete via3.
[INFO DRT-0024]   Complete met4.
[INFO DRT-0024]   Complete via4.
[INFO DRT-0024]   Complete met5.
[INFO DRT-0033] FR_MASTERSLICE shape region query size = 0.
[INFO DRT-0033] FR_VIA shape region query size = 0.
[INFO DRT-0033] li1 shape region query size = 12597.
[INFO DRT-0033] mcon shape region query size = 8022.
[INFO DRT-0033] met1 shape region query size = 1646.
[INFO DRT-0033] via shape region query size = 350.
[INFO DRT-0033] met2 shape region query size = 241.
[INFO DRT-0033] via2 shape region query size = 280.
[INFO DRT-0033] met3 shape region query size = 233.
[INFO DRT-0033] via3 shape region query size = 280.
[INFO DRT-0033] met4 shape region query size = 88.
[INFO DRT-0033] via4 shape region query size = 13.
[INFO DRT-0033] met5 shape region query size = 23.
[INFO DRT-0165] Start pin access.
[INFO DRT-0078]   Complete 862 pins.
[INFO DRT-0079]   Complete 100 unique inst patterns.
[INFO DRT-0081]   Complete 116 unique inst patterns.
[INFO DRT-0084]   Complete 209 groups.
#scanned instances     = 507
#unique  instances     = 116
#stdCellGenAp          = 3229
#stdCellValidPlanarAp  = 14
#stdCellValidViaAp     = 2397
#stdCellPinNoAp        = 0
#stdCellPinCnt         = 1259
#instTermValidViaApCnt = 0
#macroGenAp            = 0
#macroValidPlanarAp    = 0
#macroValidViaAp       = 0
#macroNoAp             = 0
[INFO DRT-0166] Complete pin access.
[INFO DRT-0267] cpu time = 00:00:41, elapsed time = 00:00:22, memory = 205.40 (MB), peak = 205.12 (MB)

[INFO DRT-0157] Number of guides:     2976

[INFO DRT-0169] Post process guides.
[INFO DRT-0176] GCELLGRID X 0 DO 11 STEP 6900 ;
[INFO DRT-0177] GCELLGRID Y 0 DO 11 STEP 6900 ;
[INFO DRT-0028]   Complete FR_MASTERSLICE.
[INFO DRT-0028]   Complete Fr_VIA.
[INFO DRT-0028]   Complete li1.
[INFO DRT-0028]   Complete mcon.
[INFO DRT-0028]   Complete met1.
[INFO DRT-0028]   Complete via.
[INFO DRT-0028]   Complete met2.
[INFO DRT-0028]   Complete via2.
[INFO DRT-0028]   Complete met3.
[INFO DRT-0028]   Complete via3.
[INFO DRT-0028]   Complete met4.
[INFO DRT-0028]   Complete via4.
[INFO DRT-0028]   Complete met5.
[INFO DRT-0178] Init guide query.
[INFO DRT-0035]   Complete FR_MASTERSLICE (guide).
[INFO DRT-0035]   Complete Fr_VIA (guide).
[INFO DRT-0035]   Complete li1 (guide).
[INFO DRT-0035]   Complete mcon (guide).
[INFO DRT-0035]   Complete met1 (guide).
[INFO DRT-0035]   Complete via (guide).
[INFO DRT-0035]   Complete met2 (guide).
[INFO DRT-0035]   Complete via2 (guide).
[INFO DRT-0035]   Complete met3 (guide).
[INFO DRT-0035]   Complete via3 (guide).
[INFO DRT-0035]   Complete met4 (guide).
[INFO DRT-0035]   Complete via4 (guide).
[INFO DRT-0035]   Complete met5 (guide).
[INFO DRT-0036] FR_MASTERSLICE guide region query size = 0.
[INFO DRT-0036] FR_VIA guide region query size = 0.
[INFO DRT-0036] li1 guide region query size = 1058.
[INFO DRT-0036] mcon guide region query size = 0.
[INFO DRT-0036] met1 guide region query size = 868.
[INFO DRT-0036] via guide region query size = 0.
[INFO DRT-0036] met2 guide region query size = 438.
[INFO DRT-0036] via2 guide region query size = 0.
[INFO DRT-0036] met3 guide region query size = 37.
[INFO DRT-0036] via3 guide region query size = 0.
[INFO DRT-0036] met4 guide region query size = 6.
[INFO DRT-0036] via4 guide region query size = 0.
[INFO DRT-0036] met5 guide region query size = 0.
[INFO DRT-0179] Init gr pin query.
[INFO DRT-0267] cpu time = 00:00:00, elapsed time = 00:00:00, memory = 206.37 (MB), peak = 206.12 (MB)
[INFO DRT-0245] skipped writing guide updates to database.
[INFO DRT-0181] Start track assignment.
[INFO DRT-0184] Done with 1502 vertical wires in 1 frboxes and 905 horizontal wires in 1 frboxes.
[INFO DRT-0186] Done with 155 vertical wires in 1 frboxes and 298 horizontal wires in 1 frboxes.
[INFO DRT-0182] Complete track assignment.
[INFO DRT-0267] cpu time = 00:00:00, elapsed time = 00:00:00, memory = 210.81 (MB), peak = 210.62 (MB)
[INFO DRT-0187] Start routing data preparation.
[INFO DRT-0267] cpu time = 00:00:00, elapsed time = 00:00:00, memory = 210.81 (MB), peak = 210.62 (MB)
[INFO DRT-0194] Start detail routing.
[INFO DRT-0195] Start 0th optimization iteration.
    Completing 20% with 0 violations.
    elapsed time = 00:00:02, memory = 250.62 (MB).
    Completing 50% with 39 violations.
    elapsed time = 00:00:05, memory = 251.17 (MB).
    Completing 70% with 100 violations.
    elapsed time = 00:00:07, memory = 251.18 (MB).
    Completing 100% with 147 violations.
    elapsed time = 00:00:08, memory = 251.18 (MB).
[INFO DRT-0199]   Number of violations = 170.
Viol/Layer         li1   met1   met2   met3
Metal Spacing        0     36      4      3
Recheck              1     17      5      0
Short                0     93     11      0
[INFO DRT-0267] cpu time = 00:00:08, elapsed time = 00:00:09, memory = 250.94 (MB), peak = 529.76 (MB)
Total wire length = 8521 um.
Total wire length on LAYER li1 = 0 um.
Total wire length on LAYER met1 = 4204 um.
Total wire length on LAYER met2 = 3927 um.
Total wire length on LAYER met3 = 239 um.
Total wire length on LAYER met4 = 150 um.
Total wire length on LAYER met5 = 0 um.
Total number of vias = 2598.
Up-via summary (total 2598):

-----------------------
 FR_MASTERSLICE       0
            li1    1266
           met1    1274
           met2      45
           met3      13
           met4       0
-----------------------
               2598


[INFO DRT-0195] Start 1st optimization iteration.
    Completing 20% with 170 violations.
    elapsed time = 00:00:01, memory = 253.96 (MB).
    Completing 50% with 169 violations.
    elapsed time = 00:00:02, memory = 257.46 (MB).
    Completing 70% with 161 violations.
    elapsed time = 00:00:05, memory = 260.95 (MB).
    Completing 100% with 88 violations.
    elapsed time = 00:00:08, memory = 260.02 (MB).
[INFO DRT-0199]   Number of violations = 88.
Viol/Layer        met1   met2   met3
Metal Spacing       19      3      6
Short               59      1      0
[INFO DRT-0267] cpu time = 00:00:08, elapsed time = 00:00:08, memory = 258.89 (MB), peak = 533.79 (MB)
Total wire length = 8420 um.
Total wire length on LAYER li1 = 0 um.
Total wire length on LAYER met1 = 4148 um.
Total wire length on LAYER met2 = 3883 um.
Total wire length on LAYER met3 = 227 um.
Total wire length on LAYER met4 = 160 um.
Total wire length on LAYER met5 = 0 um.
Total number of vias = 2590.
Up-via summary (total 2590):

-----------------------
 FR_MASTERSLICE       0
            li1    1269
           met1    1266
           met2      42
           met3      13
           met4       0
-----------------------
               2590


[INFO DRT-0195] Start 2nd optimization iteration.
    Completing 10% with 88 violations.
    elapsed time = 00:00:00, memory = 258.89 (MB).
    Completing 20% with 88 violations.
    elapsed time = 00:00:00, memory = 258.89 (MB).
    Completing 30% with 88 violations.
    elapsed time = 00:00:00, memory = 258.89 (MB).
    Completing 40% with 88 violations.
    elapsed time = 00:00:00, memory = 258.93 (MB).
    Completing 50% with 90 violations.
    elapsed time = 00:00:00, memory = 262.22 (MB).
    Completing 60% with 90 violations.
    elapsed time = 00:00:00, memory = 262.22 (MB).
    Completing 70% with 94 violations.
    elapsed time = 00:00:01, memory = 262.90 (MB).
    Completing 80% with 94 violations.
    elapsed time = 00:00:01, memory = 263.96 (MB).
    Completing 100% with 45 violations.
    elapsed time = 00:00:05, memory = 265.64 (MB).
[INFO DRT-0199]   Number of violations = 45.
Viol/Layer        met1   met2
Metal Spacing       14      1
Short               29      1
[INFO DRT-0267] cpu time = 00:00:06, elapsed time = 00:00:06, memory = 266.98 (MB), peak = 536.77 (MB)
Total wire length = 8463 um.
Total wire length on LAYER li1 = 0 um.
Total wire length on LAYER met1 = 4165 um.
Total wire length on LAYER met2 = 3889 um.
Total wire length on LAYER met3 = 246 um.
Total wire length on LAYER met4 = 161 um.
Total wire length on LAYER met5 = 0 um.
Total number of vias = 2593.
Up-via summary (total 2593):

-----------------------
 FR_MASTERSLICE       0
            li1    1267
           met1    1264
           met2      48
           met3      14
           met4       0
-----------------------
               2593


[INFO DRT-0195] Start 3rd guides tiles iteration.
    Completing 10% with 45 violations.
    elapsed time = 00:00:00, memory = 268.48 (MB).
    Completing 30% with 45 violations.
    elapsed time = 00:00:00, memory = 268.63 (MB).
    Completing 50% with 30 violations.
    elapsed time = 00:00:00, memory = 268.63 (MB).
    Completing 60% with 30 violations.
    elapsed time = 00:00:00, memory = 268.63 (MB).
    Completing 80% with 30 violations.
    elapsed time = 00:00:04, memory = 308.06 (MB).
    Completing 100% with 0 violations.
    elapsed time = 00:00:04, memory = 308.06 (MB).
[INFO DRT-0199]   Number of violations = 0.
[INFO DRT-0267] cpu time = 00:00:04, elapsed time = 00:00:04, memory = 310.43 (MB), peak = 537.39 (MB)
Total wire length = 8425 um.
Total wire length on LAYER li1 = 0 um.
Total wire length on LAYER met1 = 3896 um.
Total wire length on LAYER met2 = 3867 um.
Total wire length on LAYER met3 = 499 um.
Total wire length on LAYER met4 = 161 um.
Total wire length on LAYER met5 = 0 um.
Total number of vias = 2629.
Up-via summary (total 2629):

-----------------------
 FR_MASTERSLICE       0
            li1    1268
           met1    1256
           met2      91
           met3      14
           met4       0
-----------------------
               2629


[INFO DRT-0198] Complete detail routing.
Total wire length = 8425 um.
Total wire length on LAYER li1 = 0 um.
Total wire length on LAYER met1 = 3896 um.
Total wire length on LAYER met2 = 3867 um.
Total wire length on LAYER met3 = 499 um.
Total wire length on LAYER met4 = 161 um.
Total wire length on LAYER met5 = 0 um.
Total number of vias = 2629.
Up-via summary (total 2629):

-----------------------
 FR_MASTERSLICE       0
            li1    1268
           met1    1256
           met2      91
           met3      14
           met4       0
-----------------------
               2629


[INFO DRT-0267] cpu time = 00:00:28, elapsed time = 00:00:28, memory = 310.55 (MB), peak = 537.39 (MB)

[INFO DRT-0180] Post processing.
[INFO DRT-0501] Runtime: 51.87s
Took 52 seconds: detailed_route -output_drc ./reports/sky130hd/gcd/base/5_route_drc.rpt -output_maze ./results/sky130hd/gcd/base/maze.log -droute_end_iter 64 -verbose 1 -drc_report_iter_step 5
[INFO GRT-0012] Found 0 antenna violations.
[INFO ANT-0002] Found 0 net violations.
[INFO ANT-0001] Found 0 pin violations.
[INFO ANT-0002] Found 0 net violations.
[INFO ANT-0001] Found 0 pin violations.
Design area 4787 um^2 85% utilization.
write_db ./results/sky130hd/gcd/base/5_2_route.odb
Elapsed time: 0:52.94[h:]min:sec. CPU time: user 71.09 sys 1.00 (136%). Peak memory: 550284KB.
Log                    Ext     Elapsed      CPU     CPU/ Peak Mem sha1sum
                                     s        s  Elapsed       MB [0:10)
5_2_route              .odb         52       72     1.36      537 b33981d640
