[2026-10-08 06:28:05.141] [kepler_formal_main_logger] [info] [KeplerFormal.cpp:2121] KEPLER FORMAL: Run.
[2026-10-08 06:28:05.141] [kepler_formal_main_logger] [info] [KeplerFormal.cpp:2145] Input format: VERILOG
[2026-10-08 06:28:05.141] [kepler_formal_main_logger] [info] [KeplerFormal.cpp:837] Netlist 1: ./results/sky130hd/gcd/base/1_synth_lec.v
[2026-10-08 06:28:05.141] [kepler_formal_main_logger] [info] [KeplerFormal.cpp:837] Netlist 2: ./results/sky130hd/gcd/base/6_final_lec.v
[2026-10-08 06:28:05.141] [kepler_formal_main_logger] [info] [KeplerFormal.cpp:2312] Solver: KISSAT
[2026-10-08 06:28:05.141] [kepler_formal_main_logger] [info] [KeplerFormal.cpp:2313] Verification: lec
[2026-10-08 06:28:05.141] [kepler_formal_main_logger] [info] [KeplerFormal.cpp:2328] Compact mode: disabled
[2026-10-08 06:28:05.141] [kepler_formal_main_logger] [info] [KeplerFormal.cpp:2329] Skipped PO reports: disabled
[2026-10-08 06:28:05.141] [kepler_formal_main_logger] [info] [KeplerFormal.cpp:2331] Library: /OpenROAD-flow-scripts/flow/platforms/sky130hd/lib/sky130_fd_sc_hd__tt_025C_1v80.lib
[2026-10-08 06:28:05.141] [kepler_formal_main_logger] [info] [KeplerFormal.cpp:2562] Loading library file: /OpenROAD-flow-scripts/flow/platforms/sky130hd/lib/sky130_fd_sc_hd__tt_025C_1v80.lib
2026-10-08 06:28:05,253 [naja] [warning] In SNLLibertyConstructor, cell sky130_fd_sc_hd__dlclkp_1 from /OpenROAD-flow-scripts/flow/platforms/sky130hd/lib/sky130_fd_sc_hd__tt_025C_1v80.lib uses unsupported Liberty statetable/state_function behavioral modeling; leaving its truth table uninitialized while preserving independently supported timing/modeling.
2026-10-08 06:28:05,253 [naja] [warning] In SNLLibertyConstructor, cell sky130_fd_sc_hd__dlclkp_2 from /OpenROAD-flow-scripts/flow/platforms/sky130hd/lib/sky130_fd_sc_hd__tt_025C_1v80.lib uses unsupported Liberty statetable/state_function behavioral modeling; leaving its truth table uninitialized while preserving independently supported timing/modeling.
2026-10-08 06:28:05,253 [naja] [warning] In SNLLibertyConstructor, cell sky130_fd_sc_hd__dlclkp_4 from /OpenROAD-flow-scripts/flow/platforms/sky130hd/lib/sky130_fd_sc_hd__tt_025C_1v80.lib uses unsupported Liberty statetable/state_function behavioral modeling; leaving its truth table uninitialized while preserving independently supported timing/modeling.
2026-10-08 06:28:05,258 [naja] [warning] In SNLLibertyConstructor, cell sky130_fd_sc_hd__sdlclkp_1 from /OpenROAD-flow-scripts/flow/platforms/sky130hd/lib/sky130_fd_sc_hd__tt_025C_1v80.lib uses unsupported Liberty statetable/state_function behavioral modeling; leaving its truth table uninitialized while preserving independently supported timing/modeling.
2026-10-08 06:28:05,258 [naja] [warning] In SNLLibertyConstructor, cell sky130_fd_sc_hd__sdlclkp_2 from /OpenROAD-flow-scripts/flow/platforms/sky130hd/lib/sky130_fd_sc_hd__tt_025C_1v80.lib uses unsupported Liberty statetable/state_function behavioral modeling; leaving its truth table uninitialized while preserving independently supported timing/modeling.
2026-10-08 06:28:05,258 [naja] [warning] In SNLLibertyConstructor, cell sky130_fd_sc_hd__sdlclkp_4 from /OpenROAD-flow-scripts/flow/platforms/sky130hd/lib/sky130_fd_sc_hd__tt_025C_1v80.lib uses unsupported Liberty statetable/state_function behavioral modeling; leaving its truth table uninitialized while preserving independently supported timing/modeling.
2026-10-08 06:28:05,261 [naja] [info] Parsing verilog file(s) for design 1
2026-10-08 06:28:05,269 [naja] [info] Found top design: gcd
2026-10-08 06:28:05,269 [naja] [info] Loading library file: /OpenROAD-flow-scripts/flow/platforms/sky130hd/lib/sky130_fd_sc_hd__tt_025C_1v80.lib
2026-10-08 06:28:05,387 [naja] [warning] In SNLLibertyConstructor, cell sky130_fd_sc_hd__dlclkp_1 from /OpenROAD-flow-scripts/flow/platforms/sky130hd/lib/sky130_fd_sc_hd__tt_025C_1v80.lib uses unsupported Liberty statetable/state_function behavioral modeling; leaving its truth table uninitialized while preserving independently supported timing/modeling.
2026-10-08 06:28:05,387 [naja] [warning] In SNLLibertyConstructor, cell sky130_fd_sc_hd__dlclkp_2 from /OpenROAD-flow-scripts/flow/platforms/sky130hd/lib/sky130_fd_sc_hd__tt_025C_1v80.lib uses unsupported Liberty statetable/state_function behavioral modeling; leaving its truth table uninitialized while preserving independently supported timing/modeling.
2026-10-08 06:28:05,387 [naja] [warning] In SNLLibertyConstructor, cell sky130_fd_sc_hd__dlclkp_4 from /OpenROAD-flow-scripts/flow/platforms/sky130hd/lib/sky130_fd_sc_hd__tt_025C_1v80.lib uses unsupported Liberty statetable/state_function behavioral modeling; leaving its truth table uninitialized while preserving independently supported timing/modeling.
2026-10-08 06:28:05,391 [naja] [warning] In SNLLibertyConstructor, cell sky130_fd_sc_hd__sdlclkp_1 from /OpenROAD-flow-scripts/flow/platforms/sky130hd/lib/sky130_fd_sc_hd__tt_025C_1v80.lib uses unsupported Liberty statetable/state_function behavioral modeling; leaving its truth table uninitialized while preserving independently supported timing/modeling.
2026-10-08 06:28:05,391 [naja] [warning] In SNLLibertyConstructor, cell sky130_fd_sc_hd__sdlclkp_2 from /OpenROAD-flow-scripts/flow/platforms/sky130hd/lib/sky130_fd_sc_hd__tt_025C_1v80.lib uses unsupported Liberty statetable/state_function behavioral modeling; leaving its truth table uninitialized while preserving independently supported timing/modeling.
2026-10-08 06:28:05,391 [naja] [warning] In SNLLibertyConstructor, cell sky130_fd_sc_hd__sdlclkp_4 from /OpenROAD-flow-scripts/flow/platforms/sky130hd/lib/sky130_fd_sc_hd__tt_025C_1v80.lib uses unsupported Liberty statetable/state_function behavioral modeling; leaving its truth table uninitialized while preserving independently supported timing/modeling.
2026-10-08 06:28:05,394 [naja] [info] Parsing verilog file(s) for design 2
2026-10-08 06:28:05,404 [naja] [info] Found top design: gcd
2026-10-08 06:28:05,495 [naja] [info] No difference was found.
Elapsed time: 0:00.37[h:]min:sec. CPU time: user 0.35 sys 0.02 (99%). Peak memory: 20232KB.
