OpenROAD unknown 
Features included (+) or not (-): -GPU +GUI -Python
This program is licensed under the BSD-3 license. See the LICENSE file for details.
Components of this program may be licensed under more restrictive licenses which must be honored.
[INFO ORD-0030] Using 2 thread(s).
read_liberty /OpenROAD-flow-scripts/flow/platforms/sky130hd/lib/sky130_fd_sc_hd__tt_025C_1v80.lib
read_db -hier ./results/sky130hd/gcd/base/6_1_fill.odb
[WARNING ORD-0012] Hierarchical flow (-hier) is currently in development and may cause multiple issues. Do not use in production environments.
read_sdc ./results/sky130hd/gcd/base/6_1_fill.sdc
source /OpenROAD-flow-scripts/flow/platforms/sky130hd/setRC.tcl
[WARNING STA-0450] virtual clock vclk_core_clock can not be propagated.
write_db ./results/sky130hd/gcd/base/6_final.odb
write_sdc -no_timestamp ./results/sky130hd/gcd/base/6_final.sdc
Deleted 0 routing obstructions
Warning: master sky130_ef_sc_hd__decap_12 has signal pins but no liberty cell
Warning: master sky130_ef_sc_hd__decap_12 has signal pins but no liberty cell
Elapsed time: 0:00.37[h:]min:sec. CPU time: user 0.35 sys 0.02 (99%). Peak memory: 20232KB.
Global output passed lec test
[INFO RCX-0431] Defined process_corner X with ext_model_index 0
[INFO RCX-0029] Defined extraction corner X
[INFO RCX-0435] Reading extraction model file /OpenROAD-flow-scripts/flow/platforms/sky130hd/rcx_patterns.rules ...
[INFO RCX-0436] RC segment generation gcd (max_merge_res 50.0) ...
[INFO RCX-0040] Final 1255 rc segments
[INFO RCX-0439] Coupling Cap extraction gcd ...
[INFO RCX-0440] Coupling threshhold is 0.1000 fF, coupling capacitance less than 0.1000 fF will be grounded.
[INFO RCX-0442] 53% of 2763 wires extracted
[INFO RCX-0442] 100% of 2763 wires extracted
[INFO RCX-0045] Extract 468 nets, 1723 rsegs, 1723 caps, 2810 ccs
[INFO RCX-0443] 468 nets finished
[INFO PSM-0040] All shapes on net VDD are connected.
########## IR report #################
Net              : VDD
Corner           : default
Total power      : 6.89e-03 W
Supply voltage   : 1.80e+00 V
Worstcase voltage: 1.80e+00 V
Average voltage  : 1.80e+00 V
Average IR drop  : 4.47e-04 V
Worstcase IR drop: 1.05e-03 V
Percentage drop  : 0.06 %
######################################
[INFO PSM-0040] All shapes on net VSS are connected.
########## IR report #################
Net              : VSS
Corner           : default
Total power      : 6.89e-03 W
Supply voltage   : 0.00e+00 V
Worstcase voltage: 7.22e-04 V
Average voltage  : 2.14e-04 V
Average IR drop  : 2.14e-04 V
Worstcase IR drop: 7.22e-04 V
Percentage drop  : 0.04 %
######################################
Cell type report:                       Count       Area
  Fill cell                               289     820.79
  Tap cell                                 72      90.09
  Clock buffer                              7      76.32
  Timing Repair Buffer                    186    1704.13
  Inverter                                 12      45.04
  Clock inverter                            1       5.00
  Sequential cell                          35    1023.48
  Multi-Input combinational cell          194    1843.02
  Total                                   796    5607.88
Report metrics stage 6, finish...

==========================================================================
finish report_design_area
--------------------------------------------------------------------------
Design area 4787 um^2 85% utilization.
[WARNING GUI-0010] File path does not end with a valid extension, new path is: ./reports/sky130hd/gcd/base/final_all.webp.png
[WARNING GUI-0010] File path does not end with a valid extension, new path is: ./reports/sky130hd/gcd/base/final_routing.webp.png
[WARNING GUI-0010] File path does not end with a valid extension, new path is: ./reports/sky130hd/gcd/base/final_placement.webp.png
[WARNING GUI-0010] File path does not end with a valid extension, new path is: ./reports/sky130hd/gcd/base/final_ir_drop.webp.png
[WARNING GUI-0010] File path does not end with a valid extension, new path is: ./reports/sky130hd/gcd/base/final_clocks.webp.png
[WARNING GUI-0010] File path does not end with a valid extension, new path is: ./reports/sky130hd/gcd/base/cts_default_core_clock.webp.png
[WARNING GUI-0010] File path does not end with a valid extension, new path is: ./reports/sky130hd/gcd/base/cts_default_core_clock_layout.webp.png
[WARNING GUI-0010] File path does not end with a valid extension, new path is: ./reports/sky130hd/gcd/base/final_resizer.webp.png
[WARNING GUI-0010] File path does not end with a valid extension, new path is: ./reports/sky130hd/gcd/base/final_congestion.webp.png
[WARNING GUI-0010] File path does not end with a valid extension, new path is: ./reports/sky130hd/gcd/base/final_worst_path.webp.png
Elapsed time: 0:02.94[h:]min:sec. CPU time: user 2.66 sys 0.29 (100%). Peak memory: 151808KB.
Log                    Ext     Elapsed      CPU     CPU/ Peak Mem sha1sum
                                     s        s  Elapsed       MB [0:10)
6_report                             0        0     1.00       19 N/A
