OpenROAD unknown 
Features included (+) or not (-): -GPU +GUI -Python
This program is licensed under the BSD-3 license. See the LICENSE file for details.
Components of this program may be licensed under more restrictive licenses which must be honored.
[INFO ORD-0030] Using 2 thread(s).
read_liberty /OpenROAD-flow-scripts/flow/platforms/sky130hd/lib/sky130_fd_sc_hd__tt_025C_1v80.lib
read_db -hier ./results/sky130hd/gcd/base/2_floorplan.odb
[WARNING ORD-0012] Hierarchical flow (-hier) is currently in development and may cause multiple issues. Do not use in production environments.
read_sdc ./results/sky130hd/gcd/base/2_floorplan.sdc
source /OpenROAD-flow-scripts/flow/platforms/sky130hd/setRC.tcl
global_placement -skip_io -density 0.6 -pad_left 0 -pad_right 0
[INFO GPL-0190] Using 1 of 2 threads for placement: one per core, SMT siblings idle.
[INFO GPL-0001] ---- Initialize GPL Main Data Structures
[INFO GPL-0002] DBU: 1000
[INFO GPL-0003] SiteSize: (  0.460  2.720 ) um
[INFO GPL-0004] CoreBBox: (  1.380  2.720 ) ( 83.720 81.600 ) um
[INFO GPL-0016] Core area:                    6494.979 um^2
[INFO GPL-0036] Movable instances area:       2572.467 um^2
[INFO GPL-0037] Total instances area:         2668.810 um^2
[INFO GPL-0035] Pin density area adjust:       195.873 um^2
[INFO GPL-0032] ---- Initialize Region: Top-level
[INFO GPL-0006] Number of instances:               327
[INFO GPL-0007] Movable instances:                 250
[INFO GPL-0008] Fixed instances:                    77
[INFO GPL-0009] Dummy instances:                     0
[INFO GPL-0010] Number of nets:                    286
[INFO GPL-0011] Number of pins:                    892
[INFO GPL-0012] Die BBox:       (  0.000  0.000 ) ( 85.040 85.040 ) um
[INFO GPL-0013] Placement BBox: (  1.380  2.720 ) ( 83.720 81.600 ) um
[INFO GPL-0014] Region name: top-level.
[INFO GPL-0015] Region area:                  6494.979 um^2
[INFO GPL-0017] Fixed instances area:           96.342 um^2
[INFO GPL-0018] Movable instances area:       2768.340 um^2
[INFO GPL-0019] Utilization:                    43.265 %
[INFO GPL-0020] Standard cells area:          2768.340 um^2
[INFO GPL-0021] Large instances area:            0.000 um^2
[INFO GPL-0005] ---- Execute Conjugate Gradient Initial Placement.
[INFO GPL-0051] Source of initial instance position counters:
	Odb location = 0	Core center = 250	Region center = 0
[INFO GPL-0033] ---- Initialize Nesterov Region: Top-level
[INFO GPL-0023] Placement target density:       0.6000
[INFO GPL-0024] Movable insts average area:     11.073 um^2
[INFO GPL-0025] Ideal bin area:                 18.456 um^2
[INFO GPL-0026] Ideal bin count:                   351
[INFO GPL-0027] Total bin area:               6494.979 um^2
[INFO GPL-0028] Bin count (X, Y):          16 ,     16
[INFO GPL-0029] Bin size (W * H):       5.146 *  4.930 um
[INFO GPL-0030] Number of bins:                    256
[INFO GPL-0084] ---- Execute Nesterov Global Placement.
[INFO GPL-0031] HPWL: Half-Perimeter Wirelength
Iteration | Overflow |     HPWL (um) |  HPWL(%) |   Penalty | Group
---------------------------------------------------------------
        0 |   0.9694 |  6.048130e+02 |   +0.00% |  2.82e-14 |      
       10 |   0.9563 |  5.738300e+02 |   -5.12% |  4.59e-14 |      
       20 |   0.9563 |  5.714810e+02 |   -0.41% |  7.48e-14 |      
       30 |   0.9563 |  5.715980e+02 |   +0.02% |  1.22e-13 |      
       40 |   0.9563 |  5.715960e+02 |   -0.00% |  1.98e-13 |      
       50 |   0.9563 |  5.716790e+02 |   +0.01% |  3.23e-13 |      
       60 |   0.9563 |  5.720270e+02 |   +0.06% |  5.27e-13 |      
       70 |   0.9563 |  5.729240e+02 |   +0.16% |  8.58e-13 |      
       80 |   0.9563 |  5.743740e+02 |   +0.25% |  1.40e-12 |      
       90 |   0.9563 |  5.767210e+02 |   +0.41% |  2.28e-12 |      
      100 |   0.9563 |  5.801220e+02 |   +0.59% |  3.71e-12 |      
      110 |   0.9563 |  5.846250e+02 |   +0.78% |  6.04e-12 |      
      120 |   0.9563 |  5.897910e+02 |   +0.88% |  9.84e-12 |      
      130 |   0.9563 |  5.939980e+02 |   +0.71% |  1.60e-11 |      
      140 |   0.9563 |  6.077580e+02 |   +2.32% |  2.61e-11 |      
      150 |   0.9559 |  6.684680e+02 |   +9.99% |  4.25e-11 |      
      160 |   0.9077 |  8.539680e+02 |  +27.75% |  6.92e-11 |      
      170 |   0.8682 |  1.093505e+03 |  +28.05% |  1.13e-10 |      
      180 |   0.8587 |  1.161759e+03 |   +6.24% |  1.84e-10 |      
      190 |   0.8205 |  1.322554e+03 |  +13.84% |  2.99e-10 |      
      200 |   0.7934 |  1.466989e+03 |  +10.92% |  4.87e-10 |      
      210 |   0.7518 |  1.609974e+03 |   +9.75% |  7.94e-10 |      
      220 |   0.7069 |  1.790256e+03 |  +11.20% |  1.29e-09 |      
      230 |   0.6589 |  1.948003e+03 |   +8.81% |  2.11e-09 |      
      240 |   0.6084 |  2.091146e+03 |   +7.35% |  3.43e-09 |      
      250 |   0.5571 |  2.241265e+03 |   +7.18% |  5.59e-09 |      
      260 |   0.5050 |  2.384867e+03 |   +6.41% |  9.10e-09 |      
      270 |   0.4479 |  2.506321e+03 |   +5.09% |  1.48e-08 |      
      280 |   0.3925 |  2.641515e+03 |   +5.39% |  2.42e-08 |      
      290 |   0.3446 |  2.764792e+03 |   +4.67% |  3.93e-08 |      
      300 |   0.3103 |  2.857208e+03 |   +3.34% |  5.80e-08 |      
      310 |   0.2725 |  2.939566e+03 |   +2.88% |  8.54e-08 |      
      320 |   0.2400 |  3.017183e+03 |   +2.64% |  1.26e-07 |      
      330 |   0.2035 |  3.075560e+03 |   +1.93% |  1.85e-07 |      
      340 |   0.1725 |  3.106058e+03 |   +0.99% |  2.73e-07 |      
      350 |   0.1426 |  3.152857e+03 |   +1.51% |  4.02e-07 |      
      360 |   0.1073 |  3.175315e+03 |   +0.71% |  5.92e-07 |      
      364 |   0.0991 |  3.192383e+03 |          |  7.19e-07 |      
---------------------------------------------------------------
[INFO GPL-1001] Global placement finished at iteration 364
[INFO GPL-1002] Placed Cell Area             2768.3398
[INFO GPL-1003] Available Free Area          6398.6368
[INFO GPL-1004] Minimum Feasible Density        0.4400 (cell_area / free_area)
[INFO GPL-1006]   Suggested Target Densities:
[INFO GPL-1007]     - For 90% usage of free space: 0.4807
[INFO GPL-1008]     - For 80% usage of free space: 0.5408
[INFO GPL-1009]     - For 50% usage of free space: 0.8653
[INFO GPL-1014] Final placement area: 2768.34 (+0.00%)
[INFO GPL-1018] Final HPWL (um): 3193.62
Design area 2669 um^2 41% utilization.
write_db ./results/sky130hd/gcd/base/3_1_place_gp_skip_io.odb
Elapsed time: 0:00.55[h:]min:sec. CPU time: user 0.46 sys 0.08 (98%). Peak memory: 104192KB.
Log                    Ext     Elapsed      CPU     CPU/ Peak Mem sha1sum
                                     s        s  Elapsed       MB [0:10)
3_1_place_gp_skip_io   .odb          0        1     0.98      101 fc413001d7
