[2026-10-09 06:28:15.754] [miter_logger] [info] MiterStrategy::run starting
[2026-10-09 06:28:15.754] [miter_logger] [info] Collecting POs for design 0: gcd

[2026-10-09 06:28:15.757] [miter_logger] [info] Collected 71 PIs for design 0

[2026-10-09 06:28:15.757] [miter_logger] [info] Collected 120 POs for design 0

[2026-10-09 06:28:15.757] [miter_logger] [info] design 0 PI summary by model/term (71 total terminals, 8 unique rows):
| Model                     | Term     | Count |
|---------------------------|----------|-------|
| gcd                       | req_msg  |    32 |
| sky130_fd_sc_hd__edfxtp_1 | Q        |    32 |
| sky130_fd_sc_hd__dfxtp_1  | Q        |     2 |
| gcd                       | clk      |     1 |
| gcd                       | req_val  |     1 |
| gcd                       | reset    |     1 |
| gcd                       | resp_rdy |     1 |
| sky130_fd_sc_hd__dfxtp_2  | Q        |     1 |

[2026-10-09 06:28:15.757] [miter_logger] [info] design 0 PO summary by model/term (120 total terminals, 10 unique rows):
| Model                     | Term     | Count |
|---------------------------|----------|-------|
| sky130_fd_sc_hd__edfxtp_1 | CLK      |    32 |
| sky130_fd_sc_hd__edfxtp_1 | D        |    32 |
| sky130_fd_sc_hd__edfxtp_1 | DE       |    32 |
| gcd                       | resp_msg |    16 |
| sky130_fd_sc_hd__dfxtp_1  | CLK      |     2 |
| sky130_fd_sc_hd__dfxtp_1  | D        |     2 |
| gcd                       | req_rdy  |     1 |
| gcd                       | resp_val |     1 |
| sky130_fd_sc_hd__dfxtp_2  | CLK      |     1 |
| sky130_fd_sc_hd__dfxtp_2  | D        |     1 |

[2026-10-09 06:28:15.757] [miter_logger] [info] Collecting POs for design 1: gcd

[2026-10-09 06:28:15.760] [miter_logger] [info] size of common inputs: 71
[2026-10-09 06:28:15.760] [miter_logger] [info] size of diff0 inputs: 0
[2026-10-09 06:28:15.760] [miter_logger] [info] size of diff1 inputs: 0
[2026-10-09 06:28:15.760] [miter_logger] [info] Collected 71 PIs for design 1

[2026-10-09 06:28:15.760] [miter_logger] [info] Collected 120 POs for design 1

[2026-10-09 06:28:15.760] [miter_logger] [info] design 1 PI summary by model/term (71 total terminals, 8 unique rows):
| Model                     | Term     | Count |
|---------------------------|----------|-------|
| gcd                       | req_msg  |    32 |
| sky130_fd_sc_hd__edfxtp_1 | Q        |    32 |
| sky130_fd_sc_hd__dfxtp_2  | Q        |     2 |
| gcd                       | clk      |     1 |
| gcd                       | req_val  |     1 |
| gcd                       | reset    |     1 |
| gcd                       | resp_rdy |     1 |
| sky130_fd_sc_hd__dfxtp_1  | Q        |     1 |

[2026-10-09 06:28:15.760] [miter_logger] [info] design 1 PO summary by model/term (120 total terminals, 10 unique rows):
| Model                     | Term     | Count |
|---------------------------|----------|-------|
| sky130_fd_sc_hd__edfxtp_1 | CLK      |    32 |
| sky130_fd_sc_hd__edfxtp_1 | D        |    32 |
| sky130_fd_sc_hd__edfxtp_1 | DE       |    32 |
| gcd                       | resp_msg |    16 |
| sky130_fd_sc_hd__dfxtp_2  | CLK      |     2 |
| sky130_fd_sc_hd__dfxtp_2  | D        |     2 |
| gcd                       | req_rdy  |     1 |
| gcd                       | resp_val |     1 |
| sky130_fd_sc_hd__dfxtp_1  | CLK      |     1 |
| sky130_fd_sc_hd__dfxtp_1  | D        |     1 |

[2026-10-09 06:28:15.760] [miter_logger] [info] normalizeInputs: starting
[2026-10-09 06:28:15.760] [miter_logger] [info] size of common inputs: 71
[2026-10-09 06:28:15.760] [miter_logger] [info] size of diff0 inputs: 0
[2026-10-09 06:28:15.760] [miter_logger] [info] size of diff1 inputs: 0
[2026-10-09 06:28:15.760] [miter_logger] [info] normalizeOutputs: starting
[2026-10-09 06:28:15.760] [miter_logger] [info] size of common outputs: 120
[2026-10-09 06:28:15.760] [miter_logger] [info] size of diff0 outputs: 0
[2026-10-09 06:28:15.760] [miter_logger] [info] size of diff1 outputs: 0
[2026-10-09 06:28:15.760] [miter_logger] [info] size of PIs in circuit 0: 71
[2026-10-09 06:28:15.760] [miter_logger] [info] size of PIs in circuit 1: 71
[2026-10-09 06:28:15.760] [miter_logger] [info] size of POs in circuit 0: 120
[2026-10-09 06:28:15.760] [miter_logger] [info] size of POs in circuit 1: 120
[2026-10-09 06:28:15.768] [miter_logger] [info] Building miter expression
[2026-10-09 06:28:15.768] [miter_logger] [info] Finished building miter expression
[2026-10-09 06:28:15.770] [miter_logger] [info] Starting solver
[2026-10-09 06:28:15.864] [miter_logger] [info] SAT solver finished: UNSAT
[2026-10-09 06:28:15.864] [miter_logger] [info] Circuits are IDENTICAL
