OpenROAD unknown 
Features included (+) or not (-): -GPU +GUI -Python
This program is licensed under the BSD-3 license. See the LICENSE file for details.
Components of this program may be licensed under more restrictive licenses which must be honored.
[INFO ORD-0030] Using 2 thread(s).
read_liberty /OpenROAD-flow-scripts/flow/platforms/sky130hd/lib/sky130_fd_sc_hd__tt_025C_1v80.lib
read_db -hier ./results/sky130hd/gcd/base/5_1_grt.odb
[WARNING ORD-0012] Hierarchical flow (-hier) is currently in development and may cause multiple issues. Do not use in production environments.
read_sdc ./results/sky130hd/gcd/base/5_1_grt.sdc
source /OpenROAD-flow-scripts/flow/platforms/sky130hd/setRC.tcl
[WARNING STA-0450] virtual clock vclk_core_clock can not be propagated.
detailed_route -output_drc ./reports/sky130hd/gcd/base/5_route_drc.rpt -output_maze ./results/sky130hd/gcd/base/maze.log -droute_end_iter 64 -verbose 1 -drc_report_iter_step 5
[INFO DRT-0149] Reading tech and libs.
[WARNING DRT-0349] LEF58_ENCLOSURE with no CUTCLASS is not supported. Skipping for layer mcon
[WARNING DRT-0349] LEF58_ENCLOSURE with no CUTCLASS is not supported. Skipping for layer mcon
[WARNING DRT-0349] LEF58_ENCLOSURE with no CUTCLASS is not supported. Skipping for layer via
[WARNING DRT-0349] LEF58_ENCLOSURE with no CUTCLASS is not supported. Skipping for layer via
[WARNING DRT-0349] LEF58_ENCLOSURE with no CUTCLASS is not supported. Skipping for layer via2
[WARNING DRT-0349] LEF58_ENCLOSURE with no CUTCLASS is not supported. Skipping for layer via2
[WARNING DRT-0349] LEF58_ENCLOSURE with no CUTCLASS is not supported. Skipping for layer via3
[WARNING DRT-0349] LEF58_ENCLOSURE with no CUTCLASS is not supported. Skipping for layer via3
[WARNING DRT-0349] LEF58_ENCLOSURE with no CUTCLASS is not supported. Skipping for layer via4
[WARNING DRT-0349] LEF58_ENCLOSURE with no CUTCLASS is not supported. Skipping for layer via4

Units:                1000
Number of layers:     13
Number of macros:     441
Number of vias:       29
Number of viarulegen: 25

[INFO DRT-0150] Reading design.

Design:                   gcd
Die area:                 ( 0 0 ) ( 85040 85040 )
Number of track patterns: 12
Number of DEF vias:       0
Number of components:     502
Number of terminals:      56
Number of snets:          2
Number of nets:           458

[INFO DRT-0167] List of default vias:
  Layer via
    default via: M1M2_PR
  Layer via2
    default via: M2M3_PR
  Layer via3
    default via: M3M4_PR
  Layer via4
    default via: M4M5_PR
[INFO DRT-0162] Library cell analysis.
[INFO DRT-0163] Instance analysis.
[INFO DRT-0164] Number of unique instances = 110.
[INFO DRT-0168] Init region query.
[INFO DRT-0024]   Complete FR_MASTERSLICE.
[INFO DRT-0024]   Complete Fr_VIA.
[INFO DRT-0024]   Complete li1.
[INFO DRT-0024]   Complete mcon.
[INFO DRT-0024]   Complete met1.
[INFO DRT-0024]   Complete via.
[INFO DRT-0024]   Complete met2.
[INFO DRT-0024]   Complete via2.
[INFO DRT-0024]   Complete met3.
[INFO DRT-0024]   Complete via3.
[INFO DRT-0024]   Complete met4.
[INFO DRT-0024]   Complete via4.
[INFO DRT-0024]   Complete met5.
[INFO DRT-0033] FR_MASTERSLICE shape region query size = 0.
[INFO DRT-0033] FR_VIA shape region query size = 0.
[INFO DRT-0033] li1 shape region query size = 12122.
[INFO DRT-0033] mcon shape region query size = 7668.
[INFO DRT-0033] met1 shape region query size = 1650.
[INFO DRT-0033] via shape region query size = 450.
[INFO DRT-0033] met2 shape region query size = 297.
[INFO DRT-0033] via2 shape region query size = 360.
[INFO DRT-0033] met3 shape region query size = 297.
[INFO DRT-0033] via3 shape region query size = 360.
[INFO DRT-0033] met4 shape region query size = 111.
[INFO DRT-0033] via4 shape region query size = 15.
[INFO DRT-0033] met5 shape region query size = 25.
[INFO DRT-0165] Start pin access.
[INFO DRT-0078]   Complete 817 pins.
[INFO DRT-0079]   Complete 100 unique inst patterns.
[INFO DRT-0081]   Complete 110 unique inst patterns.
[INFO DRT-0084]   Complete 232 groups.
#scanned instances     = 502
#unique  instances     = 110
#stdCellGenAp          = 2963
#stdCellValidPlanarAp  = 14
#stdCellValidViaAp     = 2214
#stdCellPinNoAp        = 0
#stdCellPinCnt         = 1239
#instTermValidViaApCnt = 0
#macroGenAp            = 0
#macroValidPlanarAp    = 0
#macroValidViaAp       = 0
#macroNoAp             = 0
[INFO DRT-0166] Complete pin access.
[INFO DRT-0267] cpu time = 00:00:33, elapsed time = 00:00:18, memory = 205.59 (MB), peak = 205.50 (MB)

[INFO DRT-0157] Number of guides:     2792

[INFO DRT-0169] Post process guides.
[INFO DRT-0176] GCELLGRID X 0 DO 12 STEP 6900 ;
[INFO DRT-0177] GCELLGRID Y 0 DO 12 STEP 6900 ;
[INFO DRT-0028]   Complete FR_MASTERSLICE.
[INFO DRT-0028]   Complete Fr_VIA.
[INFO DRT-0028]   Complete li1.
[INFO DRT-0028]   Complete mcon.
[INFO DRT-0028]   Complete met1.
[INFO DRT-0028]   Complete via.
[INFO DRT-0028]   Complete met2.
[INFO DRT-0028]   Complete via2.
[INFO DRT-0028]   Complete met3.
[INFO DRT-0028]   Complete via3.
[INFO DRT-0028]   Complete met4.
[INFO DRT-0028]   Complete via4.
[INFO DRT-0028]   Complete met5.
[INFO DRT-0178] Init guide query.
[INFO DRT-0035]   Complete FR_MASTERSLICE (guide).
[INFO DRT-0035]   Complete Fr_VIA (guide).
[INFO DRT-0035]   Complete li1 (guide).
[INFO DRT-0035]   Complete mcon (guide).
[INFO DRT-0035]   Complete met1 (guide).
[INFO DRT-0035]   Complete via (guide).
[INFO DRT-0035]   Complete met2 (guide).
[INFO DRT-0035]   Complete via2 (guide).
[INFO DRT-0035]   Complete met3 (guide).
[INFO DRT-0035]   Complete via3 (guide).
[INFO DRT-0035]   Complete met4 (guide).
[INFO DRT-0035]   Complete via4 (guide).
[INFO DRT-0035]   Complete met5 (guide).
[INFO DRT-0036] FR_MASTERSLICE guide region query size = 0.
[INFO DRT-0036] FR_VIA guide region query size = 0.
[INFO DRT-0036] li1 guide region query size = 1018.
[INFO DRT-0036] mcon guide region query size = 0.
[INFO DRT-0036] met1 guide region query size = 831.
[INFO DRT-0036] via guide region query size = 0.
[INFO DRT-0036] met2 guide region query size = 381.
[INFO DRT-0036] via2 guide region query size = 0.
[INFO DRT-0036] met3 guide region query size = 31.
[INFO DRT-0036] via3 guide region query size = 0.
[INFO DRT-0036] met4 guide region query size = 3.
[INFO DRT-0036] via4 guide region query size = 0.
[INFO DRT-0036] met5 guide region query size = 0.
[INFO DRT-0179] Init gr pin query.
[INFO DRT-0267] cpu time = 00:00:00, elapsed time = 00:00:00, memory = 206.41 (MB), peak = 206.12 (MB)
[INFO DRT-0245] skipped writing guide updates to database.
[INFO DRT-0181] Start track assignment.
[INFO DRT-0184] Done with 1402 vertical wires in 1 frboxes and 862 horizontal wires in 1 frboxes.
[INFO DRT-0186] Done with 119 vertical wires in 1 frboxes and 250 horizontal wires in 1 frboxes.
[INFO DRT-0182] Complete track assignment.
[INFO DRT-0267] cpu time = 00:00:00, elapsed time = 00:00:00, memory = 210.56 (MB), peak = 210.38 (MB)
[INFO DRT-0187] Start routing data preparation.
[INFO DRT-0267] cpu time = 00:00:00, elapsed time = 00:00:00, memory = 210.56 (MB), peak = 210.38 (MB)
[INFO DRT-0194] Start detail routing.
[INFO DRT-0195] Start 0th optimization iteration.
    Completing 20% with 0 violations.
    elapsed time = 00:00:02, memory = 248.64 (MB).
    Completing 50% with 29 violations.
    elapsed time = 00:00:03, memory = 253.03 (MB).
    Completing 70% with 56 violations.
    elapsed time = 00:00:05, memory = 250.78 (MB).
    Completing 100% with 90 violations.
    elapsed time = 00:00:06, memory = 251.44 (MB).
[INFO DRT-0199]   Number of violations = 106.
Viol/Layer        met1   met2   met3   via3   met4
Metal Spacing       20      3      6      0      0
Recheck              7      5      2      0      2
Short               57      1      0      1      2
[INFO DRT-0267] cpu time = 00:00:07, elapsed time = 00:00:07, memory = 252.39 (MB), peak = 529.15 (MB)
Total wire length = 7447 um.
Total wire length on LAYER li1 = 0 um.
Total wire length on LAYER met1 = 3976 um.
Total wire length on LAYER met2 = 3263 um.
Total wire length on LAYER met3 = 169 um.
Total wire length on LAYER met4 = 38 um.
Total wire length on LAYER met5 = 0 um.
Total number of vias = 2451.
Up-via summary (total 2451):

-----------------------
 FR_MASTERSLICE       0
            li1    1245
           met1    1172
           met2      30
           met3       4
           met4       0
-----------------------
               2451


[INFO DRT-0195] Start 1st optimization iteration.
    Completing 20% with 106 violations.
    elapsed time = 00:00:00, memory = 255.29 (MB).
    Completing 50% with 103 violations.
    elapsed time = 00:00:01, memory = 255.77 (MB).
    Completing 70% with 83 violations.
    elapsed time = 00:00:03, memory = 256.24 (MB).
    Completing 100% with 59 violations.
    elapsed time = 00:00:06, memory = 255.95 (MB).
[INFO DRT-0199]   Number of violations = 59.
Viol/Layer        met1   met2
Metal Spacing       20      1
Short               35      3
[INFO DRT-0267] cpu time = 00:00:06, elapsed time = 00:00:07, memory = 254.63 (MB), peak = 531.41 (MB)
Total wire length = 7369 um.
Total wire length on LAYER li1 = 0 um.
Total wire length on LAYER met1 = 3918 um.
Total wire length on LAYER met2 = 3252 um.
Total wire length on LAYER met3 = 170 um.
Total wire length on LAYER met4 = 27 um.
Total wire length on LAYER met5 = 0 um.
Total number of vias = 2436.
Up-via summary (total 2436):

-----------------------
 FR_MASTERSLICE       0
            li1    1243
           met1    1160
           met2      31
           met3       2
           met4       0
-----------------------
               2436


[INFO DRT-0195] Start 2nd optimization iteration.
    Completing 10% with 59 violations.
    elapsed time = 00:00:00, memory = 254.63 (MB).
    Completing 20% with 59 violations.
    elapsed time = 00:00:00, memory = 254.63 (MB).
    Completing 30% with 59 violations.
    elapsed time = 00:00:00, memory = 254.63 (MB).
    Completing 40% with 59 violations.
    elapsed time = 00:00:00, memory = 254.63 (MB).
    Completing 50% with 59 violations.
    elapsed time = 00:00:00, memory = 267.36 (MB).
    Completing 60% with 59 violations.
    elapsed time = 00:00:00, memory = 264.84 (MB).
    Completing 70% with 45 violations.
    elapsed time = 00:00:00, memory = 264.84 (MB).
    Completing 80% with 45 violations.
    elapsed time = 00:00:01, memory = 266.79 (MB).
    Completing 100% with 46 violations.
    elapsed time = 00:00:03, memory = 266.30 (MB).
[INFO DRT-0199]   Number of violations = 46.
Viol/Layer        met1   met2
Metal Spacing       10      1
Short               34      1
[INFO DRT-0267] cpu time = 00:00:04, elapsed time = 00:00:03, memory = 265.58 (MB), peak = 535.35 (MB)
Total wire length = 7352 um.
Total wire length on LAYER li1 = 0 um.
Total wire length on LAYER met1 = 3915 um.
Total wire length on LAYER met2 = 3238 um.
Total wire length on LAYER met3 = 170 um.
Total wire length on LAYER met4 = 27 um.
Total wire length on LAYER met5 = 0 um.
Total number of vias = 2434.
Up-via summary (total 2434):

-----------------------
 FR_MASTERSLICE       0
            li1    1245
           met1    1156
           met2      31
           met3       2
           met4       0
-----------------------
               2434


[INFO DRT-0195] Start 3rd guides tiles iteration.
    Completing 20% with 46 violations.
    elapsed time = 00:00:01, memory = 273.34 (MB).
    Completing 50% with 1 violations.
    elapsed time = 00:00:01, memory = 273.34 (MB).
    Completing 70% with 1 violations.
    elapsed time = 00:00:01, memory = 273.34 (MB).
    Completing 100% with 0 violations.
    elapsed time = 00:00:01, memory = 273.34 (MB).
[INFO DRT-0199]   Number of violations = 0.
[INFO DRT-0267] cpu time = 00:00:01, elapsed time = 00:00:01, memory = 273.61 (MB), peak = 535.35 (MB)
Total wire length = 7327 um.
Total wire length on LAYER li1 = 0 um.
Total wire length on LAYER met1 = 3876 um.
Total wire length on LAYER met2 = 3243 um.
Total wire length on LAYER met3 = 179 um.
Total wire length on LAYER met4 = 27 um.
Total wire length on LAYER met5 = 0 um.
Total number of vias = 2450.
Up-via summary (total 2450):

-----------------------
 FR_MASTERSLICE       0
            li1    1246
           met1    1167
           met2      35
           met3       2
           met4       0
-----------------------
               2450


[INFO DRT-0198] Complete detail routing.
Total wire length = 7327 um.
Total wire length on LAYER li1 = 0 um.
Total wire length on LAYER met1 = 3876 um.
Total wire length on LAYER met2 = 3243 um.
Total wire length on LAYER met3 = 179 um.
Total wire length on LAYER met4 = 27 um.
Total wire length on LAYER met5 = 0 um.
Total number of vias = 2450.
Up-via summary (total 2450):

-----------------------
 FR_MASTERSLICE       0
            li1    1246
           met1    1167
           met2      35
           met3       2
           met4       0
-----------------------
               2450


[INFO DRT-0267] cpu time = 00:00:19, elapsed time = 00:00:19, memory = 273.74 (MB), peak = 535.35 (MB)

[INFO DRT-0180] Post processing.
[INFO DRT-0501] Runtime: 38.41s
Took 39 seconds: detailed_route -output_drc ./reports/sky130hd/gcd/base/5_route_drc.rpt -output_maze ./results/sky130hd/gcd/base/maze.log -droute_end_iter 64 -verbose 1 -drc_report_iter_step 5
[INFO GRT-0012] Found 0 antenna violations.
[INFO ANT-0002] Found 0 net violations.
[INFO ANT-0001] Found 0 pin violations.
[INFO ANT-0002] Found 0 net violations.
[INFO ANT-0001] Found 0 pin violations.
Design area 4568 um^2 70% utilization.
write_db ./results/sky130hd/gcd/base/5_2_route.odb
Elapsed time: 0:39.53[h:]min:sec. CPU time: user 53.91 sys 1.01 (138%). Peak memory: 548196KB.
Log                    Ext     Elapsed      CPU     CPU/ Peak Mem sha1sum
                                     s        s  Elapsed       MB [0:10)
5_2_route              .odb         39       55     1.39      535 7c3a1af951
