
==========================================================================
global place report_tns
--------------------------------------------------------------------------
tns max -84.97

==========================================================================
global place report_wns
--------------------------------------------------------------------------
wns max -2.01

==========================================================================
global place report_worst_slack
--------------------------------------------------------------------------
worst slack max -2.01

==========================================================================
global place report_clock_min_period
--------------------------------------------------------------------------
core_clock period_min = 3.05 fmax = 328.28
vclk_core_clock period_min = 0.00 fmax = inf

==========================================================================
global place report_checks -path_delay min
--------------------------------------------------------------------------
Startpoint: ctrl.state.out[2]$_DFF_P_
            (rising edge-triggered flip-flop clocked by core_clock)
Endpoint: ctrl.state.out[1]$_DFF_P_
          (rising edge-triggered flip-flop clocked by core_clock)
Path Group: core_clock
Path Type: min

Fanout     Cap    Slew   Delay    Time   Description
-----------------------------------------------------------------------------
                  0.00    0.00    0.00   clock core_clock (rise edge)
                          0.29    0.29   clock network delay (ideal)
                  0.00    0.00    0.29 ^ ctrl.state.out[2]$_DFF_P_/CLK (sky130_fd_sc_hd__dfxtp_1)
     4    0.01    0.06    0.31    0.60 v ctrl.state.out[2]$_DFF_P_/Q (sky130_fd_sc_hd__dfxtp_1)
                                         ctrl.state.out[2] (net)
                  0.06    0.00    0.60 v _368_/B1 (sky130_fd_sc_hd__o21ai_1)
     1    0.00    0.08    0.08    0.68 ^ _368_/Y (sky130_fd_sc_hd__o21ai_1)
                                         _158_ (net)
                  0.08    0.00    0.68 ^ _369_/A1 (sky130_fd_sc_hd__a21oi_1)
     1    0.00    0.02    0.07    0.75 v _369_/Y (sky130_fd_sc_hd__a21oi_1)
                                         _001_ (net)
                  0.02    0.00    0.75 v ctrl.state.out[1]$_DFF_P_/D (sky130_fd_sc_hd__dfxtp_1)
                                  0.75   data arrival time

                  0.00    0.00    0.00   clock core_clock (rise edge)
                          0.29    0.29   clock network delay (ideal)
                          0.00    0.29   clock reconvergence pessimism
                                  0.29 ^ ctrl.state.out[1]$_DFF_P_/CLK (sky130_fd_sc_hd__dfxtp_1)
                         -0.06    0.23   library hold time
                                  0.23   data required time
-----------------------------------------------------------------------------
                                  0.23   data required time
                                 -0.75   data arrival time
-----------------------------------------------------------------------------
                                  0.51   slack (MET)


Startpoint: ctrl.state.out[1]$_DFF_P_
            (rising edge-triggered flip-flop clocked by core_clock)
Endpoint: resp_val (output port clocked by vclk_core_clock)
Path Group: vclk_core_clock
Path Type: min

Fanout     Cap    Slew   Delay    Time   Description
-----------------------------------------------------------------------------
                  0.00    0.00    0.00   clock core_clock (rise edge)
                          0.29    0.29   clock network delay (ideal)
                  0.00    0.00    0.29 ^ ctrl.state.out[1]$_DFF_P_/CLK (sky130_fd_sc_hd__dfxtp_1)
     2    0.01    0.04    0.28    0.57 v ctrl.state.out[1]$_DFF_P_/Q (sky130_fd_sc_hd__dfxtp_1)
                                         ctrl.state.out[1] (net)
                  0.04    0.00    0.57 v _357_/A (sky130_fd_sc_hd__inv_1)
     1    0.00    0.03    0.05    0.62 ^ _357_/Y (sky130_fd_sc_hd__inv_1)
                                         _150_ (net)
                  0.03    0.00    0.62 ^ _359_/B (sky130_fd_sc_hd__nor2_1)
     2    0.01    0.03    0.04    0.66 v _359_/Y (sky130_fd_sc_hd__nor2_1)
                                         net53 (net)
                  0.03    0.00    0.66 v output53/A (sky130_fd_sc_hd__clkdlybuf4s50_1)
     1    0.00    0.04    0.40    1.06 v output53/X (sky130_fd_sc_hd__clkdlybuf4s50_1)
                                         resp_val (net)
                  0.04    0.00    1.06 v resp_val (out)
                                  1.06   data arrival time

                  0.00    0.00    0.00   clock vclk_core_clock (rise edge)
                          0.29    0.29   clock network delay (ideal)
                          0.00    0.29   clock reconvergence pessimism
                         -0.22    0.07   output external delay
                                  0.07   data required time
-----------------------------------------------------------------------------
                                  0.07   data required time
                                 -1.06   data arrival time
-----------------------------------------------------------------------------
                                  0.99   slack (MET)



==========================================================================
global place report_checks -path_delay max
--------------------------------------------------------------------------
Startpoint: dpath.b_reg.out[7]$_DFFE_PP_
            (rising edge-triggered flip-flop clocked by core_clock)
Endpoint: dpath.a_reg.out[0]$_DFFE_PP_
          (rising edge-triggered flip-flop clocked by core_clock)
Path Group: core_clock
Path Type: max

Fanout     Cap    Slew   Delay    Time   Description
-----------------------------------------------------------------------------
                  0.00    0.00    0.00   clock core_clock (rise edge)
                          0.29    0.29   clock network delay (ideal)
                  0.00    0.00    0.29 ^ dpath.b_reg.out[7]$_DFFE_PP_/CLK (sky130_fd_sc_hd__edfxtp_1)
     2    0.00    0.07    0.35    0.64 v dpath.b_reg.out[7]$_DFFE_PP_/Q (sky130_fd_sc_hd__edfxtp_1)
                                         dpath.a_lt_b$in1[7] (net)
                  0.07    0.00    0.64 v place194/A (sky130_fd_sc_hd__buf_4)
     4    0.01    0.04    0.16    0.79 v place194/X (sky130_fd_sc_hd__buf_4)
                                         net194 (net)
                  0.04    0.00    0.79 v _217_/B (sky130_fd_sc_hd__xor2_1)
     2    0.01    0.07    0.15    0.94 v _217_/X (sky130_fd_sc_hd__xor2_1)
                                         _035_ (net)
                  0.07    0.00    0.94 v _222_/B (sky130_fd_sc_hd__or4_1)
     1    0.01    0.12    0.56    1.50 v _222_/X (sky130_fd_sc_hd__or4_1)
                                         _040_ (net)
                  0.12    0.00    1.50 v _239_/A1 (sky130_fd_sc_hd__o31a_1)
     2    0.01    0.07    0.35    1.85 v _239_/X (sky130_fd_sc_hd__o31a_1)
                                         _057_ (net)
                  0.07    0.00    1.85 v place156/A (sky130_fd_sc_hd__buf_4)
     2    0.01    0.03    0.14    1.99 v place156/X (sky130_fd_sc_hd__buf_4)
                                         net156 (net)
                  0.03    0.00    1.99 v _256_/A1 (sky130_fd_sc_hd__o21ai_1)
     2    0.01    0.15    0.16    2.15 ^ _256_/Y (sky130_fd_sc_hd__o21ai_1)
                                         _074_ (net)
                  0.15    0.00    2.15 ^ _268_/C (sky130_fd_sc_hd__maj3_1)
     8    0.03    0.34    0.40    2.56 ^ _268_/X (sky130_fd_sc_hd__maj3_1)
                                         _085_ (net)
                  0.34    0.00    2.56 ^ place144/A (sky130_fd_sc_hd__buf_4)
     7    0.04    0.12    0.24    2.80 ^ place144/X (sky130_fd_sc_hd__buf_4)
                                         net144 (net)
                  0.12    0.00    2.80 ^ _352_/B (sky130_fd_sc_hd__nand2_1)
     1    0.00    0.05    0.08    2.88 v _352_/Y (sky130_fd_sc_hd__nand2_1)
                                         _146_ (net)
                  0.05    0.00    2.88 v _353_/B (sky130_fd_sc_hd__xor2_1)
     1    0.00    0.10    0.11    3.00 ^ _353_/X (sky130_fd_sc_hd__xor2_1)
                                         _147_ (net)
                  0.10    0.00    3.00 ^ _355_/A2 (sky130_fd_sc_hd__o21ai_0)
     1    0.00    0.06    0.07    3.07 v _355_/Y (sky130_fd_sc_hd__o21ai_0)
                                         dpath.a_mux$out[0] (net)
                  0.06    0.00    3.07 v dpath.a_reg.out[0]$_DFFE_PP_/D (sky130_fd_sc_hd__edfxtp_1)
                                  3.07   data arrival time

                  0.00    1.10    1.10   clock core_clock (rise edge)
                          0.29    1.39   clock network delay (ideal)
                          0.00    1.39   clock reconvergence pessimism
                                  1.39 ^ dpath.a_reg.out[0]$_DFFE_PP_/CLK (sky130_fd_sc_hd__edfxtp_1)
                         -0.27    1.12   library setup time
                                  1.12   data required time
-----------------------------------------------------------------------------
                                  1.12   data required time
                                 -3.07   data arrival time
-----------------------------------------------------------------------------
                                 -1.95   slack (VIOLATED)


Startpoint: dpath.b_reg.out[7]$_DFFE_PP_
            (rising edge-triggered flip-flop clocked by core_clock)
Endpoint: resp_msg[14] (output port clocked by vclk_core_clock)
Path Group: vclk_core_clock
Path Type: max

Fanout     Cap    Slew   Delay    Time   Description
-----------------------------------------------------------------------------
                  0.00    0.00    0.00   clock core_clock (rise edge)
                          0.29    0.29   clock network delay (ideal)
                  0.00    0.00    0.29 ^ dpath.b_reg.out[7]$_DFFE_PP_/CLK (sky130_fd_sc_hd__edfxtp_1)
     2    0.00    0.07    0.35    0.64 v dpath.b_reg.out[7]$_DFFE_PP_/Q (sky130_fd_sc_hd__edfxtp_1)
                                         dpath.a_lt_b$in1[7] (net)
                  0.07    0.00    0.64 v place194/A (sky130_fd_sc_hd__buf_4)
     4    0.01    0.04    0.16    0.79 v place194/X (sky130_fd_sc_hd__buf_4)
                                         net194 (net)
                  0.04    0.00    0.79 v _217_/B (sky130_fd_sc_hd__xor2_1)
     2    0.01    0.07    0.15    0.94 v _217_/X (sky130_fd_sc_hd__xor2_1)
                                         _035_ (net)
                  0.07    0.00    0.94 v _222_/B (sky130_fd_sc_hd__or4_1)
     1    0.01    0.12    0.56    1.50 v _222_/X (sky130_fd_sc_hd__or4_1)
                                         _040_ (net)
                  0.12    0.00    1.50 v _239_/A1 (sky130_fd_sc_hd__o31a_1)
     2    0.01    0.07    0.35    1.85 v _239_/X (sky130_fd_sc_hd__o31a_1)
                                         _057_ (net)
                  0.07    0.00    1.85 v _261_/C (sky130_fd_sc_hd__maj3_2)
     3    0.01    0.08    0.34    2.20 v _261_/X (sky130_fd_sc_hd__maj3_2)
                                         _078_ (net)
                  0.08    0.00    2.20 v _262_/A2 (sky130_fd_sc_hd__a211oi_2)
     2    0.01    0.18    0.25    2.44 ^ _262_/Y (sky130_fd_sc_hd__a211oi_2)
                                         _079_ (net)
                  0.18    0.00    2.44 ^ _263_/B (sky130_fd_sc_hd__nor2_1)
     2    0.01    0.06    0.09    2.53 v _263_/Y (sky130_fd_sc_hd__nor2_1)
                                         _080_ (net)
                  0.06    0.00    2.53 v _282_/B (sky130_fd_sc_hd__xnor2_1)
     1    0.00    0.15    0.16    2.69 ^ _282_/Y (sky130_fd_sc_hd__xnor2_1)
                                         net42 (net)
                  0.15    0.00    2.69 ^ output42/A (sky130_fd_sc_hd__clkdlybuf4s50_1)
     1    0.00    0.03    0.49    3.18 ^ output42/X (sky130_fd_sc_hd__clkdlybuf4s50_1)
                                         resp_msg[14] (net)
                  0.03    0.00    3.18 ^ resp_msg[14] (out)
                                  3.18   data arrival time

                  0.00    1.10    1.10   clock vclk_core_clock (rise edge)
                          0.29    1.39   clock network delay (ideal)
                          0.00    1.39   clock reconvergence pessimism
                         -0.22    1.17   output external delay
                                  1.17   data required time
-----------------------------------------------------------------------------
                                  1.17   data required time
                                 -3.18   data arrival time
-----------------------------------------------------------------------------
                                 -2.01   slack (VIOLATED)



==========================================================================
global place report_checks -unconstrained
--------------------------------------------------------------------------
Startpoint: dpath.b_reg.out[7]$_DFFE_PP_
            (rising edge-triggered flip-flop clocked by core_clock)
Endpoint: dpath.a_reg.out[0]$_DFFE_PP_
          (rising edge-triggered flip-flop clocked by core_clock)
Path Group: core_clock
Path Type: max

Fanout     Cap    Slew   Delay    Time   Description
-----------------------------------------------------------------------------
                  0.00    0.00    0.00   clock core_clock (rise edge)
                          0.29    0.29   clock network delay (ideal)
                  0.00    0.00    0.29 ^ dpath.b_reg.out[7]$_DFFE_PP_/CLK (sky130_fd_sc_hd__edfxtp_1)
     2    0.00    0.07    0.35    0.64 v dpath.b_reg.out[7]$_DFFE_PP_/Q (sky130_fd_sc_hd__edfxtp_1)
                                         dpath.a_lt_b$in1[7] (net)
                  0.07    0.00    0.64 v place194/A (sky130_fd_sc_hd__buf_4)
     4    0.01    0.04    0.16    0.79 v place194/X (sky130_fd_sc_hd__buf_4)
                                         net194 (net)
                  0.04    0.00    0.79 v _217_/B (sky130_fd_sc_hd__xor2_1)
     2    0.01    0.07    0.15    0.94 v _217_/X (sky130_fd_sc_hd__xor2_1)
                                         _035_ (net)
                  0.07    0.00    0.94 v _222_/B (sky130_fd_sc_hd__or4_1)
     1    0.01    0.12    0.56    1.50 v _222_/X (sky130_fd_sc_hd__or4_1)
                                         _040_ (net)
                  0.12    0.00    1.50 v _239_/A1 (sky130_fd_sc_hd__o31a_1)
     2    0.01    0.07    0.35    1.85 v _239_/X (sky130_fd_sc_hd__o31a_1)
                                         _057_ (net)
                  0.07    0.00    1.85 v place156/A (sky130_fd_sc_hd__buf_4)
     2    0.01    0.03    0.14    1.99 v place156/X (sky130_fd_sc_hd__buf_4)
                                         net156 (net)
                  0.03    0.00    1.99 v _256_/A1 (sky130_fd_sc_hd__o21ai_1)
     2    0.01    0.15    0.16    2.15 ^ _256_/Y (sky130_fd_sc_hd__o21ai_1)
                                         _074_ (net)
                  0.15    0.00    2.15 ^ _268_/C (sky130_fd_sc_hd__maj3_1)
     8    0.03    0.34    0.40    2.56 ^ _268_/X (sky130_fd_sc_hd__maj3_1)
                                         _085_ (net)
                  0.34    0.00    2.56 ^ place144/A (sky130_fd_sc_hd__buf_4)
     7    0.04    0.12    0.24    2.80 ^ place144/X (sky130_fd_sc_hd__buf_4)
                                         net144 (net)
                  0.12    0.00    2.80 ^ _352_/B (sky130_fd_sc_hd__nand2_1)
     1    0.00    0.05    0.08    2.88 v _352_/Y (sky130_fd_sc_hd__nand2_1)
                                         _146_ (net)
                  0.05    0.00    2.88 v _353_/B (sky130_fd_sc_hd__xor2_1)
     1    0.00    0.10    0.11    3.00 ^ _353_/X (sky130_fd_sc_hd__xor2_1)
                                         _147_ (net)
                  0.10    0.00    3.00 ^ _355_/A2 (sky130_fd_sc_hd__o21ai_0)
     1    0.00    0.06    0.07    3.07 v _355_/Y (sky130_fd_sc_hd__o21ai_0)
                                         dpath.a_mux$out[0] (net)
                  0.06    0.00    3.07 v dpath.a_reg.out[0]$_DFFE_PP_/D (sky130_fd_sc_hd__edfxtp_1)
                                  3.07   data arrival time

                  0.00    1.10    1.10   clock core_clock (rise edge)
                          0.29    1.39   clock network delay (ideal)
                          0.00    1.39   clock reconvergence pessimism
                                  1.39 ^ dpath.a_reg.out[0]$_DFFE_PP_/CLK (sky130_fd_sc_hd__edfxtp_1)
                         -0.27    1.12   library setup time
                                  1.12   data required time
-----------------------------------------------------------------------------
                                  1.12   data required time
                                 -3.07   data arrival time
-----------------------------------------------------------------------------
                                 -1.95   slack (VIOLATED)


Startpoint: dpath.b_reg.out[7]$_DFFE_PP_
            (rising edge-triggered flip-flop clocked by core_clock)
Endpoint: resp_msg[14] (output port clocked by vclk_core_clock)
Path Group: vclk_core_clock
Path Type: max

Fanout     Cap    Slew   Delay    Time   Description
-----------------------------------------------------------------------------
                  0.00    0.00    0.00   clock core_clock (rise edge)
                          0.29    0.29   clock network delay (ideal)
                  0.00    0.00    0.29 ^ dpath.b_reg.out[7]$_DFFE_PP_/CLK (sky130_fd_sc_hd__edfxtp_1)
     2    0.00    0.07    0.35    0.64 v dpath.b_reg.out[7]$_DFFE_PP_/Q (sky130_fd_sc_hd__edfxtp_1)
                                         dpath.a_lt_b$in1[7] (net)
                  0.07    0.00    0.64 v place194/A (sky130_fd_sc_hd__buf_4)
     4    0.01    0.04    0.16    0.79 v place194/X (sky130_fd_sc_hd__buf_4)
                                         net194 (net)
                  0.04    0.00    0.79 v _217_/B (sky130_fd_sc_hd__xor2_1)
     2    0.01    0.07    0.15    0.94 v _217_/X (sky130_fd_sc_hd__xor2_1)
                                         _035_ (net)
                  0.07    0.00    0.94 v _222_/B (sky130_fd_sc_hd__or4_1)
     1    0.01    0.12    0.56    1.50 v _222_/X (sky130_fd_sc_hd__or4_1)
                                         _040_ (net)
                  0.12    0.00    1.50 v _239_/A1 (sky130_fd_sc_hd__o31a_1)
     2    0.01    0.07    0.35    1.85 v _239_/X (sky130_fd_sc_hd__o31a_1)
                                         _057_ (net)
                  0.07    0.00    1.85 v _261_/C (sky130_fd_sc_hd__maj3_2)
     3    0.01    0.08    0.34    2.20 v _261_/X (sky130_fd_sc_hd__maj3_2)
                                         _078_ (net)
                  0.08    0.00    2.20 v _262_/A2 (sky130_fd_sc_hd__a211oi_2)
     2    0.01    0.18    0.25    2.44 ^ _262_/Y (sky130_fd_sc_hd__a211oi_2)
                                         _079_ (net)
                  0.18    0.00    2.44 ^ _263_/B (sky130_fd_sc_hd__nor2_1)
     2    0.01    0.06    0.09    2.53 v _263_/Y (sky130_fd_sc_hd__nor2_1)
                                         _080_ (net)
                  0.06    0.00    2.53 v _282_/B (sky130_fd_sc_hd__xnor2_1)
     1    0.00    0.15    0.16    2.69 ^ _282_/Y (sky130_fd_sc_hd__xnor2_1)
                                         net42 (net)
                  0.15    0.00    2.69 ^ output42/A (sky130_fd_sc_hd__clkdlybuf4s50_1)
     1    0.00    0.03    0.49    3.18 ^ output42/X (sky130_fd_sc_hd__clkdlybuf4s50_1)
                                         resp_msg[14] (net)
                  0.03    0.00    3.18 ^ resp_msg[14] (out)
                                  3.18   data arrival time

                  0.00    1.10    1.10   clock vclk_core_clock (rise edge)
                          0.29    1.39   clock network delay (ideal)
                          0.00    1.39   clock reconvergence pessimism
                         -0.22    1.17   output external delay
                                  1.17   data required time
-----------------------------------------------------------------------------
                                  1.17   data required time
                                 -3.18   data arrival time
-----------------------------------------------------------------------------
                                 -2.01   slack (VIOLATED)



==========================================================================
global place report_power
--------------------------------------------------------------------------
Group                  Internal  Switching    Leakage      Total
                          Power      Power      Power      Power (Watts)
----------------------------------------------------------------
Sequential             1.69e-03   1.34e-04   3.52e-10   1.82e-03  38.2%
Combinational          1.87e-03   1.07e-03   1.28e-09   2.94e-03  61.8%
Clock                  0.00e+00   0.00e+00   0.00e+00   0.00e+00   0.0%
Macro                  0.00e+00   0.00e+00   0.00e+00   0.00e+00   0.0%
Pad                    0.00e+00   0.00e+00   0.00e+00   0.00e+00   0.0%
----------------------------------------------------------------
Total                  3.56e-03   1.21e-03   1.64e-09   4.76e-03 100.0%
                          74.7%      25.3%       0.0%
