
==========================================================================
cts final report_tns
--------------------------------------------------------------------------
tns max -82.61

==========================================================================
cts final report_wns
--------------------------------------------------------------------------
wns max -1.99

==========================================================================
cts final report_worst_slack
--------------------------------------------------------------------------
worst slack max -1.99

==========================================================================
cts final report_clock_min_period
--------------------------------------------------------------------------
core_clock period_min = 3.09 fmax = 323.82
vclk_core_clock period_min = 0.00 fmax = inf

==========================================================================
cts final report_clock_skew
--------------------------------------------------------------------------
Clock core_clock
   0.29 source latency dpath.a_reg.out[3]$_DFFE_PP_/CLK ^
  -0.29 target latency dpath.a_reg.out[9]$_DFFE_PP_/CLK ^
   0.00 CRPR
--------------
  -0.01 setup skew

Clock vclk_core_clock
No launch/capture paths found.


==========================================================================
cts final report_checks -path_delay min
--------------------------------------------------------------------------
Startpoint: ctrl.state.out[2]$_DFF_P_
            (rising edge-triggered flip-flop clocked by core_clock)
Endpoint: ctrl.state.out[1]$_DFF_P_
          (rising edge-triggered flip-flop clocked by core_clock)
Path Group: core_clock
Path Type: min

Fanout     Cap    Slew   Delay    Time   Description
-----------------------------------------------------------------------------
                          0.00    0.00   clock core_clock (rise edge)
                          0.00    0.00   clock source latency
     1    0.02    0.00    0.00    0.00 ^ clk (in)
                                         clk (net)
                  0.00    0.00    0.00 ^ clkbuf_0_clk/A (sky130_fd_sc_hd__clkbuf_8)
     4    0.03    0.07    0.13    0.13 ^ clkbuf_0_clk/X (sky130_fd_sc_hd__clkbuf_8)
                                         clknet_0_clk (net)
                  0.07    0.00    0.13 ^ clkbuf_2_0__f_clk/A (sky130_fd_sc_hd__clkbuf_8)
    10    0.04    0.08    0.16    0.29 ^ clkbuf_2_0__f_clk/X (sky130_fd_sc_hd__clkbuf_8)
                                         clknet_2_0__leaf_clk (net)
                  0.08    0.00    0.29 ^ ctrl.state.out[2]$_DFF_P_/CLK (sky130_fd_sc_hd__dfxtp_2)
     4    0.01    0.04    0.34    0.63 v ctrl.state.out[2]$_DFF_P_/Q (sky130_fd_sc_hd__dfxtp_2)
                                         ctrl.state.out[2] (net)
                  0.04    0.00    0.63 v _368_/B1 (sky130_fd_sc_hd__o21ai_1)
     1    0.00    0.10    0.09    0.72 ^ _368_/Y (sky130_fd_sc_hd__o21ai_1)
                                         _158_ (net)
                  0.10    0.00    0.72 ^ _369_/A1 (sky130_fd_sc_hd__a21oi_1)
     1    0.00    0.03    0.07    0.79 v _369_/Y (sky130_fd_sc_hd__a21oi_1)
                                         _001_ (net)
                  0.03    0.00    0.79 v ctrl.state.out[1]$_DFF_P_/D (sky130_fd_sc_hd__dfxtp_1)
                                  0.79   data arrival time

                          0.00    0.00   clock core_clock (rise edge)
                          0.00    0.00   clock source latency
     1    0.02    0.00    0.00    0.00 ^ clk (in)
                                         clk (net)
                  0.00    0.00    0.00 ^ clkbuf_0_clk/A (sky130_fd_sc_hd__clkbuf_8)
     4    0.03    0.07    0.13    0.13 ^ clkbuf_0_clk/X (sky130_fd_sc_hd__clkbuf_8)
                                         clknet_0_clk (net)
                  0.07    0.00    0.13 ^ clkbuf_2_0__f_clk/A (sky130_fd_sc_hd__clkbuf_8)
    10    0.04    0.08    0.16    0.29 ^ clkbuf_2_0__f_clk/X (sky130_fd_sc_hd__clkbuf_8)
                                         clknet_2_0__leaf_clk (net)
                  0.08    0.00    0.29 ^ ctrl.state.out[1]$_DFF_P_/CLK (sky130_fd_sc_hd__dfxtp_1)
                          0.00    0.29   clock reconvergence pessimism
                         -0.04    0.25   library hold time
                                  0.25   data required time
-----------------------------------------------------------------------------
                                  0.25   data required time
                                 -0.79   data arrival time
-----------------------------------------------------------------------------
                                  0.54   slack (MET)


Startpoint: ctrl.state.out[1]$_DFF_P_
            (rising edge-triggered flip-flop clocked by core_clock)
Endpoint: resp_val (output port clocked by vclk_core_clock)
Path Group: vclk_core_clock
Path Type: min

Fanout     Cap    Slew   Delay    Time   Description
-----------------------------------------------------------------------------
                          0.00    0.00   clock core_clock (rise edge)
                          0.00    0.00   clock source latency
     1    0.02    0.00    0.00    0.00 ^ clk (in)
                                         clk (net)
                  0.00    0.00    0.00 ^ clkbuf_0_clk/A (sky130_fd_sc_hd__clkbuf_8)
     4    0.03    0.07    0.13    0.13 ^ clkbuf_0_clk/X (sky130_fd_sc_hd__clkbuf_8)
                                         clknet_0_clk (net)
                  0.07    0.00    0.13 ^ clkbuf_2_0__f_clk/A (sky130_fd_sc_hd__clkbuf_8)
    10    0.04    0.08    0.16    0.29 ^ clkbuf_2_0__f_clk/X (sky130_fd_sc_hd__clkbuf_8)
                                         clknet_2_0__leaf_clk (net)
                  0.08    0.00    0.29 ^ ctrl.state.out[1]$_DFF_P_/CLK (sky130_fd_sc_hd__dfxtp_1)
     2    0.01    0.04    0.32    0.61 v ctrl.state.out[1]$_DFF_P_/Q (sky130_fd_sc_hd__dfxtp_1)
                                         ctrl.state.out[1] (net)
                  0.04    0.00    0.61 v _357_/A (sky130_fd_sc_hd__inv_1)
     1    0.01    0.09    0.09    0.70 ^ _357_/Y (sky130_fd_sc_hd__inv_1)
                                         _150_ (net)
                  0.09    0.00    0.70 ^ _359_/A (sky130_fd_sc_hd__nor2_4)
     2    0.01    0.03    0.05    0.74 v _359_/Y (sky130_fd_sc_hd__nor2_4)
                                         net53 (net)
                  0.03    0.00    0.74 v output53/A (sky130_fd_sc_hd__buf_2)
     1    0.00    0.02    0.10    0.84 v output53/X (sky130_fd_sc_hd__buf_2)
                                         resp_val (net)
                  0.02    0.00    0.84 v resp_val (out)
                                  0.84   data arrival time

                  0.00    0.00    0.00   clock vclk_core_clock (rise edge)
                          0.29    0.29   clock network delay (ideal)
                          0.00    0.29   clock reconvergence pessimism
                         -0.22    0.07   output external delay
                                  0.07   data required time
-----------------------------------------------------------------------------
                                  0.07   data required time
                                 -0.84   data arrival time
-----------------------------------------------------------------------------
                                  0.77   slack (MET)



==========================================================================
cts final report_checks -path_delay max
--------------------------------------------------------------------------
Startpoint: dpath.b_reg.out[1]$_DFFE_PP_
            (rising edge-triggered flip-flop clocked by core_clock)
Endpoint: dpath.a_reg.out[14]$_DFFE_PP_
          (rising edge-triggered flip-flop clocked by core_clock)
Path Group: core_clock
Path Type: max

Fanout     Cap    Slew   Delay    Time   Description
-----------------------------------------------------------------------------
                          0.00    0.00   clock core_clock (rise edge)
                          0.00    0.00   clock source latency
     1    0.02    0.00    0.00    0.00 ^ clk (in)
                                         clk (net)
                  0.00    0.00    0.00 ^ clkbuf_0_clk/A (sky130_fd_sc_hd__clkbuf_8)
     4    0.03    0.07    0.13    0.13 ^ clkbuf_0_clk/X (sky130_fd_sc_hd__clkbuf_8)
                                         clknet_0_clk (net)
                  0.07    0.00    0.13 ^ clkbuf_2_0__f_clk/A (sky130_fd_sc_hd__clkbuf_8)
    10    0.04    0.08    0.16    0.29 ^ clkbuf_2_0__f_clk/X (sky130_fd_sc_hd__clkbuf_8)
                                         clknet_2_0__leaf_clk (net)
                  0.08    0.00    0.29 ^ dpath.b_reg.out[1]$_DFFE_PP_/CLK (sky130_fd_sc_hd__edfxtp_1)
     3    0.01    0.10    0.42    0.71 v dpath.b_reg.out[1]$_DFFE_PP_/Q (sky130_fd_sc_hd__edfxtp_1)
                                         dpath.a_lt_b$in1[1] (net)
                  0.10    0.00    0.71 v _166_/A_N (sky130_fd_sc_hd__nand2b_4)
     2    0.01    0.05    0.17    0.88 v _166_/Y (sky130_fd_sc_hd__nand2b_4)
                                         _005_ (net)
                  0.05    0.00    0.88 v _170_/A1 (sky130_fd_sc_hd__a211oi_4)
     3    0.02    0.28    0.29    1.17 ^ _170_/Y (sky130_fd_sc_hd__a211oi_4)
                                         _009_ (net)
                  0.28    0.00    1.17 ^ _173_/A3 (sky130_fd_sc_hd__o31ai_4)
     3    0.01    0.07    0.10    1.27 v _173_/Y (sky130_fd_sc_hd__o31ai_4)
                                         _012_ (net)
                  0.07    0.00    1.28 v _231_/A2 (sky130_fd_sc_hd__a211oi_2)
     2    0.01    0.18    0.24    1.52 ^ _231_/Y (sky130_fd_sc_hd__a211oi_2)
                                         _049_ (net)
                  0.18    0.00    1.52 ^ _232_/A1 (sky130_fd_sc_hd__a21oi_1)
     1    0.00    0.06    0.09    1.61 v _232_/Y (sky130_fd_sc_hd__a21oi_1)
                                         _050_ (net)
                  0.06    0.00    1.61 v _239_/A1 (sky130_fd_sc_hd__o31a_1)
     2    0.01    0.08    0.33    1.94 v _239_/X (sky130_fd_sc_hd__o31a_1)
                                         _057_ (net)
                  0.08    0.00    1.94 v _261_/B (sky130_fd_sc_hd__maj3_2)
     3    0.01    0.08    0.34    2.28 v _261_/X (sky130_fd_sc_hd__maj3_2)
                                         _078_ (net)
                  0.08    0.00    2.28 v _262_/A1 (sky130_fd_sc_hd__a211oi_2)
     2    0.01    0.24    0.25    2.54 ^ _262_/Y (sky130_fd_sc_hd__a211oi_2)
                                         _079_ (net)
                  0.24    0.00    2.54 ^ place149/A (sky130_fd_sc_hd__buf_4)
     2    0.01    0.04    0.16    2.70 ^ place149/X (sky130_fd_sc_hd__buf_4)
                                         net149 (net)
                  0.04    0.00    2.70 ^ _277_/D (sky130_fd_sc_hd__or4_4)
     1    0.01    0.04    0.11    2.81 ^ _277_/X (sky130_fd_sc_hd__or4_4)
                                         _094_ (net)
                  0.04    0.00    2.81 ^ _278_/D1 (sky130_fd_sc_hd__o2111ai_2)
     1    0.00    0.10    0.09    2.90 v _278_/Y (sky130_fd_sc_hd__o2111ai_2)
                                         _095_ (net)
                  0.10    0.00    2.90 v _281_/C1 (sky130_fd_sc_hd__a211o_1)
     1    0.00    0.05    0.24    3.14 v _281_/X (sky130_fd_sc_hd__a211o_1)
                                         dpath.a_mux$out[14] (net)
                  0.05    0.00    3.14 v dpath.a_reg.out[14]$_DFFE_PP_/D (sky130_fd_sc_hd__edfxtp_1)
                                  3.14   data arrival time

                          1.10    1.10   clock core_clock (rise edge)
                          0.00    1.10   clock source latency
     1    0.02    0.00    0.00    1.10 ^ clk (in)
                                         clk (net)
                  0.00    0.00    1.10 ^ clkbuf_0_clk/A (sky130_fd_sc_hd__clkbuf_8)
     4    0.03    0.07    0.13    1.23 ^ clkbuf_0_clk/X (sky130_fd_sc_hd__clkbuf_8)
                                         clknet_0_clk (net)
                  0.07    0.00    1.23 ^ clkbuf_2_2__f_clk/A (sky130_fd_sc_hd__clkbuf_8)
     8    0.04    0.07    0.16    1.39 ^ clkbuf_2_2__f_clk/X (sky130_fd_sc_hd__clkbuf_8)
                                         clknet_2_2__leaf_clk (net)
                  0.07    0.00    1.39 ^ dpath.a_reg.out[14]$_DFFE_PP_/CLK (sky130_fd_sc_hd__edfxtp_1)
                          0.00    1.39   clock reconvergence pessimism
                         -0.24    1.15   library setup time
                                  1.15   data required time
-----------------------------------------------------------------------------
                                  1.15   data required time
                                 -3.14   data arrival time
-----------------------------------------------------------------------------
                                 -1.99   slack (VIOLATED)


Startpoint: dpath.b_reg.out[1]$_DFFE_PP_
            (rising edge-triggered flip-flop clocked by core_clock)
Endpoint: resp_msg[13] (output port clocked by vclk_core_clock)
Path Group: vclk_core_clock
Path Type: max

Fanout     Cap    Slew   Delay    Time   Description
-----------------------------------------------------------------------------
                          0.00    0.00   clock core_clock (rise edge)
                          0.00    0.00   clock source latency
     1    0.02    0.00    0.00    0.00 ^ clk (in)
                                         clk (net)
                  0.00    0.00    0.00 ^ clkbuf_0_clk/A (sky130_fd_sc_hd__clkbuf_8)
     4    0.03    0.07    0.13    0.13 ^ clkbuf_0_clk/X (sky130_fd_sc_hd__clkbuf_8)
                                         clknet_0_clk (net)
                  0.07    0.00    0.13 ^ clkbuf_2_0__f_clk/A (sky130_fd_sc_hd__clkbuf_8)
    10    0.04    0.08    0.16    0.29 ^ clkbuf_2_0__f_clk/X (sky130_fd_sc_hd__clkbuf_8)
                                         clknet_2_0__leaf_clk (net)
                  0.08    0.00    0.29 ^ dpath.b_reg.out[1]$_DFFE_PP_/CLK (sky130_fd_sc_hd__edfxtp_1)
     3    0.01    0.10    0.42    0.71 v dpath.b_reg.out[1]$_DFFE_PP_/Q (sky130_fd_sc_hd__edfxtp_1)
                                         dpath.a_lt_b$in1[1] (net)
                  0.10    0.00    0.71 v _166_/A_N (sky130_fd_sc_hd__nand2b_4)
     2    0.01    0.05    0.17    0.88 v _166_/Y (sky130_fd_sc_hd__nand2b_4)
                                         _005_ (net)
                  0.05    0.00    0.88 v _170_/A1 (sky130_fd_sc_hd__a211oi_4)
     3    0.02    0.28    0.29    1.17 ^ _170_/Y (sky130_fd_sc_hd__a211oi_4)
                                         _009_ (net)
                  0.28    0.00    1.17 ^ _173_/A3 (sky130_fd_sc_hd__o31ai_4)
     3    0.01    0.07    0.10    1.27 v _173_/Y (sky130_fd_sc_hd__o31ai_4)
                                         _012_ (net)
                  0.07    0.00    1.28 v _231_/A2 (sky130_fd_sc_hd__a211oi_2)
     2    0.01    0.18    0.24    1.52 ^ _231_/Y (sky130_fd_sc_hd__a211oi_2)
                                         _049_ (net)
                  0.18    0.00    1.52 ^ _232_/A1 (sky130_fd_sc_hd__a21oi_1)
     1    0.00    0.06    0.09    1.61 v _232_/Y (sky130_fd_sc_hd__a21oi_1)
                                         _050_ (net)
                  0.06    0.00    1.61 v _239_/A1 (sky130_fd_sc_hd__o31a_1)
     2    0.01    0.08    0.33    1.94 v _239_/X (sky130_fd_sc_hd__o31a_1)
                                         _057_ (net)
                  0.08    0.00    1.94 v _261_/B (sky130_fd_sc_hd__maj3_2)
     3    0.01    0.08    0.34    2.28 v _261_/X (sky130_fd_sc_hd__maj3_2)
                                         _078_ (net)
                  0.08    0.00    2.28 v _271_/A2 (sky130_fd_sc_hd__a21o_1)
     3    0.02    0.09    0.24    2.52 v _271_/X (sky130_fd_sc_hd__a21o_1)
                                         _088_ (net)
                  0.09    0.00    2.52 v rebuffer245/A (sky130_fd_sc_hd__buf_4)
     1    0.01    0.03    0.15    2.68 v rebuffer245/X (sky130_fd_sc_hd__buf_4)
                                         net245 (net)
                  0.03    0.00    2.68 v _288_/B (sky130_fd_sc_hd__xnor2_2)
     1    0.01    0.05    0.12    2.80 v _288_/Y (sky130_fd_sc_hd__xnor2_2)
                                         net41 (net)
                  0.05    0.00    2.80 v output41/A (sky130_fd_sc_hd__dlygate4sd2_1)
     1    0.00    0.02    0.23    3.03 v output41/X (sky130_fd_sc_hd__dlygate4sd2_1)
                                         resp_msg[13] (net)
                  0.02    0.00    3.03 v resp_msg[13] (out)
                                  3.03   data arrival time

                  0.00    1.10    1.10   clock vclk_core_clock (rise edge)
                          0.29    1.39   clock network delay (ideal)
                          0.00    1.39   clock reconvergence pessimism
                         -0.22    1.17   output external delay
                                  1.17   data required time
-----------------------------------------------------------------------------
                                  1.17   data required time
                                 -3.03   data arrival time
-----------------------------------------------------------------------------
                                 -1.86   slack (VIOLATED)



==========================================================================
cts final report_checks -unconstrained
--------------------------------------------------------------------------
Startpoint: dpath.b_reg.out[1]$_DFFE_PP_
            (rising edge-triggered flip-flop clocked by core_clock)
Endpoint: dpath.a_reg.out[14]$_DFFE_PP_
          (rising edge-triggered flip-flop clocked by core_clock)
Path Group: core_clock
Path Type: max

Fanout     Cap    Slew   Delay    Time   Description
-----------------------------------------------------------------------------
                          0.00    0.00   clock core_clock (rise edge)
                          0.00    0.00   clock source latency
     1    0.02    0.00    0.00    0.00 ^ clk (in)
                                         clk (net)
                  0.00    0.00    0.00 ^ clkbuf_0_clk/A (sky130_fd_sc_hd__clkbuf_8)
     4    0.03    0.07    0.13    0.13 ^ clkbuf_0_clk/X (sky130_fd_sc_hd__clkbuf_8)
                                         clknet_0_clk (net)
                  0.07    0.00    0.13 ^ clkbuf_2_0__f_clk/A (sky130_fd_sc_hd__clkbuf_8)
    10    0.04    0.08    0.16    0.29 ^ clkbuf_2_0__f_clk/X (sky130_fd_sc_hd__clkbuf_8)
                                         clknet_2_0__leaf_clk (net)
                  0.08    0.00    0.29 ^ dpath.b_reg.out[1]$_DFFE_PP_/CLK (sky130_fd_sc_hd__edfxtp_1)
     3    0.01    0.10    0.42    0.71 v dpath.b_reg.out[1]$_DFFE_PP_/Q (sky130_fd_sc_hd__edfxtp_1)
                                         dpath.a_lt_b$in1[1] (net)
                  0.10    0.00    0.71 v _166_/A_N (sky130_fd_sc_hd__nand2b_4)
     2    0.01    0.05    0.17    0.88 v _166_/Y (sky130_fd_sc_hd__nand2b_4)
                                         _005_ (net)
                  0.05    0.00    0.88 v _170_/A1 (sky130_fd_sc_hd__a211oi_4)
     3    0.02    0.28    0.29    1.17 ^ _170_/Y (sky130_fd_sc_hd__a211oi_4)
                                         _009_ (net)
                  0.28    0.00    1.17 ^ _173_/A3 (sky130_fd_sc_hd__o31ai_4)
     3    0.01    0.07    0.10    1.27 v _173_/Y (sky130_fd_sc_hd__o31ai_4)
                                         _012_ (net)
                  0.07    0.00    1.28 v _231_/A2 (sky130_fd_sc_hd__a211oi_2)
     2    0.01    0.18    0.24    1.52 ^ _231_/Y (sky130_fd_sc_hd__a211oi_2)
                                         _049_ (net)
                  0.18    0.00    1.52 ^ _232_/A1 (sky130_fd_sc_hd__a21oi_1)
     1    0.00    0.06    0.09    1.61 v _232_/Y (sky130_fd_sc_hd__a21oi_1)
                                         _050_ (net)
                  0.06    0.00    1.61 v _239_/A1 (sky130_fd_sc_hd__o31a_1)
     2    0.01    0.08    0.33    1.94 v _239_/X (sky130_fd_sc_hd__o31a_1)
                                         _057_ (net)
                  0.08    0.00    1.94 v _261_/B (sky130_fd_sc_hd__maj3_2)
     3    0.01    0.08    0.34    2.28 v _261_/X (sky130_fd_sc_hd__maj3_2)
                                         _078_ (net)
                  0.08    0.00    2.28 v _262_/A1 (sky130_fd_sc_hd__a211oi_2)
     2    0.01    0.24    0.25    2.54 ^ _262_/Y (sky130_fd_sc_hd__a211oi_2)
                                         _079_ (net)
                  0.24    0.00    2.54 ^ place149/A (sky130_fd_sc_hd__buf_4)
     2    0.01    0.04    0.16    2.70 ^ place149/X (sky130_fd_sc_hd__buf_4)
                                         net149 (net)
                  0.04    0.00    2.70 ^ _277_/D (sky130_fd_sc_hd__or4_4)
     1    0.01    0.04    0.11    2.81 ^ _277_/X (sky130_fd_sc_hd__or4_4)
                                         _094_ (net)
                  0.04    0.00    2.81 ^ _278_/D1 (sky130_fd_sc_hd__o2111ai_2)
     1    0.00    0.10    0.09    2.90 v _278_/Y (sky130_fd_sc_hd__o2111ai_2)
                                         _095_ (net)
                  0.10    0.00    2.90 v _281_/C1 (sky130_fd_sc_hd__a211o_1)
     1    0.00    0.05    0.24    3.14 v _281_/X (sky130_fd_sc_hd__a211o_1)
                                         dpath.a_mux$out[14] (net)
                  0.05    0.00    3.14 v dpath.a_reg.out[14]$_DFFE_PP_/D (sky130_fd_sc_hd__edfxtp_1)
                                  3.14   data arrival time

                          1.10    1.10   clock core_clock (rise edge)
                          0.00    1.10   clock source latency
     1    0.02    0.00    0.00    1.10 ^ clk (in)
                                         clk (net)
                  0.00    0.00    1.10 ^ clkbuf_0_clk/A (sky130_fd_sc_hd__clkbuf_8)
     4    0.03    0.07    0.13    1.23 ^ clkbuf_0_clk/X (sky130_fd_sc_hd__clkbuf_8)
                                         clknet_0_clk (net)
                  0.07    0.00    1.23 ^ clkbuf_2_2__f_clk/A (sky130_fd_sc_hd__clkbuf_8)
     8    0.04    0.07    0.16    1.39 ^ clkbuf_2_2__f_clk/X (sky130_fd_sc_hd__clkbuf_8)
                                         clknet_2_2__leaf_clk (net)
                  0.07    0.00    1.39 ^ dpath.a_reg.out[14]$_DFFE_PP_/CLK (sky130_fd_sc_hd__edfxtp_1)
                          0.00    1.39   clock reconvergence pessimism
                         -0.24    1.15   library setup time
                                  1.15   data required time
-----------------------------------------------------------------------------
                                  1.15   data required time
                                 -3.14   data arrival time
-----------------------------------------------------------------------------
                                 -1.99   slack (VIOLATED)


Startpoint: dpath.b_reg.out[1]$_DFFE_PP_
            (rising edge-triggered flip-flop clocked by core_clock)
Endpoint: resp_msg[13] (output port clocked by vclk_core_clock)
Path Group: vclk_core_clock
Path Type: max

Fanout     Cap    Slew   Delay    Time   Description
-----------------------------------------------------------------------------
                          0.00    0.00   clock core_clock (rise edge)
                          0.00    0.00   clock source latency
     1    0.02    0.00    0.00    0.00 ^ clk (in)
                                         clk (net)
                  0.00    0.00    0.00 ^ clkbuf_0_clk/A (sky130_fd_sc_hd__clkbuf_8)
     4    0.03    0.07    0.13    0.13 ^ clkbuf_0_clk/X (sky130_fd_sc_hd__clkbuf_8)
                                         clknet_0_clk (net)
                  0.07    0.00    0.13 ^ clkbuf_2_0__f_clk/A (sky130_fd_sc_hd__clkbuf_8)
    10    0.04    0.08    0.16    0.29 ^ clkbuf_2_0__f_clk/X (sky130_fd_sc_hd__clkbuf_8)
                                         clknet_2_0__leaf_clk (net)
                  0.08    0.00    0.29 ^ dpath.b_reg.out[1]$_DFFE_PP_/CLK (sky130_fd_sc_hd__edfxtp_1)
     3    0.01    0.10    0.42    0.71 v dpath.b_reg.out[1]$_DFFE_PP_/Q (sky130_fd_sc_hd__edfxtp_1)
                                         dpath.a_lt_b$in1[1] (net)
                  0.10    0.00    0.71 v _166_/A_N (sky130_fd_sc_hd__nand2b_4)
     2    0.01    0.05    0.17    0.88 v _166_/Y (sky130_fd_sc_hd__nand2b_4)
                                         _005_ (net)
                  0.05    0.00    0.88 v _170_/A1 (sky130_fd_sc_hd__a211oi_4)
     3    0.02    0.28    0.29    1.17 ^ _170_/Y (sky130_fd_sc_hd__a211oi_4)
                                         _009_ (net)
                  0.28    0.00    1.17 ^ _173_/A3 (sky130_fd_sc_hd__o31ai_4)
     3    0.01    0.07    0.10    1.27 v _173_/Y (sky130_fd_sc_hd__o31ai_4)
                                         _012_ (net)
                  0.07    0.00    1.28 v _231_/A2 (sky130_fd_sc_hd__a211oi_2)
     2    0.01    0.18    0.24    1.52 ^ _231_/Y (sky130_fd_sc_hd__a211oi_2)
                                         _049_ (net)
                  0.18    0.00    1.52 ^ _232_/A1 (sky130_fd_sc_hd__a21oi_1)
     1    0.00    0.06    0.09    1.61 v _232_/Y (sky130_fd_sc_hd__a21oi_1)
                                         _050_ (net)
                  0.06    0.00    1.61 v _239_/A1 (sky130_fd_sc_hd__o31a_1)
     2    0.01    0.08    0.33    1.94 v _239_/X (sky130_fd_sc_hd__o31a_1)
                                         _057_ (net)
                  0.08    0.00    1.94 v _261_/B (sky130_fd_sc_hd__maj3_2)
     3    0.01    0.08    0.34    2.28 v _261_/X (sky130_fd_sc_hd__maj3_2)
                                         _078_ (net)
                  0.08    0.00    2.28 v _271_/A2 (sky130_fd_sc_hd__a21o_1)
     3    0.02    0.09    0.24    2.52 v _271_/X (sky130_fd_sc_hd__a21o_1)
                                         _088_ (net)
                  0.09    0.00    2.52 v rebuffer245/A (sky130_fd_sc_hd__buf_4)
     1    0.01    0.03    0.15    2.68 v rebuffer245/X (sky130_fd_sc_hd__buf_4)
                                         net245 (net)
                  0.03    0.00    2.68 v _288_/B (sky130_fd_sc_hd__xnor2_2)
     1    0.01    0.05    0.12    2.80 v _288_/Y (sky130_fd_sc_hd__xnor2_2)
                                         net41 (net)
                  0.05    0.00    2.80 v output41/A (sky130_fd_sc_hd__dlygate4sd2_1)
     1    0.00    0.02    0.23    3.03 v output41/X (sky130_fd_sc_hd__dlygate4sd2_1)
                                         resp_msg[13] (net)
                  0.02    0.00    3.03 v resp_msg[13] (out)
                                  3.03   data arrival time

                  0.00    1.10    1.10   clock vclk_core_clock (rise edge)
                          0.29    1.39   clock network delay (ideal)
                          0.00    1.39   clock reconvergence pessimism
                         -0.22    1.17   output external delay
                                  1.17   data required time
-----------------------------------------------------------------------------
                                  1.17   data required time
                                 -3.03   data arrival time
-----------------------------------------------------------------------------
                                 -1.86   slack (VIOLATED)



==========================================================================
cts final report_check_types -max_slew -max_cap -max_fanout -violators
--------------------------------------------------------------------------

==========================================================================
cts final max_slew_check_slack
--------------------------------------------------------------------------
1.2089447975158691

==========================================================================
cts final max_slew_check_limit
--------------------------------------------------------------------------
1.49691903591156

==========================================================================
cts final max_slew_check_slack_limit
--------------------------------------------------------------------------
0.8076

==========================================================================
cts final max_fanout_check_slack
--------------------------------------------------------------------------
1.0000000150474662e+30

==========================================================================
cts final max_fanout_check_limit
--------------------------------------------------------------------------
1.0000000150474662e+30

==========================================================================
cts final max_capacitance_check_slack
--------------------------------------------------------------------------
0.043513353914022446

==========================================================================
cts final max_capacitance_check_limit
--------------------------------------------------------------------------
0.04853300005197525

==========================================================================
cts final max_capacitance_check_slack_limit
--------------------------------------------------------------------------
0.8966

==========================================================================
cts final max_slew_violation_count
--------------------------------------------------------------------------
max slew violation count 0

==========================================================================
cts final max_fanout_violation_count
--------------------------------------------------------------------------
max fanout violation count 0

==========================================================================
cts final max_cap_violation_count
--------------------------------------------------------------------------
max cap violation count 0

==========================================================================
cts final setup_violation_count
--------------------------------------------------------------------------
setup violation count 83

==========================================================================
cts final hold_violation_count
--------------------------------------------------------------------------
hold violation count 0

==========================================================================
cts final report_checks -path_delay max reg to reg
--------------------------------------------------------------------------
Startpoint: dpath.b_reg.out[1]$_DFFE_PP_
            (rising edge-triggered flip-flop clocked by core_clock)
Endpoint: dpath.a_reg.out[14]$_DFFE_PP_
          (rising edge-triggered flip-flop clocked by core_clock)
Path Group: core_clock
Path Type: max

  Delay    Time   Description
---------------------------------------------------------
   0.00    0.00   clock core_clock (rise edge)
   0.00    0.00   clock source latency
   0.00    0.00 ^ clk (in)
   0.13    0.13 ^ clkbuf_0_clk/X (sky130_fd_sc_hd__clkbuf_8)
   0.16    0.29 ^ clkbuf_2_0__f_clk/X (sky130_fd_sc_hd__clkbuf_8)
   0.00    0.29 ^ dpath.b_reg.out[1]$_DFFE_PP_/CLK (sky130_fd_sc_hd__edfxtp_1)
   0.42    0.71 v dpath.b_reg.out[1]$_DFFE_PP_/Q (sky130_fd_sc_hd__edfxtp_1)
   0.17    0.88 v _166_/Y (sky130_fd_sc_hd__nand2b_4)
   0.29    1.17 ^ _170_/Y (sky130_fd_sc_hd__a211oi_4)
   0.10    1.27 v _173_/Y (sky130_fd_sc_hd__o31ai_4)
   0.24    1.52 ^ _231_/Y (sky130_fd_sc_hd__a211oi_2)
   0.09    1.61 v _232_/Y (sky130_fd_sc_hd__a21oi_1)
   0.33    1.94 v _239_/X (sky130_fd_sc_hd__o31a_1)
   0.34    2.28 v _261_/X (sky130_fd_sc_hd__maj3_2)
   0.25    2.54 ^ _262_/Y (sky130_fd_sc_hd__a211oi_2)
   0.16    2.70 ^ place149/X (sky130_fd_sc_hd__buf_4)
   0.11    2.81 ^ _277_/X (sky130_fd_sc_hd__or4_4)
   0.09    2.90 v _278_/Y (sky130_fd_sc_hd__o2111ai_2)
   0.24    3.14 v _281_/X (sky130_fd_sc_hd__a211o_1)
   0.00    3.14 v dpath.a_reg.out[14]$_DFFE_PP_/D (sky130_fd_sc_hd__edfxtp_1)
           3.14   data arrival time

   1.10    1.10   clock core_clock (rise edge)
   0.00    1.10   clock source latency
   0.00    1.10 ^ clk (in)
   0.13    1.23 ^ clkbuf_0_clk/X (sky130_fd_sc_hd__clkbuf_8)
   0.16    1.39 ^ clkbuf_2_2__f_clk/X (sky130_fd_sc_hd__clkbuf_8)
   0.00    1.39 ^ dpath.a_reg.out[14]$_DFFE_PP_/CLK (sky130_fd_sc_hd__edfxtp_1)
   0.00    1.39   clock reconvergence pessimism
  -0.24    1.15   library setup time
           1.15   data required time
---------------------------------------------------------
           1.15   data required time
          -3.14   data arrival time
---------------------------------------------------------
          -1.99   slack (VIOLATED)



==========================================================================
cts final report_checks -path_delay min reg to reg
--------------------------------------------------------------------------
Startpoint: ctrl.state.out[2]$_DFF_P_
            (rising edge-triggered flip-flop clocked by core_clock)
Endpoint: ctrl.state.out[1]$_DFF_P_
          (rising edge-triggered flip-flop clocked by core_clock)
Path Group: core_clock
Path Type: min

  Delay    Time   Description
---------------------------------------------------------
   0.00    0.00   clock core_clock (rise edge)
   0.00    0.00   clock source latency
   0.00    0.00 ^ clk (in)
   0.13    0.13 ^ clkbuf_0_clk/X (sky130_fd_sc_hd__clkbuf_8)
   0.16    0.29 ^ clkbuf_2_0__f_clk/X (sky130_fd_sc_hd__clkbuf_8)
   0.00    0.29 ^ ctrl.state.out[2]$_DFF_P_/CLK (sky130_fd_sc_hd__dfxtp_2)
   0.34    0.63 v ctrl.state.out[2]$_DFF_P_/Q (sky130_fd_sc_hd__dfxtp_2)
   0.09    0.72 ^ _368_/Y (sky130_fd_sc_hd__o21ai_1)
   0.07    0.79 v _369_/Y (sky130_fd_sc_hd__a21oi_1)
   0.00    0.79 v ctrl.state.out[1]$_DFF_P_/D (sky130_fd_sc_hd__dfxtp_1)
           0.79   data arrival time

   0.00    0.00   clock core_clock (rise edge)
   0.00    0.00   clock source latency
   0.00    0.00 ^ clk (in)
   0.13    0.13 ^ clkbuf_0_clk/X (sky130_fd_sc_hd__clkbuf_8)
   0.16    0.29 ^ clkbuf_2_0__f_clk/X (sky130_fd_sc_hd__clkbuf_8)
   0.00    0.29 ^ ctrl.state.out[1]$_DFF_P_/CLK (sky130_fd_sc_hd__dfxtp_1)
   0.00    0.29   clock reconvergence pessimism
  -0.04    0.25   library hold time
           0.25   data required time
---------------------------------------------------------
           0.25   data required time
          -0.79   data arrival time
---------------------------------------------------------
           0.54   slack (MET)



==========================================================================
cts final critical path target clock latency max path
--------------------------------------------------------------------------
0.2919

==========================================================================
cts final critical path target clock latency min path
--------------------------------------------------------------------------
0.2919

==========================================================================
cts final critical path source clock latency min path
--------------------------------------------------------------------------
0.2900

==========================================================================
cts final critical path delay
--------------------------------------------------------------------------
3.1367

==========================================================================
cts final critical path slack
--------------------------------------------------------------------------
-1.9882

==========================================================================
cts final slack div critical path delay
--------------------------------------------------------------------------
-63.385086

==========================================================================
cts final report_power
--------------------------------------------------------------------------
Group                  Internal  Switching    Leakage      Total
                          Power      Power      Power      Power (Watts)
----------------------------------------------------------------
Sequential             1.66e-03   1.51e-04   3.52e-10   1.81e-03  28.0%
Combinational          2.26e-03   1.43e-03   1.59e-09   3.70e-03  57.2%
Clock                  4.46e-04   5.08e-04   4.22e-11   9.54e-04  14.8%
Macro                  0.00e+00   0.00e+00   0.00e+00   0.00e+00   0.0%
Pad                    0.00e+00   0.00e+00   0.00e+00   0.00e+00   0.0%
----------------------------------------------------------------
Total                  4.37e-03   2.09e-03   1.99e-09   6.46e-03 100.0%
                          67.6%      32.4%       0.0%
