
==========================================================================
detailed place report_tns
--------------------------------------------------------------------------
tns max -87.71

==========================================================================
detailed place report_wns
--------------------------------------------------------------------------
wns max -2.07

==========================================================================
detailed place report_worst_slack
--------------------------------------------------------------------------
worst slack max -2.07

==========================================================================
detailed place report_clock_min_period
--------------------------------------------------------------------------
core_clock period_min = 3.17 fmax = 315.84
vclk_core_clock period_min = 0.00 fmax = inf

==========================================================================
detailed place report_checks -path_delay min
--------------------------------------------------------------------------
Startpoint: ctrl.state.out[1]$_DFF_P_
            (rising edge-triggered flip-flop clocked by core_clock)
Endpoint: ctrl.state.out[1]$_DFF_P_
          (rising edge-triggered flip-flop clocked by core_clock)
Path Group: core_clock
Path Type: min

Fanout     Cap    Slew   Delay    Time   Description
-----------------------------------------------------------------------------
                  0.00    0.00    0.00   clock core_clock (rise edge)
                          0.29    0.29   clock network delay (ideal)
                  0.00    0.00    0.29 ^ ctrl.state.out[1]$_DFF_P_/CLK (sky130_fd_sc_hd__dfxtp_1)
     3    0.01    0.05    0.29    0.58 v ctrl.state.out[1]$_DFF_P_/Q (sky130_fd_sc_hd__dfxtp_1)
                                         ctrl.state.out[1] (net)
                  0.05    0.00    0.58 v _362_/B1 (sky130_fd_sc_hd__o21ai_0)
     1    0.00    0.07    0.07    0.65 ^ _362_/Y (sky130_fd_sc_hd__o21ai_0)
                                         _152_ (net)
                  0.07    0.00    0.65 ^ _369_/A2 (sky130_fd_sc_hd__a21oi_1)
     1    0.00    0.02    0.06    0.72 v _369_/Y (sky130_fd_sc_hd__a21oi_1)
                                         _001_ (net)
                  0.02    0.00    0.72 v ctrl.state.out[1]$_DFF_P_/D (sky130_fd_sc_hd__dfxtp_1)
                                  0.72   data arrival time

                  0.00    0.00    0.00   clock core_clock (rise edge)
                          0.29    0.29   clock network delay (ideal)
                          0.00    0.29   clock reconvergence pessimism
                                  0.29 ^ ctrl.state.out[1]$_DFF_P_/CLK (sky130_fd_sc_hd__dfxtp_1)
                         -0.05    0.24   library hold time
                                  0.24   data required time
-----------------------------------------------------------------------------
                                  0.24   data required time
                                 -0.72   data arrival time
-----------------------------------------------------------------------------
                                  0.48   slack (MET)


Startpoint: ctrl.state.out[1]$_DFF_P_
            (rising edge-triggered flip-flop clocked by core_clock)
Endpoint: resp_val (output port clocked by vclk_core_clock)
Path Group: vclk_core_clock
Path Type: min

Fanout     Cap    Slew   Delay    Time   Description
-----------------------------------------------------------------------------
                  0.00    0.00    0.00   clock core_clock (rise edge)
                          0.29    0.29   clock network delay (ideal)
                  0.00    0.00    0.29 ^ ctrl.state.out[1]$_DFF_P_/CLK (sky130_fd_sc_hd__dfxtp_1)
     3    0.01    0.05    0.29    0.58 v ctrl.state.out[1]$_DFF_P_/Q (sky130_fd_sc_hd__dfxtp_1)
                                         ctrl.state.out[1] (net)
                  0.05    0.00    0.58 v _357_/A (sky130_fd_sc_hd__inv_1)
     1    0.00    0.03    0.05    0.63 ^ _357_/Y (sky130_fd_sc_hd__inv_1)
                                         _150_ (net)
                  0.03    0.00    0.63 ^ _359_/B (sky130_fd_sc_hd__nor2_1)
     2    0.01    0.03    0.04    0.68 v _359_/Y (sky130_fd_sc_hd__nor2_1)
                                         net53 (net)
                  0.03    0.00    0.68 v output53/A (sky130_fd_sc_hd__clkdlybuf4s50_1)
     1    0.00    0.04    0.40    1.07 v output53/X (sky130_fd_sc_hd__clkdlybuf4s50_1)
                                         resp_val (net)
                  0.04    0.00    1.07 v resp_val (out)
                                  1.07   data arrival time

                  0.00    0.00    0.00   clock vclk_core_clock (rise edge)
                          0.29    0.29   clock network delay (ideal)
                          0.00    0.29   clock reconvergence pessimism
                         -0.22    0.07   output external delay
                                  0.07   data required time
-----------------------------------------------------------------------------
                                  0.07   data required time
                                 -1.07   data arrival time
-----------------------------------------------------------------------------
                                  1.00   slack (MET)



==========================================================================
detailed place report_checks -path_delay max
--------------------------------------------------------------------------
Startpoint: dpath.b_reg.out[1]$_DFFE_PP_
            (rising edge-triggered flip-flop clocked by core_clock)
Endpoint: dpath.a_reg.out[0]$_DFFE_PP_
          (rising edge-triggered flip-flop clocked by core_clock)
Path Group: core_clock
Path Type: max

Fanout     Cap    Slew   Delay    Time   Description
-----------------------------------------------------------------------------
                  0.00    0.00    0.00   clock core_clock (rise edge)
                          0.29    0.29   clock network delay (ideal)
                  0.00    0.00    0.29 ^ dpath.b_reg.out[1]$_DFFE_PP_/CLK (sky130_fd_sc_hd__edfxtp_1)
     4    0.01    0.11    0.40    0.69 v dpath.b_reg.out[1]$_DFFE_PP_/Q (sky130_fd_sc_hd__edfxtp_1)
                                         dpath.a_lt_b$in1[1] (net)
                  0.11    0.00    0.69 v _166_/A_N (sky130_fd_sc_hd__nand2b_4)
     2    0.01    0.05    0.18    0.86 v _166_/Y (sky130_fd_sc_hd__nand2b_4)
                                         _005_ (net)
                  0.05    0.00    0.86 v _170_/A2 (sky130_fd_sc_hd__a211oi_4)
     3    0.02    0.27    0.31    1.18 ^ _170_/Y (sky130_fd_sc_hd__a211oi_4)
                                         _009_ (net)
                  0.27    0.00    1.18 ^ _173_/A2 (sky130_fd_sc_hd__o31ai_4)
     3    0.01    0.08    0.12    1.30 v _173_/Y (sky130_fd_sc_hd__o31ai_4)
                                         _012_ (net)
                  0.08    0.00    1.30 v _231_/A1 (sky130_fd_sc_hd__a211oi_2)
     2    0.01    0.20    0.22    1.52 ^ _231_/Y (sky130_fd_sc_hd__a211oi_2)
                                         _049_ (net)
                  0.20    0.00    1.52 ^ _232_/A2 (sky130_fd_sc_hd__a21oi_1)
     1    0.00    0.06    0.09    1.62 v _232_/Y (sky130_fd_sc_hd__a21oi_1)
                                         _050_ (net)
                  0.06    0.00    1.62 v _239_/A3 (sky130_fd_sc_hd__o31a_1)
     2    0.01    0.08    0.27    1.89 v _239_/X (sky130_fd_sc_hd__o31a_1)
                                         _057_ (net)
                  0.08    0.00    1.89 v place150/A (sky130_fd_sc_hd__buf_4)
     2    0.01    0.03    0.15    2.04 v place150/X (sky130_fd_sc_hd__buf_4)
                                         net150 (net)
                  0.03    0.00    2.04 v _256_/A1 (sky130_fd_sc_hd__o21ai_1)
     2    0.01    0.17    0.17    2.21 ^ _256_/Y (sky130_fd_sc_hd__o21ai_1)
                                         _074_ (net)
                  0.17    0.00    2.21 ^ _268_/C (sky130_fd_sc_hd__maj3_1)
     8    0.04    0.38    0.44    2.65 ^ _268_/X (sky130_fd_sc_hd__maj3_1)
                                         _085_ (net)
                  0.38    0.00    2.65 ^ place140/A (sky130_fd_sc_hd__buf_4)
     7    0.04    0.12    0.25    2.90 ^ place140/X (sky130_fd_sc_hd__buf_4)
                                         net140 (net)
                  0.12    0.00    2.90 ^ _352_/B (sky130_fd_sc_hd__nand2_1)
     1    0.00    0.05    0.08    2.98 v _352_/Y (sky130_fd_sc_hd__nand2_1)
                                         _146_ (net)
                  0.05    0.00    2.98 v _353_/B (sky130_fd_sc_hd__xor2_1)
     1    0.00    0.10    0.11    3.09 ^ _353_/X (sky130_fd_sc_hd__xor2_1)
                                         _147_ (net)
                  0.10    0.00    3.09 ^ _355_/A2 (sky130_fd_sc_hd__o21ai_0)
     1    0.00    0.08    0.09    3.18 v _355_/Y (sky130_fd_sc_hd__o21ai_0)
                                         dpath.a_mux$out[0] (net)
                  0.08    0.00    3.18 v dpath.a_reg.out[0]$_DFFE_PP_/D (sky130_fd_sc_hd__edfxtp_1)
                                  3.18   data arrival time

                  0.00    1.10    1.10   clock core_clock (rise edge)
                          0.29    1.39   clock network delay (ideal)
                          0.00    1.39   clock reconvergence pessimism
                                  1.39 ^ dpath.a_reg.out[0]$_DFFE_PP_/CLK (sky130_fd_sc_hd__edfxtp_1)
                         -0.27    1.12   library setup time
                                  1.12   data required time
-----------------------------------------------------------------------------
                                  1.12   data required time
                                 -3.18   data arrival time
-----------------------------------------------------------------------------
                                 -2.07   slack (VIOLATED)


Startpoint: dpath.b_reg.out[1]$_DFFE_PP_
            (rising edge-triggered flip-flop clocked by core_clock)
Endpoint: resp_msg[14] (output port clocked by vclk_core_clock)
Path Group: vclk_core_clock
Path Type: max

Fanout     Cap    Slew   Delay    Time   Description
-----------------------------------------------------------------------------
                  0.00    0.00    0.00   clock core_clock (rise edge)
                          0.29    0.29   clock network delay (ideal)
                  0.00    0.00    0.29 ^ dpath.b_reg.out[1]$_DFFE_PP_/CLK (sky130_fd_sc_hd__edfxtp_1)
     4    0.01    0.11    0.40    0.69 v dpath.b_reg.out[1]$_DFFE_PP_/Q (sky130_fd_sc_hd__edfxtp_1)
                                         dpath.a_lt_b$in1[1] (net)
                  0.11    0.00    0.69 v _166_/A_N (sky130_fd_sc_hd__nand2b_4)
     2    0.01    0.05    0.18    0.86 v _166_/Y (sky130_fd_sc_hd__nand2b_4)
                                         _005_ (net)
                  0.05    0.00    0.86 v _170_/A2 (sky130_fd_sc_hd__a211oi_4)
     3    0.02    0.27    0.31    1.18 ^ _170_/Y (sky130_fd_sc_hd__a211oi_4)
                                         _009_ (net)
                  0.27    0.00    1.18 ^ _173_/A2 (sky130_fd_sc_hd__o31ai_4)
     3    0.01    0.08    0.12    1.30 v _173_/Y (sky130_fd_sc_hd__o31ai_4)
                                         _012_ (net)
                  0.08    0.00    1.30 v _231_/A1 (sky130_fd_sc_hd__a211oi_2)
     2    0.01    0.20    0.22    1.52 ^ _231_/Y (sky130_fd_sc_hd__a211oi_2)
                                         _049_ (net)
                  0.20    0.00    1.52 ^ _232_/A2 (sky130_fd_sc_hd__a21oi_1)
     1    0.00    0.06    0.09    1.62 v _232_/Y (sky130_fd_sc_hd__a21oi_1)
                                         _050_ (net)
                  0.06    0.00    1.62 v _239_/A3 (sky130_fd_sc_hd__o31a_1)
     2    0.01    0.08    0.27    1.89 v _239_/X (sky130_fd_sc_hd__o31a_1)
                                         _057_ (net)
                  0.08    0.00    1.89 v _261_/C (sky130_fd_sc_hd__maj3_2)
     3    0.01    0.08    0.35    2.24 v _261_/X (sky130_fd_sc_hd__maj3_2)
                                         _078_ (net)
                  0.08    0.00    2.24 v _262_/A2 (sky130_fd_sc_hd__a211oi_2)
     2    0.01    0.19    0.25    2.49 ^ _262_/Y (sky130_fd_sc_hd__a211oi_2)
                                         _079_ (net)
                  0.19    0.00    2.49 ^ _263_/B (sky130_fd_sc_hd__nor2_1)
     2    0.01    0.07    0.10    2.59 v _263_/Y (sky130_fd_sc_hd__nor2_1)
                                         _080_ (net)
                  0.07    0.00    2.59 v _282_/B (sky130_fd_sc_hd__xnor2_1)
     1    0.00    0.11    0.13    2.72 ^ _282_/Y (sky130_fd_sc_hd__xnor2_1)
                                         net42 (net)
                  0.11    0.00    2.72 ^ output42/A (sky130_fd_sc_hd__clkdlybuf4s50_1)
     1    0.00    0.04    0.48    3.20 ^ output42/X (sky130_fd_sc_hd__clkdlybuf4s50_1)
                                         resp_msg[14] (net)
                  0.04    0.00    3.20 ^ resp_msg[14] (out)
                                  3.20   data arrival time

                  0.00    1.10    1.10   clock vclk_core_clock (rise edge)
                          0.29    1.39   clock network delay (ideal)
                          0.00    1.39   clock reconvergence pessimism
                         -0.22    1.17   output external delay
                                  1.17   data required time
-----------------------------------------------------------------------------
                                  1.17   data required time
                                 -3.20   data arrival time
-----------------------------------------------------------------------------
                                 -2.03   slack (VIOLATED)



==========================================================================
detailed place report_checks -unconstrained
--------------------------------------------------------------------------
Startpoint: dpath.b_reg.out[1]$_DFFE_PP_
            (rising edge-triggered flip-flop clocked by core_clock)
Endpoint: dpath.a_reg.out[0]$_DFFE_PP_
          (rising edge-triggered flip-flop clocked by core_clock)
Path Group: core_clock
Path Type: max

Fanout     Cap    Slew   Delay    Time   Description
-----------------------------------------------------------------------------
                  0.00    0.00    0.00   clock core_clock (rise edge)
                          0.29    0.29   clock network delay (ideal)
                  0.00    0.00    0.29 ^ dpath.b_reg.out[1]$_DFFE_PP_/CLK (sky130_fd_sc_hd__edfxtp_1)
     4    0.01    0.11    0.40    0.69 v dpath.b_reg.out[1]$_DFFE_PP_/Q (sky130_fd_sc_hd__edfxtp_1)
                                         dpath.a_lt_b$in1[1] (net)
                  0.11    0.00    0.69 v _166_/A_N (sky130_fd_sc_hd__nand2b_4)
     2    0.01    0.05    0.18    0.86 v _166_/Y (sky130_fd_sc_hd__nand2b_4)
                                         _005_ (net)
                  0.05    0.00    0.86 v _170_/A2 (sky130_fd_sc_hd__a211oi_4)
     3    0.02    0.27    0.31    1.18 ^ _170_/Y (sky130_fd_sc_hd__a211oi_4)
                                         _009_ (net)
                  0.27    0.00    1.18 ^ _173_/A2 (sky130_fd_sc_hd__o31ai_4)
     3    0.01    0.08    0.12    1.30 v _173_/Y (sky130_fd_sc_hd__o31ai_4)
                                         _012_ (net)
                  0.08    0.00    1.30 v _231_/A1 (sky130_fd_sc_hd__a211oi_2)
     2    0.01    0.20    0.22    1.52 ^ _231_/Y (sky130_fd_sc_hd__a211oi_2)
                                         _049_ (net)
                  0.20    0.00    1.52 ^ _232_/A2 (sky130_fd_sc_hd__a21oi_1)
     1    0.00    0.06    0.09    1.62 v _232_/Y (sky130_fd_sc_hd__a21oi_1)
                                         _050_ (net)
                  0.06    0.00    1.62 v _239_/A3 (sky130_fd_sc_hd__o31a_1)
     2    0.01    0.08    0.27    1.89 v _239_/X (sky130_fd_sc_hd__o31a_1)
                                         _057_ (net)
                  0.08    0.00    1.89 v place150/A (sky130_fd_sc_hd__buf_4)
     2    0.01    0.03    0.15    2.04 v place150/X (sky130_fd_sc_hd__buf_4)
                                         net150 (net)
                  0.03    0.00    2.04 v _256_/A1 (sky130_fd_sc_hd__o21ai_1)
     2    0.01    0.17    0.17    2.21 ^ _256_/Y (sky130_fd_sc_hd__o21ai_1)
                                         _074_ (net)
                  0.17    0.00    2.21 ^ _268_/C (sky130_fd_sc_hd__maj3_1)
     8    0.04    0.38    0.44    2.65 ^ _268_/X (sky130_fd_sc_hd__maj3_1)
                                         _085_ (net)
                  0.38    0.00    2.65 ^ place140/A (sky130_fd_sc_hd__buf_4)
     7    0.04    0.12    0.25    2.90 ^ place140/X (sky130_fd_sc_hd__buf_4)
                                         net140 (net)
                  0.12    0.00    2.90 ^ _352_/B (sky130_fd_sc_hd__nand2_1)
     1    0.00    0.05    0.08    2.98 v _352_/Y (sky130_fd_sc_hd__nand2_1)
                                         _146_ (net)
                  0.05    0.00    2.98 v _353_/B (sky130_fd_sc_hd__xor2_1)
     1    0.00    0.10    0.11    3.09 ^ _353_/X (sky130_fd_sc_hd__xor2_1)
                                         _147_ (net)
                  0.10    0.00    3.09 ^ _355_/A2 (sky130_fd_sc_hd__o21ai_0)
     1    0.00    0.08    0.09    3.18 v _355_/Y (sky130_fd_sc_hd__o21ai_0)
                                         dpath.a_mux$out[0] (net)
                  0.08    0.00    3.18 v dpath.a_reg.out[0]$_DFFE_PP_/D (sky130_fd_sc_hd__edfxtp_1)
                                  3.18   data arrival time

                  0.00    1.10    1.10   clock core_clock (rise edge)
                          0.29    1.39   clock network delay (ideal)
                          0.00    1.39   clock reconvergence pessimism
                                  1.39 ^ dpath.a_reg.out[0]$_DFFE_PP_/CLK (sky130_fd_sc_hd__edfxtp_1)
                         -0.27    1.12   library setup time
                                  1.12   data required time
-----------------------------------------------------------------------------
                                  1.12   data required time
                                 -3.18   data arrival time
-----------------------------------------------------------------------------
                                 -2.07   slack (VIOLATED)


Startpoint: dpath.b_reg.out[1]$_DFFE_PP_
            (rising edge-triggered flip-flop clocked by core_clock)
Endpoint: resp_msg[14] (output port clocked by vclk_core_clock)
Path Group: vclk_core_clock
Path Type: max

Fanout     Cap    Slew   Delay    Time   Description
-----------------------------------------------------------------------------
                  0.00    0.00    0.00   clock core_clock (rise edge)
                          0.29    0.29   clock network delay (ideal)
                  0.00    0.00    0.29 ^ dpath.b_reg.out[1]$_DFFE_PP_/CLK (sky130_fd_sc_hd__edfxtp_1)
     4    0.01    0.11    0.40    0.69 v dpath.b_reg.out[1]$_DFFE_PP_/Q (sky130_fd_sc_hd__edfxtp_1)
                                         dpath.a_lt_b$in1[1] (net)
                  0.11    0.00    0.69 v _166_/A_N (sky130_fd_sc_hd__nand2b_4)
     2    0.01    0.05    0.18    0.86 v _166_/Y (sky130_fd_sc_hd__nand2b_4)
                                         _005_ (net)
                  0.05    0.00    0.86 v _170_/A2 (sky130_fd_sc_hd__a211oi_4)
     3    0.02    0.27    0.31    1.18 ^ _170_/Y (sky130_fd_sc_hd__a211oi_4)
                                         _009_ (net)
                  0.27    0.00    1.18 ^ _173_/A2 (sky130_fd_sc_hd__o31ai_4)
     3    0.01    0.08    0.12    1.30 v _173_/Y (sky130_fd_sc_hd__o31ai_4)
                                         _012_ (net)
                  0.08    0.00    1.30 v _231_/A1 (sky130_fd_sc_hd__a211oi_2)
     2    0.01    0.20    0.22    1.52 ^ _231_/Y (sky130_fd_sc_hd__a211oi_2)
                                         _049_ (net)
                  0.20    0.00    1.52 ^ _232_/A2 (sky130_fd_sc_hd__a21oi_1)
     1    0.00    0.06    0.09    1.62 v _232_/Y (sky130_fd_sc_hd__a21oi_1)
                                         _050_ (net)
                  0.06    0.00    1.62 v _239_/A3 (sky130_fd_sc_hd__o31a_1)
     2    0.01    0.08    0.27    1.89 v _239_/X (sky130_fd_sc_hd__o31a_1)
                                         _057_ (net)
                  0.08    0.00    1.89 v _261_/C (sky130_fd_sc_hd__maj3_2)
     3    0.01    0.08    0.35    2.24 v _261_/X (sky130_fd_sc_hd__maj3_2)
                                         _078_ (net)
                  0.08    0.00    2.24 v _262_/A2 (sky130_fd_sc_hd__a211oi_2)
     2    0.01    0.19    0.25    2.49 ^ _262_/Y (sky130_fd_sc_hd__a211oi_2)
                                         _079_ (net)
                  0.19    0.00    2.49 ^ _263_/B (sky130_fd_sc_hd__nor2_1)
     2    0.01    0.07    0.10    2.59 v _263_/Y (sky130_fd_sc_hd__nor2_1)
                                         _080_ (net)
                  0.07    0.00    2.59 v _282_/B (sky130_fd_sc_hd__xnor2_1)
     1    0.00    0.11    0.13    2.72 ^ _282_/Y (sky130_fd_sc_hd__xnor2_1)
                                         net42 (net)
                  0.11    0.00    2.72 ^ output42/A (sky130_fd_sc_hd__clkdlybuf4s50_1)
     1    0.00    0.04    0.48    3.20 ^ output42/X (sky130_fd_sc_hd__clkdlybuf4s50_1)
                                         resp_msg[14] (net)
                  0.04    0.00    3.20 ^ resp_msg[14] (out)
                                  3.20   data arrival time

                  0.00    1.10    1.10   clock vclk_core_clock (rise edge)
                          0.29    1.39   clock network delay (ideal)
                          0.00    1.39   clock reconvergence pessimism
                         -0.22    1.17   output external delay
                                  1.17   data required time
-----------------------------------------------------------------------------
                                  1.17   data required time
                                 -3.20   data arrival time
-----------------------------------------------------------------------------
                                 -2.03   slack (VIOLATED)



==========================================================================
detailed place report_check_types -max_slew -max_cap -max_fanout -violators
--------------------------------------------------------------------------

==========================================================================
detailed place max_slew_check_slack
--------------------------------------------------------------------------
1.1170613765716553

==========================================================================
detailed place max_slew_check_limit
--------------------------------------------------------------------------
1.5

==========================================================================
detailed place max_slew_check_slack_limit
--------------------------------------------------------------------------
0.7447

==========================================================================
detailed place max_fanout_check_slack
--------------------------------------------------------------------------
1.0000000150474662e+30

==========================================================================
detailed place max_fanout_check_limit
--------------------------------------------------------------------------
1.0000000150474662e+30

==========================================================================
detailed place max_capacitance_check_slack
--------------------------------------------------------------------------
0.03076479211449623

==========================================================================
detailed place max_capacitance_check_limit
--------------------------------------------------------------------------
0.03663099929690361

==========================================================================
detailed place max_capacitance_check_slack_limit
--------------------------------------------------------------------------
0.8399

==========================================================================
detailed place max_slew_violation_count
--------------------------------------------------------------------------
max slew violation count 0

==========================================================================
detailed place max_fanout_violation_count
--------------------------------------------------------------------------
max fanout violation count 0

==========================================================================
detailed place max_cap_violation_count
--------------------------------------------------------------------------
max cap violation count 0

==========================================================================
detailed place setup_violation_count
--------------------------------------------------------------------------
setup violation count 81

==========================================================================
detailed place hold_violation_count
--------------------------------------------------------------------------
hold violation count 0

==========================================================================
detailed place report_checks -path_delay max reg to reg
--------------------------------------------------------------------------
Startpoint: dpath.b_reg.out[1]$_DFFE_PP_
            (rising edge-triggered flip-flop clocked by core_clock)
Endpoint: dpath.a_reg.out[0]$_DFFE_PP_
          (rising edge-triggered flip-flop clocked by core_clock)
Path Group: core_clock
Path Type: max

  Delay    Time   Description
---------------------------------------------------------
   0.00    0.00   clock core_clock (rise edge)
   0.29    0.29   clock network delay (ideal)
   0.00    0.29 ^ dpath.b_reg.out[1]$_DFFE_PP_/CLK (sky130_fd_sc_hd__edfxtp_1)
   0.40    0.69 v dpath.b_reg.out[1]$_DFFE_PP_/Q (sky130_fd_sc_hd__edfxtp_1)
   0.18    0.86 v _166_/Y (sky130_fd_sc_hd__nand2b_4)
   0.31    1.18 ^ _170_/Y (sky130_fd_sc_hd__a211oi_4)
   0.12    1.30 v _173_/Y (sky130_fd_sc_hd__o31ai_4)
   0.22    1.52 ^ _231_/Y (sky130_fd_sc_hd__a211oi_2)
   0.09    1.62 v _232_/Y (sky130_fd_sc_hd__a21oi_1)
   0.27    1.89 v _239_/X (sky130_fd_sc_hd__o31a_1)
   0.15    2.04 v place150/X (sky130_fd_sc_hd__buf_4)
   0.17    2.21 ^ _256_/Y (sky130_fd_sc_hd__o21ai_1)
   0.44    2.65 ^ _268_/X (sky130_fd_sc_hd__maj3_1)
   0.25    2.90 ^ place140/X (sky130_fd_sc_hd__buf_4)
   0.08    2.98 v _352_/Y (sky130_fd_sc_hd__nand2_1)
   0.11    3.09 ^ _353_/X (sky130_fd_sc_hd__xor2_1)
   0.09    3.18 v _355_/Y (sky130_fd_sc_hd__o21ai_0)
   0.00    3.18 v dpath.a_reg.out[0]$_DFFE_PP_/D (sky130_fd_sc_hd__edfxtp_1)
           3.18   data arrival time

   1.10    1.10   clock core_clock (rise edge)
   0.29    1.39   clock network delay (ideal)
   0.00    1.39   clock reconvergence pessimism
           1.39 ^ dpath.a_reg.out[0]$_DFFE_PP_/CLK (sky130_fd_sc_hd__edfxtp_1)
  -0.27    1.12   library setup time
           1.12   data required time
---------------------------------------------------------
           1.12   data required time
          -3.18   data arrival time
---------------------------------------------------------
          -2.07   slack (VIOLATED)



==========================================================================
detailed place report_checks -path_delay min reg to reg
--------------------------------------------------------------------------
Startpoint: ctrl.state.out[1]$_DFF_P_
            (rising edge-triggered flip-flop clocked by core_clock)
Endpoint: ctrl.state.out[1]$_DFF_P_
          (rising edge-triggered flip-flop clocked by core_clock)
Path Group: core_clock
Path Type: min

  Delay    Time   Description
---------------------------------------------------------
   0.00    0.00   clock core_clock (rise edge)
   0.29    0.29   clock network delay (ideal)
   0.00    0.29 ^ ctrl.state.out[1]$_DFF_P_/CLK (sky130_fd_sc_hd__dfxtp_1)
   0.29    0.58 v ctrl.state.out[1]$_DFF_P_/Q (sky130_fd_sc_hd__dfxtp_1)
   0.07    0.65 ^ _362_/Y (sky130_fd_sc_hd__o21ai_0)
   0.06    0.72 v _369_/Y (sky130_fd_sc_hd__a21oi_1)
   0.00    0.72 v ctrl.state.out[1]$_DFF_P_/D (sky130_fd_sc_hd__dfxtp_1)
           0.72   data arrival time

   0.00    0.00   clock core_clock (rise edge)
   0.29    0.29   clock network delay (ideal)
   0.00    0.29   clock reconvergence pessimism
           0.29 ^ ctrl.state.out[1]$_DFF_P_/CLK (sky130_fd_sc_hd__dfxtp_1)
  -0.05    0.24   library hold time
           0.24   data required time
---------------------------------------------------------
           0.24   data required time
          -0.72   data arrival time
---------------------------------------------------------
           0.48   slack (MET)



==========================================================================
detailed place critical path target clock latency max path
--------------------------------------------------------------------------
0.2900

==========================================================================
detailed place critical path target clock latency min path
--------------------------------------------------------------------------
0.2900

==========================================================================
detailed place critical path source clock latency min path
--------------------------------------------------------------------------
0.2900

==========================================================================
detailed place critical path delay
--------------------------------------------------------------------------
3.1819

==========================================================================
detailed place critical path slack
--------------------------------------------------------------------------
-2.0662

==========================================================================
detailed place slack div critical path delay
--------------------------------------------------------------------------
-64.936045

==========================================================================
detailed place report_power
--------------------------------------------------------------------------
Group                  Internal  Switching    Leakage      Total
                          Power      Power      Power      Power (Watts)
----------------------------------------------------------------
Sequential             1.69e-03   1.32e-04   3.52e-10   1.82e-03  38.3%
Combinational          1.85e-03   1.08e-03   1.26e-09   2.93e-03  61.7%
Clock                  0.00e+00   0.00e+00   0.00e+00   0.00e+00   0.0%
Macro                  0.00e+00   0.00e+00   0.00e+00   0.00e+00   0.0%
Pad                    0.00e+00   0.00e+00   0.00e+00   0.00e+00   0.0%
----------------------------------------------------------------
Total                  3.54e-03   1.21e-03   1.61e-09   4.75e-03 100.0%
                          74.5%      25.5%       0.0%
