
==========================================================================
cts final report_tns
--------------------------------------------------------------------------
tns max -80.68

==========================================================================
cts final report_wns
--------------------------------------------------------------------------
wns max -1.94

==========================================================================
cts final report_worst_slack
--------------------------------------------------------------------------
worst slack max -1.94

==========================================================================
cts final report_clock_min_period
--------------------------------------------------------------------------
core_clock period_min = 3.04 fmax = 329.14
vclk_core_clock period_min = 0.00 fmax = inf

==========================================================================
cts final report_clock_skew
--------------------------------------------------------------------------
Clock core_clock
   0.30 source latency dpath.a_reg.out[2]$_DFFE_PP_/CLK ^
  -0.29 target latency dpath.b_reg.out[2]$_DFFE_PP_/CLK ^
   0.00 CRPR
--------------
   0.01 setup skew

Clock vclk_core_clock
No launch/capture paths found.


==========================================================================
cts final report_checks -path_delay min
--------------------------------------------------------------------------
Startpoint: ctrl.state.out[1]$_DFF_P_
            (rising edge-triggered flip-flop clocked by core_clock)
Endpoint: ctrl.state.out[1]$_DFF_P_
          (rising edge-triggered flip-flop clocked by core_clock)
Path Group: core_clock
Path Type: min

Fanout     Cap    Slew   Delay    Time   Description
-----------------------------------------------------------------------------
                          0.00    0.00   clock core_clock (rise edge)
                          0.00    0.00   clock source latency
     1    0.02    0.00    0.00    0.00 ^ clk (in)
                                         clk (net)
                  0.00    0.00    0.00 ^ clkbuf_0_clk/A (sky130_fd_sc_hd__clkbuf_8)
     4    0.03    0.07    0.13    0.13 ^ clkbuf_0_clk/X (sky130_fd_sc_hd__clkbuf_8)
                                         clknet_0_clk (net)
                  0.07    0.00    0.13 ^ clkbuf_2_0__f_clk/A (sky130_fd_sc_hd__clkbuf_8)
     9    0.04    0.07    0.16    0.29 ^ clkbuf_2_0__f_clk/X (sky130_fd_sc_hd__clkbuf_8)
                                         clknet_2_0__leaf_clk (net)
                  0.07    0.00    0.29 ^ ctrl.state.out[1]$_DFF_P_/CLK (sky130_fd_sc_hd__dfxtp_1)
     3    0.01    0.05    0.32    0.61 v ctrl.state.out[1]$_DFF_P_/Q (sky130_fd_sc_hd__dfxtp_1)
                                         ctrl.state.out[1] (net)
                  0.05    0.00    0.61 v _362_/B1 (sky130_fd_sc_hd__o21ai_0)
     1    0.00    0.07    0.07    0.68 ^ _362_/Y (sky130_fd_sc_hd__o21ai_0)
                                         _152_ (net)
                  0.07    0.00    0.68 ^ _369_/A2 (sky130_fd_sc_hd__a21oi_1)
     1    0.00    0.02    0.06    0.74 v _369_/Y (sky130_fd_sc_hd__a21oi_1)
                                         _001_ (net)
                  0.02    0.00    0.74 v ctrl.state.out[1]$_DFF_P_/D (sky130_fd_sc_hd__dfxtp_1)
                                  0.74   data arrival time

                          0.00    0.00   clock core_clock (rise edge)
                          0.00    0.00   clock source latency
     1    0.02    0.00    0.00    0.00 ^ clk (in)
                                         clk (net)
                  0.00    0.00    0.00 ^ clkbuf_0_clk/A (sky130_fd_sc_hd__clkbuf_8)
     4    0.03    0.07    0.13    0.13 ^ clkbuf_0_clk/X (sky130_fd_sc_hd__clkbuf_8)
                                         clknet_0_clk (net)
                  0.07    0.00    0.13 ^ clkbuf_2_0__f_clk/A (sky130_fd_sc_hd__clkbuf_8)
     9    0.04    0.07    0.16    0.29 ^ clkbuf_2_0__f_clk/X (sky130_fd_sc_hd__clkbuf_8)
                                         clknet_2_0__leaf_clk (net)
                  0.07    0.00    0.29 ^ ctrl.state.out[1]$_DFF_P_/CLK (sky130_fd_sc_hd__dfxtp_1)
                          0.00    0.29   clock reconvergence pessimism
                         -0.04    0.25   library hold time
                                  0.25   data required time
-----------------------------------------------------------------------------
                                  0.25   data required time
                                 -0.74   data arrival time
-----------------------------------------------------------------------------
                                  0.49   slack (MET)


Startpoint: dpath.b_reg.out[0]$_DFFE_PP_
            (rising edge-triggered flip-flop clocked by core_clock)
Endpoint: resp_msg[0] (output port clocked by vclk_core_clock)
Path Group: vclk_core_clock
Path Type: min

Fanout     Cap    Slew   Delay    Time   Description
-----------------------------------------------------------------------------
                          0.00    0.00   clock core_clock (rise edge)
                          0.00    0.00   clock source latency
     1    0.02    0.00    0.00    0.00 ^ clk (in)
                                         clk (net)
                  0.00    0.00    0.00 ^ clkbuf_0_clk/A (sky130_fd_sc_hd__clkbuf_8)
     4    0.03    0.07    0.13    0.13 ^ clkbuf_0_clk/X (sky130_fd_sc_hd__clkbuf_8)
                                         clknet_0_clk (net)
                  0.07    0.00    0.13 ^ clkbuf_2_0__f_clk/A (sky130_fd_sc_hd__clkbuf_8)
     9    0.04    0.07    0.16    0.29 ^ clkbuf_2_0__f_clk/X (sky130_fd_sc_hd__clkbuf_8)
                                         clknet_2_0__leaf_clk (net)
                  0.07    0.00    0.29 ^ dpath.b_reg.out[0]$_DFFE_PP_/CLK (sky130_fd_sc_hd__edfxtp_1)
     2    0.01    0.08    0.35    0.64 ^ dpath.b_reg.out[0]$_DFFE_PP_/Q (sky130_fd_sc_hd__edfxtp_1)
                                         dpath.a_lt_b$in1[0] (net)
                  0.08    0.00    0.64 ^ place202/A (sky130_fd_sc_hd__buf_4)
     3    0.02    0.06    0.14    0.78 ^ place202/X (sky130_fd_sc_hd__buf_4)
                                         net202 (net)
                  0.06    0.00    0.78 ^ _189_/A (sky130_fd_sc_hd__xor2_1)
     1    0.00    0.03    0.06    0.84 v _189_/X (sky130_fd_sc_hd__xor2_1)
                                         net37 (net)
                  0.03    0.00    0.84 v output37/A (sky130_fd_sc_hd__buf_2)
     1    0.00    0.02    0.10    0.94 v output37/X (sky130_fd_sc_hd__buf_2)
                                         resp_msg[0] (net)
                  0.02    0.00    0.94 v resp_msg[0] (out)
                                  0.94   data arrival time

                  0.00    0.00    0.00   clock vclk_core_clock (rise edge)
                          0.29    0.29   clock network delay (ideal)
                          0.00    0.29   clock reconvergence pessimism
                         -0.22    0.07   output external delay
                                  0.07   data required time
-----------------------------------------------------------------------------
                                  0.07   data required time
                                 -0.94   data arrival time
-----------------------------------------------------------------------------
                                  0.87   slack (MET)



==========================================================================
cts final report_checks -path_delay max
--------------------------------------------------------------------------
Startpoint: dpath.b_reg.out[1]$_DFFE_PP_
            (rising edge-triggered flip-flop clocked by core_clock)
Endpoint: dpath.a_reg.out[14]$_DFFE_PP_
          (rising edge-triggered flip-flop clocked by core_clock)
Path Group: core_clock
Path Type: max

Fanout     Cap    Slew   Delay    Time   Description
-----------------------------------------------------------------------------
                          0.00    0.00   clock core_clock (rise edge)
                          0.00    0.00   clock source latency
     1    0.02    0.00    0.00    0.00 ^ clk (in)
                                         clk (net)
                  0.00    0.00    0.00 ^ clkbuf_0_clk/A (sky130_fd_sc_hd__clkbuf_8)
     4    0.03    0.07    0.13    0.13 ^ clkbuf_0_clk/X (sky130_fd_sc_hd__clkbuf_8)
                                         clknet_0_clk (net)
                  0.07    0.00    0.13 ^ clkbuf_2_0__f_clk/A (sky130_fd_sc_hd__clkbuf_8)
     9    0.04    0.07    0.16    0.29 ^ clkbuf_2_0__f_clk/X (sky130_fd_sc_hd__clkbuf_8)
                                         clknet_2_0__leaf_clk (net)
                  0.07    0.00    0.29 ^ dpath.b_reg.out[1]$_DFFE_PP_/CLK (sky130_fd_sc_hd__edfxtp_1)
     3    0.01    0.11    0.42    0.71 v dpath.b_reg.out[1]$_DFFE_PP_/Q (sky130_fd_sc_hd__edfxtp_1)
                                         dpath.a_lt_b$in1[1] (net)
                  0.11    0.00    0.71 v _166_/A_N (sky130_fd_sc_hd__nand2b_4)
     2    0.01    0.06    0.18    0.89 v _166_/Y (sky130_fd_sc_hd__nand2b_4)
                                         _005_ (net)
                  0.06    0.00    0.89 v _170_/A1 (sky130_fd_sc_hd__a211oi_4)
     3    0.02    0.27    0.29    1.17 ^ _170_/Y (sky130_fd_sc_hd__a211oi_4)
                                         _009_ (net)
                  0.27    0.00    1.17 ^ _173_/A3 (sky130_fd_sc_hd__o31ai_4)
     3    0.01    0.07    0.10    1.28 v _173_/Y (sky130_fd_sc_hd__o31ai_4)
                                         _012_ (net)
                  0.07    0.00    1.28 v _231_/A2 (sky130_fd_sc_hd__a211oi_2)
     2    0.01    0.19    0.25    1.53 ^ _231_/Y (sky130_fd_sc_hd__a211oi_2)
                                         _049_ (net)
                  0.19    0.00    1.53 ^ _232_/A1 (sky130_fd_sc_hd__a21oi_1)
     1    0.00    0.07    0.10    1.63 v _232_/Y (sky130_fd_sc_hd__a21oi_1)
                                         _050_ (net)
                  0.07    0.00    1.63 v _239_/A1 (sky130_fd_sc_hd__o31a_1)
     2    0.01    0.08    0.34    1.96 v _239_/X (sky130_fd_sc_hd__o31a_1)
                                         _057_ (net)
                  0.08    0.00    1.96 v _261_/B (sky130_fd_sc_hd__maj3_2)
     3    0.01    0.08    0.34    2.30 v _261_/X (sky130_fd_sc_hd__maj3_2)
                                         _078_ (net)
                  0.08    0.00    2.31 v _262_/A1 (sky130_fd_sc_hd__a211oi_2)
     2    0.01    0.19    0.22    2.52 ^ _262_/Y (sky130_fd_sc_hd__a211oi_2)
                                         _079_ (net)
                  0.19    0.00    2.52 ^ place143/A (sky130_fd_sc_hd__buf_4)
     2    0.01    0.03    0.15    2.67 ^ place143/X (sky130_fd_sc_hd__buf_4)
                                         net143 (net)
                  0.03    0.00    2.67 ^ _277_/D (sky130_fd_sc_hd__or4_1)
     1    0.00    0.05    0.10    2.76 ^ _277_/X (sky130_fd_sc_hd__or4_1)
                                         _094_ (net)
                  0.05    0.00    2.76 ^ _278_/D1 (sky130_fd_sc_hd__o2111ai_1)
     1    0.00    0.10    0.10    2.86 v _278_/Y (sky130_fd_sc_hd__o2111ai_1)
                                         _095_ (net)
                  0.10    0.00    2.86 v _281_/C1 (sky130_fd_sc_hd__a211o_1)
     1    0.00    0.05    0.23    3.09 v _281_/X (sky130_fd_sc_hd__a211o_1)
                                         dpath.a_mux$out[14] (net)
                  0.05    0.00    3.09 v dpath.a_reg.out[14]$_DFFE_PP_/D (sky130_fd_sc_hd__edfxtp_1)
                                  3.09   data arrival time

                          1.10    1.10   clock core_clock (rise edge)
                          0.00    1.10   clock source latency
     1    0.02    0.00    0.00    1.10 ^ clk (in)
                                         clk (net)
                  0.00    0.00    1.10 ^ clkbuf_0_clk/A (sky130_fd_sc_hd__clkbuf_8)
     4    0.03    0.07    0.13    1.23 ^ clkbuf_0_clk/X (sky130_fd_sc_hd__clkbuf_8)
                                         clknet_0_clk (net)
                  0.07    0.00    1.23 ^ clkbuf_2_2__f_clk/A (sky130_fd_sc_hd__clkbuf_8)
     9    0.04    0.08    0.16    1.39 ^ clkbuf_2_2__f_clk/X (sky130_fd_sc_hd__clkbuf_8)
                                         clknet_2_2__leaf_clk (net)
                  0.08    0.00    1.39 ^ dpath.a_reg.out[14]$_DFFE_PP_/CLK (sky130_fd_sc_hd__edfxtp_1)
                          0.00    1.39   clock reconvergence pessimism
                         -0.24    1.15   library setup time
                                  1.15   data required time
-----------------------------------------------------------------------------
                                  1.15   data required time
                                 -3.09   data arrival time
-----------------------------------------------------------------------------
                                 -1.94   slack (VIOLATED)


Startpoint: dpath.b_reg.out[1]$_DFFE_PP_
            (rising edge-triggered flip-flop clocked by core_clock)
Endpoint: resp_msg[12] (output port clocked by vclk_core_clock)
Path Group: vclk_core_clock
Path Type: max

Fanout     Cap    Slew   Delay    Time   Description
-----------------------------------------------------------------------------
                          0.00    0.00   clock core_clock (rise edge)
                          0.00    0.00   clock source latency
     1    0.02    0.00    0.00    0.00 ^ clk (in)
                                         clk (net)
                  0.00    0.00    0.00 ^ clkbuf_0_clk/A (sky130_fd_sc_hd__clkbuf_8)
     4    0.03    0.07    0.13    0.13 ^ clkbuf_0_clk/X (sky130_fd_sc_hd__clkbuf_8)
                                         clknet_0_clk (net)
                  0.07    0.00    0.13 ^ clkbuf_2_0__f_clk/A (sky130_fd_sc_hd__clkbuf_8)
     9    0.04    0.07    0.16    0.29 ^ clkbuf_2_0__f_clk/X (sky130_fd_sc_hd__clkbuf_8)
                                         clknet_2_0__leaf_clk (net)
                  0.07    0.00    0.29 ^ dpath.b_reg.out[1]$_DFFE_PP_/CLK (sky130_fd_sc_hd__edfxtp_1)
     3    0.01    0.11    0.42    0.71 v dpath.b_reg.out[1]$_DFFE_PP_/Q (sky130_fd_sc_hd__edfxtp_1)
                                         dpath.a_lt_b$in1[1] (net)
                  0.11    0.00    0.71 v _166_/A_N (sky130_fd_sc_hd__nand2b_4)
     2    0.01    0.06    0.18    0.89 v _166_/Y (sky130_fd_sc_hd__nand2b_4)
                                         _005_ (net)
                  0.06    0.00    0.89 v _170_/A1 (sky130_fd_sc_hd__a211oi_4)
     3    0.02    0.27    0.29    1.17 ^ _170_/Y (sky130_fd_sc_hd__a211oi_4)
                                         _009_ (net)
                  0.27    0.00    1.17 ^ _173_/A3 (sky130_fd_sc_hd__o31ai_4)
     3    0.01    0.07    0.10    1.28 v _173_/Y (sky130_fd_sc_hd__o31ai_4)
                                         _012_ (net)
                  0.07    0.00    1.28 v _231_/A2 (sky130_fd_sc_hd__a211oi_2)
     2    0.01    0.19    0.25    1.53 ^ _231_/Y (sky130_fd_sc_hd__a211oi_2)
                                         _049_ (net)
                  0.19    0.00    1.53 ^ _232_/A1 (sky130_fd_sc_hd__a21oi_1)
     1    0.00    0.07    0.10    1.63 v _232_/Y (sky130_fd_sc_hd__a21oi_1)
                                         _050_ (net)
                  0.07    0.00    1.63 v _239_/A1 (sky130_fd_sc_hd__o31a_1)
     2    0.01    0.08    0.34    1.96 v _239_/X (sky130_fd_sc_hd__o31a_1)
                                         _057_ (net)
                  0.08    0.00    1.96 v _261_/B (sky130_fd_sc_hd__maj3_2)
     3    0.01    0.08    0.34    2.30 v _261_/X (sky130_fd_sc_hd__maj3_2)
                                         _078_ (net)
                  0.08    0.00    2.30 v place147/A (sky130_fd_sc_hd__buf_4)
     1    0.02    0.04    0.16    2.47 v place147/X (sky130_fd_sc_hd__buf_4)
                                         net147 (net)
                  0.04    0.00    2.47 v _290_/B (sky130_fd_sc_hd__xnor2_4)
     2    0.01    0.15    0.15    2.62 ^ _290_/Y (sky130_fd_sc_hd__xnor2_4)
                                         net40 (net)
                  0.15    0.00    2.62 ^ output40/A (sky130_fd_sc_hd__clkdlybuf4s50_1)
     1    0.00    0.03    0.48    3.11 ^ output40/X (sky130_fd_sc_hd__clkdlybuf4s50_1)
                                         resp_msg[12] (net)
                  0.03    0.00    3.11 ^ resp_msg[12] (out)
                                  3.11   data arrival time

                  0.00    1.10    1.10   clock vclk_core_clock (rise edge)
                          0.29    1.39   clock network delay (ideal)
                          0.00    1.39   clock reconvergence pessimism
                         -0.22    1.17   output external delay
                                  1.17   data required time
-----------------------------------------------------------------------------
                                  1.17   data required time
                                 -3.11   data arrival time
-----------------------------------------------------------------------------
                                 -1.94   slack (VIOLATED)



==========================================================================
cts final report_checks -unconstrained
--------------------------------------------------------------------------
Startpoint: dpath.b_reg.out[1]$_DFFE_PP_
            (rising edge-triggered flip-flop clocked by core_clock)
Endpoint: dpath.a_reg.out[14]$_DFFE_PP_
          (rising edge-triggered flip-flop clocked by core_clock)
Path Group: core_clock
Path Type: max

Fanout     Cap    Slew   Delay    Time   Description
-----------------------------------------------------------------------------
                          0.00    0.00   clock core_clock (rise edge)
                          0.00    0.00   clock source latency
     1    0.02    0.00    0.00    0.00 ^ clk (in)
                                         clk (net)
                  0.00    0.00    0.00 ^ clkbuf_0_clk/A (sky130_fd_sc_hd__clkbuf_8)
     4    0.03    0.07    0.13    0.13 ^ clkbuf_0_clk/X (sky130_fd_sc_hd__clkbuf_8)
                                         clknet_0_clk (net)
                  0.07    0.00    0.13 ^ clkbuf_2_0__f_clk/A (sky130_fd_sc_hd__clkbuf_8)
     9    0.04    0.07    0.16    0.29 ^ clkbuf_2_0__f_clk/X (sky130_fd_sc_hd__clkbuf_8)
                                         clknet_2_0__leaf_clk (net)
                  0.07    0.00    0.29 ^ dpath.b_reg.out[1]$_DFFE_PP_/CLK (sky130_fd_sc_hd__edfxtp_1)
     3    0.01    0.11    0.42    0.71 v dpath.b_reg.out[1]$_DFFE_PP_/Q (sky130_fd_sc_hd__edfxtp_1)
                                         dpath.a_lt_b$in1[1] (net)
                  0.11    0.00    0.71 v _166_/A_N (sky130_fd_sc_hd__nand2b_4)
     2    0.01    0.06    0.18    0.89 v _166_/Y (sky130_fd_sc_hd__nand2b_4)
                                         _005_ (net)
                  0.06    0.00    0.89 v _170_/A1 (sky130_fd_sc_hd__a211oi_4)
     3    0.02    0.27    0.29    1.17 ^ _170_/Y (sky130_fd_sc_hd__a211oi_4)
                                         _009_ (net)
                  0.27    0.00    1.17 ^ _173_/A3 (sky130_fd_sc_hd__o31ai_4)
     3    0.01    0.07    0.10    1.28 v _173_/Y (sky130_fd_sc_hd__o31ai_4)
                                         _012_ (net)
                  0.07    0.00    1.28 v _231_/A2 (sky130_fd_sc_hd__a211oi_2)
     2    0.01    0.19    0.25    1.53 ^ _231_/Y (sky130_fd_sc_hd__a211oi_2)
                                         _049_ (net)
                  0.19    0.00    1.53 ^ _232_/A1 (sky130_fd_sc_hd__a21oi_1)
     1    0.00    0.07    0.10    1.63 v _232_/Y (sky130_fd_sc_hd__a21oi_1)
                                         _050_ (net)
                  0.07    0.00    1.63 v _239_/A1 (sky130_fd_sc_hd__o31a_1)
     2    0.01    0.08    0.34    1.96 v _239_/X (sky130_fd_sc_hd__o31a_1)
                                         _057_ (net)
                  0.08    0.00    1.96 v _261_/B (sky130_fd_sc_hd__maj3_2)
     3    0.01    0.08    0.34    2.30 v _261_/X (sky130_fd_sc_hd__maj3_2)
                                         _078_ (net)
                  0.08    0.00    2.31 v _262_/A1 (sky130_fd_sc_hd__a211oi_2)
     2    0.01    0.19    0.22    2.52 ^ _262_/Y (sky130_fd_sc_hd__a211oi_2)
                                         _079_ (net)
                  0.19    0.00    2.52 ^ place143/A (sky130_fd_sc_hd__buf_4)
     2    0.01    0.03    0.15    2.67 ^ place143/X (sky130_fd_sc_hd__buf_4)
                                         net143 (net)
                  0.03    0.00    2.67 ^ _277_/D (sky130_fd_sc_hd__or4_1)
     1    0.00    0.05    0.10    2.76 ^ _277_/X (sky130_fd_sc_hd__or4_1)
                                         _094_ (net)
                  0.05    0.00    2.76 ^ _278_/D1 (sky130_fd_sc_hd__o2111ai_1)
     1    0.00    0.10    0.10    2.86 v _278_/Y (sky130_fd_sc_hd__o2111ai_1)
                                         _095_ (net)
                  0.10    0.00    2.86 v _281_/C1 (sky130_fd_sc_hd__a211o_1)
     1    0.00    0.05    0.23    3.09 v _281_/X (sky130_fd_sc_hd__a211o_1)
                                         dpath.a_mux$out[14] (net)
                  0.05    0.00    3.09 v dpath.a_reg.out[14]$_DFFE_PP_/D (sky130_fd_sc_hd__edfxtp_1)
                                  3.09   data arrival time

                          1.10    1.10   clock core_clock (rise edge)
                          0.00    1.10   clock source latency
     1    0.02    0.00    0.00    1.10 ^ clk (in)
                                         clk (net)
                  0.00    0.00    1.10 ^ clkbuf_0_clk/A (sky130_fd_sc_hd__clkbuf_8)
     4    0.03    0.07    0.13    1.23 ^ clkbuf_0_clk/X (sky130_fd_sc_hd__clkbuf_8)
                                         clknet_0_clk (net)
                  0.07    0.00    1.23 ^ clkbuf_2_2__f_clk/A (sky130_fd_sc_hd__clkbuf_8)
     9    0.04    0.08    0.16    1.39 ^ clkbuf_2_2__f_clk/X (sky130_fd_sc_hd__clkbuf_8)
                                         clknet_2_2__leaf_clk (net)
                  0.08    0.00    1.39 ^ dpath.a_reg.out[14]$_DFFE_PP_/CLK (sky130_fd_sc_hd__edfxtp_1)
                          0.00    1.39   clock reconvergence pessimism
                         -0.24    1.15   library setup time
                                  1.15   data required time
-----------------------------------------------------------------------------
                                  1.15   data required time
                                 -3.09   data arrival time
-----------------------------------------------------------------------------
                                 -1.94   slack (VIOLATED)


Startpoint: dpath.b_reg.out[1]$_DFFE_PP_
            (rising edge-triggered flip-flop clocked by core_clock)
Endpoint: resp_msg[12] (output port clocked by vclk_core_clock)
Path Group: vclk_core_clock
Path Type: max

Fanout     Cap    Slew   Delay    Time   Description
-----------------------------------------------------------------------------
                          0.00    0.00   clock core_clock (rise edge)
                          0.00    0.00   clock source latency
     1    0.02    0.00    0.00    0.00 ^ clk (in)
                                         clk (net)
                  0.00    0.00    0.00 ^ clkbuf_0_clk/A (sky130_fd_sc_hd__clkbuf_8)
     4    0.03    0.07    0.13    0.13 ^ clkbuf_0_clk/X (sky130_fd_sc_hd__clkbuf_8)
                                         clknet_0_clk (net)
                  0.07    0.00    0.13 ^ clkbuf_2_0__f_clk/A (sky130_fd_sc_hd__clkbuf_8)
     9    0.04    0.07    0.16    0.29 ^ clkbuf_2_0__f_clk/X (sky130_fd_sc_hd__clkbuf_8)
                                         clknet_2_0__leaf_clk (net)
                  0.07    0.00    0.29 ^ dpath.b_reg.out[1]$_DFFE_PP_/CLK (sky130_fd_sc_hd__edfxtp_1)
     3    0.01    0.11    0.42    0.71 v dpath.b_reg.out[1]$_DFFE_PP_/Q (sky130_fd_sc_hd__edfxtp_1)
                                         dpath.a_lt_b$in1[1] (net)
                  0.11    0.00    0.71 v _166_/A_N (sky130_fd_sc_hd__nand2b_4)
     2    0.01    0.06    0.18    0.89 v _166_/Y (sky130_fd_sc_hd__nand2b_4)
                                         _005_ (net)
                  0.06    0.00    0.89 v _170_/A1 (sky130_fd_sc_hd__a211oi_4)
     3    0.02    0.27    0.29    1.17 ^ _170_/Y (sky130_fd_sc_hd__a211oi_4)
                                         _009_ (net)
                  0.27    0.00    1.17 ^ _173_/A3 (sky130_fd_sc_hd__o31ai_4)
     3    0.01    0.07    0.10    1.28 v _173_/Y (sky130_fd_sc_hd__o31ai_4)
                                         _012_ (net)
                  0.07    0.00    1.28 v _231_/A2 (sky130_fd_sc_hd__a211oi_2)
     2    0.01    0.19    0.25    1.53 ^ _231_/Y (sky130_fd_sc_hd__a211oi_2)
                                         _049_ (net)
                  0.19    0.00    1.53 ^ _232_/A1 (sky130_fd_sc_hd__a21oi_1)
     1    0.00    0.07    0.10    1.63 v _232_/Y (sky130_fd_sc_hd__a21oi_1)
                                         _050_ (net)
                  0.07    0.00    1.63 v _239_/A1 (sky130_fd_sc_hd__o31a_1)
     2    0.01    0.08    0.34    1.96 v _239_/X (sky130_fd_sc_hd__o31a_1)
                                         _057_ (net)
                  0.08    0.00    1.96 v _261_/B (sky130_fd_sc_hd__maj3_2)
     3    0.01    0.08    0.34    2.30 v _261_/X (sky130_fd_sc_hd__maj3_2)
                                         _078_ (net)
                  0.08    0.00    2.30 v place147/A (sky130_fd_sc_hd__buf_4)
     1    0.02    0.04    0.16    2.47 v place147/X (sky130_fd_sc_hd__buf_4)
                                         net147 (net)
                  0.04    0.00    2.47 v _290_/B (sky130_fd_sc_hd__xnor2_4)
     2    0.01    0.15    0.15    2.62 ^ _290_/Y (sky130_fd_sc_hd__xnor2_4)
                                         net40 (net)
                  0.15    0.00    2.62 ^ output40/A (sky130_fd_sc_hd__clkdlybuf4s50_1)
     1    0.00    0.03    0.48    3.11 ^ output40/X (sky130_fd_sc_hd__clkdlybuf4s50_1)
                                         resp_msg[12] (net)
                  0.03    0.00    3.11 ^ resp_msg[12] (out)
                                  3.11   data arrival time

                  0.00    1.10    1.10   clock vclk_core_clock (rise edge)
                          0.29    1.39   clock network delay (ideal)
                          0.00    1.39   clock reconvergence pessimism
                         -0.22    1.17   output external delay
                                  1.17   data required time
-----------------------------------------------------------------------------
                                  1.17   data required time
                                 -3.11   data arrival time
-----------------------------------------------------------------------------
                                 -1.94   slack (VIOLATED)



==========================================================================
cts final report_check_types -max_slew -max_cap -max_fanout -violators
--------------------------------------------------------------------------

==========================================================================
cts final max_slew_check_slack
--------------------------------------------------------------------------
1.2043116092681885

==========================================================================
cts final max_slew_check_limit
--------------------------------------------------------------------------
1.4892979860305786

==========================================================================
cts final max_slew_check_slack_limit
--------------------------------------------------------------------------
0.8086

==========================================================================
cts final max_fanout_check_slack
--------------------------------------------------------------------------
1.0000000150474662e+30

==========================================================================
cts final max_fanout_check_limit
--------------------------------------------------------------------------
1.0000000150474662e+30

==========================================================================
cts final max_capacitance_check_slack
--------------------------------------------------------------------------
0.03338700532913208

==========================================================================
cts final max_capacitance_check_limit
--------------------------------------------------------------------------
0.03663099929690361

==========================================================================
cts final max_capacitance_check_slack_limit
--------------------------------------------------------------------------
0.9114

==========================================================================
cts final max_slew_violation_count
--------------------------------------------------------------------------
max slew violation count 0

==========================================================================
cts final max_fanout_violation_count
--------------------------------------------------------------------------
max fanout violation count 0

==========================================================================
cts final max_cap_violation_count
--------------------------------------------------------------------------
max cap violation count 0

==========================================================================
cts final setup_violation_count
--------------------------------------------------------------------------
setup violation count 67

==========================================================================
cts final hold_violation_count
--------------------------------------------------------------------------
hold violation count 0

==========================================================================
cts final report_checks -path_delay max reg to reg
--------------------------------------------------------------------------
Startpoint: dpath.b_reg.out[1]$_DFFE_PP_
            (rising edge-triggered flip-flop clocked by core_clock)
Endpoint: dpath.a_reg.out[14]$_DFFE_PP_
          (rising edge-triggered flip-flop clocked by core_clock)
Path Group: core_clock
Path Type: max

  Delay    Time   Description
---------------------------------------------------------
   0.00    0.00   clock core_clock (rise edge)
   0.00    0.00   clock source latency
   0.00    0.00 ^ clk (in)
   0.13    0.13 ^ clkbuf_0_clk/X (sky130_fd_sc_hd__clkbuf_8)
   0.16    0.29 ^ clkbuf_2_0__f_clk/X (sky130_fd_sc_hd__clkbuf_8)
   0.00    0.29 ^ dpath.b_reg.out[1]$_DFFE_PP_/CLK (sky130_fd_sc_hd__edfxtp_1)
   0.42    0.71 v dpath.b_reg.out[1]$_DFFE_PP_/Q (sky130_fd_sc_hd__edfxtp_1)
   0.18    0.89 v _166_/Y (sky130_fd_sc_hd__nand2b_4)
   0.29    1.17 ^ _170_/Y (sky130_fd_sc_hd__a211oi_4)
   0.11    1.28 v _173_/Y (sky130_fd_sc_hd__o31ai_4)
   0.25    1.53 ^ _231_/Y (sky130_fd_sc_hd__a211oi_2)
   0.10    1.63 v _232_/Y (sky130_fd_sc_hd__a21oi_1)
   0.34    1.96 v _239_/X (sky130_fd_sc_hd__o31a_1)
   0.34    2.30 v _261_/X (sky130_fd_sc_hd__maj3_2)
   0.22    2.52 ^ _262_/Y (sky130_fd_sc_hd__a211oi_2)
   0.15    2.67 ^ place143/X (sky130_fd_sc_hd__buf_4)
   0.10    2.76 ^ _277_/X (sky130_fd_sc_hd__or4_1)
   0.10    2.86 v _278_/Y (sky130_fd_sc_hd__o2111ai_1)
   0.23    3.09 v _281_/X (sky130_fd_sc_hd__a211o_1)
   0.00    3.09 v dpath.a_reg.out[14]$_DFFE_PP_/D (sky130_fd_sc_hd__edfxtp_1)
           3.09   data arrival time

   1.10    1.10   clock core_clock (rise edge)
   0.00    1.10   clock source latency
   0.00    1.10 ^ clk (in)
   0.13    1.23 ^ clkbuf_0_clk/X (sky130_fd_sc_hd__clkbuf_8)
   0.16    1.39 ^ clkbuf_2_2__f_clk/X (sky130_fd_sc_hd__clkbuf_8)
   0.00    1.39 ^ dpath.a_reg.out[14]$_DFFE_PP_/CLK (sky130_fd_sc_hd__edfxtp_1)
   0.00    1.39   clock reconvergence pessimism
  -0.24    1.15   library setup time
           1.15   data required time
---------------------------------------------------------
           1.15   data required time
          -3.09   data arrival time
---------------------------------------------------------
          -1.94   slack (VIOLATED)



==========================================================================
cts final report_checks -path_delay min reg to reg
--------------------------------------------------------------------------
Startpoint: ctrl.state.out[1]$_DFF_P_
            (rising edge-triggered flip-flop clocked by core_clock)
Endpoint: ctrl.state.out[1]$_DFF_P_
          (rising edge-triggered flip-flop clocked by core_clock)
Path Group: core_clock
Path Type: min

  Delay    Time   Description
---------------------------------------------------------
   0.00    0.00   clock core_clock (rise edge)
   0.00    0.00   clock source latency
   0.00    0.00 ^ clk (in)
   0.13    0.13 ^ clkbuf_0_clk/X (sky130_fd_sc_hd__clkbuf_8)
   0.16    0.29 ^ clkbuf_2_0__f_clk/X (sky130_fd_sc_hd__clkbuf_8)
   0.00    0.29 ^ ctrl.state.out[1]$_DFF_P_/CLK (sky130_fd_sc_hd__dfxtp_1)
   0.32    0.61 v ctrl.state.out[1]$_DFF_P_/Q (sky130_fd_sc_hd__dfxtp_1)
   0.07    0.68 ^ _362_/Y (sky130_fd_sc_hd__o21ai_0)
   0.06    0.74 v _369_/Y (sky130_fd_sc_hd__a21oi_1)
   0.00    0.74 v ctrl.state.out[1]$_DFF_P_/D (sky130_fd_sc_hd__dfxtp_1)
           0.74   data arrival time

   0.00    0.00   clock core_clock (rise edge)
   0.00    0.00   clock source latency
   0.00    0.00 ^ clk (in)
   0.13    0.13 ^ clkbuf_0_clk/X (sky130_fd_sc_hd__clkbuf_8)
   0.16    0.29 ^ clkbuf_2_0__f_clk/X (sky130_fd_sc_hd__clkbuf_8)
   0.00    0.29 ^ ctrl.state.out[1]$_DFF_P_/CLK (sky130_fd_sc_hd__dfxtp_1)
   0.00    0.29   clock reconvergence pessimism
  -0.04    0.25   library hold time
           0.25   data required time
---------------------------------------------------------
           0.25   data required time
          -0.74   data arrival time
---------------------------------------------------------
           0.49   slack (MET)



==========================================================================
cts final critical path target clock latency max path
--------------------------------------------------------------------------
0.2880

==========================================================================
cts final critical path target clock latency min path
--------------------------------------------------------------------------
0.2925

==========================================================================
cts final critical path source clock latency min path
--------------------------------------------------------------------------
0.2900

==========================================================================
cts final critical path delay
--------------------------------------------------------------------------
3.0919

==========================================================================
cts final critical path slack
--------------------------------------------------------------------------
-1.9382

==========================================================================
cts final slack div critical path delay
--------------------------------------------------------------------------
-62.686374

==========================================================================
cts final report_power
--------------------------------------------------------------------------
Group                  Internal  Switching    Leakage      Total
                          Power      Power      Power      Power (Watts)
----------------------------------------------------------------
Sequential             1.66e-03   1.46e-04   3.52e-10   1.80e-03  28.1%
Combinational          2.23e-03   1.39e-03   1.54e-09   3.62e-03  56.5%
Clock                  4.35e-04   5.49e-04   4.77e-11   9.84e-04  15.4%
Macro                  0.00e+00   0.00e+00   0.00e+00   0.00e+00   0.0%
Pad                    0.00e+00   0.00e+00   0.00e+00   0.00e+00   0.0%
----------------------------------------------------------------
Total                  4.32e-03   2.09e-03   1.94e-09   6.40e-03 100.0%
                          67.4%      32.6%       0.0%
