
==========================================================================
global route report_tns
--------------------------------------------------------------------------
tns max -86.59

==========================================================================
global route report_wns
--------------------------------------------------------------------------
wns max -2.14

==========================================================================
global route report_worst_slack
--------------------------------------------------------------------------
worst slack max -2.14

==========================================================================
global route report_clock_min_period
--------------------------------------------------------------------------
core_clock period_min = 3.24 fmax = 308.31
vclk_core_clock period_min = 0.00 fmax = inf

==========================================================================
global route report_clock_skew
--------------------------------------------------------------------------
Clock core_clock
   0.30 source latency dpath.a_reg.out[2]$_DFFE_PP_/CLK ^
  -0.29 target latency dpath.b_reg.out[2]$_DFFE_PP_/CLK ^
   0.00 CRPR
--------------
   0.01 setup skew

Clock vclk_core_clock
No launch/capture paths found.


==========================================================================
global route report_checks -path_delay min
--------------------------------------------------------------------------
Startpoint: ctrl.state.out[1]$_DFF_P_
            (rising edge-triggered flip-flop clocked by core_clock)
Endpoint: ctrl.state.out[1]$_DFF_P_
          (rising edge-triggered flip-flop clocked by core_clock)
Path Group: core_clock
Path Type: min

Fanout     Cap    Slew   Delay    Time   Description
-----------------------------------------------------------------------------
                          0.00    0.00   clock core_clock (rise edge)
                          0.00    0.00   clock source latency
     1    0.02    0.00    0.00    0.00 ^ clk (in)
                                         clk (net)
                  0.00    0.00    0.00 ^ clkbuf_0_clk/A (sky130_fd_sc_hd__clkbuf_8)
     4    0.03    0.06    0.13    0.13 ^ clkbuf_0_clk/X (sky130_fd_sc_hd__clkbuf_8)
                                         clknet_0_clk (net)
                  0.06    0.00    0.13 ^ clkbuf_2_0__f_clk/A (sky130_fd_sc_hd__clkbuf_8)
     9    0.04    0.08    0.16    0.29 ^ clkbuf_2_0__f_clk/X (sky130_fd_sc_hd__clkbuf_8)
                                         clknet_2_0__leaf_clk (net)
                  0.08    0.00    0.29 ^ ctrl.state.out[1]$_DFF_P_/CLK (sky130_fd_sc_hd__dfxtp_1)
     3    0.01    0.05    0.33    0.62 v ctrl.state.out[1]$_DFF_P_/Q (sky130_fd_sc_hd__dfxtp_1)
                                         ctrl.state.out[1] (net)
                  0.05    0.00    0.62 v _362_/B1 (sky130_fd_sc_hd__o21ai_0)
     1    0.00    0.07    0.08    0.69 ^ _362_/Y (sky130_fd_sc_hd__o21ai_0)
                                         _152_ (net)
                  0.07    0.00    0.69 ^ _369_/A2 (sky130_fd_sc_hd__a21oi_1)
     1    0.00    0.03    0.07    0.77 v _369_/Y (sky130_fd_sc_hd__a21oi_1)
                                         _001_ (net)
                  0.03    0.00    0.77 v ctrl.state.out[1]$_DFF_P_/D (sky130_fd_sc_hd__dfxtp_1)
                                  0.77   data arrival time

                          0.00    0.00   clock core_clock (rise edge)
                          0.00    0.00   clock source latency
     1    0.02    0.00    0.00    0.00 ^ clk (in)
                                         clk (net)
                  0.00    0.00    0.00 ^ clkbuf_0_clk/A (sky130_fd_sc_hd__clkbuf_8)
     4    0.03    0.06    0.13    0.13 ^ clkbuf_0_clk/X (sky130_fd_sc_hd__clkbuf_8)
                                         clknet_0_clk (net)
                  0.06    0.00    0.13 ^ clkbuf_2_0__f_clk/A (sky130_fd_sc_hd__clkbuf_8)
     9    0.04    0.08    0.16    0.29 ^ clkbuf_2_0__f_clk/X (sky130_fd_sc_hd__clkbuf_8)
                                         clknet_2_0__leaf_clk (net)
                  0.08    0.00    0.29 ^ ctrl.state.out[1]$_DFF_P_/CLK (sky130_fd_sc_hd__dfxtp_1)
                          0.00    0.29   clock reconvergence pessimism
                         -0.04    0.25   library hold time
                                  0.25   data required time
-----------------------------------------------------------------------------
                                  0.25   data required time
                                 -0.77   data arrival time
-----------------------------------------------------------------------------
                                  0.51   slack (MET)


Startpoint: ctrl.state.out[1]$_DFF_P_
            (rising edge-triggered flip-flop clocked by core_clock)
Endpoint: resp_val (output port clocked by vclk_core_clock)
Path Group: vclk_core_clock
Path Type: min

Fanout     Cap    Slew   Delay    Time   Description
-----------------------------------------------------------------------------
                          0.00    0.00   clock core_clock (rise edge)
                          0.00    0.00   clock source latency
     1    0.02    0.00    0.00    0.00 ^ clk (in)
                                         clk (net)
                  0.00    0.00    0.00 ^ clkbuf_0_clk/A (sky130_fd_sc_hd__clkbuf_8)
     4    0.03    0.06    0.13    0.13 ^ clkbuf_0_clk/X (sky130_fd_sc_hd__clkbuf_8)
                                         clknet_0_clk (net)
                  0.06    0.00    0.13 ^ clkbuf_2_0__f_clk/A (sky130_fd_sc_hd__clkbuf_8)
     9    0.04    0.08    0.16    0.29 ^ clkbuf_2_0__f_clk/X (sky130_fd_sc_hd__clkbuf_8)
                                         clknet_2_0__leaf_clk (net)
                  0.08    0.00    0.29 ^ ctrl.state.out[1]$_DFF_P_/CLK (sky130_fd_sc_hd__dfxtp_1)
     3    0.01    0.05    0.33    0.62 v ctrl.state.out[1]$_DFF_P_/Q (sky130_fd_sc_hd__dfxtp_1)
                                         ctrl.state.out[1] (net)
                  0.05    0.00    0.62 v _357_/A (sky130_fd_sc_hd__inv_1)
     1    0.01    0.10    0.10    0.72 ^ _357_/Y (sky130_fd_sc_hd__inv_1)
                                         _150_ (net)
                  0.10    0.00    0.72 ^ _359_/B (sky130_fd_sc_hd__nor2_4)
     2    0.01    0.03    0.04    0.76 v _359_/Y (sky130_fd_sc_hd__nor2_4)
                                         net53 (net)
                  0.03    0.00    0.76 v output53/A (sky130_fd_sc_hd__clkbuf_2)
     1    0.00    0.02    0.09    0.85 v output53/X (sky130_fd_sc_hd__clkbuf_2)
                                         resp_val (net)
                  0.02    0.00    0.85 v resp_val (out)
                                  0.85   data arrival time

                  0.00    0.00    0.00   clock vclk_core_clock (rise edge)
                          0.29    0.29   clock network delay (ideal)
                          0.00    0.29   clock reconvergence pessimism
                         -0.22    0.07   output external delay
                                  0.07   data required time
-----------------------------------------------------------------------------
                                  0.07   data required time
                                 -0.85   data arrival time
-----------------------------------------------------------------------------
                                  0.78   slack (MET)



==========================================================================
global route report_checks -path_delay max
--------------------------------------------------------------------------
Startpoint: dpath.b_reg.out[1]$_DFFE_PP_
            (rising edge-triggered flip-flop clocked by core_clock)
Endpoint: dpath.a_reg.out[14]$_DFFE_PP_
          (rising edge-triggered flip-flop clocked by core_clock)
Path Group: core_clock
Path Type: max

Fanout     Cap    Slew   Delay    Time   Description
-----------------------------------------------------------------------------
                          0.00    0.00   clock core_clock (rise edge)
                          0.00    0.00   clock source latency
     1    0.02    0.00    0.00    0.00 ^ clk (in)
                                         clk (net)
                  0.00    0.00    0.00 ^ clkbuf_0_clk/A (sky130_fd_sc_hd__clkbuf_8)
     4    0.03    0.06    0.13    0.13 ^ clkbuf_0_clk/X (sky130_fd_sc_hd__clkbuf_8)
                                         clknet_0_clk (net)
                  0.06    0.00    0.13 ^ clkbuf_2_0__f_clk/A (sky130_fd_sc_hd__clkbuf_8)
     9    0.04    0.08    0.16    0.29 ^ clkbuf_2_0__f_clk/X (sky130_fd_sc_hd__clkbuf_8)
                                         clknet_2_0__leaf_clk (net)
                  0.08    0.00    0.29 ^ dpath.b_reg.out[1]$_DFFE_PP_/CLK (sky130_fd_sc_hd__edfxtp_1)
     3    0.01    0.11    0.43    0.72 v dpath.b_reg.out[1]$_DFFE_PP_/Q (sky130_fd_sc_hd__edfxtp_1)
                                         dpath.a_lt_b$in1[1] (net)
                  0.11    0.00    0.73 v _166_/A_N (sky130_fd_sc_hd__nand2b_4)
     2    0.02    0.06    0.19    0.91 v _166_/Y (sky130_fd_sc_hd__nand2b_4)
                                         _005_ (net)
                  0.06    0.00    0.91 v _170_/A2 (sky130_fd_sc_hd__a211oi_4)
     3    0.02    0.31    0.35    1.26 ^ _170_/Y (sky130_fd_sc_hd__a211oi_4)
                                         _009_ (net)
                  0.31    0.00    1.26 ^ _173_/A3 (sky130_fd_sc_hd__o31ai_4)
     3    0.02    0.09    0.12    1.39 v _173_/Y (sky130_fd_sc_hd__o31ai_4)
                                         _012_ (net)
                  0.09    0.00    1.39 v _231_/A1 (sky130_fd_sc_hd__a211oi_2)
     2    0.01    0.24    0.26    1.64 ^ _231_/Y (sky130_fd_sc_hd__a211oi_2)
                                         _049_ (net)
                  0.24    0.00    1.64 ^ _232_/A1 (sky130_fd_sc_hd__a21oi_1)
     1    0.00    0.08    0.11    1.75 v _232_/Y (sky130_fd_sc_hd__a21oi_1)
                                         _050_ (net)
                  0.08    0.00    1.75 v _239_/A3 (sky130_fd_sc_hd__o31a_1)
     2    0.01    0.08    0.29    2.04 v _239_/X (sky130_fd_sc_hd__o31a_1)
                                         _057_ (net)
                  0.08    0.00    2.04 v _261_/B (sky130_fd_sc_hd__maj3_2)
     3    0.02    0.09    0.35    2.40 v _261_/X (sky130_fd_sc_hd__maj3_2)
                                         _078_ (net)
                  0.09    0.00    2.40 v _262_/A2 (sky130_fd_sc_hd__a211oi_2)
     2    0.01    0.22    0.28    2.68 ^ _262_/Y (sky130_fd_sc_hd__a211oi_2)
                                         _079_ (net)
                  0.22    0.00    2.68 ^ place143/A (sky130_fd_sc_hd__buf_4)
     2    0.01    0.04    0.16    2.83 ^ place143/X (sky130_fd_sc_hd__buf_4)
                                         net143 (net)
                  0.04    0.00    2.83 ^ _277_/D (sky130_fd_sc_hd__or4_1)
     1    0.00    0.06    0.10    2.93 ^ _277_/X (sky130_fd_sc_hd__or4_1)
                                         _094_ (net)
                  0.06    0.00    2.93 ^ _278_/D1 (sky130_fd_sc_hd__o2111ai_1)
     1    0.00    0.10    0.10    3.04 v _278_/Y (sky130_fd_sc_hd__o2111ai_1)
                                         _095_ (net)
                  0.10    0.00    3.04 v _281_/C1 (sky130_fd_sc_hd__a211o_1)
     1    0.01    0.06    0.26    3.29 v _281_/X (sky130_fd_sc_hd__a211o_1)
                                         dpath.a_mux$out[14] (net)
                  0.06    0.00    3.29 v dpath.a_reg.out[14]$_DFFE_PP_/D (sky130_fd_sc_hd__edfxtp_1)
                                  3.29   data arrival time

                          1.10    1.10   clock core_clock (rise edge)
                          0.00    1.10   clock source latency
     1    0.02    0.00    0.00    1.10 ^ clk (in)
                                         clk (net)
                  0.00    0.00    1.10 ^ clkbuf_0_clk/A (sky130_fd_sc_hd__clkbuf_8)
     4    0.03    0.06    0.13    1.23 ^ clkbuf_0_clk/X (sky130_fd_sc_hd__clkbuf_8)
                                         clknet_0_clk (net)
                  0.06    0.00    1.23 ^ clkbuf_2_2__f_clk/A (sky130_fd_sc_hd__clkbuf_8)
     9    0.04    0.08    0.17    1.39 ^ clkbuf_2_2__f_clk/X (sky130_fd_sc_hd__clkbuf_8)
                                         clknet_2_2__leaf_clk (net)
                  0.08    0.00    1.40 ^ dpath.a_reg.out[14]$_DFFE_PP_/CLK (sky130_fd_sc_hd__edfxtp_1)
                          0.00    1.40   clock reconvergence pessimism
                         -0.24    1.15   library setup time
                                  1.15   data required time
-----------------------------------------------------------------------------
                                  1.15   data required time
                                 -3.29   data arrival time
-----------------------------------------------------------------------------
                                 -2.14   slack (VIOLATED)


Startpoint: dpath.b_reg.out[1]$_DFFE_PP_
            (rising edge-triggered flip-flop clocked by core_clock)
Endpoint: resp_msg[14] (output port clocked by vclk_core_clock)
Path Group: vclk_core_clock
Path Type: max

Fanout     Cap    Slew   Delay    Time   Description
-----------------------------------------------------------------------------
                          0.00    0.00   clock core_clock (rise edge)
                          0.00    0.00   clock source latency
     1    0.02    0.00    0.00    0.00 ^ clk (in)
                                         clk (net)
                  0.00    0.00    0.00 ^ clkbuf_0_clk/A (sky130_fd_sc_hd__clkbuf_8)
     4    0.03    0.06    0.13    0.13 ^ clkbuf_0_clk/X (sky130_fd_sc_hd__clkbuf_8)
                                         clknet_0_clk (net)
                  0.06    0.00    0.13 ^ clkbuf_2_0__f_clk/A (sky130_fd_sc_hd__clkbuf_8)
     9    0.04    0.08    0.16    0.29 ^ clkbuf_2_0__f_clk/X (sky130_fd_sc_hd__clkbuf_8)
                                         clknet_2_0__leaf_clk (net)
                  0.08    0.00    0.29 ^ dpath.b_reg.out[1]$_DFFE_PP_/CLK (sky130_fd_sc_hd__edfxtp_1)
     3    0.01    0.11    0.43    0.72 v dpath.b_reg.out[1]$_DFFE_PP_/Q (sky130_fd_sc_hd__edfxtp_1)
                                         dpath.a_lt_b$in1[1] (net)
                  0.11    0.00    0.73 v _166_/A_N (sky130_fd_sc_hd__nand2b_4)
     2    0.02    0.06    0.19    0.91 v _166_/Y (sky130_fd_sc_hd__nand2b_4)
                                         _005_ (net)
                  0.06    0.00    0.91 v _170_/A2 (sky130_fd_sc_hd__a211oi_4)
     3    0.02    0.31    0.35    1.26 ^ _170_/Y (sky130_fd_sc_hd__a211oi_4)
                                         _009_ (net)
                  0.31    0.00    1.26 ^ _173_/A3 (sky130_fd_sc_hd__o31ai_4)
     3    0.02    0.09    0.12    1.39 v _173_/Y (sky130_fd_sc_hd__o31ai_4)
                                         _012_ (net)
                  0.09    0.00    1.39 v _231_/A1 (sky130_fd_sc_hd__a211oi_2)
     2    0.01    0.24    0.26    1.64 ^ _231_/Y (sky130_fd_sc_hd__a211oi_2)
                                         _049_ (net)
                  0.24    0.00    1.64 ^ _232_/A1 (sky130_fd_sc_hd__a21oi_1)
     1    0.00    0.08    0.11    1.75 v _232_/Y (sky130_fd_sc_hd__a21oi_1)
                                         _050_ (net)
                  0.08    0.00    1.75 v _239_/A3 (sky130_fd_sc_hd__o31a_1)
     2    0.01    0.08    0.29    2.04 v _239_/X (sky130_fd_sc_hd__o31a_1)
                                         _057_ (net)
                  0.08    0.00    2.04 v _261_/B (sky130_fd_sc_hd__maj3_2)
     3    0.02    0.09    0.35    2.40 v _261_/X (sky130_fd_sc_hd__maj3_2)
                                         _078_ (net)
                  0.09    0.00    2.40 v _262_/A2 (sky130_fd_sc_hd__a211oi_2)
     2    0.01    0.22    0.28    2.68 ^ _262_/Y (sky130_fd_sc_hd__a211oi_2)
                                         _079_ (net)
                  0.22    0.00    2.68 ^ _263_/A (sky130_fd_sc_hd__nor2_1)
     2    0.01    0.08    0.12    2.79 v _263_/Y (sky130_fd_sc_hd__nor2_1)
                                         _080_ (net)
                  0.08    0.00    2.79 v _282_/A (sky130_fd_sc_hd__xnor2_1)
     1    0.00    0.13    0.17    2.96 ^ _282_/Y (sky130_fd_sc_hd__xnor2_1)
                                         net42 (net)
                  0.13    0.00    2.96 ^ output42/A (sky130_fd_sc_hd__buf_2)
     1    0.00    0.03    0.13    3.09 ^ output42/X (sky130_fd_sc_hd__buf_2)
                                         resp_msg[14] (net)
                  0.03    0.00    3.09 ^ resp_msg[14] (out)
                                  3.09   data arrival time

                  0.00    1.10    1.10   clock vclk_core_clock (rise edge)
                          0.29    1.39   clock network delay (ideal)
                          0.00    1.39   clock reconvergence pessimism
                         -0.22    1.17   output external delay
                                  1.17   data required time
-----------------------------------------------------------------------------
                                  1.17   data required time
                                 -3.09   data arrival time
-----------------------------------------------------------------------------
                                 -1.92   slack (VIOLATED)



==========================================================================
global route report_checks -unconstrained
--------------------------------------------------------------------------
Startpoint: dpath.b_reg.out[1]$_DFFE_PP_
            (rising edge-triggered flip-flop clocked by core_clock)
Endpoint: dpath.a_reg.out[14]$_DFFE_PP_
          (rising edge-triggered flip-flop clocked by core_clock)
Path Group: core_clock
Path Type: max

Fanout     Cap    Slew   Delay    Time   Description
-----------------------------------------------------------------------------
                          0.00    0.00   clock core_clock (rise edge)
                          0.00    0.00   clock source latency
     1    0.02    0.00    0.00    0.00 ^ clk (in)
                                         clk (net)
                  0.00    0.00    0.00 ^ clkbuf_0_clk/A (sky130_fd_sc_hd__clkbuf_8)
     4    0.03    0.06    0.13    0.13 ^ clkbuf_0_clk/X (sky130_fd_sc_hd__clkbuf_8)
                                         clknet_0_clk (net)
                  0.06    0.00    0.13 ^ clkbuf_2_0__f_clk/A (sky130_fd_sc_hd__clkbuf_8)
     9    0.04    0.08    0.16    0.29 ^ clkbuf_2_0__f_clk/X (sky130_fd_sc_hd__clkbuf_8)
                                         clknet_2_0__leaf_clk (net)
                  0.08    0.00    0.29 ^ dpath.b_reg.out[1]$_DFFE_PP_/CLK (sky130_fd_sc_hd__edfxtp_1)
     3    0.01    0.11    0.43    0.72 v dpath.b_reg.out[1]$_DFFE_PP_/Q (sky130_fd_sc_hd__edfxtp_1)
                                         dpath.a_lt_b$in1[1] (net)
                  0.11    0.00    0.73 v _166_/A_N (sky130_fd_sc_hd__nand2b_4)
     2    0.02    0.06    0.19    0.91 v _166_/Y (sky130_fd_sc_hd__nand2b_4)
                                         _005_ (net)
                  0.06    0.00    0.91 v _170_/A2 (sky130_fd_sc_hd__a211oi_4)
     3    0.02    0.31    0.35    1.26 ^ _170_/Y (sky130_fd_sc_hd__a211oi_4)
                                         _009_ (net)
                  0.31    0.00    1.26 ^ _173_/A3 (sky130_fd_sc_hd__o31ai_4)
     3    0.02    0.09    0.12    1.39 v _173_/Y (sky130_fd_sc_hd__o31ai_4)
                                         _012_ (net)
                  0.09    0.00    1.39 v _231_/A1 (sky130_fd_sc_hd__a211oi_2)
     2    0.01    0.24    0.26    1.64 ^ _231_/Y (sky130_fd_sc_hd__a211oi_2)
                                         _049_ (net)
                  0.24    0.00    1.64 ^ _232_/A1 (sky130_fd_sc_hd__a21oi_1)
     1    0.00    0.08    0.11    1.75 v _232_/Y (sky130_fd_sc_hd__a21oi_1)
                                         _050_ (net)
                  0.08    0.00    1.75 v _239_/A3 (sky130_fd_sc_hd__o31a_1)
     2    0.01    0.08    0.29    2.04 v _239_/X (sky130_fd_sc_hd__o31a_1)
                                         _057_ (net)
                  0.08    0.00    2.04 v _261_/B (sky130_fd_sc_hd__maj3_2)
     3    0.02    0.09    0.35    2.40 v _261_/X (sky130_fd_sc_hd__maj3_2)
                                         _078_ (net)
                  0.09    0.00    2.40 v _262_/A2 (sky130_fd_sc_hd__a211oi_2)
     2    0.01    0.22    0.28    2.68 ^ _262_/Y (sky130_fd_sc_hd__a211oi_2)
                                         _079_ (net)
                  0.22    0.00    2.68 ^ place143/A (sky130_fd_sc_hd__buf_4)
     2    0.01    0.04    0.16    2.83 ^ place143/X (sky130_fd_sc_hd__buf_4)
                                         net143 (net)
                  0.04    0.00    2.83 ^ _277_/D (sky130_fd_sc_hd__or4_1)
     1    0.00    0.06    0.10    2.93 ^ _277_/X (sky130_fd_sc_hd__or4_1)
                                         _094_ (net)
                  0.06    0.00    2.93 ^ _278_/D1 (sky130_fd_sc_hd__o2111ai_1)
     1    0.00    0.10    0.10    3.04 v _278_/Y (sky130_fd_sc_hd__o2111ai_1)
                                         _095_ (net)
                  0.10    0.00    3.04 v _281_/C1 (sky130_fd_sc_hd__a211o_1)
     1    0.01    0.06    0.26    3.29 v _281_/X (sky130_fd_sc_hd__a211o_1)
                                         dpath.a_mux$out[14] (net)
                  0.06    0.00    3.29 v dpath.a_reg.out[14]$_DFFE_PP_/D (sky130_fd_sc_hd__edfxtp_1)
                                  3.29   data arrival time

                          1.10    1.10   clock core_clock (rise edge)
                          0.00    1.10   clock source latency
     1    0.02    0.00    0.00    1.10 ^ clk (in)
                                         clk (net)
                  0.00    0.00    1.10 ^ clkbuf_0_clk/A (sky130_fd_sc_hd__clkbuf_8)
     4    0.03    0.06    0.13    1.23 ^ clkbuf_0_clk/X (sky130_fd_sc_hd__clkbuf_8)
                                         clknet_0_clk (net)
                  0.06    0.00    1.23 ^ clkbuf_2_2__f_clk/A (sky130_fd_sc_hd__clkbuf_8)
     9    0.04    0.08    0.17    1.39 ^ clkbuf_2_2__f_clk/X (sky130_fd_sc_hd__clkbuf_8)
                                         clknet_2_2__leaf_clk (net)
                  0.08    0.00    1.40 ^ dpath.a_reg.out[14]$_DFFE_PP_/CLK (sky130_fd_sc_hd__edfxtp_1)
                          0.00    1.40   clock reconvergence pessimism
                         -0.24    1.15   library setup time
                                  1.15   data required time
-----------------------------------------------------------------------------
                                  1.15   data required time
                                 -3.29   data arrival time
-----------------------------------------------------------------------------
                                 -2.14   slack (VIOLATED)


Startpoint: dpath.b_reg.out[1]$_DFFE_PP_
            (rising edge-triggered flip-flop clocked by core_clock)
Endpoint: resp_msg[14] (output port clocked by vclk_core_clock)
Path Group: vclk_core_clock
Path Type: max

Fanout     Cap    Slew   Delay    Time   Description
-----------------------------------------------------------------------------
                          0.00    0.00   clock core_clock (rise edge)
                          0.00    0.00   clock source latency
     1    0.02    0.00    0.00    0.00 ^ clk (in)
                                         clk (net)
                  0.00    0.00    0.00 ^ clkbuf_0_clk/A (sky130_fd_sc_hd__clkbuf_8)
     4    0.03    0.06    0.13    0.13 ^ clkbuf_0_clk/X (sky130_fd_sc_hd__clkbuf_8)
                                         clknet_0_clk (net)
                  0.06    0.00    0.13 ^ clkbuf_2_0__f_clk/A (sky130_fd_sc_hd__clkbuf_8)
     9    0.04    0.08    0.16    0.29 ^ clkbuf_2_0__f_clk/X (sky130_fd_sc_hd__clkbuf_8)
                                         clknet_2_0__leaf_clk (net)
                  0.08    0.00    0.29 ^ dpath.b_reg.out[1]$_DFFE_PP_/CLK (sky130_fd_sc_hd__edfxtp_1)
     3    0.01    0.11    0.43    0.72 v dpath.b_reg.out[1]$_DFFE_PP_/Q (sky130_fd_sc_hd__edfxtp_1)
                                         dpath.a_lt_b$in1[1] (net)
                  0.11    0.00    0.73 v _166_/A_N (sky130_fd_sc_hd__nand2b_4)
     2    0.02    0.06    0.19    0.91 v _166_/Y (sky130_fd_sc_hd__nand2b_4)
                                         _005_ (net)
                  0.06    0.00    0.91 v _170_/A2 (sky130_fd_sc_hd__a211oi_4)
     3    0.02    0.31    0.35    1.26 ^ _170_/Y (sky130_fd_sc_hd__a211oi_4)
                                         _009_ (net)
                  0.31    0.00    1.26 ^ _173_/A3 (sky130_fd_sc_hd__o31ai_4)
     3    0.02    0.09    0.12    1.39 v _173_/Y (sky130_fd_sc_hd__o31ai_4)
                                         _012_ (net)
                  0.09    0.00    1.39 v _231_/A1 (sky130_fd_sc_hd__a211oi_2)
     2    0.01    0.24    0.26    1.64 ^ _231_/Y (sky130_fd_sc_hd__a211oi_2)
                                         _049_ (net)
                  0.24    0.00    1.64 ^ _232_/A1 (sky130_fd_sc_hd__a21oi_1)
     1    0.00    0.08    0.11    1.75 v _232_/Y (sky130_fd_sc_hd__a21oi_1)
                                         _050_ (net)
                  0.08    0.00    1.75 v _239_/A3 (sky130_fd_sc_hd__o31a_1)
     2    0.01    0.08    0.29    2.04 v _239_/X (sky130_fd_sc_hd__o31a_1)
                                         _057_ (net)
                  0.08    0.00    2.04 v _261_/B (sky130_fd_sc_hd__maj3_2)
     3    0.02    0.09    0.35    2.40 v _261_/X (sky130_fd_sc_hd__maj3_2)
                                         _078_ (net)
                  0.09    0.00    2.40 v _262_/A2 (sky130_fd_sc_hd__a211oi_2)
     2    0.01    0.22    0.28    2.68 ^ _262_/Y (sky130_fd_sc_hd__a211oi_2)
                                         _079_ (net)
                  0.22    0.00    2.68 ^ _263_/A (sky130_fd_sc_hd__nor2_1)
     2    0.01    0.08    0.12    2.79 v _263_/Y (sky130_fd_sc_hd__nor2_1)
                                         _080_ (net)
                  0.08    0.00    2.79 v _282_/A (sky130_fd_sc_hd__xnor2_1)
     1    0.00    0.13    0.17    2.96 ^ _282_/Y (sky130_fd_sc_hd__xnor2_1)
                                         net42 (net)
                  0.13    0.00    2.96 ^ output42/A (sky130_fd_sc_hd__buf_2)
     1    0.00    0.03    0.13    3.09 ^ output42/X (sky130_fd_sc_hd__buf_2)
                                         resp_msg[14] (net)
                  0.03    0.00    3.09 ^ resp_msg[14] (out)
                                  3.09   data arrival time

                  0.00    1.10    1.10   clock vclk_core_clock (rise edge)
                          0.29    1.39   clock network delay (ideal)
                          0.00    1.39   clock reconvergence pessimism
                         -0.22    1.17   output external delay
                                  1.17   data required time
-----------------------------------------------------------------------------
                                  1.17   data required time
                                 -3.09   data arrival time
-----------------------------------------------------------------------------
                                 -1.92   slack (VIOLATED)



==========================================================================
global route report_check_types -max_slew -max_cap -max_fanout -violators
--------------------------------------------------------------------------

==========================================================================
global route max_slew_check_slack
--------------------------------------------------------------------------
1.1392167806625366

==========================================================================
global route max_slew_check_limit
--------------------------------------------------------------------------
1.5

==========================================================================
global route max_slew_check_slack_limit
--------------------------------------------------------------------------
0.7595

==========================================================================
global route max_fanout_check_slack
--------------------------------------------------------------------------
1.0000000150474662e+30

==========================================================================
global route max_fanout_check_limit
--------------------------------------------------------------------------
1.0000000150474662e+30

==========================================================================
global route max_capacitance_check_slack
--------------------------------------------------------------------------
0.04194900393486023

==========================================================================
global route max_capacitance_check_limit
--------------------------------------------------------------------------
0.04853300005197525

==========================================================================
global route max_capacitance_check_slack_limit
--------------------------------------------------------------------------
0.8643

==========================================================================
global route max_slew_violation_count
--------------------------------------------------------------------------
max slew violation count 0

==========================================================================
global route max_fanout_violation_count
--------------------------------------------------------------------------
max fanout violation count 0

==========================================================================
global route max_cap_violation_count
--------------------------------------------------------------------------
max cap violation count 0

==========================================================================
global route setup_violation_count
--------------------------------------------------------------------------
setup violation count 66

==========================================================================
global route hold_violation_count
--------------------------------------------------------------------------
hold violation count 0

==========================================================================
global route report_checks -path_delay max reg to reg
--------------------------------------------------------------------------
Startpoint: dpath.b_reg.out[1]$_DFFE_PP_
            (rising edge-triggered flip-flop clocked by core_clock)
Endpoint: dpath.a_reg.out[14]$_DFFE_PP_
          (rising edge-triggered flip-flop clocked by core_clock)
Path Group: core_clock
Path Type: max

  Delay    Time   Description
---------------------------------------------------------
   0.00    0.00   clock core_clock (rise edge)
   0.00    0.00   clock source latency
   0.00    0.00 ^ clk (in)
   0.13    0.13 ^ clkbuf_0_clk/X (sky130_fd_sc_hd__clkbuf_8)
   0.16    0.29 ^ clkbuf_2_0__f_clk/X (sky130_fd_sc_hd__clkbuf_8)
   0.00    0.29 ^ dpath.b_reg.out[1]$_DFFE_PP_/CLK (sky130_fd_sc_hd__edfxtp_1)
   0.43    0.72 v dpath.b_reg.out[1]$_DFFE_PP_/Q (sky130_fd_sc_hd__edfxtp_1)
   0.19    0.91 v _166_/Y (sky130_fd_sc_hd__nand2b_4)
   0.35    1.26 ^ _170_/Y (sky130_fd_sc_hd__a211oi_4)
   0.13    1.39 v _173_/Y (sky130_fd_sc_hd__o31ai_4)
   0.26    1.64 ^ _231_/Y (sky130_fd_sc_hd__a211oi_2)
   0.11    1.75 v _232_/Y (sky130_fd_sc_hd__a21oi_1)
   0.29    2.04 v _239_/X (sky130_fd_sc_hd__o31a_1)
   0.35    2.40 v _261_/X (sky130_fd_sc_hd__maj3_2)
   0.28    2.68 ^ _262_/Y (sky130_fd_sc_hd__a211oi_2)
   0.16    2.83 ^ place143/X (sky130_fd_sc_hd__buf_4)
   0.10    2.93 ^ _277_/X (sky130_fd_sc_hd__or4_1)
   0.10    3.04 v _278_/Y (sky130_fd_sc_hd__o2111ai_1)
   0.26    3.29 v _281_/X (sky130_fd_sc_hd__a211o_1)
   0.00    3.29 v dpath.a_reg.out[14]$_DFFE_PP_/D (sky130_fd_sc_hd__edfxtp_1)
           3.29   data arrival time

   1.10    1.10   clock core_clock (rise edge)
   0.00    1.10   clock source latency
   0.00    1.10 ^ clk (in)
   0.13    1.23 ^ clkbuf_0_clk/X (sky130_fd_sc_hd__clkbuf_8)
   0.17    1.39 ^ clkbuf_2_2__f_clk/X (sky130_fd_sc_hd__clkbuf_8)
   0.00    1.40 ^ dpath.a_reg.out[14]$_DFFE_PP_/CLK (sky130_fd_sc_hd__edfxtp_1)
   0.00    1.40   clock reconvergence pessimism
  -0.24    1.15   library setup time
           1.15   data required time
---------------------------------------------------------
           1.15   data required time
          -3.29   data arrival time
---------------------------------------------------------
          -2.14   slack (VIOLATED)



==========================================================================
global route report_checks -path_delay min reg to reg
--------------------------------------------------------------------------
Startpoint: ctrl.state.out[1]$_DFF_P_
            (rising edge-triggered flip-flop clocked by core_clock)
Endpoint: ctrl.state.out[1]$_DFF_P_
          (rising edge-triggered flip-flop clocked by core_clock)
Path Group: core_clock
Path Type: min

  Delay    Time   Description
---------------------------------------------------------
   0.00    0.00   clock core_clock (rise edge)
   0.00    0.00   clock source latency
   0.00    0.00 ^ clk (in)
   0.13    0.13 ^ clkbuf_0_clk/X (sky130_fd_sc_hd__clkbuf_8)
   0.16    0.29 ^ clkbuf_2_0__f_clk/X (sky130_fd_sc_hd__clkbuf_8)
   0.00    0.29 ^ ctrl.state.out[1]$_DFF_P_/CLK (sky130_fd_sc_hd__dfxtp_1)
   0.33    0.62 v ctrl.state.out[1]$_DFF_P_/Q (sky130_fd_sc_hd__dfxtp_1)
   0.08    0.69 ^ _362_/Y (sky130_fd_sc_hd__o21ai_0)
   0.07    0.77 v _369_/Y (sky130_fd_sc_hd__a21oi_1)
   0.00    0.77 v ctrl.state.out[1]$_DFF_P_/D (sky130_fd_sc_hd__dfxtp_1)
           0.77   data arrival time

   0.00    0.00   clock core_clock (rise edge)
   0.00    0.00   clock source latency
   0.00    0.00 ^ clk (in)
   0.13    0.13 ^ clkbuf_0_clk/X (sky130_fd_sc_hd__clkbuf_8)
   0.16    0.29 ^ clkbuf_2_0__f_clk/X (sky130_fd_sc_hd__clkbuf_8)
   0.00    0.29 ^ ctrl.state.out[1]$_DFF_P_/CLK (sky130_fd_sc_hd__dfxtp_1)
   0.00    0.29   clock reconvergence pessimism
  -0.04    0.25   library hold time
           0.25   data required time
---------------------------------------------------------
           0.25   data required time
          -0.77   data arrival time
---------------------------------------------------------
           0.51   slack (MET)



==========================================================================
global route critical path target clock latency max path
--------------------------------------------------------------------------
0.2946

==========================================================================
global route critical path target clock latency min path
--------------------------------------------------------------------------
0.2921

==========================================================================
global route critical path source clock latency min path
--------------------------------------------------------------------------
0.2900

==========================================================================
global route critical path delay
--------------------------------------------------------------------------
3.2944

==========================================================================
global route critical path slack
--------------------------------------------------------------------------
-2.1435

==========================================================================
global route slack div critical path delay
--------------------------------------------------------------------------
-65.064959

==========================================================================
global route report_power
--------------------------------------------------------------------------
Group                  Internal  Switching    Leakage      Total
                          Power      Power      Power      Power (Watts)
----------------------------------------------------------------
Sequential             1.66e-03   1.72e-04   3.52e-10   1.83e-03  26.3%
Combinational          2.37e-03   1.75e-03   1.65e-09   4.12e-03  59.1%
Clock                  4.36e-04   5.79e-04   4.77e-11   1.01e-03  14.6%
Macro                  0.00e+00   0.00e+00   0.00e+00   0.00e+00   0.0%
Pad                    0.00e+00   0.00e+00   0.00e+00   0.00e+00   0.0%
----------------------------------------------------------------
Total                  4.46e-03   2.50e-03   2.05e-09   6.96e-03 100.0%
                          64.1%      35.9%       0.0%
