
==========================================================================
finish report_tns
--------------------------------------------------------------------------
tns max -80.38

==========================================================================
finish report_wns
--------------------------------------------------------------------------
wns max -1.98

==========================================================================
finish report_worst_slack
--------------------------------------------------------------------------
worst slack max -1.98

==========================================================================
finish report_clock_min_period
--------------------------------------------------------------------------
core_clock period_min = 3.08 fmax = 324.24
vclk_core_clock period_min = 0.00 fmax = inf

==========================================================================
finish report_clock_skew
--------------------------------------------------------------------------
Clock core_clock
   0.29 source latency dpath.a_reg.out[2]$_DFFE_PP_/CLK ^
  -0.28 target latency dpath.b_reg.out[2]$_DFFE_PP_/CLK ^
   0.00 CRPR
--------------
   0.01 setup skew

Clock vclk_core_clock
No launch/capture paths found.


==========================================================================
finish report_checks -path_delay min
--------------------------------------------------------------------------
Startpoint: ctrl.state.out[1]$_DFF_P_
            (rising edge-triggered flip-flop clocked by core_clock)
Endpoint: ctrl.state.out[1]$_DFF_P_
          (rising edge-triggered flip-flop clocked by core_clock)
Path Group: core_clock
Path Type: min

Fanout     Cap    Slew   Delay    Time   Description
-----------------------------------------------------------------------------
                          0.00    0.00   clock core_clock (rise edge)
                          0.00    0.00   clock source latency
     1    0.01    0.00    0.00    0.00 ^ clk (in)
                                         clk (net)
                  0.00    0.00    0.00 ^ clkbuf_0_clk/A (sky130_fd_sc_hd__clkbuf_8)
     4    0.03    0.06    0.12    0.12 ^ clkbuf_0_clk/X (sky130_fd_sc_hd__clkbuf_8)
                                         clknet_0_clk (net)
                  0.06    0.00    0.12 ^ clkbuf_2_0__f_clk/A (sky130_fd_sc_hd__clkbuf_8)
     9    0.03    0.07    0.15    0.28 ^ clkbuf_2_0__f_clk/X (sky130_fd_sc_hd__clkbuf_8)
                                         clknet_2_0__leaf_clk (net)
                  0.07    0.00    0.28 ^ ctrl.state.out[1]$_DFF_P_/CLK (sky130_fd_sc_hd__dfxtp_1)
     3    0.01    0.05    0.32    0.60 v ctrl.state.out[1]$_DFF_P_/Q (sky130_fd_sc_hd__dfxtp_1)
                                         ctrl.state.out[1] (net)
                  0.05    0.00    0.60 v _362_/B1 (sky130_fd_sc_hd__o21ai_0)
     1    0.00    0.07    0.07    0.67 ^ _362_/Y (sky130_fd_sc_hd__o21ai_0)
                                         _152_ (net)
                  0.07    0.00    0.67 ^ _369_/A2 (sky130_fd_sc_hd__a21oi_1)
     1    0.00    0.02    0.06    0.73 v _369_/Y (sky130_fd_sc_hd__a21oi_1)
                                         _001_ (net)
                  0.02    0.00    0.73 v ctrl.state.out[1]$_DFF_P_/D (sky130_fd_sc_hd__dfxtp_1)
                                  0.73   data arrival time

                          0.00    0.00   clock core_clock (rise edge)
                          0.00    0.00   clock source latency
     1    0.01    0.00    0.00    0.00 ^ clk (in)
                                         clk (net)
                  0.00    0.00    0.00 ^ clkbuf_0_clk/A (sky130_fd_sc_hd__clkbuf_8)
     4    0.03    0.06    0.12    0.12 ^ clkbuf_0_clk/X (sky130_fd_sc_hd__clkbuf_8)
                                         clknet_0_clk (net)
                  0.06    0.00    0.12 ^ clkbuf_2_0__f_clk/A (sky130_fd_sc_hd__clkbuf_8)
     9    0.03    0.07    0.15    0.28 ^ clkbuf_2_0__f_clk/X (sky130_fd_sc_hd__clkbuf_8)
                                         clknet_2_0__leaf_clk (net)
                  0.07    0.00    0.28 ^ ctrl.state.out[1]$_DFF_P_/CLK (sky130_fd_sc_hd__dfxtp_1)
                          0.00    0.28   clock reconvergence pessimism
                         -0.04    0.24   library hold time
                                  0.24   data required time
-----------------------------------------------------------------------------
                                  0.24   data required time
                                 -0.73   data arrival time
-----------------------------------------------------------------------------
                                  0.49   slack (MET)


Startpoint: ctrl.state.out[1]$_DFF_P_
            (rising edge-triggered flip-flop clocked by core_clock)
Endpoint: resp_val (output port clocked by vclk_core_clock)
Path Group: vclk_core_clock
Path Type: min

Fanout     Cap    Slew   Delay    Time   Description
-----------------------------------------------------------------------------
                          0.00    0.00   clock core_clock (rise edge)
                          0.00    0.00   clock source latency
     1    0.01    0.00    0.00    0.00 ^ clk (in)
                                         clk (net)
                  0.00    0.00    0.00 ^ clkbuf_0_clk/A (sky130_fd_sc_hd__clkbuf_8)
     4    0.03    0.06    0.12    0.12 ^ clkbuf_0_clk/X (sky130_fd_sc_hd__clkbuf_8)
                                         clknet_0_clk (net)
                  0.06    0.00    0.12 ^ clkbuf_2_0__f_clk/A (sky130_fd_sc_hd__clkbuf_8)
     9    0.03    0.07    0.15    0.28 ^ clkbuf_2_0__f_clk/X (sky130_fd_sc_hd__clkbuf_8)
                                         clknet_2_0__leaf_clk (net)
                  0.07    0.00    0.28 ^ ctrl.state.out[1]$_DFF_P_/CLK (sky130_fd_sc_hd__dfxtp_1)
     3    0.01    0.05    0.32    0.60 v ctrl.state.out[1]$_DFF_P_/Q (sky130_fd_sc_hd__dfxtp_1)
                                         ctrl.state.out[1] (net)
                  0.05    0.00    0.60 v _357_/A (sky130_fd_sc_hd__inv_1)
     1    0.01    0.09    0.09    0.69 ^ _357_/Y (sky130_fd_sc_hd__inv_1)
                                         _150_ (net)
                  0.09    0.00    0.69 ^ _359_/B (sky130_fd_sc_hd__nor2_4)
     2    0.01    0.02    0.04    0.73 v _359_/Y (sky130_fd_sc_hd__nor2_4)
                                         net53 (net)
                  0.02    0.00    0.73 v output53/A (sky130_fd_sc_hd__clkbuf_2)
     1    0.00    0.02    0.08    0.81 v output53/X (sky130_fd_sc_hd__clkbuf_2)
                                         resp_val (net)
                  0.02    0.00    0.81 v resp_val (out)
                                  0.81   data arrival time

                  0.00    0.00    0.00   clock vclk_core_clock (rise edge)
                          0.29    0.29   clock network delay (ideal)
                          0.00    0.29   clock reconvergence pessimism
                         -0.22    0.07   output external delay
                                  0.07   data required time
-----------------------------------------------------------------------------
                                  0.07   data required time
                                 -0.81   data arrival time
-----------------------------------------------------------------------------
                                  0.74   slack (MET)



==========================================================================
finish report_checks -path_delay max
--------------------------------------------------------------------------
Startpoint: dpath.b_reg.out[1]$_DFFE_PP_
            (rising edge-triggered flip-flop clocked by core_clock)
Endpoint: dpath.a_reg.out[14]$_DFFE_PP_
          (rising edge-triggered flip-flop clocked by core_clock)
Path Group: core_clock
Path Type: max

Fanout     Cap    Slew   Delay    Time   Description
-----------------------------------------------------------------------------
                          0.00    0.00   clock core_clock (rise edge)
                          0.00    0.00   clock source latency
     1    0.01    0.00    0.00    0.00 ^ clk (in)
                                         clk (net)
                  0.00    0.00    0.00 ^ clkbuf_0_clk/A (sky130_fd_sc_hd__clkbuf_8)
     4    0.03    0.06    0.12    0.12 ^ clkbuf_0_clk/X (sky130_fd_sc_hd__clkbuf_8)
                                         clknet_0_clk (net)
                  0.06    0.00    0.12 ^ clkbuf_2_0__f_clk/A (sky130_fd_sc_hd__clkbuf_8)
     9    0.03    0.07    0.15    0.28 ^ clkbuf_2_0__f_clk/X (sky130_fd_sc_hd__clkbuf_8)
                                         clknet_2_0__leaf_clk (net)
                  0.07    0.00    0.28 ^ dpath.b_reg.out[1]$_DFFE_PP_/CLK (sky130_fd_sc_hd__edfxtp_1)
     3    0.01    0.10    0.42    0.70 v dpath.b_reg.out[1]$_DFFE_PP_/Q (sky130_fd_sc_hd__edfxtp_1)
                                         dpath.a_lt_b$in1[1] (net)
                  0.10    0.00    0.70 v _166_/A_N (sky130_fd_sc_hd__nand2b_4)
     2    0.01    0.06    0.18    0.87 v _166_/Y (sky130_fd_sc_hd__nand2b_4)
                                         _005_ (net)
                  0.06    0.00    0.88 v _170_/A2 (sky130_fd_sc_hd__a211oi_4)
     3    0.02    0.29    0.33    1.21 ^ _170_/Y (sky130_fd_sc_hd__a211oi_4)
                                         _009_ (net)
                  0.29    0.00    1.21 ^ _173_/A3 (sky130_fd_sc_hd__o31ai_4)
     3    0.02    0.09    0.12    1.33 v _173_/Y (sky130_fd_sc_hd__o31ai_4)
                                         _012_ (net)
                  0.09    0.00    1.33 v _231_/A1 (sky130_fd_sc_hd__a211oi_2)
     2    0.01    0.21    0.23    1.57 ^ _231_/Y (sky130_fd_sc_hd__a211oi_2)
                                         _049_ (net)
                  0.21    0.00    1.57 ^ _232_/A1 (sky130_fd_sc_hd__a21oi_1)
     1    0.00    0.07    0.10    1.66 v _232_/Y (sky130_fd_sc_hd__a21oi_1)
                                         _050_ (net)
                  0.07    0.00    1.66 v _239_/A3 (sky130_fd_sc_hd__o31a_1)
     2    0.01    0.08    0.28    1.94 v _239_/X (sky130_fd_sc_hd__o31a_1)
                                         _057_ (net)
                  0.08    0.00    1.94 v _261_/B (sky130_fd_sc_hd__maj3_2)
     3    0.01    0.08    0.34    2.28 v _261_/X (sky130_fd_sc_hd__maj3_2)
                                         _078_ (net)
                  0.08    0.00    2.28 v _262_/A2 (sky130_fd_sc_hd__a211oi_2)
     2    0.01    0.20    0.26    2.55 ^ _262_/Y (sky130_fd_sc_hd__a211oi_2)
                                         _079_ (net)
                  0.20    0.00    2.55 ^ place143/A (sky130_fd_sc_hd__buf_4)
     2    0.01    0.03    0.15    2.70 ^ place143/X (sky130_fd_sc_hd__buf_4)
                                         net143 (net)
                  0.03    0.00    2.70 ^ _277_/D (sky130_fd_sc_hd__or4_1)
     1    0.00    0.05    0.10    2.79 ^ _277_/X (sky130_fd_sc_hd__or4_1)
                                         _094_ (net)
                  0.05    0.00    2.79 ^ _278_/D1 (sky130_fd_sc_hd__o2111ai_1)
     1    0.00    0.09    0.09    2.89 v _278_/Y (sky130_fd_sc_hd__o2111ai_1)
                                         _095_ (net)
                  0.09    0.00    2.89 v _281_/C1 (sky130_fd_sc_hd__a211o_1)
     1    0.00    0.05    0.24    3.12 v _281_/X (sky130_fd_sc_hd__a211o_1)
                                         dpath.a_mux$out[14] (net)
                  0.05    0.00    3.12 v dpath.a_reg.out[14]$_DFFE_PP_/D (sky130_fd_sc_hd__edfxtp_1)
                                  3.12   data arrival time

                          1.10    1.10   clock core_clock (rise edge)
                          0.00    1.10   clock source latency
     1    0.01    0.00    0.00    1.10 ^ clk (in)
                                         clk (net)
                  0.00    0.00    1.10 ^ clkbuf_0_clk/A (sky130_fd_sc_hd__clkbuf_8)
     4    0.03    0.06    0.12    1.22 ^ clkbuf_0_clk/X (sky130_fd_sc_hd__clkbuf_8)
                                         clknet_0_clk (net)
                  0.06    0.00    1.22 ^ clkbuf_2_2__f_clk/A (sky130_fd_sc_hd__clkbuf_8)
     9    0.03    0.07    0.15    1.38 ^ clkbuf_2_2__f_clk/X (sky130_fd_sc_hd__clkbuf_8)
                                         clknet_2_2__leaf_clk (net)
                  0.07    0.00    1.38 ^ dpath.a_reg.out[14]$_DFFE_PP_/CLK (sky130_fd_sc_hd__edfxtp_1)
                          0.00    1.38   clock reconvergence pessimism
                         -0.24    1.14   library setup time
                                  1.14   data required time
-----------------------------------------------------------------------------
                                  1.14   data required time
                                 -3.12   data arrival time
-----------------------------------------------------------------------------
                                 -1.98   slack (VIOLATED)


Startpoint: dpath.b_reg.out[1]$_DFFE_PP_
            (rising edge-triggered flip-flop clocked by core_clock)
Endpoint: resp_msg[14] (output port clocked by vclk_core_clock)
Path Group: vclk_core_clock
Path Type: max

Fanout     Cap    Slew   Delay    Time   Description
-----------------------------------------------------------------------------
                          0.00    0.00   clock core_clock (rise edge)
                          0.00    0.00   clock source latency
     1    0.01    0.00    0.00    0.00 ^ clk (in)
                                         clk (net)
                  0.00    0.00    0.00 ^ clkbuf_0_clk/A (sky130_fd_sc_hd__clkbuf_8)
     4    0.03    0.06    0.12    0.12 ^ clkbuf_0_clk/X (sky130_fd_sc_hd__clkbuf_8)
                                         clknet_0_clk (net)
                  0.06    0.00    0.12 ^ clkbuf_2_0__f_clk/A (sky130_fd_sc_hd__clkbuf_8)
     9    0.03    0.07    0.15    0.28 ^ clkbuf_2_0__f_clk/X (sky130_fd_sc_hd__clkbuf_8)
                                         clknet_2_0__leaf_clk (net)
                  0.07    0.00    0.28 ^ dpath.b_reg.out[1]$_DFFE_PP_/CLK (sky130_fd_sc_hd__edfxtp_1)
     3    0.01    0.10    0.42    0.70 v dpath.b_reg.out[1]$_DFFE_PP_/Q (sky130_fd_sc_hd__edfxtp_1)
                                         dpath.a_lt_b$in1[1] (net)
                  0.10    0.00    0.70 v _166_/A_N (sky130_fd_sc_hd__nand2b_4)
     2    0.01    0.06    0.18    0.87 v _166_/Y (sky130_fd_sc_hd__nand2b_4)
                                         _005_ (net)
                  0.06    0.00    0.88 v _170_/A2 (sky130_fd_sc_hd__a211oi_4)
     3    0.02    0.29    0.33    1.21 ^ _170_/Y (sky130_fd_sc_hd__a211oi_4)
                                         _009_ (net)
                  0.29    0.00    1.21 ^ _173_/A3 (sky130_fd_sc_hd__o31ai_4)
     3    0.02    0.09    0.12    1.33 v _173_/Y (sky130_fd_sc_hd__o31ai_4)
                                         _012_ (net)
                  0.09    0.00    1.33 v _231_/A1 (sky130_fd_sc_hd__a211oi_2)
     2    0.01    0.21    0.23    1.57 ^ _231_/Y (sky130_fd_sc_hd__a211oi_2)
                                         _049_ (net)
                  0.21    0.00    1.57 ^ _232_/A1 (sky130_fd_sc_hd__a21oi_1)
     1    0.00    0.07    0.10    1.66 v _232_/Y (sky130_fd_sc_hd__a21oi_1)
                                         _050_ (net)
                  0.07    0.00    1.66 v _239_/A3 (sky130_fd_sc_hd__o31a_1)
     2    0.01    0.08    0.28    1.94 v _239_/X (sky130_fd_sc_hd__o31a_1)
                                         _057_ (net)
                  0.08    0.00    1.94 v _261_/B (sky130_fd_sc_hd__maj3_2)
     3    0.01    0.08    0.34    2.28 v _261_/X (sky130_fd_sc_hd__maj3_2)
                                         _078_ (net)
                  0.08    0.00    2.28 v _262_/A2 (sky130_fd_sc_hd__a211oi_2)
     2    0.01    0.20    0.26    2.55 ^ _262_/Y (sky130_fd_sc_hd__a211oi_2)
                                         _079_ (net)
                  0.20    0.00    2.55 ^ _263_/A (sky130_fd_sc_hd__nor2_1)
     2    0.01    0.07    0.11    2.65 v _263_/Y (sky130_fd_sc_hd__nor2_1)
                                         _080_ (net)
                  0.07    0.00    2.65 v _282_/A (sky130_fd_sc_hd__xnor2_1)
     1    0.00    0.11    0.15    2.81 ^ _282_/Y (sky130_fd_sc_hd__xnor2_1)
                                         net42 (net)
                  0.11    0.00    2.81 ^ output42/A (sky130_fd_sc_hd__buf_2)
     1    0.00    0.02    0.11    2.92 ^ output42/X (sky130_fd_sc_hd__buf_2)
                                         resp_msg[14] (net)
                  0.02    0.00    2.92 ^ resp_msg[14] (out)
                                  2.92   data arrival time

                  0.00    1.10    1.10   clock vclk_core_clock (rise edge)
                          0.29    1.39   clock network delay (ideal)
                          0.00    1.39   clock reconvergence pessimism
                         -0.22    1.17   output external delay
                                  1.17   data required time
-----------------------------------------------------------------------------
                                  1.17   data required time
                                 -2.92   data arrival time
-----------------------------------------------------------------------------
                                 -1.75   slack (VIOLATED)



==========================================================================
finish report_checks -unconstrained
--------------------------------------------------------------------------
Startpoint: dpath.b_reg.out[1]$_DFFE_PP_
            (rising edge-triggered flip-flop clocked by core_clock)
Endpoint: dpath.a_reg.out[14]$_DFFE_PP_
          (rising edge-triggered flip-flop clocked by core_clock)
Path Group: core_clock
Path Type: max

Fanout     Cap    Slew   Delay    Time   Description
-----------------------------------------------------------------------------
                          0.00    0.00   clock core_clock (rise edge)
                          0.00    0.00   clock source latency
     1    0.01    0.00    0.00    0.00 ^ clk (in)
                                         clk (net)
                  0.00    0.00    0.00 ^ clkbuf_0_clk/A (sky130_fd_sc_hd__clkbuf_8)
     4    0.03    0.06    0.12    0.12 ^ clkbuf_0_clk/X (sky130_fd_sc_hd__clkbuf_8)
                                         clknet_0_clk (net)
                  0.06    0.00    0.12 ^ clkbuf_2_0__f_clk/A (sky130_fd_sc_hd__clkbuf_8)
     9    0.03    0.07    0.15    0.28 ^ clkbuf_2_0__f_clk/X (sky130_fd_sc_hd__clkbuf_8)
                                         clknet_2_0__leaf_clk (net)
                  0.07    0.00    0.28 ^ dpath.b_reg.out[1]$_DFFE_PP_/CLK (sky130_fd_sc_hd__edfxtp_1)
     3    0.01    0.10    0.42    0.70 v dpath.b_reg.out[1]$_DFFE_PP_/Q (sky130_fd_sc_hd__edfxtp_1)
                                         dpath.a_lt_b$in1[1] (net)
                  0.10    0.00    0.70 v _166_/A_N (sky130_fd_sc_hd__nand2b_4)
     2    0.01    0.06    0.18    0.87 v _166_/Y (sky130_fd_sc_hd__nand2b_4)
                                         _005_ (net)
                  0.06    0.00    0.88 v _170_/A2 (sky130_fd_sc_hd__a211oi_4)
     3    0.02    0.29    0.33    1.21 ^ _170_/Y (sky130_fd_sc_hd__a211oi_4)
                                         _009_ (net)
                  0.29    0.00    1.21 ^ _173_/A3 (sky130_fd_sc_hd__o31ai_4)
     3    0.02    0.09    0.12    1.33 v _173_/Y (sky130_fd_sc_hd__o31ai_4)
                                         _012_ (net)
                  0.09    0.00    1.33 v _231_/A1 (sky130_fd_sc_hd__a211oi_2)
     2    0.01    0.21    0.23    1.57 ^ _231_/Y (sky130_fd_sc_hd__a211oi_2)
                                         _049_ (net)
                  0.21    0.00    1.57 ^ _232_/A1 (sky130_fd_sc_hd__a21oi_1)
     1    0.00    0.07    0.10    1.66 v _232_/Y (sky130_fd_sc_hd__a21oi_1)
                                         _050_ (net)
                  0.07    0.00    1.66 v _239_/A3 (sky130_fd_sc_hd__o31a_1)
     2    0.01    0.08    0.28    1.94 v _239_/X (sky130_fd_sc_hd__o31a_1)
                                         _057_ (net)
                  0.08    0.00    1.94 v _261_/B (sky130_fd_sc_hd__maj3_2)
     3    0.01    0.08    0.34    2.28 v _261_/X (sky130_fd_sc_hd__maj3_2)
                                         _078_ (net)
                  0.08    0.00    2.28 v _262_/A2 (sky130_fd_sc_hd__a211oi_2)
     2    0.01    0.20    0.26    2.55 ^ _262_/Y (sky130_fd_sc_hd__a211oi_2)
                                         _079_ (net)
                  0.20    0.00    2.55 ^ place143/A (sky130_fd_sc_hd__buf_4)
     2    0.01    0.03    0.15    2.70 ^ place143/X (sky130_fd_sc_hd__buf_4)
                                         net143 (net)
                  0.03    0.00    2.70 ^ _277_/D (sky130_fd_sc_hd__or4_1)
     1    0.00    0.05    0.10    2.79 ^ _277_/X (sky130_fd_sc_hd__or4_1)
                                         _094_ (net)
                  0.05    0.00    2.79 ^ _278_/D1 (sky130_fd_sc_hd__o2111ai_1)
     1    0.00    0.09    0.09    2.89 v _278_/Y (sky130_fd_sc_hd__o2111ai_1)
                                         _095_ (net)
                  0.09    0.00    2.89 v _281_/C1 (sky130_fd_sc_hd__a211o_1)
     1    0.00    0.05    0.24    3.12 v _281_/X (sky130_fd_sc_hd__a211o_1)
                                         dpath.a_mux$out[14] (net)
                  0.05    0.00    3.12 v dpath.a_reg.out[14]$_DFFE_PP_/D (sky130_fd_sc_hd__edfxtp_1)
                                  3.12   data arrival time

                          1.10    1.10   clock core_clock (rise edge)
                          0.00    1.10   clock source latency
     1    0.01    0.00    0.00    1.10 ^ clk (in)
                                         clk (net)
                  0.00    0.00    1.10 ^ clkbuf_0_clk/A (sky130_fd_sc_hd__clkbuf_8)
     4    0.03    0.06    0.12    1.22 ^ clkbuf_0_clk/X (sky130_fd_sc_hd__clkbuf_8)
                                         clknet_0_clk (net)
                  0.06    0.00    1.22 ^ clkbuf_2_2__f_clk/A (sky130_fd_sc_hd__clkbuf_8)
     9    0.03    0.07    0.15    1.38 ^ clkbuf_2_2__f_clk/X (sky130_fd_sc_hd__clkbuf_8)
                                         clknet_2_2__leaf_clk (net)
                  0.07    0.00    1.38 ^ dpath.a_reg.out[14]$_DFFE_PP_/CLK (sky130_fd_sc_hd__edfxtp_1)
                          0.00    1.38   clock reconvergence pessimism
                         -0.24    1.14   library setup time
                                  1.14   data required time
-----------------------------------------------------------------------------
                                  1.14   data required time
                                 -3.12   data arrival time
-----------------------------------------------------------------------------
                                 -1.98   slack (VIOLATED)


Startpoint: dpath.b_reg.out[1]$_DFFE_PP_
            (rising edge-triggered flip-flop clocked by core_clock)
Endpoint: resp_msg[14] (output port clocked by vclk_core_clock)
Path Group: vclk_core_clock
Path Type: max

Fanout     Cap    Slew   Delay    Time   Description
-----------------------------------------------------------------------------
                          0.00    0.00   clock core_clock (rise edge)
                          0.00    0.00   clock source latency
     1    0.01    0.00    0.00    0.00 ^ clk (in)
                                         clk (net)
                  0.00    0.00    0.00 ^ clkbuf_0_clk/A (sky130_fd_sc_hd__clkbuf_8)
     4    0.03    0.06    0.12    0.12 ^ clkbuf_0_clk/X (sky130_fd_sc_hd__clkbuf_8)
                                         clknet_0_clk (net)
                  0.06    0.00    0.12 ^ clkbuf_2_0__f_clk/A (sky130_fd_sc_hd__clkbuf_8)
     9    0.03    0.07    0.15    0.28 ^ clkbuf_2_0__f_clk/X (sky130_fd_sc_hd__clkbuf_8)
                                         clknet_2_0__leaf_clk (net)
                  0.07    0.00    0.28 ^ dpath.b_reg.out[1]$_DFFE_PP_/CLK (sky130_fd_sc_hd__edfxtp_1)
     3    0.01    0.10    0.42    0.70 v dpath.b_reg.out[1]$_DFFE_PP_/Q (sky130_fd_sc_hd__edfxtp_1)
                                         dpath.a_lt_b$in1[1] (net)
                  0.10    0.00    0.70 v _166_/A_N (sky130_fd_sc_hd__nand2b_4)
     2    0.01    0.06    0.18    0.87 v _166_/Y (sky130_fd_sc_hd__nand2b_4)
                                         _005_ (net)
                  0.06    0.00    0.88 v _170_/A2 (sky130_fd_sc_hd__a211oi_4)
     3    0.02    0.29    0.33    1.21 ^ _170_/Y (sky130_fd_sc_hd__a211oi_4)
                                         _009_ (net)
                  0.29    0.00    1.21 ^ _173_/A3 (sky130_fd_sc_hd__o31ai_4)
     3    0.02    0.09    0.12    1.33 v _173_/Y (sky130_fd_sc_hd__o31ai_4)
                                         _012_ (net)
                  0.09    0.00    1.33 v _231_/A1 (sky130_fd_sc_hd__a211oi_2)
     2    0.01    0.21    0.23    1.57 ^ _231_/Y (sky130_fd_sc_hd__a211oi_2)
                                         _049_ (net)
                  0.21    0.00    1.57 ^ _232_/A1 (sky130_fd_sc_hd__a21oi_1)
     1    0.00    0.07    0.10    1.66 v _232_/Y (sky130_fd_sc_hd__a21oi_1)
                                         _050_ (net)
                  0.07    0.00    1.66 v _239_/A3 (sky130_fd_sc_hd__o31a_1)
     2    0.01    0.08    0.28    1.94 v _239_/X (sky130_fd_sc_hd__o31a_1)
                                         _057_ (net)
                  0.08    0.00    1.94 v _261_/B (sky130_fd_sc_hd__maj3_2)
     3    0.01    0.08    0.34    2.28 v _261_/X (sky130_fd_sc_hd__maj3_2)
                                         _078_ (net)
                  0.08    0.00    2.28 v _262_/A2 (sky130_fd_sc_hd__a211oi_2)
     2    0.01    0.20    0.26    2.55 ^ _262_/Y (sky130_fd_sc_hd__a211oi_2)
                                         _079_ (net)
                  0.20    0.00    2.55 ^ _263_/A (sky130_fd_sc_hd__nor2_1)
     2    0.01    0.07    0.11    2.65 v _263_/Y (sky130_fd_sc_hd__nor2_1)
                                         _080_ (net)
                  0.07    0.00    2.65 v _282_/A (sky130_fd_sc_hd__xnor2_1)
     1    0.00    0.11    0.15    2.81 ^ _282_/Y (sky130_fd_sc_hd__xnor2_1)
                                         net42 (net)
                  0.11    0.00    2.81 ^ output42/A (sky130_fd_sc_hd__buf_2)
     1    0.00    0.02    0.11    2.92 ^ output42/X (sky130_fd_sc_hd__buf_2)
                                         resp_msg[14] (net)
                  0.02    0.00    2.92 ^ resp_msg[14] (out)
                                  2.92   data arrival time

                  0.00    1.10    1.10   clock vclk_core_clock (rise edge)
                          0.29    1.39   clock network delay (ideal)
                          0.00    1.39   clock reconvergence pessimism
                         -0.22    1.17   output external delay
                                  1.17   data required time
-----------------------------------------------------------------------------
                                  1.17   data required time
                                 -2.92   data arrival time
-----------------------------------------------------------------------------
                                 -1.75   slack (VIOLATED)



==========================================================================
finish report_check_types -max_slew -max_cap -max_fanout -violators
--------------------------------------------------------------------------

==========================================================================
finish max_slew_check_slack
--------------------------------------------------------------------------
1.1812524795532227

==========================================================================
finish max_slew_check_limit
--------------------------------------------------------------------------
1.5

==========================================================================
finish max_slew_check_slack_limit
--------------------------------------------------------------------------
0.7875

==========================================================================
finish max_fanout_check_slack
--------------------------------------------------------------------------
1.0000000150474662e+30

==========================================================================
finish max_fanout_check_limit
--------------------------------------------------------------------------
1.0000000150474662e+30

==========================================================================
finish max_capacitance_check_slack
--------------------------------------------------------------------------
0.042778246104717255

==========================================================================
finish max_capacitance_check_limit
--------------------------------------------------------------------------
0.04853300005197525

==========================================================================
finish max_capacitance_check_slack_limit
--------------------------------------------------------------------------
0.8814

==========================================================================
finish max_slew_violation_count
--------------------------------------------------------------------------
max slew violation count 0

==========================================================================
finish max_fanout_violation_count
--------------------------------------------------------------------------
max fanout violation count 0

==========================================================================
finish max_cap_violation_count
--------------------------------------------------------------------------
max cap violation count 0

==========================================================================
finish setup_violation_count
--------------------------------------------------------------------------
setup violation count 64

==========================================================================
finish hold_violation_count
--------------------------------------------------------------------------
hold violation count 0

==========================================================================
finish report_checks -path_delay max reg to reg
--------------------------------------------------------------------------
Startpoint: dpath.b_reg.out[1]$_DFFE_PP_
            (rising edge-triggered flip-flop clocked by core_clock)
Endpoint: dpath.a_reg.out[14]$_DFFE_PP_
          (rising edge-triggered flip-flop clocked by core_clock)
Path Group: core_clock
Path Type: max

  Delay    Time   Description
---------------------------------------------------------
   0.00    0.00   clock core_clock (rise edge)
   0.00    0.00   clock source latency
   0.00    0.00 ^ clk (in)
   0.12    0.12 ^ clkbuf_0_clk/X (sky130_fd_sc_hd__clkbuf_8)
   0.15    0.28 ^ clkbuf_2_0__f_clk/X (sky130_fd_sc_hd__clkbuf_8)
   0.00    0.28 ^ dpath.b_reg.out[1]$_DFFE_PP_/CLK (sky130_fd_sc_hd__edfxtp_1)
   0.42    0.70 v dpath.b_reg.out[1]$_DFFE_PP_/Q (sky130_fd_sc_hd__edfxtp_1)
   0.18    0.87 v _166_/Y (sky130_fd_sc_hd__nand2b_4)
   0.33    1.21 ^ _170_/Y (sky130_fd_sc_hd__a211oi_4)
   0.12    1.33 v _173_/Y (sky130_fd_sc_hd__o31ai_4)
   0.23    1.57 ^ _231_/Y (sky130_fd_sc_hd__a211oi_2)
   0.10    1.66 v _232_/Y (sky130_fd_sc_hd__a21oi_1)
   0.28    1.94 v _239_/X (sky130_fd_sc_hd__o31a_1)
   0.34    2.28 v _261_/X (sky130_fd_sc_hd__maj3_2)
   0.26    2.55 ^ _262_/Y (sky130_fd_sc_hd__a211oi_2)
   0.15    2.70 ^ place143/X (sky130_fd_sc_hd__buf_4)
   0.10    2.79 ^ _277_/X (sky130_fd_sc_hd__or4_1)
   0.09    2.89 v _278_/Y (sky130_fd_sc_hd__o2111ai_1)
   0.24    3.12 v _281_/X (sky130_fd_sc_hd__a211o_1)
   0.00    3.12 v dpath.a_reg.out[14]$_DFFE_PP_/D (sky130_fd_sc_hd__edfxtp_1)
           3.12   data arrival time

   1.10    1.10   clock core_clock (rise edge)
   0.00    1.10   clock source latency
   0.00    1.10 ^ clk (in)
   0.12    1.22 ^ clkbuf_0_clk/X (sky130_fd_sc_hd__clkbuf_8)
   0.16    1.38 ^ clkbuf_2_2__f_clk/X (sky130_fd_sc_hd__clkbuf_8)
   0.00    1.38 ^ dpath.a_reg.out[14]$_DFFE_PP_/CLK (sky130_fd_sc_hd__edfxtp_1)
   0.00    1.38   clock reconvergence pessimism
  -0.24    1.14   library setup time
           1.14   data required time
---------------------------------------------------------
           1.14   data required time
          -3.12   data arrival time
---------------------------------------------------------
          -1.98   slack (VIOLATED)



==========================================================================
finish report_checks -path_delay min reg to reg
--------------------------------------------------------------------------
Startpoint: ctrl.state.out[1]$_DFF_P_
            (rising edge-triggered flip-flop clocked by core_clock)
Endpoint: ctrl.state.out[1]$_DFF_P_
          (rising edge-triggered flip-flop clocked by core_clock)
Path Group: core_clock
Path Type: min

  Delay    Time   Description
---------------------------------------------------------
   0.00    0.00   clock core_clock (rise edge)
   0.00    0.00   clock source latency
   0.00    0.00 ^ clk (in)
   0.12    0.12 ^ clkbuf_0_clk/X (sky130_fd_sc_hd__clkbuf_8)
   0.15    0.28 ^ clkbuf_2_0__f_clk/X (sky130_fd_sc_hd__clkbuf_8)
   0.00    0.28 ^ ctrl.state.out[1]$_DFF_P_/CLK (sky130_fd_sc_hd__dfxtp_1)
   0.32    0.60 v ctrl.state.out[1]$_DFF_P_/Q (sky130_fd_sc_hd__dfxtp_1)
   0.07    0.67 ^ _362_/Y (sky130_fd_sc_hd__o21ai_0)
   0.06    0.73 v _369_/Y (sky130_fd_sc_hd__a21oi_1)
   0.00    0.73 v ctrl.state.out[1]$_DFF_P_/D (sky130_fd_sc_hd__dfxtp_1)
           0.73   data arrival time

   0.00    0.00   clock core_clock (rise edge)
   0.00    0.00   clock source latency
   0.00    0.00 ^ clk (in)
   0.12    0.12 ^ clkbuf_0_clk/X (sky130_fd_sc_hd__clkbuf_8)
   0.15    0.28 ^ clkbuf_2_0__f_clk/X (sky130_fd_sc_hd__clkbuf_8)
   0.00    0.28 ^ ctrl.state.out[1]$_DFF_P_/CLK (sky130_fd_sc_hd__dfxtp_1)
   0.00    0.28   clock reconvergence pessimism
  -0.04    0.24   library hold time
           0.24   data required time
---------------------------------------------------------
           0.24   data required time
          -0.73   data arrival time
---------------------------------------------------------
           0.49   slack (MET)



==========================================================================
finish critical path target clock latency max path
--------------------------------------------------------------------------
0.2834

==========================================================================
finish critical path target clock latency min path
--------------------------------------------------------------------------
0.2806

==========================================================================
finish critical path source clock latency min path
--------------------------------------------------------------------------
0.2900

==========================================================================
finish critical path delay
--------------------------------------------------------------------------
3.1238

==========================================================================
finish critical path slack
--------------------------------------------------------------------------
-1.9841

==========================================================================
finish slack div critical path delay
--------------------------------------------------------------------------
-63.515590

==========================================================================
finish report_power
--------------------------------------------------------------------------
Group                  Internal  Switching    Leakage      Total
                          Power      Power      Power      Power (Watts)
----------------------------------------------------------------
Sequential             1.66e-03   1.49e-04   3.52e-10   1.81e-03  27.4%
Combinational          2.35e-03   1.48e-03   1.65e-09   3.83e-03  58.2%
Clock                  4.35e-04   5.11e-04   4.77e-11   9.46e-04  14.4%
Macro                  0.00e+00   0.00e+00   0.00e+00   0.00e+00   0.0%
Pad                    0.00e+00   0.00e+00   0.00e+00   0.00e+00   0.0%
----------------------------------------------------------------
Total                  4.45e-03   2.14e-03   2.05e-09   6.58e-03 100.0%
                          67.5%      32.5%       0.0%
