OpenROAD unknown 
Features included (+) or not (-): -GPU +GUI -Python
This program is licensed under the BSD-3 license. See the LICENSE file for details.
Components of this program may be licensed under more restrictive licenses which must be honored.
[INFO ORD-0030] Using 2 thread(s).
read_liberty /OpenROAD-flow-scripts/flow/platforms/sky130hd/lib/sky130_fd_sc_hd__tt_025C_1v80.lib
read_db -hier ./results/sky130hd/gcd/base/3_4_place_resized.odb
[WARNING ORD-0012] Hierarchical flow (-hier) is currently in development and may cause multiple issues. Do not use in production environments.
read_sdc ./results/sky130hd/gcd/base/2_floorplan.sdc
source /OpenROAD-flow-scripts/flow/platforms/sky130hd/setRC.tcl
detailed_placement
[INFO DPL-0006] Core area: 5885.64 um^2
[INFO DPL-0007] Movable instances area: 3961.30 um^2
[INFO DPL-0008] Fixed instances area within core: 93.84 um^2
[INFO DPL-0009] Utilization: 68.9%
[INFO DPL-0005] Diamond search max displacement: +/- 500 sites horizontally, +/- 100 rows vertically.
[INFO DPL-1102] Legalizing using negotiation legalizer.
[INFO DPL-1103] Negotiation base search window: +/-20 sites horizontally, +/-5 rows vertically 
	Automatic search window extension enabled.
	Search window extendable up to the max displacement cap of +/-500 sites, +/-100 rows near walls.
[INFO DPL-1104] NegotiationLegalizer DRC penalty: 5.
[INFO DPL-0392] Negotiation cell height distribution (1 unique row-count(s)):
[INFO DPL-0393]   height 1 row(s): 478 cells
          |      Total |  Illegal |  Illegal
Iteration | Violations |    Cells |    Sites
---------------------------------------------
        0 |        236 |        52 |       184
        1 |          0 |         0 |         0
Negotiation phase 1 converged at iteration 1.
[INFO DPL-0500] Runtime: 0.01s
Detailed Placement Analysis
---------------------------------
legalizer            negotiation
total moves                 431
total displacement       1152.9 u
average displacement        2.4 u
max displacement           13.9 u
original HPWL            5200.9 u
legalized HPWL           5859.3 u
delta HPWL                   13 %

improve_placement -max_displacement "5 1"
Detailed placement improvement.
[INFO DPL-0401] Setting random seed to 1.
[INFO DPL-0402] Setting maximum displacement 5 1 to 13600 2720 units.
[INFO DPL-0320] Collected 129 fixed cells.
[INFO DPL-0318] Collected 403 single height cells.
[INFO DPL-0321] Collected 0 wide cells.
[INFO DPL-0322] Image (1380, 2720) - (78660, 78880)
[INFO DPL-0310] Assigned 403 cells into segments.  Movement in X-direction is 0.000000, movement in Y-direction is 0.000000.
[INFO DPL-0313] Found 0 cells in wrong regions.
[INFO DPL-0315] Found 0 row alignment problems.
[INFO DPL-0314] Found 0 site alignment problems.
[INFO DPL-0311] Found 0 overlaps between adjacent cells.
[INFO DPL-0312] Found 0 edge spacing violations and 0 padding violations.
[INFO DPL-0303] Running algorithm for independent set matching.
[INFO DPL-0300] Set matching objective is wirelength.
[INFO DPL-0301] Pass   1 of matching; objective is 5.864382e+06.
[INFO DPL-0302] End of matching; objective is 5.857788e+06, improvement is 0.11 percent.
[INFO DPL-0303] Running algorithm for global swaps.
[INFO DPL-0306] Pass   1 of global swaps; hpwl is 5.732221e+06.
[INFO DPL-0306] Pass   2 of global swaps; hpwl is 5.715180e+06.
[INFO DPL-0307] End of global swaps; objective is 5.715180e+06, improvement is 2.43 percent.
[INFO DPL-0303] Running algorithm for vertical swaps.
[INFO DPL-0308] Pass   1 of vertical swaps; hpwl is 5.696077e+06.
[INFO DPL-0309] End of vertical swaps; objective is 5.696077e+06, improvement is 0.33 percent.
[INFO DPL-0303] Running algorithm for reordering.
[INFO DPL-0304] Pass   1 of reordering; objective is 5.680957e+06.
[INFO DPL-0305] End of reordering; objective is 5.680957e+06, improvement is 0.27 percent.
[INFO DPL-0303] Running algorithm for random improvement.
[INFO DPL-0324] Random improver is using random generator.
[INFO DPL-0325] Random improver is using hpwl objective.
[INFO DPL-0326] Random improver cost string is (a).
[INFO DPL-0332] End of pass, Generator random called 8060 times.
[INFO DPL-0335] Generator random, Cumulative attempts 8060, swaps 1664, moves  1482 since last reset.
[INFO DPL-0333] End of pass, Objective hpwl, Initial cost 5.680957e+06, Scratch cost 5.599615e+06, Incremental cost 5.599615e+06, Mismatch? N
[INFO DPL-0338] End of pass, Total cost is 5.599615e+06.
[INFO DPL-0327] Pass   1 of random improver; improvement in cost is 1.43 percent.
[INFO DPL-0332] End of pass, Generator random called 8060 times.
[INFO DPL-0335] Generator random, Cumulative attempts 16120, swaps 3328, moves  2864 since last reset.
[INFO DPL-0333] End of pass, Objective hpwl, Initial cost 5.599615e+06, Scratch cost 5.551688e+06, Incremental cost 5.551688e+06, Mismatch? N
[INFO DPL-0338] End of pass, Total cost is 5.551688e+06.
[INFO DPL-0327] Pass   2 of random improver; improvement in cost is 0.86 percent.
[INFO DPL-0328] End of random improver; improvement is 2.275479 percent.
[INFO DPL-0380] Cell flipping.
[INFO DPL-0382] Changed 0 cell orientations for row compatibility.
[INFO DPL-0383] Performed 131 cell flips.
[INFO DPL-0384] End of flipping; objective is 5.298188e+06, improvement is 4.57 percent.
[INFO DPL-0313] Found 0 cells in wrong regions.
[INFO DPL-0315] Found 0 row alignment problems.
[INFO DPL-0314] Found 0 site alignment problems.
[INFO DPL-0311] Found 0 overlaps between adjacent cells.
[INFO DPL-0312] Found 0 edge spacing violations and 0 padding violations.
Place Optimization Analysis
---------------------------------
total attempts            24180
relocated cells             207
total displacement        799.7 u
average displacement        3.9 u
max displacement           16.1 u
original HPWL            5859.3 u
improved HPWL            5295.7 u
delta HPWL                  -10 %

optimize_mirroring
[INFO DPL-0020] Mirrored 9 instances
[INFO DPL-0021] HPWL before            5295.7 u
[INFO DPL-0022] HPWL after             5291.1 u
[INFO DPL-0023] HPWL delta               -0.1 %
[INFO FLW-0012] Placement violations .
estimate_parasitics -placement
Report metrics stage 3, detailed place...

==========================================================================
detailed place report_design_area
--------------------------------------------------------------------------
Design area 4055 um^2 69% utilization.
write_db ./results/sky130hd/gcd/base/3_5_place_dp.odb
write_sdc -no_timestamp ./results/sky130hd/gcd/base/3_place.sdc
Elapsed time: 0:00.68[h:]min:sec. CPU time: user 0.60 sys 0.08 (101%). Peak memory: 112640KB.
Log                    Ext     Elapsed      CPU     CPU/ Peak Mem sha1sum
                                     s        s  Elapsed       MB [0:10)
3_5_place_dp           .odb          0        1     1.00      110 56cd833a64
