OpenROAD unknown 
Features included (+) or not (-): -GPU +GUI -Python
This program is licensed under the BSD-3 license. See the LICENSE file for details.
Components of this program may be licensed under more restrictive licenses which must be honored.
[INFO ORD-0030] Using 2 thread(s).
read_liberty /OpenROAD-flow-scripts/flow/platforms/sky130hd/lib/sky130_fd_sc_hd__tt_025C_1v80.lib
read_db -hier ./results/sky130hd/gcd/base/4_cts.odb
[WARNING ORD-0012] Hierarchical flow (-hier) is currently in development and may cause multiple issues. Do not use in production environments.
read_sdc ./results/sky130hd/gcd/base/4_cts.sdc
source /OpenROAD-flow-scripts/flow/platforms/sky130hd/setRC.tcl
pin_access
[INFO DRT-0149] Reading tech and libs.
[WARNING DRT-0349] LEF58_ENCLOSURE with no CUTCLASS is not supported. Skipping for layer mcon
[WARNING DRT-0349] LEF58_ENCLOSURE with no CUTCLASS is not supported. Skipping for layer mcon
[WARNING DRT-0349] LEF58_ENCLOSURE with no CUTCLASS is not supported. Skipping for layer via
[WARNING DRT-0349] LEF58_ENCLOSURE with no CUTCLASS is not supported. Skipping for layer via
[WARNING DRT-0349] LEF58_ENCLOSURE with no CUTCLASS is not supported. Skipping for layer via2
[WARNING DRT-0349] LEF58_ENCLOSURE with no CUTCLASS is not supported. Skipping for layer via2
[WARNING DRT-0349] LEF58_ENCLOSURE with no CUTCLASS is not supported. Skipping for layer via3
[WARNING DRT-0349] LEF58_ENCLOSURE with no CUTCLASS is not supported. Skipping for layer via3
[WARNING DRT-0349] LEF58_ENCLOSURE with no CUTCLASS is not supported. Skipping for layer via4
[WARNING DRT-0349] LEF58_ENCLOSURE with no CUTCLASS is not supported. Skipping for layer via4

Units:                1000
Number of layers:     13
Number of macros:     441
Number of vias:       29
Number of viarulegen: 25

[INFO DRT-0150] Reading design.

Design:                   gcd
Die area:                 ( 0 0 ) ( 80025 80025 )
Number of track patterns: 12
Number of DEF vias:       0
Number of components:     532
Number of terminals:      56
Number of snets:          2
Number of nets:           490

[INFO DRT-0167] List of default vias:
  Layer via
    default via: M1M2_PR
  Layer via2
    default via: M2M3_PR
  Layer via3
    default via: M3M4_PR
  Layer via4
    default via: M4M5_PR
[INFO DRT-0162] Library cell analysis.
[INFO DRT-0163] Instance analysis.
[INFO DRT-0164] Number of unique instances = 96.
[INFO DRT-0168] Init region query.
[INFO DRT-0024]   Complete FR_MASTERSLICE.
[INFO DRT-0024]   Complete Fr_VIA.
[INFO DRT-0024]   Complete li1.
[INFO DRT-0024]   Complete mcon.
[INFO DRT-0024]   Complete met1.
[INFO DRT-0024]   Complete via.
[INFO DRT-0024]   Complete met2.
[INFO DRT-0024]   Complete via2.
[INFO DRT-0024]   Complete met3.
[INFO DRT-0024]   Complete via3.
[INFO DRT-0024]   Complete met4.
[INFO DRT-0024]   Complete via4.
[INFO DRT-0024]   Complete met5.
[INFO DRT-0033] FR_MASTERSLICE shape region query size = 0.
[INFO DRT-0033] FR_VIA shape region query size = 0.
[INFO DRT-0033] li1 shape region query size = 13587.
[INFO DRT-0033] mcon shape region query size = 8494.
[INFO DRT-0033] met1 shape region query size = 1829.
[INFO DRT-0033] via shape region query size = 365.
[INFO DRT-0033] met2 shape region query size = 245.
[INFO DRT-0033] via2 shape region query size = 292.
[INFO DRT-0033] met3 shape region query size = 247.
[INFO DRT-0033] via3 shape region query size = 292.
[INFO DRT-0033] met4 shape region query size = 91.
[INFO DRT-0033] via4 shape region query size = 13.
[INFO DRT-0033] met5 shape region query size = 23.
[INFO DRT-0165] Start pin access.
[INFO DRT-0078]   Complete 708 pins.
[INFO DRT-0081]   Complete 96 unique inst patterns.
[INFO DRT-0084]   Complete 228 groups.
#scanned instances     = 532
#unique  instances     = 96
#stdCellGenAp          = 2724
#stdCellValidPlanarAp  = 16
#stdCellValidViaAp     = 1955
#stdCellPinNoAp        = 0
#stdCellPinCnt         = 1348
#instTermValidViaApCnt = 0
#macroGenAp            = 0
#macroValidPlanarAp    = 0
#macroValidViaAp       = 0
#macroNoAp             = 0
[INFO DRT-0166] Complete pin access.
[INFO DRT-0267] cpu time = 00:00:45, elapsed time = 00:00:25, memory = 113.66 (MB), peak = 113.38 (MB)
Took 26 seconds: pin_access
global_route -congestion_report_file ./reports/sky130hd/gcd/base/congestion.rpt -congestion_iterations 30 -congestion_report_iter_step 5 -verbose
[INFO GRT-0020] Min routing layer: met1
[INFO GRT-0021] Max routing layer: met5
[INFO GRT-0022] Global adjustment: 0%
[INFO GRT-0023] Grid origin: (0, 0)
[INFO GRT-0088] Layer li1     Track-Pitch = 0.4600  line-2-Via Pitch: 0.3400
[INFO GRT-0088] Layer met1    Track-Pitch = 0.3400  line-2-Via Pitch: 0.3400
[INFO GRT-0088] Layer met2    Track-Pitch = 0.4600  line-2-Via Pitch: 0.3500
[INFO GRT-0088] Layer met3    Track-Pitch = 0.6800  line-2-Via Pitch: 0.6150
[INFO GRT-0088] Layer met4    Track-Pitch = 0.9200  line-2-Via Pitch: 1.0400
[INFO GRT-0088] Layer met5    Track-Pitch = 3.4000  line-2-Via Pitch: 3.1100
[INFO GRT-0003] Macros: 0
[INFO GRT-0004] Blockages: 983
[INFO GRT-0019] Found 6 clock nets.
[INFO GRT-0001] Minimum degree: 2
[INFO GRT-0002] Maximum degree: 23

[INFO GRT-0053] Routing resources analysis:
          Routing      Original      Derated      Resource
Layer     Direction    Resources     Resources    Reduction (%)
---------------------------------------------------------------
li1        Vertical            0             0          0.00%
met1       Horizontal       1775          1384          22.03%
met2       Vertical         1520          1170          23.03%
met3       Horizontal       1115           875          21.52%
met4       Vertical          740           560          24.32%
met5       Horizontal        180           110          38.89%
---------------------------------------------------------------

[INFO GRT-0197] Via related to pin nodes: 2219
[INFO GRT-0198] Via related Steiner nodes: 43
[INFO GRT-0199] Via filling finished.
[INFO GRT-0111] Final number of vias: 2771
[INFO GRT-0112] Final usage 3D: 9584

[INFO GRT-0096] Final congestion report:
Layer         Resource        Demand        Usage (%)    Max H / Max V / Total Congestion
---------------------------------------------------------------------------------------
li1                  0             0            0.00%             0 /  0 /  0
met1              1384           618           44.65%             0 /  0 /  0
met2              1170           560           47.86%             0 /  0 /  0
met3               875            48            5.49%             0 /  0 /  0
met4               560            45            8.04%             0 /  0 /  0
met5               110             0            0.00%             0 /  0 /  0
---------------------------------------------------------------------------------------
Total             4099          1271           31.01%             0 /  0 /  0

[INFO GRT-0018] Total wirelength: 14593 um
[INFO GRT-0014] Routed nets: 490
[INFO GRT-0303] Global routing runtime = 00:00:00
[WARNING STA-0450] virtual clock vclk_core_clock can not be propagated.
estimate_parasitics -global_routing
Perform buffer insertion and gate resizing...
repair_design -verbose
Iteration |   Area    | Resized | Buffers | Nets repaired | Remaining
---------------------------------------------------------------------
        0 |     +0.0% |       0 |       0 |             0 |       495
       10 |     +0.0% |       0 |       0 |             0 |       485
       20 |     +0.0% |       0 |       0 |             0 |       475
       30 |     +0.0% |       0 |       0 |             0 |       465
       40 |     +0.0% |       0 |       0 |             0 |       455
       50 |     +0.0% |       0 |       0 |             0 |       445
       60 |     +0.0% |       0 |       0 |             0 |       435
       70 |     +0.0% |       0 |       0 |             0 |       425
       80 |     +0.0% |       0 |       0 |             0 |       415
       90 |     +0.0% |       0 |       0 |             0 |       405
      100 |     +0.0% |       0 |       0 |             0 |       395
      110 |     +0.0% |       0 |       0 |             0 |       385
      120 |     +0.0% |       0 |       0 |             0 |       375
      130 |     +0.0% |       0 |       0 |             0 |       365
      140 |     +0.0% |       0 |       0 |             0 |       355
      150 |     +0.0% |       0 |       0 |             0 |       345
      160 |     +0.0% |       0 |       0 |             0 |       335
      170 |     +0.0% |       0 |       0 |             0 |       325
      180 |     +0.0% |       0 |       0 |             0 |       315
      190 |     +0.0% |       0 |       0 |             0 |       305
      200 |     +0.0% |       0 |       0 |             0 |       295
      210 |     +0.0% |       0 |       0 |             0 |       285
      220 |     +0.0% |       0 |       0 |             0 |       275
      230 |     +0.0% |       0 |       0 |             0 |       265
      240 |     +0.0% |       0 |       0 |             0 |       255
      250 |     +0.0% |       0 |       0 |             0 |       245
      260 |     +0.0% |       0 |       0 |             0 |       235
      270 |     +0.0% |       0 |       0 |             0 |       225
      280 |     +0.0% |       0 |       0 |             0 |       215
      290 |     +0.0% |       0 |       0 |             0 |       205
      300 |     +0.0% |       0 |       0 |             0 |       195
      310 |     +0.0% |       0 |       0 |             0 |       185
      320 |     +0.0% |       0 |       0 |             0 |       175
      330 |     +0.0% |       0 |       0 |             0 |       165
      340 |     +0.0% |       0 |       0 |             0 |       155
      350 |     +0.0% |       0 |       0 |             0 |       145
      360 |     +0.0% |       0 |       0 |             0 |       135
      370 |     +0.0% |       0 |       0 |             0 |       125
      380 |     +0.0% |       0 |       0 |             0 |       115
      390 |     +0.0% |       0 |       0 |             0 |       105
      400 |     +0.0% |       0 |       0 |             0 |        95
      410 |     +0.0% |       0 |       0 |             0 |        85
      420 |     +0.0% |       0 |       0 |             0 |        75
      430 |     +0.0% |       0 |       0 |             0 |        65
      440 |     +0.0% |       0 |       0 |             0 |        55
      450 |     +0.0% |       0 |       0 |             0 |        45
      460 |     +0.0% |       0 |       0 |             0 |        35
      470 |     +0.0% |       0 |       0 |             0 |        25
      480 |     +0.0% |       0 |       0 |             0 |        15
      490 |     +0.0% |       0 |       0 |             0 |         5
    final |     +0.0% |       0 |       0 |             0 |         0
---------------------------------------------------------------------
[INFO RSZ-0504] Runtime: 0.09s
global_route -start_incremental
detailed_placement
[INFO DPL-0006] Core area: 5885.64 um^2
[INFO DPL-0007] Movable instances area: 4947.24 um^2
[INFO DPL-0008] Fixed instances area within core: 93.84 um^2
[INFO DPL-0009] Utilization: 85.7%
[INFO DPL-0005] Diamond search max displacement: +/- 500 sites horizontally, +/- 100 rows vertically.
[INFO DPL-1102] Legalizing using negotiation legalizer.
[INFO DPL-1103] Negotiation base search window: +/-20 sites horizontally, +/-5 rows vertically 
	Automatic search window extension enabled.
	Search window extendable up to the max displacement cap of +/-500 sites, +/-100 rows near walls.
[INFO DPL-1104] NegotiationLegalizer DRC penalty: 5.
[INFO DPL-0392] Negotiation cell height distribution (1 unique row-count(s)):
[INFO DPL-0393]   height 1 row(s): 532 cells
[INFO DPL-0500] Runtime: 0.00s
Detailed Placement Analysis
---------------------------------
legalizer            negotiation
total moves                   0
total displacement          0.0 u
average displacement        0.0 u
max displacement            0.0 u
original HPWL            7974.7 u
legalized HPWL           7974.7 u
delta HPWL                    0 %

global_route -end_incremental -congestion_report_file ./reports/sky130hd/gcd/base/congestion_post_repair_design.rpt
Repair setup and hold violations...
estimate_parasitics -global_routing
repair_timing -setup_margin 0 -hold_margin 0 -repair_tns 100 -verbose
[INFO RSZ-0100] Repair move sequence: UnbufferMove SizeUpMove SwapPinsMove BufferMove CloneMove SplitLoadMove 
[INFO RSZ-0094] Found 67 endpoints with setup violations.
[INFO RSZ-0099] Repairing 67 out of 67 (100.00%) violating endpoints...
   Iter   | Removed | Resized | Inserted | Cloned |  Pin  |   Area   |    WNS   |    TNS     |  Viol  |  Worst
          | Buffers |  Gates  | Buffers  |  Gates | Swaps |          |          |            | Endpts | Endpoint
------------------------------------------------------------------------------------------------------------------------------
       0* |       0 |       0 |        0 |      0 |     0 |    +0.0% |   -1.565 |      -69.0 |     67 | dpath.a_reg.out\[15\]$_DFFE_PP_/D
      10* |       0 |       1 |        3 |      0 |     6 |    +0.5% |   -1.538 |      -68.9 |     67 | dpath.a_reg.out\[14\]$_DFFE_PP_/D
      20* |       0 |       3 |        5 |      0 |    12 |    +0.9% |   -1.561 |      -69.6 |     67 | dpath.a_reg.out\[11\]$_DFFE_PP_/D
      27* |       0 |       1 |        5 |      0 |     8 |    +0.8% |   -1.508 |      -68.8 |     67 | dpath.a_reg.out\[11\]$_DFFE_PP_/D
      30* |       0 |       1 |        7 |      0 |     8 |    +1.1% |   -1.508 |      -68.7 |     67 | dpath.a_reg.out\[11\]$_DFFE_PP_/D
      40* |       1 |       5 |       10 |      0 |    10 |    +2.0% |   -1.508 |      -68.4 |     67 | dpath.a_reg.out\[11\]$_DFFE_PP_/D
      50* |       1 |       6 |       13 |      0 |    16 |    +2.5% |   -1.509 |      -68.4 |     67 | dpath.a_reg.out\[11\]$_DFFE_PP_/D
      53* |       1 |       5 |       10 |      0 |    10 |    +2.0% |   -1.508 |      -68.4 |     67 | dpath.a_reg.out\[11\]$_DFFE_PP_/D
      59* |       1 |       7 |       11 |      0 |    10 |    +2.3% |   -1.489 |      -68.2 |     67 | dpath.a_reg.out\[15\]$_DFFE_PP_/D
      60* |       1 |       7 |       11 |      0 |    10 |    +2.3% |   -1.489 |      -68.2 |     67 | dpath.a_reg.out\[15\]$_DFFE_PP_/D
      70* |       1 |      10 |       15 |      0 |    13 |    +3.2% |   -1.502 |      -68.4 |     67 | dpath.b_reg.out\[6\]$_DFFE_PP_/DE
      78* |       1 |       7 |       11 |      0 |    10 |    +2.3% |   -1.489 |      -68.2 |     67 | dpath.a_reg.out\[15\]$_DFFE_PP_/D
      80* |       1 |       8 |       11 |      0 |    10 |    +2.3% |   -1.502 |      -68.4 |     67 | dpath.b_reg.out\[6\]$_DFFE_PP_/DE
      90* |       1 |      10 |       18 |      0 |    13 |    +3.5% |   -1.489 |      -68.1 |     67 | dpath.a_reg.out\[15\]$_DFFE_PP_/D
     100* |       1 |      17 |       19 |      0 |    15 |    +4.5% |   -1.489 |      -67.1 |     67 | dpath.a_reg.out\[15\]$_DFFE_PP_/D
     102* |       1 |      18 |       19 |      0 |    15 |    +4.6% |   -1.489 |      -67.1 |     67 | dpath.a_reg.out\[15\]$_DFFE_PP_/D
     110* |       1 |      19 |       21 |      0 |    19 |    +5.0% |   -1.489 |      -66.7 |     67 | dpath.a_reg.out\[15\]$_DFFE_PP_/D
     116* |       1 |      20 |       22 |      0 |    21 |    +5.1% |   -1.489 |      -67.5 |     67 | dpath.a_reg.out\[15\]$_DFFE_PP_/D
     118* |       1 |      20 |       22 |      0 |    21 |    +5.1% |   -1.489 |      -67.5 |     67 | dpath.a_reg.out\[15\]$_DFFE_PP_/D
     120* |       1 |      20 |       23 |      0 |    21 |    +5.5% |   -1.489 |      -67.2 |     67 | dpath.a_reg.out\[15\]$_DFFE_PP_/D
     120* |       1 |      20 |       22 |      0 |    21 |    +5.1% |   -1.489 |      -67.5 |     67 | dpath.a_reg.out\[15\]$_DFFE_PP_/D
     128* |       1 |      20 |       22 |      0 |    21 |    +5.1% |   -1.489 |      -67.5 |     67 | dpath.a_reg.out\[15\]$_DFFE_PP_/D
     130* |       1 |      20 |       23 |      0 |    21 |    +5.5% |   -1.489 |      -67.2 |     67 | dpath.a_reg.out\[15\]$_DFFE_PP_/D
     130* |       1 |      20 |       22 |      0 |    21 |    +5.1% |   -1.489 |      -67.5 |     67 | dpath.a_reg.out\[15\]$_DFFE_PP_/D
     132* |       1 |      20 |       22 |      0 |    21 |    +5.1% |   -1.489 |      -67.5 |     67 | dpath.a_reg.out\[15\]$_DFFE_PP_/D
     136* |       1 |      20 |       22 |      0 |    21 |    +5.1% |   -1.489 |      -67.5 |     67 | dpath.a_reg.out\[15\]$_DFFE_PP_/D
     140* |       2 |      21 |       22 |      0 |    22 |    +4.6% |   -1.489 |      -67.4 |     67 | dpath.a_reg.out\[15\]$_DFFE_PP_/D
     146* |       3 |      22 |       23 |      0 |    22 |    +4.6% |   -1.489 |      -67.3 |     67 | dpath.a_reg.out\[15\]$_DFFE_PP_/D
     150* |       3 |      23 |       24 |      0 |    23 |    +4.8% |   -1.489 |      -67.4 |     67 | dpath.a_reg.out\[15\]$_DFFE_PP_/D
     151* |       3 |      24 |       24 |      0 |    23 |    +4.9% |   -1.489 |      -67.4 |     67 | dpath.a_reg.out\[15\]$_DFFE_PP_/D
     153* |       3 |      24 |       25 |      0 |    23 |    +5.3% |   -1.489 |      -67.2 |     67 | dpath.a_reg.out\[15\]$_DFFE_PP_/D
     154* |       3 |      24 |       25 |      0 |    23 |    +5.3% |   -1.489 |      -67.2 |     67 | dpath.a_reg.out\[15\]$_DFFE_PP_/D
     155* |       3 |      24 |       25 |      0 |    23 |    +5.3% |   -1.489 |      -67.2 |     67 | dpath.a_reg.out\[15\]$_DFFE_PP_/D
     156* |       3 |      24 |       25 |      0 |    23 |    +5.3% |   -1.489 |      -67.2 |     67 | dpath.a_reg.out\[15\]$_DFFE_PP_/D
     157* |       3 |      24 |       25 |      0 |    23 |    +5.3% |   -1.489 |      -67.2 |     67 | dpath.a_reg.out\[15\]$_DFFE_PP_/D
     158* |       3 |      24 |       25 |      0 |    23 |    +5.3% |   -1.489 |      -67.2 |     67 | dpath.a_reg.out\[15\]$_DFFE_PP_/D
     159* |       3 |      24 |       25 |      0 |    23 |    +5.3% |   -1.489 |      -67.2 |     67 | dpath.a_reg.out\[15\]$_DFFE_PP_/D
     160* |       3 |      24 |       25 |      0 |    23 |    +5.3% |   -1.489 |      -67.2 |     67 | dpath.a_reg.out\[15\]$_DFFE_PP_/D
     160* |       3 |      24 |       25 |      0 |    23 |    +5.3% |   -1.489 |      -67.2 |     67 | dpath.a_reg.out\[15\]$_DFFE_PP_/D
     161* |       3 |      24 |       25 |      0 |    23 |    +5.3% |   -1.489 |      -67.2 |     67 | dpath.a_reg.out\[15\]$_DFFE_PP_/D
     163* |       3 |      24 |       25 |      0 |    24 |    +5.3% |   -1.489 |      -67.2 |     67 | dpath.a_reg.out\[15\]$_DFFE_PP_/D
     164* |       3 |      24 |       25 |      0 |    24 |    +5.3% |   -1.489 |      -67.2 |     67 | dpath.a_reg.out\[15\]$_DFFE_PP_/D
     165* |       3 |      24 |       25 |      0 |    24 |    +5.3% |   -1.489 |      -67.2 |     67 | dpath.a_reg.out\[15\]$_DFFE_PP_/D
     168* |       3 |      24 |       25 |      0 |    26 |    +5.3% |   -1.489 |      -67.2 |     67 | dpath.a_reg.out\[15\]$_DFFE_PP_/D
     170* |       3 |      24 |       25 |      0 |    27 |    +5.3% |   -1.471 |      -67.1 |     67 | dpath.a_reg.out\[15\]$_DFFE_PP_/D
     175* |       4 |      26 |       25 |      0 |    29 |    +5.3% |   -1.471 |      -67.1 |     67 | dpath.a_reg.out\[15\]$_DFFE_PP_/D
     177* |       4 |      26 |       25 |      0 |    29 |    +5.3% |   -1.471 |      -67.1 |     67 | dpath.a_reg.out\[15\]$_DFFE_PP_/D
     180* |       4 |      27 |       25 |      0 |    30 |    +5.4% |   -1.471 |      -67.1 |     67 | dpath.a_reg.out\[15\]$_DFFE_PP_/D
     181* |       5 |      27 |       25 |      0 |    30 |    +5.2% |   -1.471 |      -67.0 |     67 | dpath.a_reg.out\[15\]$_DFFE_PP_/D
     187* |       7 |      28 |       25 |      0 |    32 |    +4.9% |   -1.471 |      -67.1 |     67 | dpath.a_reg.out\[15\]$_DFFE_PP_/D
     189* |       7 |      28 |       25 |      0 |    32 |    +4.9% |   -1.471 |      -67.1 |     67 | dpath.a_reg.out\[15\]$_DFFE_PP_/D
     190* |       7 |      28 |       25 |      0 |    32 |    +4.9% |   -1.471 |      -67.1 |     67 | dpath.a_reg.out\[15\]$_DFFE_PP_/D
     193* |       8 |      29 |       26 |      0 |    32 |    +5.0% |   -1.471 |      -67.0 |     67 | dpath.a_reg.out\[15\]$_DFFE_PP_/D
     196* |       8 |      29 |       26 |      0 |    32 |    +5.0% |   -1.471 |      -67.0 |     67 | dpath.a_reg.out\[15\]$_DFFE_PP_/D
     197* |       8 |      29 |       26 |      0 |    32 |    +5.0% |   -1.471 |      -67.0 |     67 | dpath.a_reg.out\[15\]$_DFFE_PP_/D
     200* |       8 |      30 |       27 |      0 |    32 |    +5.2% |   -1.471 |      -67.1 |     67 | dpath.a_reg.out\[15\]$_DFFE_PP_/D
     200* |       8 |      29 |       26 |      0 |    32 |    +5.0% |   -1.471 |      -67.0 |     67 | dpath.a_reg.out\[15\]$_DFFE_PP_/D
     207* |       8 |      29 |       26 |      0 |    32 |    +5.0% |   -1.471 |      -67.0 |     67 | dpath.a_reg.out\[15\]$_DFFE_PP_/D
     210* |       8 |      30 |       27 |      0 |    32 |    +5.2% |   -1.486 |      -67.4 |     67 | dpath.a_reg.out\[15\]$_DFFE_PP_/D
     211* |       8 |      29 |       26 |      0 |    32 |    +5.0% |   -1.471 |      -67.0 |     67 | dpath.a_reg.out\[15\]$_DFFE_PP_/D
     217* |       8 |      32 |       26 |      0 |    33 |    +5.4% |   -1.471 |      -66.9 |     67 | dpath.a_reg.out\[15\]$_DFFE_PP_/D
     220* |       8 |      34 |       26 |      0 |    33 |    +5.6% |   -1.471 |      -67.0 |     67 | dpath.a_reg.out\[15\]$_DFFE_PP_/D
     223* |       8 |      34 |       26 |      0 |    34 |    +5.6% |   -1.471 |      -66.9 |     67 | dpath.a_reg.out\[15\]$_DFFE_PP_/D
     230* |       8 |      38 |       27 |      0 |    35 |    +5.9% |   -1.471 |      -66.9 |     67 | dpath.a_reg.out\[15\]$_DFFE_PP_/D
     232* |       8 |      37 |       26 |      0 |    35 |    +5.6% |   -1.471 |      -66.8 |     67 | dpath.a_reg.out\[15\]$_DFFE_PP_/D
     239* |       8 |      38 |       26 |      0 |    35 |    +5.7% |   -1.471 |      -66.8 |     67 | dpath.a_reg.out\[15\]$_DFFE_PP_/D
     240* |       8 |      38 |       26 |      0 |    35 |    +5.7% |   -1.471 |      -66.8 |     67 | dpath.a_reg.out\[15\]$_DFFE_PP_/D
     246* |       8 |      38 |       26 |      0 |    35 |    +5.7% |   -1.471 |      -66.8 |     67 | dpath.a_reg.out\[15\]$_DFFE_PP_/D
     250* |       8 |      40 |       26 |      0 |    36 |    +6.1% |   -1.471 |      -66.8 |     67 | dpath.a_reg.out\[15\]$_DFFE_PP_/D
     255* |       8 |      42 |       27 |      0 |    38 |    +6.4% |   -1.471 |      -66.8 |     67 | dpath.a_reg.out\[15\]$_DFFE_PP_/D
     258* |       8 |      44 |       27 |      0 |    38 |    +6.6% |   -1.471 |      -66.8 |     67 | dpath.a_reg.out\[15\]$_DFFE_PP_/D
     260* |       8 |      45 |       27 |      0 |    38 |    +6.8% |   -1.471 |      -66.8 |     67 | dpath.a_reg.out\[15\]$_DFFE_PP_/D
     264* |       9 |      46 |       27 |      0 |    38 |    +6.7% |   -1.471 |      -67.0 |     67 | dpath.a_reg.out\[15\]$_DFFE_PP_/D
     267* |       9 |      47 |       27 |      0 |    38 |    +6.9% |   -1.471 |      -67.0 |     67 | dpath.a_reg.out\[15\]$_DFFE_PP_/D
     270* |      10 |      48 |       27 |      0 |    38 |    +6.9% |   -1.471 |      -66.9 |     67 | dpath.a_reg.out\[15\]$_DFFE_PP_/D
     272* |      10 |      49 |       27 |      0 |    38 |    +7.0% |   -1.471 |      -67.0 |     67 | dpath.a_reg.out\[15\]$_DFFE_PP_/D
     280* |      10 |      52 |       30 |      0 |    39 |    +7.7% |   -1.471 |      -67.2 |     67 | dpath.a_reg.out\[15\]$_DFFE_PP_/D
     290* |      12 |      56 |       34 |      0 |    39 |    +8.1% |   -1.471 |      -67.4 |     67 | dpath.a_reg.out\[15\]$_DFFE_PP_/D
     291* |      10 |      50 |       27 |      0 |    39 |    +7.1% |   -1.471 |      -67.1 |     67 | dpath.a_reg.out\[15\]$_DFFE_PP_/D
     298* |      11 |      52 |       28 |      0 |    41 |    +7.4% |   -1.471 |      -66.9 |     67 | dpath.a_reg.out\[15\]$_DFFE_PP_/D
     300* |      12 |      52 |       28 |      0 |    41 |    +7.3% |   -1.471 |      -66.9 |     67 | dpath.a_reg.out\[15\]$_DFFE_PP_/D
     301* |      12 |      52 |       28 |      0 |    41 |    +7.3% |   -1.471 |      -66.9 |     67 | dpath.a_reg.out\[15\]$_DFFE_PP_/D
     305* |      13 |      53 |       28 |      0 |    42 |    +6.8% |   -1.471 |      -66.6 |     67 | dpath.a_reg.out\[15\]$_DFFE_PP_/D
     307* |      13 |      53 |       28 |      0 |    42 |    +6.8% |   -1.471 |      -66.6 |     67 | dpath.a_reg.out\[15\]$_DFFE_PP_/D
     309* |      13 |      53 |       28 |      0 |    42 |    +6.8% |   -1.471 |      -66.6 |     67 | dpath.a_reg.out\[15\]$_DFFE_PP_/D
     310* |      13 |      53 |       28 |      0 |    42 |    +6.8% |   -1.471 |      -66.6 |     67 | dpath.a_reg.out\[15\]$_DFFE_PP_/D
     311* |      13 |      53 |       28 |      0 |    42 |    +6.8% |   -1.471 |      -66.6 |     67 | dpath.a_reg.out\[15\]$_DFFE_PP_/D
     315* |      13 |      54 |       29 |      0 |    42 |    +7.0% |   -1.471 |      -66.6 |     67 | dpath.a_reg.out\[15\]$_DFFE_PP_/D
     317* |      13 |      54 |       29 |      0 |    42 |    +7.0% |   -1.471 |      -66.6 |     67 | dpath.a_reg.out\[15\]$_DFFE_PP_/D
     319* |      13 |      54 |       29 |      0 |    42 |    +7.0% |   -1.471 |      -66.6 |     67 | dpath.a_reg.out\[15\]$_DFFE_PP_/D
     320* |      13 |      54 |       29 |      0 |    42 |    +7.0% |   -1.471 |      -66.6 |     67 | dpath.a_reg.out\[15\]$_DFFE_PP_/D
     321* |      13 |      55 |       29 |      0 |    42 |    +7.1% |   -1.471 |      -66.6 |     67 | dpath.a_reg.out\[15\]$_DFFE_PP_/D
     322* |      13 |      55 |       29 |      0 |    42 |    +7.1% |   -1.471 |      -66.6 |     67 | dpath.a_reg.out\[15\]$_DFFE_PP_/D
     330* |      13 |      58 |       33 |      0 |    42 |    +7.9% |   -1.471 |      -67.0 |     67 | dpath.a_reg.out\[15\]$_DFFE_PP_/D
     340* |      13 |      63 |       38 |      0 |    42 |    +9.0% |   -1.471 |      -67.6 |     67 | dpath.a_reg.out\[15\]$_DFFE_PP_/D
     343* |      13 |      56 |       29 |      0 |    42 |    +7.2% |   -1.471 |      -66.6 |     67 | dpath.a_reg.out\[15\]$_DFFE_PP_/D
     345* |      13 |      56 |       29 |      0 |    42 |    +7.2% |   -1.471 |      -66.6 |     67 | dpath.a_reg.out\[15\]$_DFFE_PP_/D
     346* |      13 |      56 |       29 |      0 |    42 |    +7.2% |   -1.471 |      -66.6 |     67 | dpath.a_reg.out\[15\]$_DFFE_PP_/D
     348* |      13 |      56 |       29 |      0 |    42 |    +7.2% |   -1.471 |      -66.6 |     67 | dpath.a_reg.out\[15\]$_DFFE_PP_/D
     350* |      13 |      56 |       31 |      0 |    42 |    +8.0% |   -1.471 |      -67.7 |     67 | dpath.a_reg.out\[15\]$_DFFE_PP_/D
     350* |      13 |      56 |       29 |      0 |    42 |    +7.2% |   -1.471 |      -66.6 |     67 | dpath.a_reg.out\[15\]$_DFFE_PP_/D
     352* |      13 |      56 |       29 |      0 |    42 |    +7.2% |   -1.471 |      -66.6 |     67 | dpath.a_reg.out\[15\]$_DFFE_PP_/D
     354* |      13 |      56 |       29 |      0 |    42 |    +7.2% |   -1.471 |      -66.6 |     67 | dpath.a_reg.out\[15\]$_DFFE_PP_/D
     354* |      13 |      56 |       29 |      0 |    42 |    +7.2% |   -1.471 |      -66.6 |     67 | dpath.a_reg.out\[15\]$_DFFE_PP_/D
     356+ |      13 |      56 |       29 |      0 |    43 |    +7.2% |   -1.468 |      -66.6 |     64 | dpath.a_reg.out\[11\]$_DFFE_PP_/D
     357+ |      13 |      56 |       29 |      0 |    43 |    +7.2% |   -1.468 |      -66.6 |     64 | dpath.a_reg.out\[11\]$_DFFE_PP_/D
     358+ |      13 |      56 |       29 |      0 |    43 |    +7.2% |   -1.468 |      -66.6 |     64 | dpath.a_reg.out\[11\]$_DFFE_PP_/D
     359+ |      13 |      56 |       29 |      0 |    43 |    +7.2% |   -1.468 |      -66.6 |     64 | dpath.a_reg.out\[11\]$_DFFE_PP_/D
     360+ |      13 |      56 |       29 |      0 |    43 |    +7.2% |   -1.468 |      -66.6 |     64 | dpath.a_reg.out\[11\]$_DFFE_PP_/D
     360+ |      13 |      56 |       29 |      0 |    43 |    +7.2% |   -1.468 |      -66.6 |     64 | dpath.a_reg.out\[11\]$_DFFE_PP_/D
     361+ |      13 |      56 |       29 |      0 |    43 |    +7.2% |   -1.468 |      -66.6 |     64 | dpath.a_reg.out\[11\]$_DFFE_PP_/D
     362+ |      13 |      56 |       29 |      0 |    43 |    +7.2% |   -1.468 |      -66.6 |     64 | dpath.a_reg.out\[11\]$_DFFE_PP_/D
     363+ |      13 |      56 |       29 |      0 |    43 |    +7.2% |   -1.468 |      -66.6 |     64 | dpath.a_reg.out\[11\]$_DFFE_PP_/D
     364+ |      13 |      56 |       29 |      0 |    43 |    +7.2% |   -1.468 |      -66.6 |     64 | dpath.a_reg.out\[11\]$_DFFE_PP_/D
     365+ |      13 |      56 |       29 |      0 |    43 |    +7.2% |   -1.468 |      -66.6 |     64 | dpath.a_reg.out\[11\]$_DFFE_PP_/D
     366+ |      13 |      56 |       29 |      0 |    43 |    +7.2% |   -1.468 |      -66.6 |     64 | dpath.a_reg.out\[11\]$_DFFE_PP_/D
     367+ |      13 |      56 |       29 |      0 |    43 |    +7.2% |   -1.468 |      -66.6 |     64 | dpath.a_reg.out\[11\]$_DFFE_PP_/D
     368+ |      13 |      56 |       29 |      0 |    43 |    +7.2% |   -1.468 |      -66.6 |     64 | dpath.a_reg.out\[11\]$_DFFE_PP_/D
     369+ |      13 |      56 |       29 |      0 |    43 |    +7.2% |   -1.468 |      -66.6 |     64 | dpath.a_reg.out\[11\]$_DFFE_PP_/D
     370+ |      13 |      56 |       29 |      0 |    43 |    +7.2% |   -1.468 |      -66.6 |     64 | dpath.a_reg.out\[11\]$_DFFE_PP_/D
     370+ |      13 |      56 |       29 |      0 |    43 |    +7.2% |   -1.468 |      -66.6 |     64 | dpath.a_reg.out\[11\]$_DFFE_PP_/D
     371+ |      13 |      56 |       29 |      0 |    43 |    +7.2% |   -1.468 |      -66.6 |     64 | dpath.a_reg.out\[11\]$_DFFE_PP_/D
     372+ |      13 |      56 |       29 |      0 |    43 |    +7.2% |   -1.468 |      -66.6 |     64 | dpath.a_reg.out\[11\]$_DFFE_PP_/D
     373+ |      13 |      56 |       29 |      0 |    43 |    +7.2% |   -1.468 |      -66.6 |     64 | dpath.a_reg.out\[11\]$_DFFE_PP_/D
     374+ |      13 |      56 |       29 |      0 |    43 |    +7.2% |   -1.468 |      -66.6 |     64 | dpath.a_reg.out\[11\]$_DFFE_PP_/D
     375+ |      13 |      56 |       29 |      0 |    43 |    +7.2% |   -1.468 |      -66.6 |     64 | dpath.a_reg.out\[11\]$_DFFE_PP_/D
     376+ |      13 |      56 |       29 |      0 |    43 |    +7.2% |   -1.468 |      -66.6 |     64 | dpath.a_reg.out\[11\]$_DFFE_PP_/D
     377+ |      13 |      56 |       29 |      0 |    43 |    +7.2% |   -1.468 |      -66.6 |     64 | dpath.a_reg.out\[11\]$_DFFE_PP_/D
     378+ |      13 |      56 |       29 |      0 |    43 |    +7.2% |   -1.468 |      -66.6 |     64 | dpath.a_reg.out\[11\]$_DFFE_PP_/D
     379+ |      13 |      56 |       29 |      0 |    43 |    +7.2% |   -1.468 |      -66.6 |     64 | dpath.a_reg.out\[11\]$_DFFE_PP_/D
     380+ |      13 |      56 |       29 |      0 |    43 |    +7.2% |   -1.468 |      -66.6 |     64 | dpath.a_reg.out\[11\]$_DFFE_PP_/D
     380+ |      13 |      56 |       29 |      0 |    43 |    +7.2% |   -1.468 |      -66.6 |     64 | dpath.a_reg.out\[11\]$_DFFE_PP_/D
     381+ |      13 |      56 |       29 |      0 |    43 |    +7.2% |   -1.468 |      -66.6 |     64 | dpath.a_reg.out\[11\]$_DFFE_PP_/D
     382+ |      13 |      56 |       29 |      0 |    43 |    +7.2% |   -1.468 |      -66.6 |     64 | dpath.a_reg.out\[11\]$_DFFE_PP_/D
     383+ |      13 |      56 |       29 |      0 |    43 |    +7.2% |   -1.468 |      -66.6 |     64 | dpath.a_reg.out\[11\]$_DFFE_PP_/D
     384+ |      13 |      56 |       29 |      0 |    43 |    +7.2% |   -1.468 |      -66.6 |     64 | dpath.a_reg.out\[11\]$_DFFE_PP_/D
     385+ |      13 |      56 |       29 |      0 |    43 |    +7.2% |   -1.468 |      -66.6 |     64 | dpath.a_reg.out\[11\]$_DFFE_PP_/D
     386+ |      13 |      56 |       29 |      0 |    43 |    +7.2% |   -1.468 |      -66.6 |     64 | dpath.a_reg.out\[11\]$_DFFE_PP_/D
     387+ |      13 |      56 |       29 |      0 |    43 |    +7.2% |   -1.468 |      -66.6 |     64 | dpath.a_reg.out\[11\]$_DFFE_PP_/D
     388+ |      13 |      56 |       29 |      0 |    43 |    +7.2% |   -1.468 |      -66.6 |     64 | dpath.a_reg.out\[11\]$_DFFE_PP_/D
     389+ |      13 |      56 |       29 |      0 |    43 |    +7.2% |   -1.468 |      -66.6 |     64 | dpath.a_reg.out\[11\]$_DFFE_PP_/D
     390+ |      13 |      56 |       29 |      0 |    43 |    +7.2% |   -1.468 |      -66.6 |     64 | dpath.a_reg.out\[11\]$_DFFE_PP_/D
     392+ |      13 |      58 |       29 |      0 |    43 |    +7.3% |   -1.468 |      -66.6 |     64 | dpath.a_reg.out\[11\]$_DFFE_PP_/D
     393+ |      13 |      58 |       29 |      0 |    43 |    +7.3% |   -1.468 |      -66.6 |     64 | dpath.a_reg.out\[11\]$_DFFE_PP_/D
     394+ |      13 |      58 |       29 |      0 |    43 |    +7.3% |   -1.468 |      -66.6 |     64 | dpath.a_reg.out\[11\]$_DFFE_PP_/D
     395+ |      13 |      58 |       29 |      0 |    43 |    +7.3% |   -1.468 |      -66.6 |     64 | dpath.a_reg.out\[11\]$_DFFE_PP_/D
     396+ |      13 |      58 |       29 |      0 |    43 |    +7.3% |   -1.468 |      -66.6 |     64 | dpath.a_reg.out\[11\]$_DFFE_PP_/D
     397+ |      13 |      58 |       29 |      0 |    43 |    +7.3% |   -1.468 |      -66.6 |     64 | dpath.a_reg.out\[11\]$_DFFE_PP_/D
     398+ |      13 |      58 |       29 |      0 |    43 |    +7.3% |   -1.468 |      -66.6 |     64 | dpath.a_reg.out\[11\]$_DFFE_PP_/D
     399+ |      13 |      58 |       29 |      0 |    43 |    +7.3% |   -1.468 |      -66.6 |     64 | dpath.a_reg.out\[11\]$_DFFE_PP_/D
     400+ |      13 |      58 |       29 |      0 |    43 |    +7.3% |   -1.468 |      -66.6 |     64 | dpath.a_reg.out\[11\]$_DFFE_PP_/D
     400+ |      13 |      58 |       29 |      0 |    43 |    +7.3% |   -1.468 |      -66.6 |     64 | dpath.a_reg.out\[11\]$_DFFE_PP_/D
     401+ |      13 |      58 |       29 |      0 |    43 |    +7.3% |   -1.468 |      -66.6 |     64 | dpath.a_reg.out\[11\]$_DFFE_PP_/D
     402+ |      13 |      58 |       29 |      0 |    43 |    +7.3% |   -1.468 |      -66.6 |     64 | dpath.a_reg.out\[11\]$_DFFE_PP_/D
     404+ |      13 |      59 |       29 |      0 |    43 |    +7.4% |   -1.468 |      -66.6 |     64 | dpath.a_reg.out\[11\]$_DFFE_PP_/D
     405+ |      13 |      59 |       29 |      0 |    43 |    +7.4% |   -1.468 |      -66.6 |     64 | dpath.a_reg.out\[11\]$_DFFE_PP_/D
     406+ |      13 |      59 |       29 |      0 |    43 |    +7.4% |   -1.468 |      -66.6 |     64 | dpath.a_reg.out\[11\]$_DFFE_PP_/D
     407+ |      13 |      59 |       29 |      0 |    43 |    +7.4% |   -1.468 |      -66.6 |     64 | dpath.a_reg.out\[11\]$_DFFE_PP_/D
     408+ |      13 |      59 |       29 |      0 |    43 |    +7.4% |   -1.468 |      -66.6 |     64 | dpath.a_reg.out\[11\]$_DFFE_PP_/D
     409+ |      13 |      59 |       29 |      0 |    43 |    +7.4% |   -1.468 |      -66.6 |     64 | dpath.a_reg.out\[11\]$_DFFE_PP_/D
     410+ |      13 |      59 |       29 |      0 |    43 |    +7.4% |   -1.468 |      -66.6 |     64 | dpath.a_reg.out\[11\]$_DFFE_PP_/D
     410+ |      13 |      59 |       29 |      0 |    43 |    +7.4% |   -1.468 |      -66.6 |     64 | dpath.a_reg.out\[11\]$_DFFE_PP_/D
     411+ |      13 |      59 |       29 |      0 |    43 |    +7.4% |   -1.468 |      -66.6 |     64 | dpath.a_reg.out\[11\]$_DFFE_PP_/D
     412+ |      13 |      59 |       29 |      0 |    43 |    +7.4% |   -1.468 |      -66.6 |     64 | dpath.a_reg.out\[11\]$_DFFE_PP_/D
     413+ |      13 |      59 |       29 |      0 |    43 |    +7.4% |   -1.468 |      -66.6 |     64 | dpath.a_reg.out\[11\]$_DFFE_PP_/D
     414+ |      13 |      59 |       29 |      0 |    43 |    +7.4% |   -1.468 |      -66.6 |     64 | dpath.a_reg.out\[11\]$_DFFE_PP_/D
     415+ |      13 |      59 |       29 |      0 |    43 |    +7.4% |   -1.468 |      -66.6 |     64 | dpath.a_reg.out\[11\]$_DFFE_PP_/D
     416+ |      13 |      59 |       29 |      0 |    43 |    +7.4% |   -1.468 |      -66.6 |     64 | dpath.a_reg.out\[11\]$_DFFE_PP_/D
     417+ |      13 |      59 |       29 |      0 |    43 |    +7.4% |   -1.468 |      -66.6 |     64 | dpath.a_reg.out\[11\]$_DFFE_PP_/D
     418+ |      13 |      59 |       29 |      0 |    43 |    +7.4% |   -1.468 |      -66.6 |     64 | dpath.a_reg.out\[11\]$_DFFE_PP_/D
     419+ |      13 |      59 |       29 |      0 |    43 |    +7.4% |   -1.468 |      -66.6 |     64 | dpath.a_reg.out\[11\]$_DFFE_PP_/D
     420+ |      13 |      59 |       29 |      0 |    43 |    +7.4% |   -1.468 |      -66.6 |     64 | dpath.a_reg.out\[11\]$_DFFE_PP_/D
     420+ |      13 |      59 |       29 |      0 |    43 |    +7.4% |   -1.468 |      -66.6 |     64 | dpath.a_reg.out\[11\]$_DFFE_PP_/D
     421+ |      13 |      59 |       29 |      0 |    43 |    +7.4% |   -1.468 |      -66.6 |     64 | dpath.a_reg.out\[11\]$_DFFE_PP_/D
     422+ |      13 |      59 |       29 |      0 |    43 |    +7.4% |   -1.468 |      -66.6 |     64 | dpath.a_reg.out\[11\]$_DFFE_PP_/D
    final |      13 |      59 |       29 |      0 |    43 |    +7.4% |   -1.468 |      -66.6 |     64 | dpath.a_reg.out\[11\]$_DFFE_PP_/D
------------------------------------------------------------------------------------------------------------------------------
[INFO RSZ-0059] Removed 13 buffers.
[INFO RSZ-0040] Inserted 29 buffers.
[INFO RSZ-0051] Resized 59 instances: 59 up, 0 up match, 0 down, 0 VT
[INFO RSZ-0043] Swapped pins on 43 instances.
[WARNING RSZ-0062] Unable to repair all setup violations.
[INFO RSZ-0505] Runtime: 12.82s
[INFO RSZ-0033] No hold violations found.
[INFO RSZ-0506] Runtime: 0.00s
Took 13 seconds: repair_timing -setup_margin 0 -hold_margin 0 -repair_tns 100 -verbose
global_route -start_incremental
detailed_placement
[INFO DPL-0006] Core area: 5885.64 um^2
[INFO DPL-0007] Movable instances area: 5318.85 um^2
[INFO DPL-0008] Fixed instances area within core: 93.84 um^2
[INFO DPL-0009] Utilization: 92.0%
[INFO DPL-0005] Diamond search max displacement: +/- 500 sites horizontally, +/- 100 rows vertically.
[INFO DPL-1102] Legalizing using negotiation legalizer.
[INFO DPL-1103] Negotiation base search window: +/-20 sites horizontally, +/-5 rows vertically 
	Automatic search window extension enabled.
	Search window extendable up to the max displacement cap of +/-500 sites, +/-100 rows near walls.
[INFO DPL-1104] NegotiationLegalizer DRC penalty: 5.
[INFO DPL-0392] Negotiation cell height distribution (1 unique row-count(s)):
[INFO DPL-0393]   height 1 row(s): 548 cells
          |      Total |  Illegal |  Illegal
Iteration | Violations |    Cells |    Sites
---------------------------------------------
        0 |        679 |       111 |       559
        1 |        576 |        88 |       488
        2 |        582 |        82 |       500
        3 |        472 |        58 |       393
        4 |        405 |        51 |       327
        5 |        338 |        42 |       281
        6 |        356 |        40 |       301
        7 |        270 |        25 |       245
        8 |        282 |        26 |       253
        9 |        238 |        18 |       216
       10 |        221 |        23 |       198
       20 |        132 |        12 |       108
       30 |         20 |         2 |        18
       40 |         58 |         6 |        52
       50 |         90 |        14 |        76
       60 |         51 |         7 |        44
       64 |          0 |         0 |         0
Negotiation phase 1 converged at iteration 64.
[INFO DPL-0500] Runtime: 0.20s
Detailed Placement Analysis
---------------------------------
legalizer            negotiation
total moves                1810
total displacement       2324.8 u
average displacement        4.2 u
max displacement           30.0 u
original HPWL            8027.2 u
legalized HPWL          10354.7 u
delta HPWL                   29 %

check_placement -verbose
global_route -end_incremental -congestion_report_file ./reports/sky130hd/gcd/base/congestion_post_repair_timing.rpt
Took 11 seconds: global_route -end_incremental -congestion_report_file ./reports/sky130hd/gcd/base/congestion_post_repair_timing.rpt
estimate_parasitics -global_routing
global_route -start_incremental
global_route -end_incremental -congestion_report_file ./reports/sky130hd/gcd/base/congestion_post_recover_power.rpt
Repair antennas...
[INFO GRT-0012] Found 0 antenna violations.
[INFO ANT-0002] Found 0 net violations.
[INFO ANT-0001] Found 0 pin violations.
Estimate parasitics...
estimate_parasitics -global_routing
Report metrics stage 5, global route...

==========================================================================
global route report_design_area
--------------------------------------------------------------------------
Design area 5413 um^2 92% utilization.
[INFO FLW-0007] clock core_clock period 1.100000
[WARNING FLW-0010] more than one clock found. Skipping sdc update.
[INFO FLW-0011] Path endpoint path count 88
write_db ./results/sky130hd/gcd/base/5_1_grt.odb
write_sdc -no_timestamp ./results/sky130hd/gcd/base/5_1_grt.sdc
Elapsed time: 0:50.94[h:]min:sec. CPU time: user 79.74 sys 0.68 (157%). Peak memory: 258688KB.
Log                    Ext     Elapsed      CPU     CPU/ Peak Mem sha1sum
                                     s        s  Elapsed       MB [0:10)
5_1_grt                .odb         50       80     1.58      252 bbecad0f06
5_1_grt                .sdc                                       a71291c5b4
