OpenROAD unknown 
Features included (+) or not (-): -GPU +GUI -Python
This program is licensed under the BSD-3 license. See the LICENSE file for details.
Components of this program may be licensed under more restrictive licenses which must be honored.
[INFO ORD-0030] Using 2 thread(s).
read_liberty /OpenROAD-flow-scripts/flow/platforms/sky130hd/lib/sky130_fd_sc_hd__tt_025C_1v80.lib
read_db -hier ./results/sky130hd/gcd/base/5_1_grt.odb
[WARNING ORD-0012] Hierarchical flow (-hier) is currently in development and may cause multiple issues. Do not use in production environments.
read_sdc ./results/sky130hd/gcd/base/5_1_grt.sdc
source /OpenROAD-flow-scripts/flow/platforms/sky130hd/setRC.tcl
[WARNING STA-0450] virtual clock vclk_core_clock can not be propagated.
detailed_route -output_drc ./reports/sky130hd/gcd/base/5_route_drc.rpt -output_maze ./results/sky130hd/gcd/base/maze.log -droute_end_iter 64 -verbose 1 -drc_report_iter_step 5
[INFO DRT-0149] Reading tech and libs.
[WARNING DRT-0349] LEF58_ENCLOSURE with no CUTCLASS is not supported. Skipping for layer mcon
[WARNING DRT-0349] LEF58_ENCLOSURE with no CUTCLASS is not supported. Skipping for layer mcon
[WARNING DRT-0349] LEF58_ENCLOSURE with no CUTCLASS is not supported. Skipping for layer via
[WARNING DRT-0349] LEF58_ENCLOSURE with no CUTCLASS is not supported. Skipping for layer via
[WARNING DRT-0349] LEF58_ENCLOSURE with no CUTCLASS is not supported. Skipping for layer via2
[WARNING DRT-0349] LEF58_ENCLOSURE with no CUTCLASS is not supported. Skipping for layer via2
[WARNING DRT-0349] LEF58_ENCLOSURE with no CUTCLASS is not supported. Skipping for layer via3
[WARNING DRT-0349] LEF58_ENCLOSURE with no CUTCLASS is not supported. Skipping for layer via3
[WARNING DRT-0349] LEF58_ENCLOSURE with no CUTCLASS is not supported. Skipping for layer via4
[WARNING DRT-0349] LEF58_ENCLOSURE with no CUTCLASS is not supported. Skipping for layer via4

Units:                1000
Number of layers:     13
Number of macros:     441
Number of vias:       29
Number of viarulegen: 25

[INFO DRT-0150] Reading design.

Design:                   gcd
Die area:                 ( 0 0 ) ( 80025 80025 )
Number of track patterns: 12
Number of DEF vias:       0
Number of components:     548
Number of terminals:      56
Number of snets:          2
Number of nets:           506

[INFO DRT-0167] List of default vias:
  Layer via
    default via: M1M2_PR
  Layer via2
    default via: M2M3_PR
  Layer via3
    default via: M3M4_PR
  Layer via4
    default via: M4M5_PR
[INFO DRT-0162] Library cell analysis.
[INFO DRT-0163] Instance analysis.
[INFO DRT-0164] Number of unique instances = 101.
[INFO DRT-0168] Init region query.
[INFO DRT-0024]   Complete FR_MASTERSLICE.
[INFO DRT-0024]   Complete Fr_VIA.
[INFO DRT-0024]   Complete li1.
[INFO DRT-0024]   Complete mcon.
[INFO DRT-0024]   Complete met1.
[INFO DRT-0024]   Complete via.
[INFO DRT-0024]   Complete met2.
[INFO DRT-0024]   Complete via2.
[INFO DRT-0024]   Complete met3.
[INFO DRT-0024]   Complete via3.
[INFO DRT-0024]   Complete met4.
[INFO DRT-0024]   Complete via4.
[INFO DRT-0024]   Complete met5.
[INFO DRT-0033] FR_MASTERSLICE shape region query size = 0.
[INFO DRT-0033] FR_VIA shape region query size = 0.
[INFO DRT-0033] li1 shape region query size = 14433.
[INFO DRT-0033] mcon shape region query size = 9114.
[INFO DRT-0033] met1 shape region query size = 1917.
[INFO DRT-0033] via shape region query size = 365.
[INFO DRT-0033] met2 shape region query size = 245.
[INFO DRT-0033] via2 shape region query size = 292.
[INFO DRT-0033] met3 shape region query size = 247.
[INFO DRT-0033] via3 shape region query size = 292.
[INFO DRT-0033] met4 shape region query size = 91.
[INFO DRT-0033] via4 shape region query size = 13.
[INFO DRT-0033] met5 shape region query size = 23.
[INFO DRT-0165] Start pin access.
[INFO DRT-0078]   Complete 743 pins.
[INFO DRT-0079]   Complete 100 unique inst patterns.
[INFO DRT-0081]   Complete 101 unique inst patterns.
[INFO DRT-0084]   Complete 209 groups.
#scanned instances     = 548
#unique  instances     = 101
#stdCellGenAp          = 2736
#stdCellValidPlanarAp  = 16
#stdCellValidViaAp     = 1983
#stdCellPinNoAp        = 0
#stdCellPinCnt         = 1380
#instTermValidViaApCnt = 0
#macroGenAp            = 0
#macroValidPlanarAp    = 0
#macroValidViaAp       = 0
#macroNoAp             = 0
[INFO DRT-0166] Complete pin access.
[INFO DRT-0267] cpu time = 00:00:46, elapsed time = 00:00:25, memory = 208.99 (MB), peak = 208.75 (MB)

[INFO DRT-0157] Number of guides:     3531

[INFO DRT-0169] Post process guides.
[INFO DRT-0176] GCELLGRID X 0 DO 11 STEP 6900 ;
[INFO DRT-0177] GCELLGRID Y 0 DO 11 STEP 6900 ;
[INFO DRT-0028]   Complete FR_MASTERSLICE.
[INFO DRT-0028]   Complete Fr_VIA.
[INFO DRT-0028]   Complete li1.
[INFO DRT-0028]   Complete mcon.
[INFO DRT-0028]   Complete met1.
[INFO DRT-0028]   Complete via.
[INFO DRT-0028]   Complete met2.
[INFO DRT-0028]   Complete via2.
[INFO DRT-0028]   Complete met3.
[INFO DRT-0028]   Complete via3.
[INFO DRT-0028]   Complete met4.
[INFO DRT-0028]   Complete via4.
[INFO DRT-0028]   Complete met5.
[INFO DRT-0178] Init guide query.
[INFO DRT-0035]   Complete FR_MASTERSLICE (guide).
[INFO DRT-0035]   Complete Fr_VIA (guide).
[INFO DRT-0035]   Complete li1 (guide).
[INFO DRT-0035]   Complete mcon (guide).
[INFO DRT-0035]   Complete met1 (guide).
[INFO DRT-0035]   Complete via (guide).
[INFO DRT-0035]   Complete met2 (guide).
[INFO DRT-0035]   Complete via2 (guide).
[INFO DRT-0035]   Complete met3 (guide).
[INFO DRT-0035]   Complete via3 (guide).
[INFO DRT-0035]   Complete met4 (guide).
[INFO DRT-0035]   Complete via4 (guide).
[INFO DRT-0035]   Complete met5 (guide).
[INFO DRT-0036] FR_MASTERSLICE guide region query size = 0.
[INFO DRT-0036] FR_VIA guide region query size = 0.
[INFO DRT-0036] li1 guide region query size = 1207.
[INFO DRT-0036] mcon guide region query size = 0.
[INFO DRT-0036] met1 guide region query size = 1060.
[INFO DRT-0036] via guide region query size = 0.
[INFO DRT-0036] met2 guide region query size = 541.
[INFO DRT-0036] via2 guide region query size = 0.
[INFO DRT-0036] met3 guide region query size = 63.
[INFO DRT-0036] via3 guide region query size = 0.
[INFO DRT-0036] met4 guide region query size = 19.
[INFO DRT-0036] via4 guide region query size = 0.
[INFO DRT-0036] met5 guide region query size = 0.
[INFO DRT-0179] Init gr pin query.
[INFO DRT-0267] cpu time = 00:00:00, elapsed time = 00:00:00, memory = 209.96 (MB), peak = 209.88 (MB)
[INFO DRT-0245] skipped writing guide updates to database.
[INFO DRT-0181] Start track assignment.
[INFO DRT-0184] Done with 1767 vertical wires in 1 frboxes and 1123 horizontal wires in 1 frboxes.
[INFO DRT-0186] Done with 229 vertical wires in 1 frboxes and 447 horizontal wires in 1 frboxes.
[INFO DRT-0182] Complete track assignment.
[INFO DRT-0267] cpu time = 00:00:00, elapsed time = 00:00:00, memory = 214.89 (MB), peak = 214.75 (MB)
[INFO DRT-0187] Start routing data preparation.
[INFO DRT-0267] cpu time = 00:00:00, elapsed time = 00:00:00, memory = 214.91 (MB), peak = 214.75 (MB)
[INFO DRT-0194] Start detail routing.
[INFO DRT-0195] Start 0th optimization iteration.
    Completing 20% with 0 violations.
    elapsed time = 00:00:03, memory = 252.50 (MB).
    Completing 50% with 86 violations.
    elapsed time = 00:00:05, memory = 254.46 (MB).
    Completing 70% with 144 violations.
    elapsed time = 00:00:09, memory = 256.52 (MB).
    Completing 100% with 270 violations.
    elapsed time = 00:00:11, memory = 253.33 (MB).
[INFO DRT-0199]   Number of violations = 289.
Viol/Layer        met1   met2   met3
Metal Spacing       30     17      1
Recheck             15      4      0
Short              197     25      0
[INFO DRT-0267] cpu time = 00:00:11, elapsed time = 00:00:11, memory = 260.41 (MB), peak = 533.17 (MB)
Total wire length = 11900 um.
Total wire length on LAYER li1 = 0 um.
Total wire length on LAYER met1 = 5715 um.
Total wire length on LAYER met2 = 5296 um.
Total wire length on LAYER met3 = 505 um.
Total wire length on LAYER met4 = 382 um.
Total wire length on LAYER met5 = 0 um.
Total number of vias = 3095.
Up-via summary (total 3095):

-----------------------
 FR_MASTERSLICE       0
            li1    1388
           met1    1565
           met2     110
           met3      32
           met4       0
-----------------------
               3095


[INFO DRT-0195] Start 1st optimization iteration.
    Completing 20% with 289 violations.
    elapsed time = 00:00:01, memory = 263.29 (MB).
    Completing 50% with 298 violations.
    elapsed time = 00:00:03, memory = 263.43 (MB).
    Completing 70% with 284 violations.
    elapsed time = 00:00:05, memory = 263.43 (MB).
    Completing 100% with 166 violations.
    elapsed time = 00:00:12, memory = 268.05 (MB).
[INFO DRT-0199]   Number of violations = 166.
Viol/Layer        met1    via   met2
Metal Spacing       25      0      5
Short              129      1      6
[INFO DRT-0267] cpu time = 00:00:12, elapsed time = 00:00:12, memory = 264.77 (MB), peak = 537.38 (MB)
Total wire length = 11765 um.
Total wire length on LAYER li1 = 0 um.
Total wire length on LAYER met1 = 5639 um.
Total wire length on LAYER met2 = 5259 um.
Total wire length on LAYER met3 = 501 um.
Total wire length on LAYER met4 = 364 um.
Total wire length on LAYER met5 = 0 um.
Total number of vias = 3068.
Up-via summary (total 3068):

-----------------------
 FR_MASTERSLICE       0
            li1    1384
           met1    1546
           met2     105
           met3      33
           met4       0
-----------------------
               3068


[INFO DRT-0195] Start 2nd optimization iteration.
    Completing 10% with 166 violations.
    elapsed time = 00:00:00, memory = 264.77 (MB).
    Completing 20% with 166 violations.
    elapsed time = 00:00:00, memory = 264.92 (MB).
    Completing 30% with 166 violations.
    elapsed time = 00:00:00, memory = 265.11 (MB).
    Completing 40% with 166 violations.
    elapsed time = 00:00:00, memory = 265.11 (MB).
    Completing 50% with 165 violations.
    elapsed time = 00:00:01, memory = 270.19 (MB).
    Completing 60% with 165 violations.
    elapsed time = 00:00:01, memory = 271.06 (MB).
    Completing 70% with 182 violations.
    elapsed time = 00:00:02, memory = 273.03 (MB).
    Completing 80% with 182 violations.
    elapsed time = 00:00:03, memory = 273.03 (MB).
    Completing 100% with 260 violations.
    elapsed time = 00:00:09, memory = 270.42 (MB).
[INFO DRT-0199]   Number of violations = 260.
Viol/Layer        mcon   met1   met2   met3   met4
Cut Spacing          2      0      0      0      0
Metal Spacing        0     37      2      2      1
Short                0    212      4      0      0
[INFO DRT-0267] cpu time = 00:00:11, elapsed time = 00:00:10, memory = 269.45 (MB), peak = 541.18 (MB)
Total wire length = 11709 um.
Total wire length on LAYER li1 = 0 um.
Total wire length on LAYER met1 = 5600 um.
Total wire length on LAYER met2 = 5235 um.
Total wire length on LAYER met3 = 531 um.
Total wire length on LAYER met4 = 341 um.
Total wire length on LAYER met5 = 0 um.
Total number of vias = 3035.
Up-via summary (total 3035):

-----------------------
 FR_MASTERSLICE       0
            li1    1382
           met1    1502
           met2     120
           met3      31
           met4       0
-----------------------
               3035


[INFO DRT-0195] Start 3rd optimization iteration.
    Completing 20% with 260 violations.
    elapsed time = 00:00:03, memory = 280.72 (MB).
    Completing 50% with 224 violations.
    elapsed time = 00:00:05, memory = 276.86 (MB).
    Completing 70% with 171 violations.
    elapsed time = 00:00:09, memory = 275.75 (MB).
    Completing 100% with 11 violations.
    elapsed time = 00:00:11, memory = 275.41 (MB).
[INFO DRT-0199]   Number of violations = 11.
Viol/Layer        met1
Metal Spacing        4
Short                7
[INFO DRT-0267] cpu time = 00:00:11, elapsed time = 00:00:11, memory = 273.60 (MB), peak = 541.18 (MB)
Total wire length = 11728 um.
Total wire length on LAYER li1 = 0 um.
Total wire length on LAYER met1 = 5192 um.
Total wire length on LAYER met2 = 5280 um.
Total wire length on LAYER met3 = 927 um.
Total wire length on LAYER met4 = 327 um.
Total wire length on LAYER met5 = 0 um.
Total number of vias = 3170.
Up-via summary (total 3170):

-----------------------
 FR_MASTERSLICE       0
            li1    1383
           met1    1547
           met2     213
           met3      27
           met4       0
-----------------------
               3170


[INFO DRT-0195] Start 4th guides tiles iteration.
    Completing 30% with 11 violations.
    elapsed time = 00:00:00, memory = 273.64 (MB).
    Completing 60% with 11 violations.
    elapsed time = 00:00:01, memory = 273.64 (MB).
    Completing 100% with 5 violations.
    elapsed time = 00:00:01, memory = 273.64 (MB).
[INFO DRT-0199]   Number of violations = 5.
Viol/Layer        met1
Short                5
[INFO DRT-0267] cpu time = 00:00:01, elapsed time = 00:00:01, memory = 273.95 (MB), peak = 541.18 (MB)
Total wire length = 11732 um.
Total wire length on LAYER li1 = 0 um.
Total wire length on LAYER met1 = 5192 um.
Total wire length on LAYER met2 = 5284 um.
Total wire length on LAYER met3 = 927 um.
Total wire length on LAYER met4 = 327 um.
Total wire length on LAYER met5 = 0 um.
Total number of vias = 3174.
Up-via summary (total 3174):

-----------------------
 FR_MASTERSLICE       0
            li1    1383
           met1    1551
           met2     213
           met3      27
           met4       0
-----------------------
               3174


[INFO DRT-0195] Start 5th guides tiles iteration.
    Completing 100% with 5 violations.
    elapsed time = 00:00:01, memory = 273.96 (MB).
[INFO DRT-0199]   Number of violations = 5.
Viol/Layer        met1
Short                5
[INFO DRT-0267] cpu time = 00:00:01, elapsed time = 00:00:01, memory = 274.27 (MB), peak = 541.18 (MB)
Total wire length = 11732 um.
Total wire length on LAYER li1 = 0 um.
Total wire length on LAYER met1 = 5192 um.
Total wire length on LAYER met2 = 5284 um.
Total wire length on LAYER met3 = 927 um.
Total wire length on LAYER met4 = 327 um.
Total wire length on LAYER met5 = 0 um.
Total number of vias = 3174.
Up-via summary (total 3174):

-----------------------
 FR_MASTERSLICE       0
            li1    1383
           met1    1551
           met2     213
           met3      27
           met4       0
-----------------------
               3174


[INFO DRT-0195] Start 6th stubborn tiles iteration.
    Completing 10% with 5 violations.
    elapsed time = 00:00:12, memory = 446.10 (MB).
    Completing 20% with 5 violations.
    elapsed time = 00:00:18, memory = 546.21 (MB).
    Completing 30% with 5 violations.
    elapsed time = 00:00:30, memory = 625.75 (MB).
    Completing 40% with 5 violations.
    elapsed time = 00:00:42, memory = 714.85 (MB).
    Completing 50% with 5 violations.
    elapsed time = 00:01:07, memory = 800.02 (MB).
    Completing 60% with 5 violations.
    elapsed time = 00:01:12, memory = 867.47 (MB).
    Completing 70% with 5 violations.
    elapsed time = 00:01:27, memory = 936.54 (MB).
    Completing 80% with 5 violations.
    elapsed time = 00:01:31, memory = 1037.77 (MB).
    Completing 90% with 5 violations.
    elapsed time = 00:01:33, memory = 1102.06 (MB).
    Completing 100% with 0 violations.
    elapsed time = 00:01:39, memory = 907.51 (MB).
[INFO DRT-0199]   Number of violations = 0.
[INFO DRT-0267] cpu time = 00:03:01, elapsed time = 00:01:39, memory = 889.05 (MB), peak = 1146.66 (MB)
Total wire length = 11728 um.
Total wire length on LAYER li1 = 0 um.
Total wire length on LAYER met1 = 5177 um.
Total wire length on LAYER met2 = 5282 um.
Total wire length on LAYER met3 = 939 um.
Total wire length on LAYER met4 = 327 um.
Total wire length on LAYER met5 = 0 um.
Total number of vias = 3176.
Up-via summary (total 3176):

-----------------------
 FR_MASTERSLICE       0
            li1    1383
           met1    1551
           met2     215
           met3      27
           met4       0
-----------------------
               3176


[INFO DRT-0198] Complete detail routing.
Total wire length = 11728 um.
Total wire length on LAYER li1 = 0 um.
Total wire length on LAYER met1 = 5177 um.
Total wire length on LAYER met2 = 5282 um.
Total wire length on LAYER met3 = 939 um.
Total wire length on LAYER met4 = 327 um.
Total wire length on LAYER met5 = 0 um.
Total number of vias = 3176.
Up-via summary (total 3176):

-----------------------
 FR_MASTERSLICE       0
            li1    1383
           met1    1551
           met2     215
           met3      27
           met4       0
-----------------------
               3176


[INFO DRT-0267] cpu time = 00:03:51, elapsed time = 00:02:28, memory = 889.05 (MB), peak = 1146.66 (MB)

[INFO DRT-0180] Post processing.
[INFO DRT-0501] Runtime: 174.85s
Took 175 seconds: detailed_route -output_drc ./reports/sky130hd/gcd/base/5_route_drc.rpt -output_maze ./results/sky130hd/gcd/base/maze.log -droute_end_iter 64 -verbose 1 -drc_report_iter_step 5
[INFO GRT-0012] Found 0 antenna violations.
[INFO ANT-0002] Found 0 net violations.
[INFO ANT-0001] Found 0 pin violations.
[INFO ANT-0002] Found 0 net violations.
[INFO ANT-0001] Found 0 pin violations.
Design area 5413 um^2 92% utilization.
write_db ./results/sky130hd/gcd/base/5_2_route.odb
Elapsed time: 2:56.16[h:]min:sec. CPU time: user 278.00 sys 2.18 (159%). Peak memory: 1174184KB.
Log                    Ext     Elapsed      CPU     CPU/ Peak Mem sha1sum
                                     s        s  Elapsed       MB [0:10)
5_2_route              .odb        176      280     1.59     1146 990e55cd8f
