OpenROAD unknown 
Features included (+) or not (-): -GPU +GUI -Python
This program is licensed under the BSD-3 license. See the LICENSE file for details.
Components of this program may be licensed under more restrictive licenses which must be honored.
[INFO ORD-0030] Using 2 thread(s).
read_liberty /OpenROAD-flow-scripts/flow/platforms/sky130hd/lib/sky130_fd_sc_hd__tt_025C_1v80.lib
read_db -hier ./results/sky130hd/gcd/base/2_floorplan.odb
[WARNING ORD-0012] Hierarchical flow (-hier) is currently in development and may cause multiple issues. Do not use in production environments.
read_sdc ./results/sky130hd/gcd/base/2_floorplan.sdc
source /OpenROAD-flow-scripts/flow/platforms/sky130hd/setRC.tcl
global_placement -skip_io -density 0.6 -pad_left 0 -pad_right 0
[INFO GPL-0190] Using 1 of 2 threads for placement: one per core, SMT siblings idle.
[INFO GPL-0001] ---- Initialize GPL Main Data Structures
[INFO GPL-0002] DBU: 1000
[INFO GPL-0003] SiteSize: (  0.460  2.720 ) um
[INFO GPL-0004] CoreBBox: (  1.380  2.720 ) ( 80.960 78.880 ) um
[INFO GPL-0016] Core area:                    6060.813 um^2
[INFO GPL-0036] Movable instances area:       2750.138 um^2
[INFO GPL-0037] Total instances area:         2843.978 um^2
[INFO GPL-0035] Pin density area adjust:       182.370 um^2
[INFO GPL-0032] ---- Initialize Region: Top-level
[INFO GPL-0006] Number of instances:               341
[INFO GPL-0007] Movable instances:                 266
[INFO GPL-0008] Fixed instances:                    75
[INFO GPL-0009] Dummy instances:                     0
[INFO GPL-0010] Number of nets:                    302
[INFO GPL-0011] Number of pins:                    969
[INFO GPL-0012] Die BBox:       (  0.000  0.000 ) ( 82.165 82.165 ) um
[INFO GPL-0013] Placement BBox: (  1.380  2.720 ) ( 80.960 78.880 ) um
[INFO GPL-0014] Region name: top-level.
[INFO GPL-0015] Region area:                  6060.813 um^2
[INFO GPL-0017] Fixed instances area:           93.840 um^2
[INFO GPL-0018] Movable instances area:       2932.508 um^2
[INFO GPL-0019] Utilization:                    49.146 %
[INFO GPL-0020] Standard cells area:          2932.508 um^2
[INFO GPL-0021] Large instances area:            0.000 um^2
[INFO GPL-0005] ---- Execute Conjugate Gradient Initial Placement.
[INFO GPL-0051] Source of initial instance position counters:
	Odb location = 0	Core center = 266	Region center = 0
[INFO GPL-0033] ---- Initialize Nesterov Region: Top-level
[INFO GPL-0023] Placement target density:       0.6000
[INFO GPL-0024] Movable insts average area:     11.024 um^2
[INFO GPL-0025] Ideal bin area:                 18.374 um^2
[INFO GPL-0026] Ideal bin count:                   329
[INFO GPL-0027] Total bin area:               6060.813 um^2
[INFO GPL-0028] Bin count (X, Y):          16 ,     16
[INFO GPL-0029] Bin size (W * H):       4.974 *  4.760 um
[INFO GPL-0030] Number of bins:                    256
[INFO GPL-0084] ---- Execute Nesterov Global Placement.
[INFO GPL-0031] HPWL: Half-Perimeter Wirelength
Iteration | Overflow |     HPWL (um) |  HPWL(%) |   Penalty | Group
---------------------------------------------------------------
        0 |   0.9648 |  5.888850e+02 |   +0.00% |  3.74e-14 |      
       10 |   0.9662 |  5.544090e+02 |   -5.85% |  6.09e-14 |      
       20 |   0.9662 |  5.521070e+02 |   -0.42% |  9.91e-14 |      
       30 |   0.9662 |  5.523930e+02 |   +0.05% |  1.61e-13 |      
       40 |   0.9662 |  5.524480e+02 |   +0.01% |  2.63e-13 |      
       50 |   0.9662 |  5.524310e+02 |   -0.00% |  4.28e-13 |      
       60 |   0.9661 |  5.525910e+02 |   +0.03% |  6.98e-13 |      
       70 |   0.9660 |  5.530990e+02 |   +0.09% |  1.14e-12 |      
       80 |   0.9659 |  5.539720e+02 |   +0.16% |  1.85e-12 |      
       90 |   0.9656 |  5.552810e+02 |   +0.24% |  3.02e-12 |      
      100 |   0.9650 |  5.569910e+02 |   +0.31% |  4.91e-12 |      
      110 |   0.9640 |  5.597940e+02 |   +0.50% |  8.00e-12 |      
      120 |   0.9616 |  5.621570e+02 |   +0.42% |  1.30e-11 |      
      130 |   0.9613 |  5.727990e+02 |   +1.89% |  2.12e-11 |      
      140 |   0.9531 |  6.251290e+02 |   +9.14% |  3.46e-11 |      
      150 |   0.9422 |  7.478500e+02 |  +19.63% |  5.63e-11 |      
      160 |   0.8926 |  9.547320e+02 |  +27.66% |  9.18e-11 |      
      170 |   0.8660 |  1.176416e+03 |  +23.22% |  1.49e-10 |      
      180 |   0.8376 |  1.356881e+03 |  +15.34% |  2.43e-10 |      
      190 |   0.7971 |  1.494271e+03 |  +10.13% |  3.97e-10 |      
      200 |   0.7632 |  1.684630e+03 |  +12.74% |  6.46e-10 |      
      210 |   0.7261 |  1.884242e+03 |  +11.85% |  1.05e-09 |      
      220 |   0.6808 |  2.067288e+03 |   +9.71% |  1.71e-09 |      
      230 |   0.6329 |  2.243262e+03 |   +8.51% |  2.79e-09 |      
      240 |   0.5816 |  2.413658e+03 |   +7.60% |  4.55e-09 |      
      250 |   0.5259 |  2.583777e+03 |   +7.05% |  7.41e-09 |      
      260 |   0.4709 |  2.761454e+03 |   +6.88% |  1.21e-08 |      
      270 |   0.4100 |  2.922410e+03 |   +5.83% |  1.97e-08 |      
      280 |   0.3477 |  3.063920e+03 |   +4.84% |  3.20e-08 |      
      290 |   0.3024 |  3.166039e+03 |   +3.33% |  4.76e-08 |      
      300 |   0.2732 |  3.259656e+03 |   +2.96% |  7.02e-08 |      
      310 |   0.2451 |  3.325035e+03 |   +2.01% |  1.03e-07 |      
      320 |   0.2074 |  3.351805e+03 |   +0.81% |  1.52e-07 |      
      330 |   0.1790 |  3.390953e+03 |   +1.17% |  2.24e-07 |      
      340 |   0.1539 |  3.423893e+03 |   +0.97% |  3.30e-07 |      
      350 |   0.1361 |  3.464148e+03 |   +1.18% |  4.87e-07 |      
      360 |   0.1259 |  3.507071e+03 |   +1.24% |  7.17e-07 |      
      370 |   0.1019 |  3.545187e+03 |   +1.09% |  1.06e-06 |      
      371 |   0.0992 |  3.545359e+03 |          |  1.14e-06 |      
---------------------------------------------------------------
[INFO GPL-1001] Global placement finished at iteration 371
[INFO GPL-1002] Placed Cell Area             2932.5078
[INFO GPL-1003] Available Free Area          5966.9728
[INFO GPL-1004] Minimum Feasible Density        0.5000 (cell_area / free_area)
[INFO GPL-1006]   Suggested Target Densities:
[INFO GPL-1007]     - For 90% usage of free space: 0.5461
[INFO GPL-1008]     - For 80% usage of free space: 0.6143
[INFO GPL-1009]     - For 50% usage of free space: 0.9829
[INFO GPL-1014] Final placement area: 2932.51 (+0.00%)
[INFO GPL-1018] Final HPWL (um): 3556.59
Design area 2844 um^2 47% utilization.
write_db ./results/sky130hd/gcd/base/3_1_place_gp_skip_io.odb
Elapsed time: 0:00.53[h:]min:sec. CPU time: user 0.46 sys 0.07 (98%). Peak memory: 105856KB.
Log                    Ext     Elapsed      CPU     CPU/ Peak Mem sha1sum
                                     s        s  Elapsed       MB [0:10)
3_1_place_gp_skip_io   .odb          0        1     1.00      103 4a8aec290e
