OpenROAD unknown 
Features included (+) or not (-): -GPU +GUI -Python
This program is licensed under the BSD-3 license. See the LICENSE file for details.
Components of this program may be licensed under more restrictive licenses which must be honored.
[INFO ORD-0030] Using 2 thread(s).
read_liberty /OpenROAD-flow-scripts/flow/platforms/sky130hd/lib/sky130_fd_sc_hd__tt_025C_1v80.lib
read_db -hier ./results/sky130hd/gcd/base/3_2_place_iop.odb
[WARNING ORD-0012] Hierarchical flow (-hier) is currently in development and may cause multiple issues. Do not use in production environments.
read_sdc ./results/sky130hd/gcd/base/2_floorplan.sdc
source /OpenROAD-flow-scripts/flow/platforms/sky130hd/setRC.tcl
[INFO RSZ-0026] Removed 0 buffers.
Perform port buffering...
[INFO RSZ-0027] Inserted 35 sky130_fd_sc_hd__clkdlybuf4s50_1 input buffers.
[INFO RSZ-0028] Inserted 18 sky130_fd_sc_hd__clkdlybuf4s50_1 output buffers.
global_placement -density 0.6 -pad_left 0 -pad_right 0 -routability_driven -timing_driven -force_center_initial_place -min_phi_coef 0.95 -max_phi_coef 1.05
[INFO GPL-0190] Using 1 of 2 threads for placement: one per core, SMT siblings idle.
[INFO GPL-0001] ---- Initialize GPL Main Data Structures
[INFO GPL-0002] DBU: 1000
[INFO GPL-0003] SiteSize: (  0.460  2.720 ) um
[INFO GPL-0004] CoreBBox: (  1.380  2.720 ) ( 80.960 78.880 ) um
[INFO GPL-0016] Core area:                    6060.813 um^2
[INFO GPL-0036] Movable instances area:       3280.646 um^2
[INFO GPL-0037] Total instances area:         3374.486 um^2
[INFO GPL-0035] Pin density area adjust:       242.963 um^2
[INFO GPL-0032] ---- Initialize Region: Top-level
[INFO GPL-0006] Number of instances:               394
[INFO GPL-0007] Movable instances:                 319
[INFO GPL-0008] Fixed instances:                    75
[INFO GPL-0009] Dummy instances:                     0
[INFO GPL-0010] Number of nets:                    355
[INFO GPL-0011] Number of pins:                   1129
[INFO GPL-0012] Die BBox:       (  0.000  0.000 ) ( 82.165 82.165 ) um
[INFO GPL-0013] Placement BBox: (  1.380  2.720 ) ( 80.960 78.880 ) um
[INFO GPL-0014] Region name: top-level.
[INFO GPL-0015] Region area:                  6060.813 um^2
[INFO GPL-0017] Fixed instances area:           93.840 um^2
[INFO GPL-0018] Movable instances area:       3523.610 um^2
[INFO GPL-0019] Utilization:                    59.052 %
[INFO GPL-0020] Standard cells area:          3523.610 um^2
[INFO GPL-0021] Large instances area:            0.000 um^2
[INFO GPL-0005] ---- Execute Conjugate Gradient Initial Placement.
[INFO GPL-0051] Source of initial instance position counters:
	Odb location = 0	Core center = 319	Region center = 0
[InitialPlace]  Iter: 1 conjugate gradient residual: 0.00000012 HPWL: 6675376
[InitialPlace]  Iter: 2 conjugate gradient residual: 0.00000011 HPWL: 5520610
[InitialPlace]  Iter: 3 conjugate gradient residual: 0.00000009 HPWL: 5518355
[InitialPlace]  Iter: 4 conjugate gradient residual: 0.00000010 HPWL: 5540949
[InitialPlace]  Iter: 5 conjugate gradient residual: 0.00000012 HPWL: 5530235
[INFO GPL-0033] ---- Initialize Nesterov Region: Top-level
[INFO GPL-0023] Placement target density:       0.6000
[INFO GPL-0024] Movable insts average area:     11.046 um^2
[INFO GPL-0025] Ideal bin area:                 18.410 um^2
[INFO GPL-0026] Ideal bin count:                   329
[INFO GPL-0027] Total bin area:               6060.813 um^2
[INFO GPL-0028] Bin count (X, Y):          16 ,     16
[INFO GPL-0029] Bin size (W * H):       4.974 *  4.760 um
[INFO GPL-0030] Number of bins:                    256
[INFO GPL-0084] ---- Execute Nesterov Global Placement.
[INFO GPL-0031] HPWL: Half-Perimeter Wirelength
Iteration | Overflow |     HPWL (um) |  HPWL(%) |   Penalty | Group
---------------------------------------------------------------
        0 |   0.7836 |  3.303254e+03 |   +0.00% |  3.32e-14 |      
[INFO GPL-0100] Timing-driven iteration 1/2, virtual: false.
[INFO GPL-0101]    Iter: 8, overflow: 0.629, keep resizer changes at: 1, HPWL: 3675044
Iteration |   Area    | Resized | Buffers | Nets repaired | Remaining
---------------------------------------------------------------------
        0 |     +0.0% |       0 |       0 |             0 |       357
    final |     +0.0% |       0 |       0 |             0 |         0
---------------------------------------------------------------------
   Iter   |    Area   | Removed | Inserted |   Pins
          |           | Buffers | Buffers  | Remaining
-------------------------------------------------------
        0 |     +0.0% |       0 |        0 |       316
       31 |     +0.0% |       0 |        0 |       285
       62 |     +1.3% |       0 |        6 |       254
       93 |     +2.0% |       0 |        9 |       223
      124 |     +2.4% |       0 |       11 |       192
      155 |     +4.2% |       0 |       19 |       161
      186 |     +6.7% |       0 |       30 |       130
      217 |     +8.4% |       0 |       36 |        99
      248 |    +11.0% |       0 |       48 |        68
      279 |    +16.6% |       0 |       73 |        37
      310 |    +17.5% |       0 |       77 |         6
    final |    +17.5% |       0 |       77 |         0
-------------------------------------------------------
[INFO GPL-0106] Timing-driven: worst slack -1.4644521e-09
[INFO GPL-0107] Timing-driven: repair_design delta area: 590.566 um^2 (+16.76%)
[INFO GPL-0108] Timing-driven: repair_design, gpl delta gcells: 77 (+24.14%)
[INFO GPL-0109] Timing-driven: repair_design, gcells created: 77, deleted: 0
[INFO GPL-0110] Timing-driven: new target density: 0.6989725
Iteration | Overflow |     HPWL (um) |  HPWL(%) |   Penalty | Group
---------------------------------------------------------------
       10 |   0.6420 |  4.096641e+03 |  +24.02% |  5.41e-14 |      
       20 |   0.6358 |  4.128576e+03 |   +0.78% |  8.82e-14 |      
       30 |   0.6410 |  4.092460e+03 |   -0.87% |  1.44e-13 |      
       40 |   0.6440 |  4.094887e+03 |   +0.06% |  2.34e-13 |      
       50 |   0.6438 |  4.099135e+03 |   +0.10% |  3.81e-13 |      
       60 |   0.6437 |  4.100887e+03 |   +0.04% |  6.21e-13 |      
       70 |   0.6433 |  4.100418e+03 |   -0.01% |  1.01e-12 |      
       80 |   0.6431 |  4.100855e+03 |   +0.01% |  1.65e-12 |      
       90 |   0.6433 |  4.100728e+03 |   -0.00% |  2.68e-12 |      
      100 |   0.6434 |  4.099535e+03 |   -0.03% |  4.37e-12 |      
      110 |   0.6433 |  4.099056e+03 |   -0.01% |  7.12e-12 |      
      120 |   0.6427 |  4.100380e+03 |   +0.03% |  1.16e-11 |      
      130 |   0.6419 |  4.103041e+03 |   +0.06% |  1.89e-11 |      
      140 |   0.6406 |  4.106515e+03 |   +0.08% |  3.08e-11 |      
      150 |   0.6387 |  4.111530e+03 |   +0.12% |  5.01e-11 |      
      160 |   0.6352 |  4.119701e+03 |   +0.20% |  8.16e-11 |      
      170 |   0.6294 |  4.132226e+03 |   +0.30% |  1.33e-10 |      
      180 |   0.6202 |  4.150548e+03 |   +0.44% |  2.17e-10 |      
      190 |   0.6078 |  4.175754e+03 |   +0.61% |  3.53e-10 |      
[INFO GPL-0038] Routability snapshot saved at iter = 198
      197 |   0.5984 |  4.199950e+03 |          |           |      
      200 |   0.5925 |  4.212432e+03 |   +0.88% |  5.75e-10 |      
      210 |   0.5698 |  4.258385e+03 |   +1.09% |  9.36e-10 |      
      220 |   0.5426 |  4.312594e+03 |   +1.27% |  1.52e-09 |      
      230 |   0.5112 |  4.379409e+03 |   +1.55% |  2.48e-09 |      
      240 |   0.4722 |  4.455846e+03 |   +1.75% |  4.04e-09 |      
      250 |   0.4271 |  4.544034e+03 |   +1.98% |  6.59e-09 |      
      260 |   0.3781 |  4.636136e+03 |   +2.03% |  1.07e-08 |      
      270 |   0.3367 |  4.716888e+03 |   +1.74% |  1.70e-08 |      
      280 |   0.3037 |  4.798587e+03 |   +1.73% |  2.50e-08 |      
[INFO GPL-0040] Routability iteration: 1
[INFO GPL-0088] Tiles the placer can act on: 99 of 121 (81.82%)
[INFO GPL-0041] Total routing overflow: 0.0000
[INFO GPL-0042] Number of overflowed tiles: 0 (0.00%)
[INFO GPL-0043] Average top 0.5% routing congestion: 0.9900
[INFO GPL-0044] Average top 1.0% routing congestion: 0.9900
[INFO GPL-0045] Average top 2.0% routing congestion: 0.9566
[INFO GPL-0046] Average top 5.0% routing congestion: 0.9086
[INFO GPL-0047] Routability iteration weighted routing congestion: 0.9900
[INFO GPL-0050] Weighted routing congestion is lower than target routing congestion(1.0100), end routability optimization.
[INFO GPL-0090] Routability finished. Target routing congestion achieved succesfully.
Iteration | Overflow |     HPWL (um) |  HPWL(%) |   Penalty | Group
---------------------------------------------------------------
      290 |   0.2739 |  4.883420e+03 |   +1.77% |  3.68e-08 |      
      300 |   0.2431 |  4.951456e+03 |   +1.39% |  5.42e-08 |      
      310 |   0.2153 |  5.013265e+03 |   +1.25% |  7.99e-08 |      
[INFO GPL-0100] Timing-driven iteration 2/2, virtual: false.
[INFO GPL-0101]    Iter: 320, overflow: 0.193, keep resizer changes at: 1, HPWL: 5067336
Iteration |   Area    | Resized | Buffers | Nets repaired | Remaining
---------------------------------------------------------------------
        0 |     +0.0% |       0 |       0 |             0 |       434
    final |     +0.0% |       0 |       0 |             0 |         0
---------------------------------------------------------------------
   Iter   |    Area   | Removed | Inserted |   Pins
          |           | Buffers | Buffers  | Remaining
-------------------------------------------------------
        0 |     +0.0% |       0 |        0 |       316
       31 |     +0.0% |       0 |        0 |       285
       62 |     +1.1% |       6 |        7 |       254
       93 |     +1.5% |       9 |       12 |       223
      124 |     +1.7% |      11 |       15 |       192
      155 |     +1.9% |      19 |       24 |       161
      186 |     +1.5% |      30 |       33 |       130
      217 |     +1.9% |      36 |       41 |        99
      248 |     +2.5% |      48 |       56 |        68
      279 |     +2.8% |      73 |       83 |        37
      310 |     +3.0% |      77 |       88 |         6
    final |     +3.0% |      77 |       88 |         0
-------------------------------------------------------
[INFO GPL-0106] Timing-driven: worst slack -1.4839426e-09
[INFO GPL-0107] Timing-driven: repair_design delta area: 120.115 um^2 (+2.92%)
[INFO GPL-0108] Timing-driven: repair_design, gpl delta gcells: 11 (+2.78%)
[INFO GPL-0109] Timing-driven: repair_design, gcells created: 88, deleted: 77
[INFO GPL-0110] Timing-driven: new target density: 0.71910256
Iteration | Overflow |     HPWL (um) |  HPWL(%) |   Penalty | Group
---------------------------------------------------------------
      320 |   0.2008 |  5.172108e+03 |   +3.17% |  1.18e-07 |      
      330 |   0.1829 |  5.179397e+03 |   +0.14% |  1.73e-07 |      
      340 |   0.1548 |  5.194884e+03 |   +0.30% |  2.55e-07 |      
      350 |   0.1387 |  5.214471e+03 |   +0.38% |  3.76e-07 |      
      360 |   0.1199 |  5.236525e+03 |   +0.42% |  5.54e-07 |      
      370 |   0.1023 |  5.271971e+03 |   +0.68% |  8.16e-07 |      
      372 |   0.0994 |  5.278847e+03 |          |  9.17e-07 |      
---------------------------------------------------------------
[INFO GPL-1001] Global placement finished at iteration 372
[INFO GPL-1017] Routability mode iteration count: 83
[INFO GPL-1005] Routability final weighted congestion: 0.6684
[INFO GPL-1002] Placed Cell Area             4234.2913
[INFO GPL-1003] Available Free Area          5966.9728
[INFO GPL-1004] Minimum Feasible Density        0.6000 (cell_area / free_area)
[INFO GPL-1006]   Suggested Target Densities:
[INFO GPL-1007]     - For 90% usage of free space: 0.7885
[INFO GPL-1008]     - For 80% usage of free space: 0.8870
[INFO GPL-1011] Original area (um^2): 3523.61
[INFO GPL-1012] Total routability artificial inflation: 0.00 (+0.00%)
[INFO GPL-1013] Total timing-driven delta area: 710.68 (+20.17%)
[INFO GPL-1014] Final placement area: 4234.29 (+20.17%)
[INFO GPL-1018] Final HPWL (um): 5286.38
estimate_parasitics -placement
Report metrics stage 3, global place...

==========================================================================
global place report_design_area
--------------------------------------------------------------------------
Design area 4085 um^2 67% utilization.
write_db ./results/sky130hd/gcd/base/3_3_place_gp.odb
Elapsed time: 0:01.14[h:]min:sec. CPU time: user 0.88 sys 0.20 (95%). Peak memory: 238884KB.
Log                    Ext     Elapsed      CPU     CPU/ Peak Mem sha1sum
                                     s        s  Elapsed       MB [0:10)
3_3_place_gp           .odb          1        1     0.95      233 a5497f282f
