OpenROAD unknown 
Features included (+) or not (-): -GPU +GUI -Python
This program is licensed under the BSD-3 license. See the LICENSE file for details.
Components of this program may be licensed under more restrictive licenses which must be honored.
[INFO ORD-0030] Using 2 thread(s).
read_liberty /OpenROAD-flow-scripts/flow/platforms/sky130hd/lib/sky130_fd_sc_hd__tt_025C_1v80.lib
read_db -hier ./results/sky130hd/gcd/base/3_3_place_gp.odb
[WARNING ORD-0012] Hierarchical flow (-hier) is currently in development and may cause multiple issues. Do not use in production environments.
read_sdc ./results/sky130hd/gcd/base/2_floorplan.sdc
source /OpenROAD-flow-scripts/flow/platforms/sky130hd/setRC.tcl
estimate_parasitics -placement
[INFO GPL-0098] Initialize gpl and estimate target density.
replace_arith_modules
replace_arith_modules -path_count 1000 -target setup -slack_threshold 0.0
[INFO RSZ-0151] Starting arithmetic module replacement to optimize 'setup' target
[INFO RSZ-0152] Analyzing 1000 critical paths with slack < 0.00
[INFO RSZ-0153] Identified 69 violating endpoints
[INFO RSZ-0154] Identified 1 critical arithmetic instances
[INFO RSZ-0160] 0 arithmetic instances have swapped to improve 'setup' target
global_placement -incremental -density 0.7251226902008057
[INFO GPL-0190] Using 1 of 2 threads for placement: one per core, SMT siblings idle.
[INFO GPL-0083] Execute incremental mode global placement.
[INFO GPL-0001] ---- Initialize GPL Main Data Structures
[INFO GPL-0002] DBU: 1000
[INFO GPL-0003] SiteSize: (  0.460  2.720 ) um
[INFO GPL-0004] CoreBBox: (  1.380  2.720 ) ( 80.960 78.880 ) um
[INFO GPL-0016] Core area:                    6060.813 um^2
[INFO GPL-0036] Movable instances area:       3991.328 um^2
[INFO GPL-0037] Total instances area:         4085.168 um^2
[INFO GPL-0035] Pin density area adjust:       280.196 um^2
[INFO GPL-0032] ---- Initialize Region: Top-level
[INFO GPL-0006] Number of instances:               482
[INFO GPL-0007] Movable instances:                 407
[INFO GPL-0008] Fixed instances:                    75
[INFO GPL-0009] Dummy instances:                     0
[INFO GPL-0010] Number of nets:                    443
[INFO GPL-0011] Number of pins:                   1305
[INFO GPL-0012] Die BBox:       (  0.000  0.000 ) ( 82.165 82.165 ) um
[INFO GPL-0013] Placement BBox: (  1.380  2.720 ) ( 80.960 78.880 ) um
[INFO GPL-0014] Region name: top-level.
[INFO GPL-0015] Region area:                  6060.813 um^2
[INFO GPL-0017] Fixed instances area:           93.840 um^2
[INFO GPL-0018] Movable instances area:       4271.524 um^2
[INFO GPL-0019] Utilization:                    71.586 %
[INFO GPL-0020] Standard cells area:          4271.524 um^2
[INFO GPL-0021] Large instances area:            0.000 um^2
[INFO GPL-0154] Identified 407 placed instances
[INFO GPL-0155] Identified 0 not placed instances
[INFO GPL-0156] Identified all instances as placed. Skipping incremental mode
Perform buffer insertion and gate resizing...
repair_design -verbose -match_cell_footprint
Iteration |   Area    | Resized | Buffers | Nets repaired | Remaining
---------------------------------------------------------------------
        0 |     +0.0% |       0 |       0 |             0 |       445
       10 |     +0.0% |       0 |       0 |             0 |       435
       20 |     +0.0% |       0 |       0 |             0 |       425
       30 |     +0.0% |       0 |       0 |             0 |       415
       40 |     +0.0% |       0 |       0 |             0 |       405
       50 |     +0.0% |       0 |       0 |             0 |       395
       60 |     +0.0% |       0 |       0 |             0 |       385
       70 |     +0.0% |       0 |       0 |             0 |       375
       80 |     +0.0% |       0 |       0 |             0 |       365
       90 |     +0.0% |       0 |       0 |             0 |       355
      100 |     +0.0% |       0 |       0 |             0 |       345
      110 |     +0.0% |       0 |       0 |             0 |       335
      120 |     +0.0% |       0 |       0 |             0 |       325
      130 |     +0.0% |       0 |       0 |             0 |       315
      140 |     +0.0% |       0 |       0 |             0 |       305
      150 |     +0.0% |       0 |       0 |             0 |       295
      160 |     +0.0% |       0 |       0 |             0 |       285
      170 |     +0.0% |       0 |       0 |             0 |       275
      180 |     +0.0% |       0 |       0 |             0 |       265
      190 |     +0.0% |       0 |       0 |             0 |       255
      200 |     +0.0% |       0 |       0 |             0 |       245
      210 |     +0.0% |       0 |       0 |             0 |       235
      220 |     +0.0% |       0 |       0 |             0 |       225
      230 |     +0.0% |       0 |       0 |             0 |       215
      240 |     +0.0% |       0 |       0 |             0 |       205
      250 |     +0.0% |       0 |       0 |             0 |       195
      260 |     +0.0% |       0 |       0 |             0 |       185
      270 |     +0.0% |       0 |       0 |             0 |       175
      280 |     +0.0% |       0 |       0 |             0 |       165
      290 |     +0.0% |       0 |       0 |             0 |       155
      300 |     +0.0% |       0 |       0 |             0 |       145
      310 |     +0.0% |       0 |       0 |             0 |       135
      320 |     +0.0% |       0 |       0 |             0 |       125
      330 |     +0.0% |       0 |       0 |             0 |       115
      340 |     +0.0% |       0 |       0 |             0 |       105
      350 |     +0.0% |       0 |       0 |             0 |        95
      360 |     +0.0% |       0 |       0 |             0 |        85
      370 |     +0.0% |       0 |       0 |             0 |        75
      380 |     +0.0% |       0 |       0 |             0 |        65
      390 |     +0.0% |       0 |       0 |             0 |        55
      400 |     +0.0% |       0 |       0 |             0 |        45
      410 |     +0.0% |       0 |       0 |             0 |        35
      420 |     +0.0% |       0 |       0 |             0 |        25
      430 |     +0.0% |       0 |       0 |             0 |        15
      440 |     +0.0% |       0 |       0 |             0 |         5
    final |     +0.0% |       0 |       0 |             0 |         0
---------------------------------------------------------------------
[INFO RSZ-0504] Runtime: 0.04s
Floating nets: 
Report metrics stage 3, resizer...

==========================================================================
resizer report_design_area
--------------------------------------------------------------------------
Design area 4085 um^2 67% utilization.
Instance count before 482, after 482
Pin count before 1253, after 1253
write_db ./results/sky130hd/gcd/base/3_4_place_resized.odb
Elapsed time: 0:00.72[h:]min:sec. CPU time: user 0.60 sys 0.12 (99%). Peak memory: 143076KB.
Log                    Ext     Elapsed      CPU     CPU/ Peak Mem sha1sum
                                     s        s  Elapsed       MB [0:10)
3_4_place_resized      .odb          0        1     1.00      139 331c2a5865
