OpenROAD unknown 
Features included (+) or not (-): -GPU +GUI -Python
This program is licensed under the BSD-3 license. See the LICENSE file for details.
Components of this program may be licensed under more restrictive licenses which must be honored.
[INFO ORD-0030] Using 2 thread(s).
read_liberty /OpenROAD-flow-scripts/flow/platforms/sky130hd/lib/sky130_fd_sc_hd__tt_025C_1v80.lib
read_db -hier ./results/sky130hd/gcd/base/3_place.odb
[WARNING ORD-0012] Hierarchical flow (-hier) is currently in development and may cause multiple issues. Do not use in production environments.
read_sdc ./results/sky130hd/gcd/base/3_place.sdc
source /OpenROAD-flow-scripts/flow/platforms/sky130hd/setRC.tcl
clock_tree_synthesis -sink_clustering_enable -repair_clock_nets
[INFO CTS-0050] Root buffer is sky130_fd_sc_hd__clkbuf_8.
[INFO CTS-0051] Sink buffer is sky130_fd_sc_hd__clkbuf_16.
[INFO CTS-0052] The following clock buffers will be used for CTS:
                    sky130_fd_sc_hd__clkbuf_8
                    sky130_fd_sc_hd__clkbuf_16
[INFO CTS-0049] Characterization buffer is sky130_fd_sc_hd__clkbuf_16.
[INFO CTS-0007] Net "clk" found for clock "core_clock".
[INFO CTS-0010]  Clock net "clk" has 35 sinks.
[INFO CTS-0008] TritonCTS found 1 clock nets.
[INFO CTS-0097] Characterization used 2 buffer(s) types.
[INFO CTS-0201] 0 blockages from hard placement blockages and placed macros will be used.
[INFO CTS-0027] Generating H-Tree topology for net clk.
[INFO CTS-0028]  Total number of sinks: 35.
[INFO CTS-0090]  Sinks will be clustered based on buffer max cap.
[INFO CTS-0030]  Number of static layers: 0.
[INFO CTS-0020]  Wire segment unit: 13600  dbu (13 um).
[INFO CTS-0023]  Original sink region: [(1645, 4020), (74250, 77580)].
[INFO CTS-0024]  Normalized sink region: [(0.120956, 0.295588), (5.45956, 5.70441)].
[INFO CTS-0025]     Width:  5.3386.
[INFO CTS-0026]     Height: 5.4088.
 Level 1
    Direction: Vertical
    Sinks per sub-region: 18
    Sub-region size: 5.3386 X 2.7044
[INFO CTS-0034]     Segment length (rounded): 1.
 Level 2
    Direction: Horizontal
    Sinks per sub-region: 9
    Sub-region size: 2.6693 X 2.7044
[INFO CTS-0034]     Segment length (rounded): 1.
[INFO CTS-0038]  Stop criterion found. Sink region hpwl is smaller than max wirelength (1911.535 um) and max number of sinks is 15.
[INFO CTS-0035]  Number of sinks covered: 35.
[INFO CTS-0018]     Created 5 clock buffers.
[INFO CTS-0012]     Minimum number of buffers in the clock path: 2.
[INFO CTS-0013]     Maximum number of buffers in the clock path: 2.
[INFO CTS-0015]     Created 5 clock nets.
[INFO CTS-0016]     Fanout distribution for the current clock = 8:2, 9:1, 10:1..
[INFO CTS-0017]     Max level of the clock tree: 2.
[INFO CTS-0098] Clock net "clk"
[INFO CTS-0099]  Sinks 38
[INFO CTS-0100]  Leaf buffers 0
[INFO CTS-0101]  Average sink wire length 122.81 um
[INFO CTS-0102]  Path depth 2 - 2
[INFO CTS-0207]  Dummy loads inserted 3
[INFO CTS-0500] Runtime: 0.32s
estimate_parasitics -placement
detailed_placement
[INFO DPL-0006] Core area: 6060.81 um^2
[INFO DPL-0007] Movable instances area: 4091.42 um^2
[INFO DPL-0008] Fixed instances area within core: 93.84 um^2
[INFO DPL-0009] Utilization: 69.1%
[INFO DPL-0005] Diamond search max displacement: +/- 500 sites horizontally, +/- 100 rows vertically.
[INFO DPL-1102] Legalizing using negotiation legalizer.
[INFO DPL-1103] Negotiation base search window: +/-20 sites horizontally, +/-5 rows vertically 
	Automatic search window extension enabled.
	Search window extendable up to the max displacement cap of +/-500 sites, +/-100 rows near walls.
[INFO DPL-1104] NegotiationLegalizer DRC penalty: 5.
[INFO DPL-0392] Negotiation cell height distribution (1 unique row-count(s)):
[INFO DPL-0393]   height 1 row(s): 490 cells
          |      Total |  Illegal |  Illegal
Iteration | Violations |    Cells |    Sites
---------------------------------------------
        0 |         35 |         7 |        28
        1 |          0 |         0 |         0
Negotiation phase 1 converged at iteration 1.
[INFO DPL-0500] Runtime: 0.00s
Detailed Placement Analysis
---------------------------------
legalizer            negotiation
total moves                 231
total displacement        499.1 u
average displacement        1.0 u
max displacement           12.4 u
original HPWL            5655.7 u
legalized HPWL           5973.2 u
delta HPWL                    6 %

estimate_parasitics -placement
Warning: master sky130_ef_sc_hd__decap_12 has signal pins but no liberty cell
repair_timing -setup_margin 0 -hold_margin 0 -repair_tns 100 -match_cell_footprint -verbose
[INFO RSZ-0100] Repair move sequence: UnbufferMove SizeUpMove SwapPinsMove BufferMove CloneMove SplitLoadMove 
[INFO RSZ-0094] Found 69 endpoints with setup violations.
[INFO RSZ-0099] Repairing 69 out of 69 (100.00%) violating endpoints...
   Iter   | Removed | Resized | Inserted | Cloned |  Pin  |   Area   |    WNS   |    TNS     |  Viol  |  Worst
          | Buffers |  Gates  | Buffers  |  Gates | Swaps |          |          |            | Endpts | Endpoint
------------------------------------------------------------------------------------------------------------------------------
       0* |       0 |       0 |        0 |      0 |     0 |    +0.0% |   -1.558 |      -69.7 |     69 | resp_msg[15]
      10* |       0 |       4 |        1 |      0 |     4 |    +0.4% |   -1.512 |      -69.5 |     69 | resp_msg[7]
      20* |       0 |       8 |        2 |      0 |     9 |    +0.9% |   -1.487 |      -68.6 |     69 | resp_msg[13]
      30* |       0 |      13 |        2 |      0 |    14 |    +1.4% |   -1.438 |      -69.2 |     69 | dpath.b_reg.out\[11\]$_DFFE_PP_/DE
      40* |       0 |      17 |        5 |      0 |    17 |    +2.6% |   -1.527 |      -70.3 |     69 | resp_msg[14]
      50* |       0 |      23 |        6 |      0 |    20 |    +3.3% |   -1.430 |      -68.3 |     69 | dpath.b_reg.out\[11\]$_DFFE_PP_/DE
      60* |       0 |      25 |       14 |      1 |    21 |    +6.2% |   -1.440 |      -68.0 |     69 | dpath.b_reg.out\[15\]$_DFFE_PP_/DE
      70* |       0 |      30 |       16 |      1 |    24 |    +7.3% |   -1.417 |      -67.3 |     69 | resp_msg[7]
      80* |       0 |      34 |       19 |      1 |    27 |    +8.0% |   -1.400 |      -66.4 |     69 | resp_msg[10]
      90* |       1 |      37 |       23 |      1 |    30 |    +8.8% |   -1.404 |      -66.3 |     69 | resp_msg[4]
      97* |       1 |      41 |       24 |      1 |    31 |    +9.3% |   -1.372 |      -66.1 |     69 | dpath.b_reg.out\[3\]$_DFFE_PP_/DE
     100* |       1 |      43 |       24 |      1 |    31 |    +9.2% |   -1.372 |      -66.0 |     69 | dpath.b_reg.out\[3\]$_DFFE_PP_/DE
     106* |       1 |      44 |       24 |      1 |    31 |    +9.2% |   -1.372 |      -66.0 |     69 | dpath.b_reg.out\[3\]$_DFFE_PP_/DE
     110* |       1 |      45 |       24 |      1 |    33 |    +9.3% |   -1.372 |      -65.8 |     69 | dpath.b_reg.out\[3\]$_DFFE_PP_/DE
     113* |       1 |      47 |       24 |      1 |    34 |    +9.2% |   -1.372 |      -65.8 |     69 | dpath.b_reg.out\[3\]$_DFFE_PP_/DE
     120* |       1 |      52 |       24 |      1 |    35 |    +9.4% |   -1.377 |      -65.7 |     69 | resp_msg[6]
     120* |       1 |      51 |       24 |      1 |    35 |    +9.3% |   -1.372 |      -65.8 |     69 | dpath.b_reg.out\[3\]$_DFFE_PP_/DE
     130* |       2 |      55 |       24 |      1 |    39 |    +9.2% |   -1.372 |      -65.4 |     69 | dpath.b_reg.out\[3\]$_DFFE_PP_/DE
     135* |       2 |      55 |       24 |      1 |    39 |    +9.2% |   -1.372 |      -65.4 |     69 | dpath.b_reg.out\[3\]$_DFFE_PP_/DE
     138* |       2 |      57 |       24 |      1 |    39 |    +9.1% |   -1.372 |      -65.3 |     69 | dpath.b_reg.out\[3\]$_DFFE_PP_/DE
     140* |       2 |      58 |       24 |      1 |    39 |    +9.2% |   -1.372 |      -65.2 |     69 | dpath.b_reg.out\[3\]$_DFFE_PP_/DE
     145* |       2 |      60 |       24 |      1 |    39 |    +9.1% |   -1.372 |      -65.1 |     69 | dpath.b_reg.out\[3\]$_DFFE_PP_/DE
     146* |       2 |      60 |       24 |      1 |    39 |    +9.1% |   -1.372 |      -65.1 |     69 | dpath.b_reg.out\[3\]$_DFFE_PP_/DE
     147* |       2 |      60 |       24 |      1 |    39 |    +9.1% |   -1.372 |      -65.1 |     69 | dpath.b_reg.out\[3\]$_DFFE_PP_/DE
     148* |       2 |      60 |       24 |      1 |    39 |    +9.1% |   -1.372 |      -65.1 |     69 | dpath.b_reg.out\[3\]$_DFFE_PP_/DE
     149* |       2 |      60 |       24 |      1 |    39 |    +9.1% |   -1.372 |      -65.1 |     69 | dpath.b_reg.out\[3\]$_DFFE_PP_/DE
     150* |       2 |      60 |       24 |      1 |    39 |    +9.1% |   -1.372 |      -65.1 |     69 | dpath.b_reg.out\[3\]$_DFFE_PP_/DE
     159* |       2 |      60 |       24 |      1 |    39 |    +9.1% |   -1.372 |      -65.1 |     69 | dpath.b_reg.out\[3\]$_DFFE_PP_/DE
     160* |       2 |      60 |       24 |      1 |    39 |    +9.1% |   -1.372 |      -65.1 |     69 | dpath.b_reg.out\[3\]$_DFFE_PP_/DE
     160* |       2 |      60 |       24 |      1 |    39 |    +9.1% |   -1.372 |      -65.1 |     69 | dpath.b_reg.out\[3\]$_DFFE_PP_/DE
     161* |       2 |      60 |       24 |      1 |    39 |    +9.1% |   -1.372 |      -65.1 |     69 | dpath.b_reg.out\[3\]$_DFFE_PP_/DE
     162* |       2 |      60 |       24 |      1 |    39 |    +9.1% |   -1.372 |      -65.1 |     69 | dpath.b_reg.out\[3\]$_DFFE_PP_/DE
     163* |       2 |      60 |       24 |      1 |    39 |    +9.1% |   -1.372 |      -65.1 |     69 | dpath.b_reg.out\[3\]$_DFFE_PP_/DE
     164* |       2 |      60 |       24 |      1 |    39 |    +9.1% |   -1.372 |      -65.1 |     69 | dpath.b_reg.out\[3\]$_DFFE_PP_/DE
     170* |       2 |      63 |       25 |      1 |    40 |    +9.4% |   -1.372 |      -64.9 |     69 | dpath.b_reg.out\[3\]$_DFFE_PP_/DE
     171* |       2 |      62 |       24 |      1 |    40 |    +9.1% |   -1.372 |      -64.9 |     69 | dpath.b_reg.out\[3\]$_DFFE_PP_/DE
     175* |       2 |      64 |       25 |      1 |    40 |    +9.5% |   -1.372 |      -64.3 |     69 | dpath.a_reg.out\[11\]$_DFFE_PP_/D
     176* |       2 |      64 |       25 |      1 |    40 |    +9.5% |   -1.372 |      -64.3 |     69 | dpath.a_reg.out\[11\]$_DFFE_PP_/D
     177* |       2 |      64 |       25 |      1 |    40 |    +9.5% |   -1.372 |      -64.3 |     69 | dpath.a_reg.out\[11\]$_DFFE_PP_/D
     178* |       2 |      64 |       25 |      1 |    40 |    +9.5% |   -1.372 |      -64.3 |     69 | dpath.a_reg.out\[11\]$_DFFE_PP_/D
     179* |       2 |      64 |       25 |      1 |    40 |    +9.5% |   -1.372 |      -64.3 |     69 | dpath.a_reg.out\[11\]$_DFFE_PP_/D
     180* |       2 |      64 |       25 |      1 |    40 |    +9.5% |   -1.372 |      -64.3 |     69 | dpath.a_reg.out\[11\]$_DFFE_PP_/D
     180* |       2 |      64 |       25 |      1 |    40 |    +9.5% |   -1.372 |      -64.3 |     69 | dpath.a_reg.out\[11\]$_DFFE_PP_/D
     181* |       2 |      64 |       25 |      1 |    40 |    +9.5% |   -1.372 |      -64.3 |     69 | dpath.a_reg.out\[11\]$_DFFE_PP_/D
     190* |       2 |      70 |       26 |      1 |    41 |   +10.1% |   -1.373 |      -64.1 |     69 | dpath.a_reg.out\[11\]$_DFFE_PP_/D
     191* |       2 |      65 |       25 |      1 |    40 |    +9.6% |   -1.372 |      -64.2 |     69 | dpath.a_reg.out\[11\]$_DFFE_PP_/D
     200* |       3 |      71 |       25 |      1 |    41 |    +9.8% |   -1.363 |      -64.1 |     69 | dpath.b_reg.out\[3\]$_DFFE_PP_/DE
     202* |       3 |      66 |       25 |      1 |    41 |    +9.4% |   -1.359 |      -64.2 |     69 | dpath.b_reg.out\[3\]$_DFFE_PP_/DE
     210* |       3 |      72 |       26 |      1 |    41 |   +10.1% |   -1.359 |      -63.9 |     69 | dpath.b_reg.out\[3\]$_DFFE_PP_/DE
     211* |       3 |      72 |       26 |      1 |    41 |   +10.1% |   -1.359 |      -63.9 |     69 | dpath.b_reg.out\[3\]$_DFFE_PP_/DE
     214* |       3 |      73 |       26 |      1 |    41 |   +10.1% |   -1.359 |      -63.9 |     69 | dpath.b_reg.out\[3\]$_DFFE_PP_/DE
     220* |       3 |      76 |       27 |      1 |    42 |   +10.5% |   -1.355 |      -63.6 |     69 | dpath.b_reg.out\[3\]$_DFFE_PP_/DE
     228* |       3 |      76 |       27 |      1 |    42 |   +10.5% |   -1.355 |      -63.6 |     69 | dpath.b_reg.out\[3\]$_DFFE_PP_/DE
     230* |       3 |      76 |       27 |      1 |    43 |   +10.5% |   -1.355 |      -63.6 |     69 | dpath.b_reg.out\[3\]$_DFFE_PP_/DE
     240* |       3 |      80 |       32 |      1 |    45 |   +11.7% |   -1.375 |      -63.9 |     69 | dpath.b_reg.out\[3\]$_DFFE_PP_/DE
     240* |       3 |      76 |       28 |      1 |    44 |   +10.7% |   -1.355 |      -63.5 |     69 | dpath.b_reg.out\[3\]$_DFFE_PP_/DE
     249* |       3 |      76 |       28 |      1 |    44 |   +10.7% |   -1.355 |      -63.5 |     69 | dpath.b_reg.out\[3\]$_DFFE_PP_/DE
     250* |       3 |      76 |       28 |      1 |    44 |   +10.7% |   -1.355 |      -63.5 |     69 | dpath.b_reg.out\[3\]$_DFFE_PP_/DE
     260* |       4 |      80 |       33 |      1 |    45 |   +11.7% |   -1.345 |      -63.4 |     69 | dpath.b_reg.out\[3\]$_DFFE_PP_/DE
     261* |       4 |      78 |       32 |      1 |    44 |   +11.5% |   -1.345 |      -63.3 |     69 | dpath.b_reg.out\[3\]$_DFFE_PP_/DE
     265* |       4 |      80 |       32 |      1 |    45 |   +11.6% |   -1.345 |      -63.2 |     69 | dpath.b_reg.out\[3\]$_DFFE_PP_/DE
     269* |       4 |      80 |       32 |      1 |    45 |   +11.6% |   -1.345 |      -63.2 |     69 | dpath.b_reg.out\[3\]$_DFFE_PP_/DE
     270* |       4 |      80 |       32 |      1 |    45 |   +11.6% |   -1.345 |      -63.2 |     69 | dpath.b_reg.out\[3\]$_DFFE_PP_/DE
     272* |       4 |      81 |       32 |      1 |    45 |   +11.6% |   -1.345 |      -63.2 |     69 | dpath.b_reg.out\[3\]$_DFFE_PP_/DE
     280* |       4 |      86 |       33 |      1 |    46 |   +11.9% |   -1.345 |      -63.2 |     69 | dpath.b_reg.out\[3\]$_DFFE_PP_/DE
     286* |       4 |      82 |       32 |      1 |    46 |   +11.5% |   -1.345 |      -63.0 |     69 | dpath.b_reg.out\[3\]$_DFFE_PP_/DE
     290* |       4 |      84 |       33 |      1 |    46 |   +11.8% |   -1.345 |      -63.1 |     69 | dpath.b_reg.out\[3\]$_DFFE_PP_/DE
     295* |       4 |      86 |       34 |      1 |    46 |   +12.0% |   -1.343 |      -63.2 |     69 | dpath.b_reg.out\[3\]$_DFFE_PP_/DE
     300* |       4 |      89 |       35 |      1 |    46 |   +12.2% |   -1.343 |      -63.2 |     69 | dpath.b_reg.out\[3\]$_DFFE_PP_/DE
     303* |       4 |      89 |       34 |      1 |    46 |   +12.0% |   -1.343 |      -63.1 |     69 | dpath.b_reg.out\[3\]$_DFFE_PP_/DE
     307* |       4 |      90 |       34 |      1 |    46 |   +12.0% |   -1.343 |      -63.1 |     69 | dpath.b_reg.out\[3\]$_DFFE_PP_/DE
     310* |       4 |      91 |       35 |      1 |    46 |   +12.2% |   -1.343 |      -63.2 |     69 | dpath.b_reg.out\[3\]$_DFFE_PP_/DE
     311* |       4 |      91 |       35 |      1 |    46 |   +12.2% |   -1.343 |      -63.2 |     69 | dpath.b_reg.out\[3\]$_DFFE_PP_/DE
     317* |       4 |      92 |       35 |      1 |    46 |   +12.2% |   -1.343 |      -63.2 |     69 | dpath.b_reg.out\[3\]$_DFFE_PP_/DE
     320* |       4 |      93 |       35 |      1 |    47 |   +12.2% |   -1.343 |      -63.2 |     69 | dpath.b_reg.out\[3\]$_DFFE_PP_/DE
     322* |       4 |      94 |       36 |      1 |    47 |   +12.5% |   -1.343 |      -63.3 |     69 | dpath.b_reg.out\[3\]$_DFFE_PP_/DE
     325* |       4 |      95 |       36 |      1 |    47 |   +12.5% |   -1.343 |      -63.3 |     69 | dpath.b_reg.out\[3\]$_DFFE_PP_/DE
     330* |       4 |      98 |       36 |      1 |    48 |   +12.9% |   -1.331 |      -63.1 |     69 | dpath.b_reg.out\[3\]$_DFFE_PP_/DE
     332* |       4 |      98 |       36 |      1 |    48 |   +12.9% |   -1.331 |      -63.1 |     69 | dpath.b_reg.out\[3\]$_DFFE_PP_/DE
     339* |       4 |     102 |       36 |      1 |    50 |   +13.0% |   -1.331 |      -62.7 |     69 | dpath.b_reg.out\[3\]$_DFFE_PP_/DE
     340* |       4 |     102 |       36 |      1 |    50 |   +13.0% |   -1.331 |      -62.7 |     69 | dpath.b_reg.out\[3\]$_DFFE_PP_/DE
     345* |       4 |     103 |       36 |      1 |    50 |   +13.1% |   -1.331 |      -62.7 |     69 | dpath.b_reg.out\[3\]$_DFFE_PP_/DE
     350* |       4 |     107 |       36 |      1 |    50 |   +13.2% |   -1.331 |      -62.3 |     69 | dpath.b_reg.out\[3\]$_DFFE_PP_/DE
     353* |       4 |     108 |       36 |      1 |    51 |   +13.3% |   -1.331 |      -62.3 |     69 | dpath.b_reg.out\[3\]$_DFFE_PP_/DE
     360* |       4 |     113 |       36 |      1 |    52 |   +13.4% |   -1.331 |      -62.1 |     69 | dpath.b_reg.out\[3\]$_DFFE_PP_/DE
     362* |       4 |     113 |       36 |      1 |    52 |   +13.4% |   -1.331 |      -62.1 |     69 | dpath.b_reg.out\[3\]$_DFFE_PP_/DE
     370* |       4 |     116 |       38 |      1 |    54 |   +14.0% |   -1.331 |      -61.8 |     69 | dpath.b_reg.out\[3\]$_DFFE_PP_/DE
     371* |       4 |     116 |       37 |      1 |    53 |   +13.8% |   -1.331 |      -61.7 |     69 | dpath.b_reg.out\[3\]$_DFFE_PP_/DE
     380* |       4 |     121 |       38 |      1 |    55 |   +14.0% |   -1.331 |      -63.6 |     69 | dpath.b_reg.out\[3\]$_DFFE_PP_/DE
     381* |       4 |     122 |       38 |      1 |    55 |   +14.1% |   -1.331 |      -63.2 |     69 | dpath.b_reg.out\[3\]$_DFFE_PP_/DE
     390* |       4 |     127 |       41 |      2 |    55 |   +15.9% |   -1.331 |      -64.0 |     69 | dpath.b_reg.out\[3\]$_DFFE_PP_/DE
     391* |       4 |     127 |       41 |      2 |    55 |   +15.9% |   -1.331 |      -64.0 |     69 | dpath.b_reg.out\[3\]$_DFFE_PP_/DE
     394* |       4 |     127 |       41 |      2 |    55 |   +15.9% |   -1.331 |      -64.0 |     69 | dpath.b_reg.out\[3\]$_DFFE_PP_/DE
     397* |       4 |     127 |       41 |      2 |    55 |   +15.9% |   -1.331 |      -64.0 |     69 | dpath.b_reg.out\[3\]$_DFFE_PP_/DE
     400* |       4 |     128 |       42 |      2 |    55 |   +16.0% |   -1.331 |      -64.5 |     69 | dpath.b_reg.out\[3\]$_DFFE_PP_/DE
     401* |       4 |     129 |       42 |      2 |    55 |   +15.9% |   -1.331 |      -64.4 |     69 | dpath.b_reg.out\[3\]$_DFFE_PP_/DE
     407* |       4 |     130 |       42 |      2 |    56 |   +15.9% |   -1.331 |      -64.3 |     69 | dpath.b_reg.out\[3\]$_DFFE_PP_/DE
     410* |       4 |     131 |       43 |      2 |    56 |   +16.2% |   -1.331 |      -63.2 |     69 | dpath.b_reg.out\[3\]$_DFFE_PP_/DE
     415* |       4 |     131 |       43 |      2 |    56 |   +16.2% |   -1.331 |      -63.2 |     69 | dpath.b_reg.out\[3\]$_DFFE_PP_/DE
     420* |       4 |     134 |       44 |      2 |    56 |   +16.6% |   -1.331 |      -63.2 |     69 | dpath.b_reg.out\[3\]$_DFFE_PP_/DE
     430* |       4 |     139 |       49 |      2 |    56 |   +18.0% |   -1.331 |      -63.7 |     69 | dpath.b_reg.out\[3\]$_DFFE_PP_/DE
     439* |       4 |     133 |       43 |      2 |    56 |   +16.4% |   -1.331 |      -63.1 |     69 | dpath.b_reg.out\[3\]$_DFFE_PP_/DE
     440* |       4 |     133 |       43 |      2 |    56 |   +16.4% |   -1.331 |      -63.1 |     69 | dpath.b_reg.out\[3\]$_DFFE_PP_/DE
     442* |       4 |     135 |       43 |      2 |    56 |   +16.5% |   -1.331 |      -63.1 |     69 | dpath.b_reg.out\[3\]$_DFFE_PP_/DE
     445* |       4 |     137 |       43 |      2 |    56 |   +16.7% |   -1.331 |      -63.1 |     69 | dpath.b_reg.out\[3\]$_DFFE_PP_/DE
     450* |       4 |     140 |       44 |      2 |    56 |   +17.2% |   -1.331 |      -63.2 |     69 | dpath.b_reg.out\[3\]$_DFFE_PP_/DE
     450* |       4 |     139 |       43 |      2 |    56 |   +16.9% |   -1.331 |      -63.1 |     69 | dpath.b_reg.out\[3\]$_DFFE_PP_/DE
     452* |       4 |     140 |       43 |      2 |    56 |   +17.0% |   -1.331 |      -63.1 |     69 | dpath.b_reg.out\[3\]$_DFFE_PP_/DE
     455* |       4 |     141 |       44 |      2 |    56 |   +17.2% |   -1.331 |      -63.2 |     69 | dpath.b_reg.out\[3\]$_DFFE_PP_/DE
     458* |       4 |     143 |       44 |      2 |    56 |   +17.4% |   -1.331 |      -63.2 |     69 | dpath.b_reg.out\[3\]$_DFFE_PP_/DE
     460* |       4 |     144 |       44 |      2 |    56 |   +17.5% |   -1.331 |      -63.2 |     69 | dpath.b_reg.out\[3\]$_DFFE_PP_/DE
     460* |       4 |     144 |       44 |      2 |    56 |   +17.5% |   -1.331 |      -63.2 |     69 | dpath.b_reg.out\[3\]$_DFFE_PP_/DE
     462* |       4 |     145 |       44 |      2 |    56 |   +17.6% |   -1.331 |      -63.2 |     69 | dpath.b_reg.out\[3\]$_DFFE_PP_/DE
     464* |       4 |     146 |       44 |      2 |    56 |   +17.7% |   -1.331 |      -63.2 |     69 | dpath.b_reg.out\[3\]$_DFFE_PP_/DE
     469* |       4 |     146 |       44 |      2 |    56 |   +17.7% |   -1.331 |      -63.2 |     69 | dpath.b_reg.out\[3\]$_DFFE_PP_/DE
     470* |       4 |     146 |       44 |      2 |    56 |   +17.7% |   -1.331 |      -63.2 |     69 | dpath.b_reg.out\[3\]$_DFFE_PP_/DE
     471* |       4 |     147 |       44 |      2 |    56 |   +17.8% |   -1.331 |      -63.2 |     69 | dpath.b_reg.out\[3\]$_DFFE_PP_/DE
     471* |       4 |     147 |       44 |      2 |    56 |   +17.8% |   -1.331 |      -63.2 |     69 | dpath.b_reg.out\[3\]$_DFFE_PP_/DE
     472+ |       4 |     147 |       44 |      2 |    56 |   +17.8% |   -1.331 |      -63.2 |     84 | dpath.b_reg.out\[3\]$_DFFE_PP_/DE
     473+ |       4 |     147 |       44 |      2 |    56 |   +17.8% |   -1.331 |      -63.2 |     84 | dpath.b_reg.out\[3\]$_DFFE_PP_/DE
     474+ |       4 |     147 |       44 |      2 |    56 |   +17.8% |   -1.331 |      -63.2 |     84 | dpath.b_reg.out\[3\]$_DFFE_PP_/DE
     475+ |       4 |     147 |       44 |      2 |    56 |   +17.8% |   -1.331 |      -63.2 |     84 | dpath.b_reg.out\[3\]$_DFFE_PP_/DE
     476+ |       4 |     147 |       44 |      2 |    56 |   +17.8% |   -1.331 |      -63.2 |     84 | dpath.b_reg.out\[3\]$_DFFE_PP_/DE
     477+ |       4 |     147 |       44 |      2 |    56 |   +17.8% |   -1.331 |      -63.2 |     84 | dpath.b_reg.out\[3\]$_DFFE_PP_/DE
     478+ |       4 |     147 |       44 |      2 |    56 |   +17.8% |   -1.331 |      -63.2 |     84 | dpath.b_reg.out\[3\]$_DFFE_PP_/DE
     479+ |       4 |     147 |       44 |      2 |    56 |   +17.8% |   -1.331 |      -63.2 |     84 | dpath.b_reg.out\[3\]$_DFFE_PP_/DE
     480+ |       4 |     147 |       44 |      2 |    56 |   +17.8% |   -1.331 |      -63.2 |     84 | dpath.b_reg.out\[3\]$_DFFE_PP_/DE
     480+ |       4 |     147 |       44 |      2 |    56 |   +17.8% |   -1.331 |      -63.2 |     84 | dpath.b_reg.out\[3\]$_DFFE_PP_/DE
     481+ |       4 |     147 |       44 |      2 |    56 |   +17.8% |   -1.331 |      -63.2 |     84 | dpath.b_reg.out\[3\]$_DFFE_PP_/DE
     482+ |       4 |     147 |       44 |      2 |    56 |   +17.8% |   -1.331 |      -63.2 |     84 | dpath.b_reg.out\[3\]$_DFFE_PP_/DE
     483+ |       4 |     147 |       44 |      2 |    56 |   +17.8% |   -1.331 |      -63.2 |     84 | dpath.b_reg.out\[3\]$_DFFE_PP_/DE
     486+ |       4 |     149 |       44 |      2 |    56 |   +17.7% |   -1.331 |      -63.1 |     84 | dpath.b_reg.out\[3\]$_DFFE_PP_/DE
     487+ |       4 |     149 |       44 |      2 |    56 |   +17.7% |   -1.331 |      -63.1 |     84 | dpath.b_reg.out\[3\]$_DFFE_PP_/DE
     489+ |       4 |     150 |       44 |      2 |    56 |   +17.7% |   -1.331 |      -63.1 |     84 | dpath.b_reg.out\[3\]$_DFFE_PP_/DE
     490+ |       4 |     150 |       44 |      2 |    56 |   +17.7% |   -1.331 |      -63.1 |     84 | dpath.b_reg.out\[3\]$_DFFE_PP_/DE
     490+ |       4 |     150 |       44 |      2 |    56 |   +17.7% |   -1.331 |      -63.1 |     84 | dpath.b_reg.out\[3\]$_DFFE_PP_/DE
     491+ |       4 |     150 |       44 |      2 |    56 |   +17.7% |   -1.331 |      -63.1 |     84 | dpath.b_reg.out\[3\]$_DFFE_PP_/DE
     492+ |       4 |     150 |       44 |      2 |    56 |   +17.7% |   -1.331 |      -63.1 |     84 | dpath.b_reg.out\[3\]$_DFFE_PP_/DE
     493+ |       4 |     150 |       44 |      2 |    56 |   +17.7% |   -1.331 |      -63.1 |     84 | dpath.b_reg.out\[3\]$_DFFE_PP_/DE
     494+ |       4 |     150 |       44 |      2 |    56 |   +17.7% |   -1.331 |      -63.1 |     84 | dpath.b_reg.out\[3\]$_DFFE_PP_/DE
     495+ |       4 |     150 |       44 |      2 |    56 |   +17.7% |   -1.331 |      -63.1 |     84 | dpath.b_reg.out\[3\]$_DFFE_PP_/DE
     496+ |       4 |     150 |       44 |      2 |    56 |   +17.7% |   -1.331 |      -63.1 |     84 | dpath.b_reg.out\[3\]$_DFFE_PP_/DE
     498+ |       4 |     151 |       44 |      2 |    56 |   +17.7% |   -1.331 |      -63.1 |     84 | dpath.b_reg.out\[3\]$_DFFE_PP_/DE
     499+ |       4 |     151 |       44 |      2 |    56 |   +17.7% |   -1.331 |      -63.1 |     84 | dpath.b_reg.out\[3\]$_DFFE_PP_/DE
     500+ |       4 |     151 |       44 |      2 |    56 |   +17.7% |   -1.331 |      -63.1 |     84 | dpath.b_reg.out\[3\]$_DFFE_PP_/DE
     501+ |       4 |     152 |       44 |      2 |    56 |   +17.7% |   -1.331 |      -63.1 |     84 | dpath.b_reg.out\[3\]$_DFFE_PP_/DE
     502+ |       4 |     152 |       44 |      2 |    56 |   +17.7% |   -1.331 |      -63.1 |     84 | dpath.b_reg.out\[3\]$_DFFE_PP_/DE
     504+ |       4 |     153 |       44 |      2 |    56 |   +17.7% |   -1.331 |      -63.0 |     84 | dpath.b_reg.out\[3\]$_DFFE_PP_/DE
     505+ |       4 |     153 |       44 |      2 |    56 |   +17.7% |   -1.331 |      -63.0 |     84 | dpath.b_reg.out\[3\]$_DFFE_PP_/DE
     506+ |       4 |     153 |       44 |      2 |    56 |   +17.7% |   -1.331 |      -63.0 |     84 | dpath.b_reg.out\[3\]$_DFFE_PP_/DE
     507+ |       4 |     153 |       44 |      2 |    56 |   +17.7% |   -1.331 |      -63.0 |     84 | dpath.b_reg.out\[3\]$_DFFE_PP_/DE
     508+ |       4 |     153 |       44 |      2 |    56 |   +17.7% |   -1.331 |      -63.0 |     84 | dpath.b_reg.out\[3\]$_DFFE_PP_/DE
     509+ |       4 |     153 |       44 |      2 |    56 |   +17.7% |   -1.331 |      -63.0 |     84 | dpath.b_reg.out\[3\]$_DFFE_PP_/DE
     510+ |       4 |     153 |       44 |      2 |    56 |   +17.7% |   -1.331 |      -63.0 |     84 | dpath.b_reg.out\[3\]$_DFFE_PP_/DE
     510+ |       4 |     153 |       44 |      2 |    56 |   +17.7% |   -1.331 |      -63.0 |     84 | dpath.b_reg.out\[3\]$_DFFE_PP_/DE
     511+ |       4 |     153 |       44 |      2 |    56 |   +17.7% |   -1.331 |      -63.0 |     84 | dpath.b_reg.out\[3\]$_DFFE_PP_/DE
     512+ |       4 |     153 |       44 |      2 |    56 |   +17.7% |   -1.331 |      -63.0 |     84 | dpath.b_reg.out\[3\]$_DFFE_PP_/DE
     513+ |       4 |     153 |       44 |      2 |    56 |   +17.7% |   -1.331 |      -63.0 |     84 | dpath.b_reg.out\[3\]$_DFFE_PP_/DE
     514+ |       4 |     153 |       44 |      2 |    56 |   +17.7% |   -1.331 |      -63.0 |     84 | dpath.b_reg.out\[3\]$_DFFE_PP_/DE
     515+ |       4 |     153 |       44 |      2 |    56 |   +17.7% |   -1.331 |      -63.0 |     84 | dpath.b_reg.out\[3\]$_DFFE_PP_/DE
     516+ |       4 |     153 |       44 |      2 |    56 |   +17.7% |   -1.331 |      -63.0 |     84 | dpath.b_reg.out\[3\]$_DFFE_PP_/DE
     519+ |       4 |     155 |       44 |      2 |    56 |   +17.6% |   -1.331 |      -63.0 |     84 | dpath.b_reg.out\[3\]$_DFFE_PP_/DE
     520+ |       4 |     155 |       44 |      2 |    56 |   +17.6% |   -1.331 |      -63.0 |     84 | dpath.b_reg.out\[3\]$_DFFE_PP_/DE
     520+ |       4 |     155 |       44 |      2 |    56 |   +17.6% |   -1.331 |      -63.0 |     84 | dpath.b_reg.out\[3\]$_DFFE_PP_/DE
     521+ |       4 |     155 |       44 |      2 |    56 |   +17.6% |   -1.331 |      -63.0 |     84 | dpath.b_reg.out\[3\]$_DFFE_PP_/DE
     524+ |       4 |     157 |       44 |      2 |    56 |   +17.6% |   -1.331 |      -62.9 |     84 | dpath.b_reg.out\[3\]$_DFFE_PP_/DE
     525+ |       4 |     157 |       44 |      2 |    56 |   +17.6% |   -1.331 |      -62.9 |     84 | dpath.b_reg.out\[3\]$_DFFE_PP_/DE
     526+ |       4 |     157 |       44 |      2 |    56 |   +17.6% |   -1.331 |      -62.9 |     84 | dpath.b_reg.out\[3\]$_DFFE_PP_/DE
     528+ |       4 |     158 |       44 |      2 |    56 |   +17.7% |   -1.331 |      -62.9 |     84 | dpath.b_reg.out\[3\]$_DFFE_PP_/DE
     529+ |       4 |     158 |       44 |      2 |    56 |   +17.7% |   -1.331 |      -62.9 |     84 | dpath.b_reg.out\[3\]$_DFFE_PP_/DE
     530+ |       4 |     158 |       44 |      2 |    56 |   +17.7% |   -1.331 |      -62.9 |     84 | dpath.b_reg.out\[3\]$_DFFE_PP_/DE
     530+ |       4 |     158 |       44 |      2 |    56 |   +17.7% |   -1.331 |      -62.9 |     84 | dpath.b_reg.out\[3\]$_DFFE_PP_/DE
     531+ |       4 |     158 |       44 |      2 |    56 |   +17.7% |   -1.331 |      -62.9 |     84 | dpath.b_reg.out\[3\]$_DFFE_PP_/DE
     533+ |       4 |     159 |       44 |      2 |    56 |   +17.5% |   -1.331 |      -62.8 |     84 | dpath.b_reg.out\[3\]$_DFFE_PP_/DE
     535+ |       4 |     160 |       44 |      2 |    56 |   +17.6% |   -1.331 |      -62.8 |     84 | dpath.b_reg.out\[3\]$_DFFE_PP_/DE
     539+ |       4 |     163 |       44 |      2 |    56 |   +17.9% |   -1.331 |      -61.5 |     84 | dpath.b_reg.out\[3\]$_DFFE_PP_/DE
     540+ |       4 |     163 |       44 |      2 |    56 |   +17.9% |   -1.331 |      -61.5 |     84 | dpath.b_reg.out\[3\]$_DFFE_PP_/DE
     540+ |       4 |     163 |       44 |      2 |    56 |   +17.9% |   -1.331 |      -61.5 |     84 | dpath.b_reg.out\[3\]$_DFFE_PP_/DE
     541+ |       4 |     163 |       44 |      2 |    56 |   +17.9% |   -1.331 |      -61.5 |     84 | dpath.b_reg.out\[3\]$_DFFE_PP_/DE
     542+ |       4 |     163 |       44 |      2 |    56 |   +17.9% |   -1.331 |      -61.5 |     84 | dpath.b_reg.out\[3\]$_DFFE_PP_/DE
     543+ |       4 |     163 |       44 |      2 |    56 |   +17.9% |   -1.331 |      -61.5 |     84 | dpath.b_reg.out\[3\]$_DFFE_PP_/DE
     544+ |       4 |     163 |       44 |      2 |    56 |   +17.9% |   -1.331 |      -61.5 |     84 | dpath.b_reg.out\[3\]$_DFFE_PP_/DE
     545+ |       4 |     163 |       44 |      2 |    56 |   +17.9% |   -1.331 |      -61.5 |     84 | dpath.b_reg.out\[3\]$_DFFE_PP_/DE
     546+ |       4 |     163 |       44 |      2 |    56 |   +17.9% |   -1.331 |      -61.5 |     84 | dpath.b_reg.out\[3\]$_DFFE_PP_/DE
     547+ |       4 |     163 |       44 |      2 |    56 |   +17.9% |   -1.331 |      -61.5 |     84 | dpath.b_reg.out\[3\]$_DFFE_PP_/DE
     548+ |       4 |     163 |       44 |      2 |    56 |   +17.9% |   -1.331 |      -61.5 |     84 | dpath.b_reg.out\[3\]$_DFFE_PP_/DE
     549+ |       4 |     163 |       44 |      2 |    56 |   +17.9% |   -1.331 |      -61.5 |     84 | dpath.b_reg.out\[3\]$_DFFE_PP_/DE
     550+ |       4 |     163 |       44 |      2 |    56 |   +17.9% |   -1.331 |      -61.5 |     84 | dpath.b_reg.out\[3\]$_DFFE_PP_/DE
     550+ |       4 |     163 |       44 |      2 |    56 |   +17.9% |   -1.331 |      -61.5 |     84 | dpath.b_reg.out\[3\]$_DFFE_PP_/DE
     551+ |       4 |     163 |       44 |      2 |    56 |   +17.9% |   -1.331 |      -61.5 |     84 | dpath.b_reg.out\[3\]$_DFFE_PP_/DE
     552+ |       4 |     163 |       44 |      2 |    56 |   +17.9% |   -1.331 |      -61.5 |     84 | dpath.b_reg.out\[3\]$_DFFE_PP_/DE
     553+ |       4 |     163 |       44 |      2 |    56 |   +17.9% |   -1.331 |      -61.5 |     84 | dpath.b_reg.out\[3\]$_DFFE_PP_/DE
     554+ |       4 |     163 |       44 |      2 |    56 |   +17.9% |   -1.331 |      -61.5 |     84 | dpath.b_reg.out\[3\]$_DFFE_PP_/DE
     556+ |       4 |     164 |       44 |      2 |    56 |   +18.0% |   -1.331 |      -61.5 |     84 | dpath.b_reg.out\[3\]$_DFFE_PP_/DE
     557+ |       4 |     164 |       44 |      2 |    56 |   +18.0% |   -1.331 |      -61.5 |     84 | dpath.b_reg.out\[3\]$_DFFE_PP_/DE
     558+ |       4 |     164 |       44 |      2 |    56 |   +18.0% |   -1.331 |      -61.5 |     84 | dpath.b_reg.out\[3\]$_DFFE_PP_/DE
     560+ |       4 |     165 |       44 |      2 |    56 |   +18.1% |   -1.331 |      -61.5 |     84 | dpath.b_reg.out\[3\]$_DFFE_PP_/DE
     560+ |       4 |     165 |       44 |      2 |    56 |   +18.1% |   -1.331 |      -61.5 |     84 | dpath.b_reg.out\[3\]$_DFFE_PP_/DE
     562+ |       4 |     166 |       44 |      2 |    56 |   +18.2% |   -1.331 |      -61.5 |     84 | dpath.b_reg.out\[3\]$_DFFE_PP_/DE
     563+ |       4 |     166 |       44 |      2 |    56 |   +18.2% |   -1.331 |      -61.5 |     84 | dpath.b_reg.out\[3\]$_DFFE_PP_/DE
     564+ |       4 |     166 |       44 |      2 |    56 |   +18.2% |   -1.331 |      -61.5 |     84 | dpath.b_reg.out\[3\]$_DFFE_PP_/DE
     565+ |       4 |     166 |       44 |      2 |    56 |   +18.2% |   -1.331 |      -61.5 |     84 | dpath.b_reg.out\[3\]$_DFFE_PP_/DE
     566+ |       4 |     166 |       44 |      2 |    56 |   +18.2% |   -1.331 |      -61.5 |     84 | dpath.b_reg.out\[3\]$_DFFE_PP_/DE
     567+ |       4 |     166 |       44 |      2 |    56 |   +18.2% |   -1.331 |      -61.5 |     84 | dpath.b_reg.out\[3\]$_DFFE_PP_/DE
     568+ |       4 |     166 |       44 |      2 |    56 |   +18.2% |   -1.331 |      -61.5 |     84 | dpath.b_reg.out\[3\]$_DFFE_PP_/DE
     569+ |       4 |     166 |       44 |      2 |    56 |   +18.2% |   -1.331 |      -61.5 |     84 | dpath.b_reg.out\[3\]$_DFFE_PP_/DE
     570+ |       4 |     166 |       44 |      2 |    56 |   +18.2% |   -1.331 |      -61.5 |     84 | dpath.b_reg.out\[3\]$_DFFE_PP_/DE
     570+ |       4 |     166 |       44 |      2 |    56 |   +18.2% |   -1.331 |      -61.5 |     84 | dpath.b_reg.out\[3\]$_DFFE_PP_/DE
     571+ |       4 |     166 |       44 |      2 |    56 |   +18.2% |   -1.331 |      -61.5 |     84 | dpath.b_reg.out\[3\]$_DFFE_PP_/DE
     572+ |       4 |     166 |       44 |      2 |    56 |   +18.2% |   -1.331 |      -61.5 |     84 | dpath.b_reg.out\[3\]$_DFFE_PP_/DE
     573+ |       4 |     166 |       44 |      2 |    56 |   +18.2% |   -1.331 |      -61.5 |     84 | dpath.b_reg.out\[3\]$_DFFE_PP_/DE
     574+ |       4 |     166 |       44 |      2 |    56 |   +18.2% |   -1.331 |      -61.5 |     84 | dpath.b_reg.out\[3\]$_DFFE_PP_/DE
    final |       4 |     166 |       44 |      2 |    56 |   +18.2% |   -1.331 |      -61.5 |     84 | dpath.b_reg.out\[3\]$_DFFE_PP_/DE
------------------------------------------------------------------------------------------------------------------------------
[INFO RSZ-0059] Removed 4 buffers.
[INFO RSZ-0040] Inserted 44 buffers.
[INFO RSZ-0051] Resized 166 instances: 166 up, 0 up match, 0 down, 0 VT
[INFO RSZ-0043] Swapped pins on 56 instances.
[INFO RSZ-0049] Cloned 2 instances.
[WARNING RSZ-0062] Unable to repair all setup violations.
[INFO RSZ-0505] Runtime: 2.79s
[INFO RSZ-0033] No hold violations found.
[INFO RSZ-0506] Runtime: 0.00s
Warning: master sky130_ef_sc_hd__decap_12 has signal pins but no liberty cell
Elapsed time: 0:02.23[h:]min:sec. CPU time: user 0.34 sys 0.03 (16%). Peak memory: 20444KB.
Repair timing output passed lec test
detailed_placement
[INFO DPL-0006] Core area: 6060.81 um^2
[INFO DPL-0007] Movable instances area: 4853.40 um^2
[INFO DPL-0008] Fixed instances area within core: 93.84 um^2
[INFO DPL-0009] Utilization: 81.6%
[INFO DPL-0005] Diamond search max displacement: +/- 500 sites horizontally, +/- 100 rows vertically.
[INFO DPL-1102] Legalizing using negotiation legalizer.
[INFO DPL-1103] Negotiation base search window: +/-20 sites horizontally, +/-5 rows vertically 
	Automatic search window extension enabled.
	Search window extendable up to the max displacement cap of +/-500 sites, +/-100 rows near walls.
[INFO DPL-1104] NegotiationLegalizer DRC penalty: 5.
[INFO DPL-0392] Negotiation cell height distribution (1 unique row-count(s)):
[INFO DPL-0393]   height 1 row(s): 532 cells
          |      Total |  Illegal |  Illegal
Iteration | Violations |    Cells |    Sites
---------------------------------------------
        0 |        589 |       103 |       465
        1 |        279 |        51 |       228
        2 |        169 |        23 |       146
        3 |        121 |        17 |       104
        4 |         74 |        10 |        64
        5 |         40 |         6 |        34
        6 |         50 |         8 |        42
        7 |         24 |         4 |        20
        8 |          0 |         0 |         0
Negotiation phase 1 converged at iteration 8.
[INFO DPL-0500] Runtime: 0.04s
Detailed Placement Analysis
---------------------------------
legalizer            negotiation
total moves                 673
total displacement        812.1 u
average displacement        1.5 u
max displacement           15.9 u
original HPWL            6508.0 u
legalized HPWL           7244.3 u
delta HPWL                   11 %

estimate_parasitics -placement
Report metrics stage 4, cts final...

==========================================================================
cts final report_design_area
--------------------------------------------------------------------------
Design area 4947 um^2 82% utilization.
write_db ./results/sky130hd/gcd/base/4_1_cts.odb
write_sdc -no_timestamp ./results/sky130hd/gcd/base/4_cts.sdc
Elapsed time: 0:06.32[h:]min:sec. CPU time: user 3.55 sys 0.66 (66%). Peak memory: 156656KB.
Log                    Ext     Elapsed      CPU     CPU/ Peak Mem sha1sum
                                     s        s  Elapsed       MB [0:10)
4_1_cts                .odb          2        0     0.17       19 46f21c379e
