OpenROAD unknown 
Features included (+) or not (-): -GPU +GUI -Python
This program is licensed under the BSD-3 license. See the LICENSE file for details.
Components of this program may be licensed under more restrictive licenses which must be honored.
[INFO ORD-0030] Using 2 thread(s).
read_liberty /OpenROAD-flow-scripts/flow/platforms/sky130hd/lib/sky130_fd_sc_hd__tt_025C_1v80.lib
read_db -hier ./results/sky130hd/gcd/base/4_cts.odb
[WARNING ORD-0012] Hierarchical flow (-hier) is currently in development and may cause multiple issues. Do not use in production environments.
read_sdc ./results/sky130hd/gcd/base/4_cts.sdc
source /OpenROAD-flow-scripts/flow/platforms/sky130hd/setRC.tcl
pin_access
[INFO DRT-0149] Reading tech and libs.
[WARNING DRT-0349] LEF58_ENCLOSURE with no CUTCLASS is not supported. Skipping for layer mcon
[WARNING DRT-0349] LEF58_ENCLOSURE with no CUTCLASS is not supported. Skipping for layer mcon
[WARNING DRT-0349] LEF58_ENCLOSURE with no CUTCLASS is not supported. Skipping for layer via
[WARNING DRT-0349] LEF58_ENCLOSURE with no CUTCLASS is not supported. Skipping for layer via
[WARNING DRT-0349] LEF58_ENCLOSURE with no CUTCLASS is not supported. Skipping for layer via2
[WARNING DRT-0349] LEF58_ENCLOSURE with no CUTCLASS is not supported. Skipping for layer via2
[WARNING DRT-0349] LEF58_ENCLOSURE with no CUTCLASS is not supported. Skipping for layer via3
[WARNING DRT-0349] LEF58_ENCLOSURE with no CUTCLASS is not supported. Skipping for layer via3
[WARNING DRT-0349] LEF58_ENCLOSURE with no CUTCLASS is not supported. Skipping for layer via4
[WARNING DRT-0349] LEF58_ENCLOSURE with no CUTCLASS is not supported. Skipping for layer via4

Units:                1000
Number of layers:     13
Number of macros:     441
Number of vias:       29
Number of viarulegen: 25

[INFO DRT-0150] Reading design.

Design:                   gcd
Die area:                 ( 0 0 ) ( 82165 82165 )
Number of track patterns: 12
Number of DEF vias:       0
Number of components:     532
Number of terminals:      56
Number of snets:          2
Number of nets:           490

[INFO DRT-0167] List of default vias:
  Layer via
    default via: M1M2_PR
  Layer via2
    default via: M2M3_PR
  Layer via3
    default via: M3M4_PR
  Layer via4
    default via: M4M5_PR
[INFO DRT-0162] Library cell analysis.
[INFO DRT-0163] Instance analysis.
[INFO DRT-0164] Number of unique instances = 94.
[INFO DRT-0168] Init region query.
[INFO DRT-0024]   Complete FR_MASTERSLICE.
[INFO DRT-0024]   Complete Fr_VIA.
[INFO DRT-0024]   Complete li1.
[INFO DRT-0024]   Complete mcon.
[INFO DRT-0024]   Complete met1.
[INFO DRT-0024]   Complete via.
[INFO DRT-0024]   Complete met2.
[INFO DRT-0024]   Complete via2.
[INFO DRT-0024]   Complete met3.
[INFO DRT-0024]   Complete via3.
[INFO DRT-0024]   Complete met4.
[INFO DRT-0024]   Complete via4.
[INFO DRT-0024]   Complete met5.
[INFO DRT-0033] FR_MASTERSLICE shape region query size = 0.
[INFO DRT-0033] FR_VIA shape region query size = 0.
[INFO DRT-0033] li1 shape region query size = 13362.
[INFO DRT-0033] mcon shape region query size = 8340.
[INFO DRT-0033] met1 shape region query size = 1818.
[INFO DRT-0033] via shape region query size = 365.
[INFO DRT-0033] met2 shape region query size = 242.
[INFO DRT-0033] via2 shape region query size = 292.
[INFO DRT-0033] met3 shape region query size = 250.
[INFO DRT-0033] via3 shape region query size = 292.
[INFO DRT-0033] met4 shape region query size = 91.
[INFO DRT-0033] via4 shape region query size = 13.
[INFO DRT-0033] met5 shape region query size = 23.
[INFO DRT-0165] Start pin access.
[INFO DRT-0078]   Complete 697 pins.
[INFO DRT-0081]   Complete 94 unique inst patterns.
[INFO DRT-0084]   Complete 236 groups.
#scanned instances     = 532
#unique  instances     = 94
#stdCellGenAp          = 2616
#stdCellValidPlanarAp  = 16
#stdCellValidViaAp     = 1909
#stdCellPinNoAp        = 0
#stdCellPinCnt         = 1348
#instTermValidViaApCnt = 0
#macroGenAp            = 0
#macroValidPlanarAp    = 0
#macroValidViaAp       = 0
#macroNoAp             = 0
[INFO DRT-0166] Complete pin access.
[INFO DRT-0267] cpu time = 00:00:37, elapsed time = 00:00:20, memory = 113.21 (MB), peak = 112.88 (MB)
Took 21 seconds: pin_access
global_route -congestion_report_file ./reports/sky130hd/gcd/base/congestion.rpt -congestion_iterations 30 -congestion_report_iter_step 5 -verbose
[INFO GRT-0020] Min routing layer: met1
[INFO GRT-0021] Max routing layer: met5
[INFO GRT-0022] Global adjustment: 0%
[INFO GRT-0023] Grid origin: (0, 0)
[INFO GRT-0088] Layer li1     Track-Pitch = 0.4600  line-2-Via Pitch: 0.3400
[INFO GRT-0088] Layer met1    Track-Pitch = 0.3400  line-2-Via Pitch: 0.3400
[INFO GRT-0088] Layer met2    Track-Pitch = 0.4600  line-2-Via Pitch: 0.3500
[INFO GRT-0088] Layer met3    Track-Pitch = 0.6800  line-2-Via Pitch: 0.6150
[INFO GRT-0088] Layer met4    Track-Pitch = 0.9200  line-2-Via Pitch: 1.0400
[INFO GRT-0088] Layer met5    Track-Pitch = 3.4000  line-2-Via Pitch: 3.1100
[INFO GRT-0003] Macros: 0
[INFO GRT-0004] Blockages: 973
[INFO GRT-0019] Found 6 clock nets.
[INFO GRT-0001] Minimum degree: 2
[INFO GRT-0002] Maximum degree: 23

[INFO GRT-0053] Routing resources analysis:
          Routing      Original      Derated      Resource
Layer     Direction    Resources     Resources    Reduction (%)
---------------------------------------------------------------
li1        Vertical            0             0          0.00%
met1       Horizontal       1854          1451          21.74%
met2       Vertical         1560          1210          22.44%
met3       Horizontal       1155           910          21.21%
met4       Vertical          760           570          25.00%
met5       Horizontal        190           120          36.84%
---------------------------------------------------------------

[INFO GRT-0197] Via related to pin nodes: 2181
[INFO GRT-0198] Via related Steiner nodes: 30
[INFO GRT-0199] Via filling finished.
[INFO GRT-0111] Final number of vias: 2659
[INFO GRT-0112] Final usage 3D: 9097

[INFO GRT-0096] Final congestion report:
Layer         Resource        Demand        Usage (%)    Max H / Max V / Total Congestion
---------------------------------------------------------------------------------------
li1                  0             0            0.00%             0 /  0 /  0
met1              1451           518           35.70%             0 /  0 /  0
met2              1210           519           42.89%             0 /  0 /  0
met3               910            43            4.73%             0 /  0 /  0
met4               570            40            7.02%             0 /  0 /  0
met5               120             0            0.00%             0 /  0 /  0
---------------------------------------------------------------------------------------
Total             4261          1120           26.28%             0 /  0 /  0

[INFO GRT-0018] Total wirelength: 12999 um
[INFO GRT-0014] Routed nets: 490
[INFO GRT-0303] Global routing runtime = 00:00:00
[WARNING STA-0450] virtual clock vclk_core_clock can not be propagated.
estimate_parasitics -global_routing
Perform buffer insertion and gate resizing...
repair_design -verbose
Iteration |   Area    | Resized | Buffers | Nets repaired | Remaining
---------------------------------------------------------------------
        0 |     +0.0% |       0 |       0 |             0 |       495
       10 |     +0.0% |       0 |       0 |             0 |       485
       20 |     +0.0% |       0 |       0 |             0 |       475
       30 |     +0.0% |       0 |       0 |             0 |       465
       40 |     +0.0% |       0 |       0 |             0 |       455
       50 |     +0.0% |       0 |       0 |             0 |       445
       60 |     +0.0% |       0 |       0 |             0 |       435
       70 |     +0.0% |       0 |       0 |             0 |       425
       80 |     +0.0% |       0 |       0 |             0 |       415
       90 |     +0.0% |       0 |       0 |             0 |       405
      100 |     +0.0% |       0 |       0 |             0 |       395
      110 |     +0.0% |       0 |       0 |             0 |       385
      120 |     +0.0% |       0 |       0 |             0 |       375
      130 |     +0.0% |       0 |       0 |             0 |       365
      140 |     +0.0% |       0 |       0 |             0 |       355
      150 |     +0.0% |       0 |       0 |             0 |       345
      160 |     +0.0% |       0 |       0 |             0 |       335
      170 |     +0.0% |       0 |       0 |             0 |       325
      180 |     +0.0% |       0 |       0 |             0 |       315
      190 |     +0.0% |       0 |       0 |             0 |       305
      200 |     +0.0% |       0 |       0 |             0 |       295
      210 |     +0.0% |       0 |       0 |             0 |       285
      220 |     +0.0% |       0 |       0 |             0 |       275
      230 |     +0.0% |       0 |       0 |             0 |       265
      240 |     +0.0% |       0 |       0 |             0 |       255
      250 |     +0.0% |       0 |       0 |             0 |       245
      260 |     +0.0% |       0 |       0 |             0 |       235
      270 |     +0.0% |       0 |       0 |             0 |       225
      280 |     +0.0% |       0 |       0 |             0 |       215
      290 |     +0.0% |       0 |       0 |             0 |       205
      300 |     +0.0% |       0 |       0 |             0 |       195
      310 |     +0.0% |       0 |       0 |             0 |       185
      320 |     +0.0% |       0 |       0 |             0 |       175
      330 |     +0.0% |       0 |       0 |             0 |       165
      340 |     +0.0% |       0 |       0 |             0 |       155
      350 |     +0.0% |       0 |       0 |             0 |       145
      360 |     +0.0% |       0 |       0 |             0 |       135
      370 |     +0.0% |       0 |       0 |             0 |       125
      380 |     +0.0% |       0 |       0 |             0 |       115
      390 |     +0.0% |       0 |       0 |             0 |       105
      400 |     +0.0% |       0 |       0 |             0 |        95
      410 |     +0.0% |       0 |       0 |             0 |        85
      420 |     +0.0% |       0 |       0 |             0 |        75
      430 |     +0.0% |       0 |       0 |             0 |        65
      440 |     +0.0% |       0 |       0 |             0 |        55
      450 |     +0.0% |       0 |       0 |             0 |        45
      460 |     +0.0% |       0 |       0 |             0 |        35
      470 |     +0.0% |       0 |       0 |             0 |        25
      480 |     +0.0% |       0 |       0 |             0 |        15
      490 |     +0.0% |       0 |       0 |             0 |         5
    final |     +0.0% |       0 |       0 |             0 |         0
---------------------------------------------------------------------
[INFO RSZ-0504] Runtime: 0.06s
global_route -start_incremental
detailed_placement
[INFO DPL-0006] Core area: 6060.81 um^2
[INFO DPL-0007] Movable instances area: 4853.40 um^2
[INFO DPL-0008] Fixed instances area within core: 93.84 um^2
[INFO DPL-0009] Utilization: 81.6%
[INFO DPL-0005] Diamond search max displacement: +/- 500 sites horizontally, +/- 100 rows vertically.
[INFO DPL-1102] Legalizing using negotiation legalizer.
[INFO DPL-1103] Negotiation base search window: +/-20 sites horizontally, +/-5 rows vertically 
	Automatic search window extension enabled.
	Search window extendable up to the max displacement cap of +/-500 sites, +/-100 rows near walls.
[INFO DPL-1104] NegotiationLegalizer DRC penalty: 5.
[INFO DPL-0392] Negotiation cell height distribution (1 unique row-count(s)):
[INFO DPL-0393]   height 1 row(s): 532 cells
[INFO DPL-0500] Runtime: 0.00s
Detailed Placement Analysis
---------------------------------
legalizer            negotiation
total moves                   0
total displacement          0.0 u
average displacement        0.0 u
max displacement            0.0 u
original HPWL            7244.3 u
legalized HPWL           7244.3 u
delta HPWL                    0 %

global_route -end_incremental -congestion_report_file ./reports/sky130hd/gcd/base/congestion_post_repair_design.rpt
Repair setup and hold violations...
estimate_parasitics -global_routing
repair_timing -setup_margin 0 -hold_margin 0 -repair_tns 100 -verbose
[INFO RSZ-0100] Repair move sequence: UnbufferMove SizeUpMove SwapPinsMove BufferMove CloneMove SplitLoadMove 
[INFO RSZ-0094] Found 84 endpoints with setup violations.
[INFO RSZ-0099] Repairing 84 out of 84 (100.00%) violating endpoints...
   Iter   | Removed | Resized | Inserted | Cloned |  Pin  |   Area   |    WNS   |    TNS     |  Viol  |  Worst
          | Buffers |  Gates  | Buffers  |  Gates | Swaps |          |          |            | Endpts | Endpoint
------------------------------------------------------------------------------------------------------------------------------
       0* |       0 |       0 |        0 |      0 |     0 |    +0.0% |   -1.550 |      -70.9 |     84 | dpath.b_reg.out\[3\]$_DFFE_PP_/DE
      10* |       0 |       7 |        0 |      0 |     2 |    +0.9% |   -1.476 |      -68.6 |     84 | dpath.a_reg.out\[11\]$_DFFE_PP_/D
      20* |       0 |      11 |        2 |      0 |     6 |    +1.8% |   -1.426 |      -67.7 |     84 | dpath.b_reg.out\[3\]$_DFFE_PP_/DE
      24* |       0 |      11 |        2 |      0 |     6 |    +1.8% |   -1.426 |      -67.7 |     84 | dpath.b_reg.out\[3\]$_DFFE_PP_/DE
      29* |       0 |      13 |        3 |      0 |     7 |    +2.3% |   -1.426 |      -67.5 |     84 | dpath.a_reg.out\[11\]$_DFFE_PP_/D
      30* |       0 |      13 |        3 |      0 |     7 |    +2.3% |   -1.426 |      -67.5 |     84 | dpath.a_reg.out\[11\]$_DFFE_PP_/D
      30* |       0 |      13 |        3 |      0 |     7 |    +2.3% |   -1.426 |      -67.5 |     84 | dpath.a_reg.out\[11\]$_DFFE_PP_/D
      31* |       0 |      13 |        3 |      0 |     7 |    +2.3% |   -1.426 |      -67.5 |     84 | dpath.a_reg.out\[11\]$_DFFE_PP_/D
      32* |       0 |      13 |        3 |      0 |     7 |    +2.3% |   -1.426 |      -67.5 |     84 | dpath.a_reg.out\[11\]$_DFFE_PP_/D
      33* |       0 |      13 |        3 |      0 |     7 |    +2.3% |   -1.426 |      -67.5 |     84 | dpath.a_reg.out\[11\]$_DFFE_PP_/D
      34* |       0 |      13 |        3 |      0 |     7 |    +2.3% |   -1.426 |      -67.5 |     84 | dpath.a_reg.out\[11\]$_DFFE_PP_/D
      35* |       0 |      13 |        3 |      0 |     7 |    +2.3% |   -1.426 |      -67.5 |     84 | dpath.a_reg.out\[11\]$_DFFE_PP_/D
      36* |       0 |      13 |        3 |      0 |     7 |    +2.3% |   -1.426 |      -67.5 |     84 | dpath.a_reg.out\[11\]$_DFFE_PP_/D
      37* |       0 |      13 |        3 |      0 |     7 |    +2.3% |   -1.426 |      -67.5 |     84 | dpath.a_reg.out\[11\]$_DFFE_PP_/D
      38* |       0 |      13 |        3 |      0 |     7 |    +2.3% |   -1.426 |      -67.5 |     84 | dpath.a_reg.out\[11\]$_DFFE_PP_/D
      39* |       0 |      13 |        3 |      0 |     7 |    +2.3% |   -1.426 |      -67.5 |     84 | dpath.a_reg.out\[11\]$_DFFE_PP_/D
      40* |       0 |      13 |        3 |      0 |     7 |    +2.3% |   -1.426 |      -67.5 |     84 | dpath.a_reg.out\[11\]$_DFFE_PP_/D
      41* |       1 |      13 |        3 |      0 |     7 |    +1.7% |   -1.426 |      -67.1 |     84 | dpath.a_reg.out\[11\]$_DFFE_PP_/D
      42* |       1 |      13 |        3 |      0 |     7 |    +1.7% |   -1.426 |      -67.1 |     84 | dpath.a_reg.out\[11\]$_DFFE_PP_/D
      43* |       1 |      13 |        3 |      0 |     7 |    +1.7% |   -1.426 |      -67.1 |     84 | dpath.a_reg.out\[11\]$_DFFE_PP_/D
      44* |       1 |      13 |        3 |      0 |     7 |    +1.7% |   -1.426 |      -67.1 |     84 | dpath.a_reg.out\[11\]$_DFFE_PP_/D
      50* |       1 |      13 |        3 |      0 |    12 |    +1.7% |   -1.426 |      -66.9 |     84 | dpath.a_reg.out\[11\]$_DFFE_PP_/D
      60* |       2 |      17 |        4 |      0 |    16 |    +2.3% |   -1.431 |      -66.8 |     84 | dpath.b_reg.out\[3\]$_DFFE_PP_/DE
      60* |       2 |      16 |        4 |      0 |    16 |    +2.2% |   -1.426 |      -66.8 |     84 | dpath.a_reg.out\[11\]$_DFFE_PP_/D
      70* |       2 |      17 |        7 |      0 |    21 |    +2.7% |   -1.431 |      -66.6 |     84 | dpath.b_reg.out\[3\]$_DFFE_PP_/DE
      80* |       3 |      21 |        8 |      0 |    25 |    +3.0% |   -1.437 |      -66.6 |     84 | dpath.b_reg.out\[3\]$_DFFE_PP_/DE
      85* |       2 |      16 |        4 |      0 |    17 |    +2.2% |   -1.426 |      -66.7 |     84 | dpath.a_reg.out\[11\]$_DFFE_PP_/D
      90* |       2 |      19 |        5 |      0 |    17 |    +2.6% |   -1.431 |      -66.4 |     84 | dpath.b_reg.out\[3\]$_DFFE_PP_/DE
     100* |       3 |      22 |        6 |      0 |    22 |    +2.7% |   -1.430 |      -66.2 |     84 | dpath.b_reg.out\[3\]$_DFFE_PP_/DE
     110* |       3 |      25 |       12 |      0 |    25 |    +3.8% |   -1.454 |      -67.3 |     84 | dpath.a_reg.out\[15\]$_DFFE_PP_/D
     113* |       2 |      16 |        4 |      0 |    17 |    +2.2% |   -1.426 |      -66.7 |     84 | dpath.a_reg.out\[11\]$_DFFE_PP_/D
     120* |       3 |      20 |        5 |      0 |    17 |    +2.4% |   -1.435 |      -66.1 |     84 | dpath.b_reg.out\[3\]$_DFFE_PP_/DE
     130* |       3 |      25 |        7 |      0 |    20 |    +3.1% |   -1.430 |      -66.2 |     84 | dpath.b_reg.out\[3\]$_DFFE_PP_/DE
     131* |       3 |      21 |        6 |      0 |    17 |    +2.6% |   -1.426 |      -66.2 |     84 | dpath.b_reg.out\[3\]$_DFFE_PP_/DE
     140* |       3 |      27 |        7 |      0 |    18 |    +3.3% |   -1.430 |      -65.9 |     84 | dpath.b_reg.out\[3\]$_DFFE_PP_/DE
     141* |       3 |      28 |        7 |      0 |    18 |    +3.3% |   -1.409 |      -65.6 |     84 | dpath.b_reg.out\[3\]$_DFFE_PP_/DE
     144* |       3 |      28 |        7 |      0 |    18 |    +3.3% |   -1.409 |      -65.6 |     84 | dpath.b_reg.out\[3\]$_DFFE_PP_/DE
     148* |       3 |      28 |        7 |      0 |    21 |    +3.3% |   -1.409 |      -65.5 |     84 | dpath.b_reg.out\[3\]$_DFFE_PP_/DE
     150* |       3 |      28 |        7 |      0 |    22 |    +3.3% |   -1.409 |      -65.5 |     84 | dpath.b_reg.out\[3\]$_DFFE_PP_/DE
     150* |       3 |      28 |        7 |      0 |    21 |    +3.3% |   -1.409 |      -65.5 |     84 | dpath.b_reg.out\[3\]$_DFFE_PP_/DE
     152* |       3 |      28 |        7 |      0 |    21 |    +3.3% |   -1.409 |      -65.5 |     84 | dpath.b_reg.out\[3\]$_DFFE_PP_/DE
     156* |       4 |      28 |        7 |      0 |    22 |    +3.1% |   -1.409 |      -65.5 |     84 | dpath.b_reg.out\[3\]$_DFFE_PP_/DE
     158* |       4 |      28 |        7 |      0 |    22 |    +3.1% |   -1.409 |      -65.5 |     84 | dpath.b_reg.out\[3\]$_DFFE_PP_/DE
     160* |       4 |      28 |        7 |      0 |    23 |    +3.1% |   -1.409 |      -65.5 |     84 | dpath.b_reg.out\[3\]$_DFFE_PP_/DE
     160* |       4 |      28 |        7 |      0 |    23 |    +3.1% |   -1.409 |      -65.5 |     84 | dpath.b_reg.out\[3\]$_DFFE_PP_/DE
     170* |       5 |      30 |        8 |      0 |    28 |    +3.2% |   -1.413 |      -65.3 |     84 | dpath.b_reg.out\[3\]$_DFFE_PP_/DE
     170* |       4 |      28 |        8 |      0 |    27 |    +3.3% |   -1.409 |      -65.4 |     84 | dpath.b_reg.out\[3\]$_DFFE_PP_/DE
     180* |       5 |      33 |        9 |      0 |    29 |    +3.5% |   -1.447 |      -66.0 |     84 | dpath.b_reg.out\[3\]$_DFFE_PP_/DE
     182* |       4 |      28 |        8 |      0 |    27 |    +3.3% |   -1.409 |      -65.4 |     84 | dpath.b_reg.out\[3\]$_DFFE_PP_/DE
     184* |       4 |      28 |        8 |      0 |    27 |    +3.3% |   -1.409 |      -65.4 |     84 | dpath.b_reg.out\[3\]$_DFFE_PP_/DE
     190* |       4 |      29 |       10 |      0 |    29 |    +3.7% |   -1.406 |      -65.0 |     84 | dpath.a_reg.out\[11\]$_DFFE_PP_/D
     193* |       4 |      31 |       10 |      0 |    30 |    +3.8% |   -1.406 |      -65.1 |     84 | dpath.a_reg.out\[11\]$_DFFE_PP_/D
     200* |       4 |      35 |       11 |      0 |    31 |    +4.4% |   -1.406 |      -65.5 |     84 | dpath.a_reg.out\[11\]$_DFFE_PP_/D
     200* |       4 |      35 |       11 |      0 |    31 |    +4.4% |   -1.406 |      -65.5 |     84 | dpath.a_reg.out\[11\]$_DFFE_PP_/D
     202* |       4 |      35 |       12 |      0 |    31 |    +4.6% |   -1.406 |      -65.7 |     84 | dpath.b_reg.out\[3\]$_DFFE_PP_/DE
     207* |       4 |      35 |       12 |      0 |    31 |    +4.6% |   -1.406 |      -65.7 |     84 | dpath.b_reg.out\[3\]$_DFFE_PP_/DE
     208* |       4 |      35 |       12 |      0 |    31 |    +4.6% |   -1.406 |      -65.7 |     84 | dpath.b_reg.out\[3\]$_DFFE_PP_/DE
     210* |       4 |      35 |       13 |      0 |    31 |    +4.7% |   -1.406 |      -65.7 |     84 | dpath.b_reg.out\[3\]$_DFFE_PP_/DE
     213* |       4 |      37 |       14 |      0 |    31 |    +5.1% |   -1.406 |      -65.6 |     84 | dpath.b_reg.out\[3\]$_DFFE_PP_/DE
     214* |       4 |      37 |       14 |      0 |    31 |    +5.1% |   -1.406 |      -65.6 |     84 | dpath.b_reg.out\[3\]$_DFFE_PP_/DE
     219* |       4 |      38 |       14 |      0 |    31 |    +5.1% |   -1.406 |      -65.4 |     84 | dpath.b_reg.out\[3\]$_DFFE_PP_/DE
     220* |       4 |      38 |       14 |      0 |    31 |    +5.1% |   -1.406 |      -65.4 |     84 | dpath.b_reg.out\[3\]$_DFFE_PP_/DE
     222* |       4 |      40 |       14 |      0 |    31 |    +5.3% |   -1.406 |      -65.4 |     84 | dpath.b_reg.out\[3\]$_DFFE_PP_/DE
     229* |       5 |      44 |       14 |      0 |    31 |    +5.3% |   -1.406 |      -65.4 |     84 | dpath.b_reg.out\[3\]$_DFFE_PP_/DE
     230* |       5 |      44 |       14 |      0 |    31 |    +5.3% |   -1.406 |      -65.4 |     84 | dpath.b_reg.out\[3\]$_DFFE_PP_/DE
     234* |       5 |      45 |       14 |      0 |    31 |    +5.4% |   -1.406 |      -65.4 |     84 | dpath.b_reg.out\[3\]$_DFFE_PP_/DE
     240* |       5 |      48 |       15 |      0 |    32 |    +5.9% |   -1.412 |      -65.7 |     84 | dpath.a_reg.out\[11\]$_DFFE_PP_/D
     242* |       5 |      47 |       14 |      0 |    32 |    +5.7% |   -1.406 |      -65.3 |     84 | dpath.b_reg.out\[3\]$_DFFE_PP_/DE
     250* |       5 |      50 |       16 |      0 |    34 |    +6.3% |   -1.411 |      -65.7 |     84 | dpath.a_reg.out\[11\]$_DFFE_PP_/D
     250* |       5 |      47 |       15 |      0 |    34 |    +5.8% |   -1.406 |      -65.4 |     84 | dpath.b_reg.out\[3\]$_DFFE_PP_/DE
     255* |       5 |      47 |       16 |      0 |    35 |    +6.0% |   -1.406 |      -65.3 |     84 | dpath.b_reg.out\[3\]$_DFFE_PP_/DE
     260* |       6 |      48 |       17 |      0 |    36 |    +6.0% |   -1.406 |      -65.3 |     84 | dpath.b_reg.out\[3\]$_DFFE_PP_/DE
     261* |       6 |      48 |       16 |      0 |    36 |    +5.8% |   -1.406 |      -65.2 |     84 | dpath.b_reg.out\[3\]$_DFFE_PP_/DE
     265* |       6 |      50 |       16 |      0 |    37 |    +6.1% |   -1.406 |      -65.3 |     84 | dpath.b_reg.out\[3\]$_DFFE_PP_/DE
     270* |       7 |      52 |       17 |      0 |    37 |    +6.5% |   -1.406 |      -65.3 |     84 | dpath.b_reg.out\[3\]$_DFFE_PP_/DE
     272* |       6 |      51 |       16 |      0 |    37 |    +6.3% |   -1.406 |      -65.2 |     84 | dpath.b_reg.out\[3\]$_DFFE_PP_/DE
     280* |       6 |      55 |       18 |      0 |    38 |    +7.1% |   -1.406 |      -65.4 |     84 | dpath.b_reg.out\[3\]$_DFFE_PP_/DE
     289* |       6 |      53 |       16 |      0 |    38 |    +6.7% |   -1.406 |      -65.2 |     84 | dpath.b_reg.out\[3\]$_DFFE_PP_/DE
     290* |       6 |      53 |       16 |      0 |    38 |    +6.7% |   -1.406 |      -65.2 |     84 | dpath.b_reg.out\[3\]$_DFFE_PP_/DE
     294* |       7 |      54 |       16 |      0 |    40 |    +6.7% |   -1.406 |      -65.1 |     84 | dpath.b_reg.out\[3\]$_DFFE_PP_/DE
     300* |       8 |      56 |       19 |      0 |    40 |    +7.0% |   -1.406 |      -65.7 |     84 | dpath.b_reg.out\[3\]$_DFFE_PP_/DE
     303* |       9 |      56 |       19 |      0 |    40 |    +6.8% |   -1.406 |      -65.6 |     84 | dpath.b_reg.out\[3\]$_DFFE_PP_/DE
     306* |       9 |      58 |       19 |      0 |    40 |    +6.9% |   -1.406 |      -65.6 |     84 | dpath.b_reg.out\[3\]$_DFFE_PP_/DE
     310* |      10 |      59 |       21 |      0 |    40 |    +7.2% |   -1.406 |      -65.5 |     84 | dpath.b_reg.out\[3\]$_DFFE_PP_/DE
     310* |      10 |      59 |       21 |      0 |    40 |    +7.2% |   -1.406 |      -65.5 |     84 | dpath.b_reg.out\[3\]$_DFFE_PP_/DE
     313* |      10 |      59 |       21 |      0 |    42 |    +7.2% |   -1.406 |      -65.2 |     84 | dpath.b_reg.out\[3\]$_DFFE_PP_/DE
     317* |      11 |      60 |       21 |      0 |    43 |    +6.7% |   -1.406 |      -65.0 |     84 | dpath.b_reg.out\[3\]$_DFFE_PP_/DE
     319* |      11 |      60 |       21 |      0 |    43 |    +6.7% |   -1.406 |      -65.0 |     84 | dpath.b_reg.out\[3\]$_DFFE_PP_/DE
     320* |      11 |      60 |       21 |      0 |    43 |    +6.7% |   -1.406 |      -65.0 |     84 | dpath.b_reg.out\[3\]$_DFFE_PP_/DE
     321* |      11 |      60 |       21 |      0 |    43 |    +6.7% |   -1.406 |      -65.0 |     84 | dpath.b_reg.out\[3\]$_DFFE_PP_/DE
     323* |      11 |      60 |       21 |      0 |    43 |    +6.7% |   -1.406 |      -65.0 |     84 | dpath.b_reg.out\[3\]$_DFFE_PP_/DE
     325* |      11 |      60 |       21 |      0 |    43 |    +6.7% |   -1.406 |      -65.0 |     84 | dpath.b_reg.out\[3\]$_DFFE_PP_/DE
     326* |      11 |      60 |       21 |      0 |    43 |    +6.7% |   -1.406 |      -65.0 |     84 | dpath.b_reg.out\[3\]$_DFFE_PP_/DE
     327* |      11 |      60 |       21 |      0 |    43 |    +6.7% |   -1.406 |      -65.0 |     84 | dpath.b_reg.out\[3\]$_DFFE_PP_/DE
     329* |      11 |      60 |       21 |      0 |    43 |    +6.7% |   -1.406 |      -65.0 |     84 | dpath.b_reg.out\[3\]$_DFFE_PP_/DE
     330* |      11 |      60 |       21 |      0 |    43 |    +6.7% |   -1.406 |      -65.0 |     84 | dpath.b_reg.out\[3\]$_DFFE_PP_/DE
     330* |      11 |      60 |       21 |      0 |    43 |    +6.7% |   -1.406 |      -65.0 |     84 | dpath.b_reg.out\[3\]$_DFFE_PP_/DE
     332* |      11 |      60 |       21 |      0 |    43 |    +6.7% |   -1.406 |      -65.0 |     84 | dpath.b_reg.out\[3\]$_DFFE_PP_/DE
     337* |      11 |      61 |       21 |      0 |    43 |    +6.7% |   -1.406 |      -65.0 |     84 | dpath.b_reg.out\[3\]$_DFFE_PP_/DE
     339* |      11 |      61 |       21 |      0 |    43 |    +6.7% |   -1.406 |      -65.0 |     84 | dpath.b_reg.out\[3\]$_DFFE_PP_/DE
     340* |      11 |      61 |       21 |      0 |    43 |    +6.7% |   -1.406 |      -65.0 |     84 | dpath.b_reg.out\[3\]$_DFFE_PP_/DE
     341* |      11 |      61 |       21 |      0 |    43 |    +6.7% |   -1.406 |      -65.0 |     84 | dpath.b_reg.out\[3\]$_DFFE_PP_/DE
     343* |      11 |      61 |       21 |      0 |    43 |    +6.7% |   -1.406 |      -65.0 |     84 | dpath.b_reg.out\[3\]$_DFFE_PP_/DE
     345* |      11 |      61 |       21 |      0 |    43 |    +6.7% |   -1.406 |      -65.0 |     84 | dpath.b_reg.out\[3\]$_DFFE_PP_/DE
     347* |      11 |      61 |       21 |      0 |    43 |    +6.7% |   -1.406 |      -65.0 |     84 | dpath.b_reg.out\[3\]$_DFFE_PP_/DE
     349* |      11 |      61 |       21 |      0 |    43 |    +6.7% |   -1.406 |      -65.0 |     84 | dpath.b_reg.out\[3\]$_DFFE_PP_/DE
     350* |      11 |      61 |       21 |      0 |    43 |    +6.7% |   -1.406 |      -65.0 |     84 | dpath.b_reg.out\[3\]$_DFFE_PP_/DE
     354* |      12 |      63 |       22 |      0 |    43 |    +6.8% |   -1.406 |      -64.8 |     84 | dpath.b_reg.out\[3\]$_DFFE_PP_/DE
     356* |      12 |      63 |       22 |      0 |    43 |    +6.8% |   -1.406 |      -64.8 |     84 | dpath.b_reg.out\[3\]$_DFFE_PP_/DE
     358* |      12 |      63 |       22 |      0 |    43 |    +6.8% |   -1.406 |      -64.8 |     84 | dpath.b_reg.out\[3\]$_DFFE_PP_/DE
     360* |      12 |      63 |       22 |      1 |    43 |    +7.3% |   -1.406 |      -65.1 |     84 | dpath.b_reg.out\[3\]$_DFFE_PP_/DE
     360* |      12 |      63 |       22 |      0 |    43 |    +6.8% |   -1.406 |      -64.8 |     84 | dpath.b_reg.out\[3\]$_DFFE_PP_/DE
     362* |      12 |      63 |       22 |      0 |    43 |    +6.8% |   -1.406 |      -64.8 |     84 | dpath.b_reg.out\[3\]$_DFFE_PP_/DE
     363* |      12 |      63 |       22 |      0 |    43 |    +6.8% |   -1.406 |      -64.8 |     84 | dpath.b_reg.out\[3\]$_DFFE_PP_/DE
     364* |      12 |      63 |       22 |      0 |    43 |    +6.8% |   -1.406 |      -64.8 |     84 | dpath.b_reg.out\[3\]$_DFFE_PP_/DE
     365* |      12 |      63 |       22 |      0 |    43 |    +6.8% |   -1.406 |      -64.8 |     84 | dpath.b_reg.out\[3\]$_DFFE_PP_/DE
     366* |      12 |      63 |       22 |      0 |    43 |    +6.8% |   -1.406 |      -64.8 |     84 | dpath.b_reg.out\[3\]$_DFFE_PP_/DE
     368* |      12 |      64 |       22 |      0 |    43 |    +6.9% |   -1.406 |      -64.8 |     84 | dpath.b_reg.out\[3\]$_DFFE_PP_/DE
     370* |      13 |      64 |       22 |      0 |    43 |    +6.6% |   -1.406 |      -64.6 |     84 | dpath.b_reg.out\[3\]$_DFFE_PP_/DE
     373* |      13 |      64 |       22 |      0 |    43 |    +6.6% |   -1.406 |      -64.6 |     84 | dpath.b_reg.out\[3\]$_DFFE_PP_/DE
     377* |      13 |      64 |       22 |      0 |    43 |    +6.6% |   -1.406 |      -64.6 |     84 | dpath.b_reg.out\[3\]$_DFFE_PP_/DE
     379* |      13 |      65 |       22 |      0 |    43 |    +6.7% |   -1.406 |      -64.5 |     84 | dpath.b_reg.out\[3\]$_DFFE_PP_/DE
     379* |      13 |      65 |       22 |      0 |    43 |    +6.7% |   -1.406 |      -64.5 |     84 | dpath.b_reg.out\[3\]$_DFFE_PP_/DE
     380+ |      13 |      65 |       22 |      0 |    43 |    +6.7% |   -1.406 |      -64.5 |     82 | dpath.b_reg.out\[3\]$_DFFE_PP_/DE
     381+ |      13 |      66 |       22 |      0 |    43 |    +6.7% |   -1.400 |      -64.4 |     82 | dpath.a_reg.out\[1\]$_DFFE_PP_/D
     383+ |      13 |      67 |       22 |      0 |    43 |    +6.7% |   -1.398 |      -64.3 |     82 | dpath.a_reg.out\[1\]$_DFFE_PP_/D
     384+ |      13 |      67 |       22 |      0 |    43 |    +6.7% |   -1.398 |      -64.3 |     82 | dpath.a_reg.out\[1\]$_DFFE_PP_/D
     385+ |      13 |      67 |       22 |      0 |    43 |    +6.7% |   -1.398 |      -64.3 |     82 | dpath.a_reg.out\[1\]$_DFFE_PP_/D
     386+ |      13 |      67 |       22 |      0 |    43 |    +6.7% |   -1.398 |      -64.3 |     82 | dpath.a_reg.out\[1\]$_DFFE_PP_/D
     387+ |      13 |      67 |       22 |      0 |    43 |    +6.7% |   -1.398 |      -64.3 |     82 | dpath.a_reg.out\[1\]$_DFFE_PP_/D
     388+ |      13 |      67 |       22 |      0 |    43 |    +6.7% |   -1.398 |      -64.3 |     82 | dpath.a_reg.out\[1\]$_DFFE_PP_/D
     389+ |      13 |      67 |       22 |      0 |    43 |    +6.7% |   -1.398 |      -64.3 |     82 | dpath.a_reg.out\[1\]$_DFFE_PP_/D
     390+ |      13 |      67 |       22 |      0 |    43 |    +6.7% |   -1.398 |      -64.3 |     82 | dpath.a_reg.out\[1\]$_DFFE_PP_/D
     390+ |      13 |      67 |       22 |      0 |    43 |    +6.7% |   -1.398 |      -64.3 |     82 | dpath.a_reg.out\[1\]$_DFFE_PP_/D
     391+ |      13 |      67 |       22 |      0 |    43 |    +6.7% |   -1.398 |      -64.3 |     82 | dpath.a_reg.out\[1\]$_DFFE_PP_/D
     392+ |      13 |      67 |       22 |      0 |    43 |    +6.7% |   -1.398 |      -64.3 |     82 | dpath.a_reg.out\[1\]$_DFFE_PP_/D
     393+ |      13 |      67 |       22 |      0 |    43 |    +6.7% |   -1.398 |      -64.3 |     82 | dpath.a_reg.out\[1\]$_DFFE_PP_/D
     394+ |      13 |      67 |       22 |      0 |    43 |    +6.7% |   -1.398 |      -64.3 |     82 | dpath.a_reg.out\[1\]$_DFFE_PP_/D
     395+ |      13 |      67 |       22 |      0 |    43 |    +6.7% |   -1.398 |      -64.3 |     82 | dpath.a_reg.out\[1\]$_DFFE_PP_/D
     396+ |      13 |      67 |       22 |      0 |    43 |    +6.7% |   -1.398 |      -64.3 |     82 | dpath.a_reg.out\[1\]$_DFFE_PP_/D
     397+ |      13 |      67 |       22 |      0 |    43 |    +6.7% |   -1.398 |      -64.3 |     82 | dpath.a_reg.out\[1\]$_DFFE_PP_/D
     398+ |      13 |      67 |       22 |      0 |    43 |    +6.7% |   -1.398 |      -64.3 |     82 | dpath.a_reg.out\[1\]$_DFFE_PP_/D
     399+ |      13 |      67 |       22 |      0 |    43 |    +6.7% |   -1.398 |      -64.3 |     82 | dpath.a_reg.out\[1\]$_DFFE_PP_/D
     400+ |      13 |      67 |       22 |      0 |    43 |    +6.7% |   -1.398 |      -64.3 |     82 | dpath.a_reg.out\[1\]$_DFFE_PP_/D
     400+ |      13 |      67 |       22 |      0 |    43 |    +6.7% |   -1.398 |      -64.3 |     82 | dpath.a_reg.out\[1\]$_DFFE_PP_/D
     401+ |      13 |      67 |       22 |      0 |    43 |    +6.7% |   -1.398 |      -64.3 |     82 | dpath.a_reg.out\[1\]$_DFFE_PP_/D
     402+ |      13 |      67 |       22 |      0 |    43 |    +6.7% |   -1.398 |      -64.3 |     82 | dpath.a_reg.out\[1\]$_DFFE_PP_/D
     403+ |      13 |      67 |       22 |      0 |    43 |    +6.7% |   -1.398 |      -64.3 |     82 | dpath.a_reg.out\[1\]$_DFFE_PP_/D
     404+ |      13 |      67 |       22 |      0 |    43 |    +6.7% |   -1.398 |      -64.3 |     82 | dpath.a_reg.out\[1\]$_DFFE_PP_/D
     405+ |      13 |      67 |       22 |      0 |    43 |    +6.7% |   -1.398 |      -64.3 |     82 | dpath.a_reg.out\[1\]$_DFFE_PP_/D
     406+ |      13 |      67 |       22 |      0 |    43 |    +6.7% |   -1.398 |      -64.3 |     82 | dpath.a_reg.out\[1\]$_DFFE_PP_/D
     407+ |      13 |      67 |       22 |      0 |    43 |    +6.7% |   -1.398 |      -64.3 |     82 | dpath.a_reg.out\[1\]$_DFFE_PP_/D
     408+ |      13 |      67 |       22 |      0 |    43 |    +6.7% |   -1.398 |      -64.3 |     82 | dpath.a_reg.out\[1\]$_DFFE_PP_/D
     410+ |      13 |      68 |       22 |      0 |    43 |    +6.8% |   -1.398 |      -64.3 |     82 | dpath.a_reg.out\[1\]$_DFFE_PP_/D
     411+ |      13 |      69 |       22 |      0 |    43 |    +6.7% |   -1.398 |      -64.2 |     82 | dpath.a_reg.out\[1\]$_DFFE_PP_/D
     412+ |      13 |      69 |       22 |      0 |    43 |    +6.7% |   -1.398 |      -64.2 |     82 | dpath.a_reg.out\[1\]$_DFFE_PP_/D
     413+ |      13 |      69 |       22 |      0 |    43 |    +6.7% |   -1.398 |      -64.2 |     82 | dpath.a_reg.out\[1\]$_DFFE_PP_/D
     414+ |      13 |      69 |       22 |      0 |    43 |    +6.7% |   -1.398 |      -64.2 |     82 | dpath.a_reg.out\[1\]$_DFFE_PP_/D
     415+ |      13 |      69 |       22 |      0 |    43 |    +6.7% |   -1.398 |      -64.2 |     82 | dpath.a_reg.out\[1\]$_DFFE_PP_/D
     416+ |      13 |      69 |       22 |      0 |    43 |    +6.7% |   -1.398 |      -64.2 |     82 | dpath.a_reg.out\[1\]$_DFFE_PP_/D
     417+ |      13 |      69 |       22 |      0 |    43 |    +6.7% |   -1.398 |      -64.2 |     82 | dpath.a_reg.out\[1\]$_DFFE_PP_/D
     418+ |      13 |      69 |       22 |      0 |    43 |    +6.7% |   -1.398 |      -64.2 |     82 | dpath.a_reg.out\[1\]$_DFFE_PP_/D
     419+ |      13 |      69 |       22 |      0 |    43 |    +6.7% |   -1.398 |      -64.2 |     82 | dpath.a_reg.out\[1\]$_DFFE_PP_/D
     420+ |      13 |      69 |       22 |      0 |    43 |    +6.7% |   -1.398 |      -64.2 |     82 | dpath.a_reg.out\[1\]$_DFFE_PP_/D
     420+ |      13 |      69 |       22 |      0 |    43 |    +6.7% |   -1.398 |      -64.2 |     82 | dpath.a_reg.out\[1\]$_DFFE_PP_/D
     421+ |      13 |      69 |       22 |      0 |    43 |    +6.7% |   -1.398 |      -64.2 |     82 | dpath.a_reg.out\[1\]$_DFFE_PP_/D
     423+ |      13 |      70 |       22 |      0 |    43 |    +6.7% |   -1.398 |      -64.2 |     82 | dpath.a_reg.out\[1\]$_DFFE_PP_/D
     424+ |      13 |      70 |       22 |      0 |    43 |    +6.7% |   -1.398 |      -64.2 |     82 | dpath.a_reg.out\[1\]$_DFFE_PP_/D
     425+ |      13 |      70 |       22 |      0 |    43 |    +6.7% |   -1.398 |      -64.2 |     82 | dpath.a_reg.out\[1\]$_DFFE_PP_/D
     426+ |      13 |      70 |       22 |      0 |    43 |    +6.7% |   -1.398 |      -64.2 |     82 | dpath.a_reg.out\[1\]$_DFFE_PP_/D
     427+ |      13 |      70 |       22 |      0 |    43 |    +6.7% |   -1.398 |      -64.2 |     82 | dpath.a_reg.out\[1\]$_DFFE_PP_/D
     428+ |      13 |      70 |       22 |      0 |    43 |    +6.7% |   -1.398 |      -64.2 |     82 | dpath.a_reg.out\[1\]$_DFFE_PP_/D
     429+ |      13 |      70 |       22 |      0 |    43 |    +6.7% |   -1.398 |      -64.2 |     82 | dpath.a_reg.out\[1\]$_DFFE_PP_/D
     430+ |      13 |      70 |       22 |      0 |    43 |    +6.7% |   -1.398 |      -64.2 |     82 | dpath.a_reg.out\[1\]$_DFFE_PP_/D
     430+ |      13 |      70 |       22 |      0 |    43 |    +6.7% |   -1.398 |      -64.2 |     82 | dpath.a_reg.out\[1\]$_DFFE_PP_/D
     431+ |      13 |      70 |       22 |      0 |    43 |    +6.7% |   -1.398 |      -64.2 |     82 | dpath.a_reg.out\[1\]$_DFFE_PP_/D
     432+ |      13 |      70 |       22 |      0 |    43 |    +6.7% |   -1.398 |      -64.2 |     82 | dpath.a_reg.out\[1\]$_DFFE_PP_/D
     433+ |      13 |      70 |       22 |      0 |    43 |    +6.7% |   -1.398 |      -64.2 |     82 | dpath.a_reg.out\[1\]$_DFFE_PP_/D
     434+ |      13 |      70 |       22 |      0 |    43 |    +6.7% |   -1.398 |      -64.2 |     82 | dpath.a_reg.out\[1\]$_DFFE_PP_/D
     436+ |      13 |      71 |       22 |      0 |    43 |    +6.8% |   -1.398 |      -64.2 |     82 | dpath.a_reg.out\[1\]$_DFFE_PP_/D
     437+ |      13 |      71 |       22 |      0 |    43 |    +6.8% |   -1.398 |      -64.2 |     82 | dpath.a_reg.out\[1\]$_DFFE_PP_/D
     438+ |      13 |      71 |       22 |      0 |    43 |    +6.8% |   -1.398 |      -64.2 |     82 | dpath.a_reg.out\[1\]$_DFFE_PP_/D
     439+ |      13 |      71 |       22 |      0 |    43 |    +6.8% |   -1.398 |      -64.2 |     82 | dpath.a_reg.out\[1\]$_DFFE_PP_/D
     440+ |      13 |      71 |       22 |      0 |    43 |    +6.8% |   -1.398 |      -64.2 |     82 | dpath.a_reg.out\[1\]$_DFFE_PP_/D
     440+ |      13 |      71 |       22 |      0 |    43 |    +6.8% |   -1.398 |      -64.2 |     82 | dpath.a_reg.out\[1\]$_DFFE_PP_/D
     441+ |      13 |      71 |       22 |      0 |    43 |    +6.8% |   -1.398 |      -64.2 |     82 | dpath.a_reg.out\[1\]$_DFFE_PP_/D
     443+ |      13 |      72 |       22 |      0 |    43 |    +6.9% |   -1.398 |      -64.1 |     82 | dpath.a_reg.out\[1\]$_DFFE_PP_/D
     444+ |      13 |      72 |       22 |      0 |    43 |    +6.9% |   -1.398 |      -64.1 |     82 | dpath.a_reg.out\[1\]$_DFFE_PP_/D
     445+ |      13 |      72 |       22 |      0 |    43 |    +6.9% |   -1.398 |      -64.1 |     82 | dpath.a_reg.out\[1\]$_DFFE_PP_/D
     446+ |      13 |      72 |       22 |      0 |    43 |    +6.9% |   -1.398 |      -64.1 |     82 | dpath.a_reg.out\[1\]$_DFFE_PP_/D
     447+ |      13 |      72 |       22 |      0 |    43 |    +6.9% |   -1.398 |      -64.1 |     82 | dpath.a_reg.out\[1\]$_DFFE_PP_/D
     448+ |      13 |      72 |       22 |      0 |    43 |    +6.9% |   -1.398 |      -64.1 |     82 | dpath.a_reg.out\[1\]$_DFFE_PP_/D
     449+ |      13 |      72 |       22 |      0 |    43 |    +6.9% |   -1.398 |      -64.1 |     82 | dpath.a_reg.out\[1\]$_DFFE_PP_/D
     450+ |      13 |      72 |       22 |      0 |    43 |    +6.9% |   -1.398 |      -64.1 |     82 | dpath.a_reg.out\[1\]$_DFFE_PP_/D
     450+ |      13 |      72 |       22 |      0 |    43 |    +6.9% |   -1.398 |      -64.1 |     82 | dpath.a_reg.out\[1\]$_DFFE_PP_/D
     451+ |      13 |      72 |       22 |      0 |    43 |    +6.9% |   -1.398 |      -64.1 |     82 | dpath.a_reg.out\[1\]$_DFFE_PP_/D
     452+ |      13 |      72 |       22 |      0 |    43 |    +6.9% |   -1.398 |      -64.1 |     82 | dpath.a_reg.out\[1\]$_DFFE_PP_/D
     453+ |      13 |      72 |       22 |      0 |    43 |    +6.9% |   -1.398 |      -64.1 |     82 | dpath.a_reg.out\[1\]$_DFFE_PP_/D
     454+ |      13 |      72 |       22 |      0 |    43 |    +6.9% |   -1.398 |      -64.1 |     82 | dpath.a_reg.out\[1\]$_DFFE_PP_/D
     455+ |      13 |      72 |       22 |      0 |    43 |    +6.9% |   -1.398 |      -64.1 |     82 | dpath.a_reg.out\[1\]$_DFFE_PP_/D
     456+ |      13 |      72 |       22 |      0 |    43 |    +6.9% |   -1.398 |      -64.1 |     82 | dpath.a_reg.out\[1\]$_DFFE_PP_/D
     457+ |      13 |      72 |       22 |      0 |    43 |    +6.9% |   -1.398 |      -64.1 |     82 | dpath.a_reg.out\[1\]$_DFFE_PP_/D
     458+ |      13 |      72 |       22 |      0 |    43 |    +6.9% |   -1.398 |      -64.1 |     82 | dpath.a_reg.out\[1\]$_DFFE_PP_/D
     459+ |      13 |      72 |       22 |      0 |    43 |    +6.9% |   -1.398 |      -64.1 |     82 | dpath.a_reg.out\[1\]$_DFFE_PP_/D
     460+ |      13 |      72 |       22 |      0 |    43 |    +6.9% |   -1.398 |      -64.1 |     82 | dpath.a_reg.out\[1\]$_DFFE_PP_/D
     460+ |      13 |      72 |       22 |      0 |    43 |    +6.9% |   -1.398 |      -64.1 |     82 | dpath.a_reg.out\[1\]$_DFFE_PP_/D
     461+ |      13 |      72 |       22 |      0 |    43 |    +6.9% |   -1.398 |      -64.1 |     82 | dpath.a_reg.out\[1\]$_DFFE_PP_/D
     462+ |      13 |      72 |       22 |      0 |    43 |    +6.9% |   -1.398 |      -64.1 |     82 | dpath.a_reg.out\[1\]$_DFFE_PP_/D
     463+ |      13 |      72 |       22 |      0 |    43 |    +6.9% |   -1.398 |      -64.1 |     82 | dpath.a_reg.out\[1\]$_DFFE_PP_/D
     464+ |      13 |      72 |       22 |      0 |    43 |    +6.9% |   -1.398 |      -64.1 |     82 | dpath.a_reg.out\[1\]$_DFFE_PP_/D
     465+ |      13 |      72 |       22 |      0 |    43 |    +6.9% |   -1.398 |      -64.1 |     82 | dpath.a_reg.out\[1\]$_DFFE_PP_/D
     466+ |      13 |      72 |       22 |      0 |    43 |    +6.9% |   -1.398 |      -64.1 |     82 | dpath.a_reg.out\[1\]$_DFFE_PP_/D
     467+ |      13 |      72 |       22 |      0 |    43 |    +6.9% |   -1.398 |      -64.1 |     82 | dpath.a_reg.out\[1\]$_DFFE_PP_/D
     468+ |      13 |      72 |       22 |      0 |    43 |    +6.9% |   -1.398 |      -64.1 |     82 | dpath.a_reg.out\[1\]$_DFFE_PP_/D
    final |      13 |      72 |       22 |      0 |    43 |    +6.9% |   -1.398 |      -64.1 |     82 | dpath.a_reg.out\[1\]$_DFFE_PP_/D
------------------------------------------------------------------------------------------------------------------------------
[INFO RSZ-0059] Removed 13 buffers.
[INFO RSZ-0040] Inserted 22 buffers.
[INFO RSZ-0051] Resized 72 instances: 72 up, 0 up match, 0 down, 0 VT
[INFO RSZ-0043] Swapped pins on 43 instances.
[WARNING RSZ-0062] Unable to repair all setup violations.
[INFO RSZ-0505] Runtime: 21.85s
[INFO RSZ-0033] No hold violations found.
[INFO RSZ-0506] Runtime: 0.00s
Took 22 seconds: repair_timing -setup_margin 0 -hold_margin 0 -repair_tns 100 -verbose
global_route -start_incremental
detailed_placement
[INFO DPL-0006] Core area: 6060.81 um^2
[INFO DPL-0007] Movable instances area: 5192.48 um^2
[INFO DPL-0008] Fixed instances area within core: 93.84 um^2
[INFO DPL-0009] Utilization: 87.2%
[INFO DPL-0005] Diamond search max displacement: +/- 500 sites horizontally, +/- 100 rows vertically.
[INFO DPL-1102] Legalizing using negotiation legalizer.
[INFO DPL-1103] Negotiation base search window: +/-20 sites horizontally, +/-5 rows vertically 
	Automatic search window extension enabled.
	Search window extendable up to the max displacement cap of +/-500 sites, +/-100 rows near walls.
[INFO DPL-1104] NegotiationLegalizer DRC penalty: 5.
[INFO DPL-0392] Negotiation cell height distribution (1 unique row-count(s)):
[INFO DPL-0393]   height 1 row(s): 541 cells
          |      Total |  Illegal |  Illegal
Iteration | Violations |    Cells |    Sites
---------------------------------------------
        0 |        620 |       104 |       513
        1 |        466 |        68 |       392
        2 |        447 |        53 |       382
        3 |        363 |        47 |       313
        4 |        224 |        28 |       196
        5 |        245 |        27 |       218
        6 |        188 |        16 |       166
        7 |        149 |        17 |       132
        8 |        188 |        16 |       172
        9 |        162 |        16 |       146
       10 |        122 |        14 |        99
       20 |         55 |         5 |        50
       27 |          0 |         0 |         0
Negotiation phase 1 converged at iteration 27.
[INFO DPL-0500] Runtime: 0.09s
Detailed Placement Analysis
---------------------------------
legalizer            negotiation
total moves                1093
total displacement       1341.3 u
average displacement        2.5 u
max displacement           26.0 u
original HPWL            7294.2 u
legalized HPWL           8882.8 u
delta HPWL                   22 %

check_placement -verbose
global_route -end_incremental -congestion_report_file ./reports/sky130hd/gcd/base/congestion_post_repair_timing.rpt
Took 7 seconds: global_route -end_incremental -congestion_report_file ./reports/sky130hd/gcd/base/congestion_post_repair_timing.rpt
estimate_parasitics -global_routing
global_route -start_incremental
global_route -end_incremental -congestion_report_file ./reports/sky130hd/gcd/base/congestion_post_recover_power.rpt
Repair antennas...
[INFO GRT-0012] Found 1 antenna violations.
[INFO GRT-0302] Inserted 1 jumpers for 1 nets.
[INFO GRT-0012] Found 0 antenna violations.
[INFO ANT-0002] Found 0 net violations.
[INFO ANT-0001] Found 0 pin violations.
Estimate parasitics...
estimate_parasitics -global_routing
Report metrics stage 5, global route...

==========================================================================
global route report_design_area
--------------------------------------------------------------------------
Design area 5286 um^2 87% utilization.
[INFO FLW-0007] clock core_clock period 1.100000
[WARNING FLW-0010] more than one clock found. Skipping sdc update.
[INFO FLW-0011] Path endpoint path count 88
write_db ./results/sky130hd/gcd/base/5_1_grt.odb
write_sdc -no_timestamp ./results/sky130hd/gcd/base/5_1_grt.sdc
Elapsed time: 0:51.35[h:]min:sec. CPU time: user 73.82 sys 0.69 (145%). Peak memory: 258104KB.
Log                    Ext     Elapsed      CPU     CPU/ Peak Mem sha1sum
                                     s        s  Elapsed       MB [0:10)
5_1_grt                .odb         51       75     1.45      252 78544a7c33
5_1_grt                .sdc                                       a71291c5b4
