
==========================================================================
floorplan final report_tns
--------------------------------------------------------------------------
tns max -65.20

==========================================================================
floorplan final report_wns
--------------------------------------------------------------------------
wns max -1.84

==========================================================================
floorplan final report_worst_slack
--------------------------------------------------------------------------
worst slack max -1.84

==========================================================================
floorplan final report_clock_min_period
--------------------------------------------------------------------------
core_clock period_min = 2.94 fmax = 340.46
vclk_core_clock period_min = 0.00 fmax = inf

==========================================================================
floorplan final report_checks -path_delay min
--------------------------------------------------------------------------
Startpoint: reset (input port clocked by vclk_core_clock)
Endpoint: ctrl.state.out[1]$_DFF_P_
          (rising edge-triggered flip-flop clocked by core_clock)
Path Group: core_clock
Path Type: min

Fanout     Cap    Slew   Delay    Time   Description
-----------------------------------------------------------------------------
                  0.00    0.00    0.00   clock vclk_core_clock (rise edge)
                          0.29    0.29   clock network delay (ideal)
                          0.22    0.51 ^ input external delay
     3    0.01    0.00    0.00    0.51 ^ reset (in)
                                         reset (net)
                  0.00    0.00    0.51 ^ _369_/B1 (sky130_fd_sc_hd__a21oi_1)
     1    0.00    0.02    0.02    0.53 v _369_/Y (sky130_fd_sc_hd__a21oi_1)
                                         _001_ (net)
                  0.02    0.00    0.53 v ctrl.state.out[1]$_DFF_P_/D (sky130_fd_sc_hd__dfxtp_1)
                                  0.53   data arrival time

                  0.00    0.00    0.00   clock core_clock (rise edge)
                          0.29    0.29   clock network delay (ideal)
                          0.00    0.29   clock reconvergence pessimism
                                  0.29 ^ ctrl.state.out[1]$_DFF_P_/CLK (sky130_fd_sc_hd__dfxtp_1)
                         -0.05    0.24   library hold time
                                  0.24   data required time
-----------------------------------------------------------------------------
                                  0.24   data required time
                                 -0.53   data arrival time
-----------------------------------------------------------------------------
                                  0.29   slack (MET)


Startpoint: ctrl.state.out[0]$_DFF_P_
            (rising edge-triggered flip-flop clocked by core_clock)
Endpoint: req_rdy (output port clocked by vclk_core_clock)
Path Group: vclk_core_clock
Path Type: min

Fanout     Cap    Slew   Delay    Time   Description
-----------------------------------------------------------------------------
                  0.00    0.00    0.00   clock core_clock (rise edge)
                          0.29    0.29   clock network delay (ideal)
                  0.00    0.00    0.29 ^ ctrl.state.out[0]$_DFF_P_/CLK (sky130_fd_sc_hd__dfxtp_2)
     2    0.00    0.03    0.29    0.58 v ctrl.state.out[0]$_DFF_P_/Q (sky130_fd_sc_hd__dfxtp_2)
                                         req_rdy (net)
                  0.03    0.00    0.58 v req_rdy (out)
                                  0.58   data arrival time

                  0.00    0.00    0.00   clock vclk_core_clock (rise edge)
                          0.29    0.29   clock network delay (ideal)
                          0.00    0.29   clock reconvergence pessimism
                         -0.22    0.07   output external delay
                                  0.07   data required time
-----------------------------------------------------------------------------
                                  0.07   data required time
                                 -0.58   data arrival time
-----------------------------------------------------------------------------
                                  0.51   slack (MET)



==========================================================================
floorplan final report_checks -path_delay max
--------------------------------------------------------------------------
Startpoint: dpath.b_reg.out[1]$_DFFE_PP_
            (rising edge-triggered flip-flop clocked by core_clock)
Endpoint: dpath.a_reg.out[14]$_DFFE_PP_
          (rising edge-triggered flip-flop clocked by core_clock)
Path Group: core_clock
Path Type: max

Fanout     Cap    Slew   Delay    Time   Description
-----------------------------------------------------------------------------
                  0.00    0.00    0.00   clock core_clock (rise edge)
                          0.29    0.29   clock network delay (ideal)
                  0.00    0.00    0.29 ^ dpath.b_reg.out[1]$_DFFE_PP_/CLK (sky130_fd_sc_hd__edfxtp_1)
     5    0.01    0.12    0.41    0.70 v dpath.b_reg.out[1]$_DFFE_PP_/Q (sky130_fd_sc_hd__edfxtp_1)
                                         dpath.a_lt_b$in1[1] (net)
                  0.12    0.00    0.70 v _166_/A_N (sky130_fd_sc_hd__nand2b_4)
     2    0.01    0.05    0.18    0.88 v _166_/Y (sky130_fd_sc_hd__nand2b_4)
                                         _005_ (net)
                  0.05    0.00    0.88 v _170_/A2 (sky130_fd_sc_hd__a211oi_4)
     3    0.01    0.25    0.29    1.17 ^ _170_/Y (sky130_fd_sc_hd__a211oi_4)
                                         _009_ (net)
                  0.25    0.00    1.17 ^ _224_/B2 (sky130_fd_sc_hd__o221ai_1)
     1    0.00    0.08    0.14    1.31 v _224_/Y (sky130_fd_sc_hd__o221ai_1)
                                         _042_ (net)
                  0.08    0.00    1.31 v _226_/B (sky130_fd_sc_hd__nand4b_1)
     5    0.01    0.17    0.17    1.47 ^ _226_/Y (sky130_fd_sc_hd__nand4b_1)
                                         _044_ (net)
                  0.17    0.00    1.47 ^ _230_/A1 (sky130_fd_sc_hd__a21boi_1)
     1    0.00    0.06    0.08    1.55 v _230_/Y (sky130_fd_sc_hd__a21boi_1)
                                         _048_ (net)
                  0.06    0.00    1.55 v _239_/A2 (sky130_fd_sc_hd__o31a_1)
     3    0.01    0.08    0.32    1.87 v _239_/X (sky130_fd_sc_hd__o31a_1)
                                         _057_ (net)
                  0.08    0.00    1.87 v _261_/C (sky130_fd_sc_hd__maj3_2)
     3    0.01    0.08    0.35    2.21 v _261_/X (sky130_fd_sc_hd__maj3_2)
                                         _078_ (net)
                  0.08    0.00    2.21 v _271_/A1 (sky130_fd_sc_hd__a21o_1)
     3    0.01    0.07    0.20    2.41 v _271_/X (sky130_fd_sc_hd__a21o_1)
                                         _088_ (net)
                  0.07    0.00    2.41 v _275_/A2 (sky130_fd_sc_hd__o2111ai_1)
     1    0.00    0.15    0.17    2.58 ^ _275_/Y (sky130_fd_sc_hd__o2111ai_1)
                                         _092_ (net)
                  0.15    0.00    2.58 ^ _278_/C1 (sky130_fd_sc_hd__o2111ai_1)
     1    0.00    0.08    0.12    2.70 v _278_/Y (sky130_fd_sc_hd__o2111ai_1)
                                         _095_ (net)
                  0.08    0.00    2.70 v _281_/B1 (sky130_fd_sc_hd__a211o_1)
     1    0.00    0.04    0.26    2.97 v _281_/X (sky130_fd_sc_hd__a211o_1)
                                         dpath.a_mux$out[14] (net)
                  0.04    0.00    2.97 v dpath.a_reg.out[14]$_DFFE_PP_/D (sky130_fd_sc_hd__edfxtp_1)
                                  2.97   data arrival time

                  0.00    1.10    1.10   clock core_clock (rise edge)
                          0.29    1.39   clock network delay (ideal)
                          0.00    1.39   clock reconvergence pessimism
                                  1.39 ^ dpath.a_reg.out[14]$_DFFE_PP_/CLK (sky130_fd_sc_hd__edfxtp_1)
                         -0.26    1.13   library setup time
                                  1.13   data required time
-----------------------------------------------------------------------------
                                  1.13   data required time
                                 -2.97   data arrival time
-----------------------------------------------------------------------------
                                 -1.84   slack (VIOLATED)


Startpoint: dpath.b_reg.out[1]$_DFFE_PP_
            (rising edge-triggered flip-flop clocked by core_clock)
Endpoint: resp_msg[14] (output port clocked by vclk_core_clock)
Path Group: vclk_core_clock
Path Type: max

Fanout     Cap    Slew   Delay    Time   Description
-----------------------------------------------------------------------------
                  0.00    0.00    0.00   clock core_clock (rise edge)
                          0.29    0.29   clock network delay (ideal)
                  0.00    0.00    0.29 ^ dpath.b_reg.out[1]$_DFFE_PP_/CLK (sky130_fd_sc_hd__edfxtp_1)
     5    0.01    0.12    0.41    0.70 v dpath.b_reg.out[1]$_DFFE_PP_/Q (sky130_fd_sc_hd__edfxtp_1)
                                         dpath.a_lt_b$in1[1] (net)
                  0.12    0.00    0.70 v _166_/A_N (sky130_fd_sc_hd__nand2b_4)
     2    0.01    0.05    0.18    0.88 v _166_/Y (sky130_fd_sc_hd__nand2b_4)
                                         _005_ (net)
                  0.05    0.00    0.88 v _170_/A2 (sky130_fd_sc_hd__a211oi_4)
     3    0.01    0.25    0.29    1.17 ^ _170_/Y (sky130_fd_sc_hd__a211oi_4)
                                         _009_ (net)
                  0.25    0.00    1.17 ^ _224_/B2 (sky130_fd_sc_hd__o221ai_1)
     1    0.00    0.08    0.14    1.31 v _224_/Y (sky130_fd_sc_hd__o221ai_1)
                                         _042_ (net)
                  0.08    0.00    1.31 v _226_/B (sky130_fd_sc_hd__nand4b_1)
     5    0.01    0.17    0.17    1.47 ^ _226_/Y (sky130_fd_sc_hd__nand4b_1)
                                         _044_ (net)
                  0.17    0.00    1.47 ^ _230_/A1 (sky130_fd_sc_hd__a21boi_1)
     1    0.00    0.06    0.08    1.55 v _230_/Y (sky130_fd_sc_hd__a21boi_1)
                                         _048_ (net)
                  0.06    0.00    1.55 v _239_/A2 (sky130_fd_sc_hd__o31a_1)
     3    0.01    0.08    0.32    1.87 v _239_/X (sky130_fd_sc_hd__o31a_1)
                                         _057_ (net)
                  0.08    0.00    1.87 v _261_/C (sky130_fd_sc_hd__maj3_2)
     3    0.01    0.08    0.35    2.21 v _261_/X (sky130_fd_sc_hd__maj3_2)
                                         _078_ (net)
                  0.08    0.00    2.21 v _262_/A2 (sky130_fd_sc_hd__a211oi_2)
     3    0.01    0.20    0.26    2.47 ^ _262_/Y (sky130_fd_sc_hd__a211oi_2)
                                         _079_ (net)
                  0.20    0.00    2.47 ^ _263_/B (sky130_fd_sc_hd__nor2_1)
     2    0.01    0.08    0.09    2.56 v _263_/Y (sky130_fd_sc_hd__nor2_1)
                                         _080_ (net)
                  0.08    0.00    2.56 v _282_/B (sky130_fd_sc_hd__xnor2_1)
     1    0.00    0.04    0.11    2.67 v _282_/Y (sky130_fd_sc_hd__xnor2_1)
                                         resp_msg[14] (net)
                  0.04    0.00    2.67 v resp_msg[14] (out)
                                  2.67   data arrival time

                  0.00    1.10    1.10   clock vclk_core_clock (rise edge)
                          0.29    1.39   clock network delay (ideal)
                          0.00    1.39   clock reconvergence pessimism
                         -0.22    1.17   output external delay
                                  1.17   data required time
-----------------------------------------------------------------------------
                                  1.17   data required time
                                 -2.67   data arrival time
-----------------------------------------------------------------------------
                                 -1.50   slack (VIOLATED)



==========================================================================
floorplan final report_checks -unconstrained
--------------------------------------------------------------------------
Startpoint: dpath.b_reg.out[1]$_DFFE_PP_
            (rising edge-triggered flip-flop clocked by core_clock)
Endpoint: dpath.a_reg.out[14]$_DFFE_PP_
          (rising edge-triggered flip-flop clocked by core_clock)
Path Group: core_clock
Path Type: max

Fanout     Cap    Slew   Delay    Time   Description
-----------------------------------------------------------------------------
                  0.00    0.00    0.00   clock core_clock (rise edge)
                          0.29    0.29   clock network delay (ideal)
                  0.00    0.00    0.29 ^ dpath.b_reg.out[1]$_DFFE_PP_/CLK (sky130_fd_sc_hd__edfxtp_1)
     5    0.01    0.12    0.41    0.70 v dpath.b_reg.out[1]$_DFFE_PP_/Q (sky130_fd_sc_hd__edfxtp_1)
                                         dpath.a_lt_b$in1[1] (net)
                  0.12    0.00    0.70 v _166_/A_N (sky130_fd_sc_hd__nand2b_4)
     2    0.01    0.05    0.18    0.88 v _166_/Y (sky130_fd_sc_hd__nand2b_4)
                                         _005_ (net)
                  0.05    0.00    0.88 v _170_/A2 (sky130_fd_sc_hd__a211oi_4)
     3    0.01    0.25    0.29    1.17 ^ _170_/Y (sky130_fd_sc_hd__a211oi_4)
                                         _009_ (net)
                  0.25    0.00    1.17 ^ _224_/B2 (sky130_fd_sc_hd__o221ai_1)
     1    0.00    0.08    0.14    1.31 v _224_/Y (sky130_fd_sc_hd__o221ai_1)
                                         _042_ (net)
                  0.08    0.00    1.31 v _226_/B (sky130_fd_sc_hd__nand4b_1)
     5    0.01    0.17    0.17    1.47 ^ _226_/Y (sky130_fd_sc_hd__nand4b_1)
                                         _044_ (net)
                  0.17    0.00    1.47 ^ _230_/A1 (sky130_fd_sc_hd__a21boi_1)
     1    0.00    0.06    0.08    1.55 v _230_/Y (sky130_fd_sc_hd__a21boi_1)
                                         _048_ (net)
                  0.06    0.00    1.55 v _239_/A2 (sky130_fd_sc_hd__o31a_1)
     3    0.01    0.08    0.32    1.87 v _239_/X (sky130_fd_sc_hd__o31a_1)
                                         _057_ (net)
                  0.08    0.00    1.87 v _261_/C (sky130_fd_sc_hd__maj3_2)
     3    0.01    0.08    0.35    2.21 v _261_/X (sky130_fd_sc_hd__maj3_2)
                                         _078_ (net)
                  0.08    0.00    2.21 v _271_/A1 (sky130_fd_sc_hd__a21o_1)
     3    0.01    0.07    0.20    2.41 v _271_/X (sky130_fd_sc_hd__a21o_1)
                                         _088_ (net)
                  0.07    0.00    2.41 v _275_/A2 (sky130_fd_sc_hd__o2111ai_1)
     1    0.00    0.15    0.17    2.58 ^ _275_/Y (sky130_fd_sc_hd__o2111ai_1)
                                         _092_ (net)
                  0.15    0.00    2.58 ^ _278_/C1 (sky130_fd_sc_hd__o2111ai_1)
     1    0.00    0.08    0.12    2.70 v _278_/Y (sky130_fd_sc_hd__o2111ai_1)
                                         _095_ (net)
                  0.08    0.00    2.70 v _281_/B1 (sky130_fd_sc_hd__a211o_1)
     1    0.00    0.04    0.26    2.97 v _281_/X (sky130_fd_sc_hd__a211o_1)
                                         dpath.a_mux$out[14] (net)
                  0.04    0.00    2.97 v dpath.a_reg.out[14]$_DFFE_PP_/D (sky130_fd_sc_hd__edfxtp_1)
                                  2.97   data arrival time

                  0.00    1.10    1.10   clock core_clock (rise edge)
                          0.29    1.39   clock network delay (ideal)
                          0.00    1.39   clock reconvergence pessimism
                                  1.39 ^ dpath.a_reg.out[14]$_DFFE_PP_/CLK (sky130_fd_sc_hd__edfxtp_1)
                         -0.26    1.13   library setup time
                                  1.13   data required time
-----------------------------------------------------------------------------
                                  1.13   data required time
                                 -2.97   data arrival time
-----------------------------------------------------------------------------
                                 -1.84   slack (VIOLATED)


Startpoint: dpath.b_reg.out[1]$_DFFE_PP_
            (rising edge-triggered flip-flop clocked by core_clock)
Endpoint: resp_msg[14] (output port clocked by vclk_core_clock)
Path Group: vclk_core_clock
Path Type: max

Fanout     Cap    Slew   Delay    Time   Description
-----------------------------------------------------------------------------
                  0.00    0.00    0.00   clock core_clock (rise edge)
                          0.29    0.29   clock network delay (ideal)
                  0.00    0.00    0.29 ^ dpath.b_reg.out[1]$_DFFE_PP_/CLK (sky130_fd_sc_hd__edfxtp_1)
     5    0.01    0.12    0.41    0.70 v dpath.b_reg.out[1]$_DFFE_PP_/Q (sky130_fd_sc_hd__edfxtp_1)
                                         dpath.a_lt_b$in1[1] (net)
                  0.12    0.00    0.70 v _166_/A_N (sky130_fd_sc_hd__nand2b_4)
     2    0.01    0.05    0.18    0.88 v _166_/Y (sky130_fd_sc_hd__nand2b_4)
                                         _005_ (net)
                  0.05    0.00    0.88 v _170_/A2 (sky130_fd_sc_hd__a211oi_4)
     3    0.01    0.25    0.29    1.17 ^ _170_/Y (sky130_fd_sc_hd__a211oi_4)
                                         _009_ (net)
                  0.25    0.00    1.17 ^ _224_/B2 (sky130_fd_sc_hd__o221ai_1)
     1    0.00    0.08    0.14    1.31 v _224_/Y (sky130_fd_sc_hd__o221ai_1)
                                         _042_ (net)
                  0.08    0.00    1.31 v _226_/B (sky130_fd_sc_hd__nand4b_1)
     5    0.01    0.17    0.17    1.47 ^ _226_/Y (sky130_fd_sc_hd__nand4b_1)
                                         _044_ (net)
                  0.17    0.00    1.47 ^ _230_/A1 (sky130_fd_sc_hd__a21boi_1)
     1    0.00    0.06    0.08    1.55 v _230_/Y (sky130_fd_sc_hd__a21boi_1)
                                         _048_ (net)
                  0.06    0.00    1.55 v _239_/A2 (sky130_fd_sc_hd__o31a_1)
     3    0.01    0.08    0.32    1.87 v _239_/X (sky130_fd_sc_hd__o31a_1)
                                         _057_ (net)
                  0.08    0.00    1.87 v _261_/C (sky130_fd_sc_hd__maj3_2)
     3    0.01    0.08    0.35    2.21 v _261_/X (sky130_fd_sc_hd__maj3_2)
                                         _078_ (net)
                  0.08    0.00    2.21 v _262_/A2 (sky130_fd_sc_hd__a211oi_2)
     3    0.01    0.20    0.26    2.47 ^ _262_/Y (sky130_fd_sc_hd__a211oi_2)
                                         _079_ (net)
                  0.20    0.00    2.47 ^ _263_/B (sky130_fd_sc_hd__nor2_1)
     2    0.01    0.08    0.09    2.56 v _263_/Y (sky130_fd_sc_hd__nor2_1)
                                         _080_ (net)
                  0.08    0.00    2.56 v _282_/B (sky130_fd_sc_hd__xnor2_1)
     1    0.00    0.04    0.11    2.67 v _282_/Y (sky130_fd_sc_hd__xnor2_1)
                                         resp_msg[14] (net)
                  0.04    0.00    2.67 v resp_msg[14] (out)
                                  2.67   data arrival time

                  0.00    1.10    1.10   clock vclk_core_clock (rise edge)
                          0.29    1.39   clock network delay (ideal)
                          0.00    1.39   clock reconvergence pessimism
                         -0.22    1.17   output external delay
                                  1.17   data required time
-----------------------------------------------------------------------------
                                  1.17   data required time
                                 -2.67   data arrival time
-----------------------------------------------------------------------------
                                 -1.50   slack (VIOLATED)



==========================================================================
floorplan final report_power
--------------------------------------------------------------------------
Group                  Internal  Switching    Leakage      Total
                          Power      Power      Power      Power (Watts)
----------------------------------------------------------------
Sequential             1.69e-03   1.37e-04   3.52e-10   1.82e-03  58.6%
Combinational          7.45e-04   5.41e-04   6.62e-10   1.29e-03  41.4%
Clock                  0.00e+00   0.00e+00   0.00e+00   0.00e+00   0.0%
Macro                  0.00e+00   0.00e+00   0.00e+00   0.00e+00   0.0%
Pad                    0.00e+00   0.00e+00   0.00e+00   0.00e+00   0.0%
----------------------------------------------------------------
Total                  2.43e-03   6.78e-04   1.01e-09   3.11e-03 100.0%
                          78.2%      21.8%       0.0%
