
==========================================================================
cts final report_tns
--------------------------------------------------------------------------
tns max -79.90

==========================================================================
cts final report_wns
--------------------------------------------------------------------------
wns max -2.06

==========================================================================
cts final report_worst_slack
--------------------------------------------------------------------------
worst slack max -2.06

==========================================================================
cts final report_clock_min_period
--------------------------------------------------------------------------
core_clock period_min = 3.16 fmax = 316.10
vclk_core_clock period_min = 0.00 fmax = inf

==========================================================================
cts final report_clock_skew
--------------------------------------------------------------------------
Clock core_clock
   0.30 source latency dpath.a_reg.out[2]$_DFFE_PP_/CLK ^
  -0.28 target latency dpath.b_reg.out[11]$_DFFE_PP_/CLK ^
   0.00 CRPR
--------------
   0.01 setup skew

Clock vclk_core_clock
No launch/capture paths found.


==========================================================================
cts final report_checks -path_delay min
--------------------------------------------------------------------------
Startpoint: ctrl.state.out[1]$_DFF_P_
            (rising edge-triggered flip-flop clocked by core_clock)
Endpoint: ctrl.state.out[1]$_DFF_P_
          (rising edge-triggered flip-flop clocked by core_clock)
Path Group: core_clock
Path Type: min

Fanout     Cap    Slew   Delay    Time   Description
-----------------------------------------------------------------------------
                          0.00    0.00   clock core_clock (rise edge)
                          0.00    0.00   clock source latency
     1    0.02    0.00    0.00    0.00 ^ clk (in)
                                         clk (net)
                  0.00    0.00    0.00 ^ clkbuf_0_clk/A (sky130_fd_sc_hd__clkbuf_8)
     4    0.03    0.07    0.13    0.13 ^ clkbuf_0_clk/X (sky130_fd_sc_hd__clkbuf_8)
                                         clknet_0_clk (net)
                  0.07    0.00    0.13 ^ clkbuf_2_0__f_clk/A (sky130_fd_sc_hd__clkbuf_8)
    10    0.04    0.07    0.16    0.29 ^ clkbuf_2_0__f_clk/X (sky130_fd_sc_hd__clkbuf_8)
                                         clknet_2_0__leaf_clk (net)
                  0.07    0.00    0.29 ^ ctrl.state.out[1]$_DFF_P_/CLK (sky130_fd_sc_hd__dfxtp_1)
     3    0.01    0.05    0.32    0.61 v ctrl.state.out[1]$_DFF_P_/Q (sky130_fd_sc_hd__dfxtp_1)
                                         ctrl.state.out[1] (net)
                  0.05    0.00    0.61 v _362_/B1 (sky130_fd_sc_hd__o21ai_0)
     1    0.00    0.07    0.07    0.68 ^ _362_/Y (sky130_fd_sc_hd__o21ai_0)
                                         _152_ (net)
                  0.07    0.00    0.68 ^ _369_/A2 (sky130_fd_sc_hd__a21oi_1)
     1    0.00    0.02    0.06    0.75 v _369_/Y (sky130_fd_sc_hd__a21oi_1)
                                         _001_ (net)
                  0.02    0.00    0.75 v ctrl.state.out[1]$_DFF_P_/D (sky130_fd_sc_hd__dfxtp_1)
                                  0.75   data arrival time

                          0.00    0.00   clock core_clock (rise edge)
                          0.00    0.00   clock source latency
     1    0.02    0.00    0.00    0.00 ^ clk (in)
                                         clk (net)
                  0.00    0.00    0.00 ^ clkbuf_0_clk/A (sky130_fd_sc_hd__clkbuf_8)
     4    0.03    0.07    0.13    0.13 ^ clkbuf_0_clk/X (sky130_fd_sc_hd__clkbuf_8)
                                         clknet_0_clk (net)
                  0.07    0.00    0.13 ^ clkbuf_2_0__f_clk/A (sky130_fd_sc_hd__clkbuf_8)
    10    0.04    0.07    0.16    0.29 ^ clkbuf_2_0__f_clk/X (sky130_fd_sc_hd__clkbuf_8)
                                         clknet_2_0__leaf_clk (net)
                  0.07    0.00    0.29 ^ ctrl.state.out[1]$_DFF_P_/CLK (sky130_fd_sc_hd__dfxtp_1)
                          0.00    0.29   clock reconvergence pessimism
                         -0.04    0.25   library hold time
                                  0.25   data required time
-----------------------------------------------------------------------------
                                  0.25   data required time
                                 -0.75   data arrival time
-----------------------------------------------------------------------------
                                  0.49   slack (MET)


Startpoint: ctrl.state.out[1]$_DFF_P_
            (rising edge-triggered flip-flop clocked by core_clock)
Endpoint: resp_val (output port clocked by vclk_core_clock)
Path Group: vclk_core_clock
Path Type: min

Fanout     Cap    Slew   Delay    Time   Description
-----------------------------------------------------------------------------
                          0.00    0.00   clock core_clock (rise edge)
                          0.00    0.00   clock source latency
     1    0.02    0.00    0.00    0.00 ^ clk (in)
                                         clk (net)
                  0.00    0.00    0.00 ^ clkbuf_0_clk/A (sky130_fd_sc_hd__clkbuf_8)
     4    0.03    0.07    0.13    0.13 ^ clkbuf_0_clk/X (sky130_fd_sc_hd__clkbuf_8)
                                         clknet_0_clk (net)
                  0.07    0.00    0.13 ^ clkbuf_2_0__f_clk/A (sky130_fd_sc_hd__clkbuf_8)
    10    0.04    0.07    0.16    0.29 ^ clkbuf_2_0__f_clk/X (sky130_fd_sc_hd__clkbuf_8)
                                         clknet_2_0__leaf_clk (net)
                  0.07    0.00    0.29 ^ ctrl.state.out[1]$_DFF_P_/CLK (sky130_fd_sc_hd__dfxtp_1)
     3    0.01    0.05    0.32    0.61 v ctrl.state.out[1]$_DFF_P_/Q (sky130_fd_sc_hd__dfxtp_1)
                                         ctrl.state.out[1] (net)
                  0.05    0.00    0.61 v _357_/A (sky130_fd_sc_hd__inv_1)
     1    0.01    0.09    0.09    0.70 ^ _357_/Y (sky130_fd_sc_hd__inv_1)
                                         _150_ (net)
                  0.09    0.00    0.70 ^ _359_/A (sky130_fd_sc_hd__nor2_4)
     2    0.01    0.03    0.05    0.75 v _359_/Y (sky130_fd_sc_hd__nor2_4)
                                         net53 (net)
                  0.03    0.00    0.75 v output53/A (sky130_fd_sc_hd__buf_2)
     1    0.00    0.02    0.10    0.85 v output53/X (sky130_fd_sc_hd__buf_2)
                                         resp_val (net)
                  0.02    0.00    0.85 v resp_val (out)
                                  0.85   data arrival time

                  0.00    0.00    0.00   clock vclk_core_clock (rise edge)
                          0.29    0.29   clock network delay (ideal)
                          0.00    0.29   clock reconvergence pessimism
                         -0.22    0.07   output external delay
                                  0.07   data required time
-----------------------------------------------------------------------------
                                  0.07   data required time
                                 -0.85   data arrival time
-----------------------------------------------------------------------------
                                  0.78   slack (MET)



==========================================================================
cts final report_checks -path_delay max
--------------------------------------------------------------------------
Startpoint: dpath.b_reg.out[1]$_DFFE_PP_
            (rising edge-triggered flip-flop clocked by core_clock)
Endpoint: dpath.a_reg.out[14]$_DFFE_PP_
          (rising edge-triggered flip-flop clocked by core_clock)
Path Group: core_clock
Path Type: max

Fanout     Cap    Slew   Delay    Time   Description
-----------------------------------------------------------------------------
                          0.00    0.00   clock core_clock (rise edge)
                          0.00    0.00   clock source latency
     1    0.02    0.00    0.00    0.00 ^ clk (in)
                                         clk (net)
                  0.00    0.00    0.00 ^ clkbuf_0_clk/A (sky130_fd_sc_hd__clkbuf_8)
     4    0.03    0.07    0.13    0.13 ^ clkbuf_0_clk/X (sky130_fd_sc_hd__clkbuf_8)
                                         clknet_0_clk (net)
                  0.07    0.00    0.13 ^ clkbuf_2_0__f_clk/A (sky130_fd_sc_hd__clkbuf_8)
    10    0.04    0.07    0.16    0.29 ^ clkbuf_2_0__f_clk/X (sky130_fd_sc_hd__clkbuf_8)
                                         clknet_2_0__leaf_clk (net)
                  0.07    0.00    0.29 ^ dpath.b_reg.out[1]$_DFFE_PP_/CLK (sky130_fd_sc_hd__edfxtp_1)
     4    0.01    0.11    0.43    0.72 v dpath.b_reg.out[1]$_DFFE_PP_/Q (sky130_fd_sc_hd__edfxtp_1)
                                         dpath.a_lt_b$in1[1] (net)
                  0.11    0.00    0.72 v _166_/A_N (sky130_fd_sc_hd__nand2b_4)
     2    0.01    0.05    0.18    0.90 v _166_/Y (sky130_fd_sc_hd__nand2b_4)
                                         _005_ (net)
                  0.05    0.00    0.90 v _170_/A1 (sky130_fd_sc_hd__a211oi_4)
     3    0.02    0.28    0.29    1.19 ^ _170_/Y (sky130_fd_sc_hd__a211oi_4)
                                         _009_ (net)
                  0.28    0.00    1.19 ^ _173_/A3 (sky130_fd_sc_hd__o31ai_4)
     3    0.01    0.07    0.10    1.30 v _173_/Y (sky130_fd_sc_hd__o31ai_4)
                                         _012_ (net)
                  0.07    0.00    1.30 v _231_/A2 (sky130_fd_sc_hd__a211oi_2)
     2    0.01    0.20    0.26    1.56 ^ _231_/Y (sky130_fd_sc_hd__a211oi_2)
                                         _049_ (net)
                  0.20    0.00    1.56 ^ _232_/A1 (sky130_fd_sc_hd__a21oi_1)
     1    0.00    0.07    0.10    1.66 v _232_/Y (sky130_fd_sc_hd__a21oi_1)
                                         _050_ (net)
                  0.07    0.00    1.66 v _239_/A1 (sky130_fd_sc_hd__o31a_1)
     2    0.01    0.08    0.33    2.00 v _239_/X (sky130_fd_sc_hd__o31a_1)
                                         _057_ (net)
                  0.08    0.00    2.00 v _261_/B (sky130_fd_sc_hd__maj3_2)
     2    0.01    0.08    0.33    2.33 v _261_/X (sky130_fd_sc_hd__maj3_2)
                                         _078_ (net)
                  0.08    0.00    2.33 v place147/A (sky130_fd_sc_hd__buf_6)
     2    0.01    0.02    0.13    2.45 v place147/X (sky130_fd_sc_hd__buf_6)
                                         net147 (net)
                  0.02    0.00    2.45 v _271_/A2 (sky130_fd_sc_hd__a21o_1)
     3    0.01    0.07    0.21    2.66 v _271_/X (sky130_fd_sc_hd__a21o_1)
                                         _088_ (net)
                  0.07    0.00    2.66 v _275_/A1 (sky130_fd_sc_hd__o2111ai_1)
     1    0.00    0.16    0.20    2.86 ^ _275_/Y (sky130_fd_sc_hd__o2111ai_1)
                                         _092_ (net)
                  0.16    0.00    2.86 ^ _278_/D1 (sky130_fd_sc_hd__o2111ai_1)
     1    0.00    0.10    0.13    2.98 v _278_/Y (sky130_fd_sc_hd__o2111ai_1)
                                         _095_ (net)
                  0.10    0.00    2.98 v _281_/C1 (sky130_fd_sc_hd__a211o_1)
     1    0.00    0.04    0.23    3.22 v _281_/X (sky130_fd_sc_hd__a211o_1)
                                         dpath.a_mux$out[14] (net)
                  0.04    0.00    3.22 v dpath.a_reg.out[14]$_DFFE_PP_/D (sky130_fd_sc_hd__edfxtp_1)
                                  3.22   data arrival time

                          1.10    1.10   clock core_clock (rise edge)
                          0.00    1.10   clock source latency
     1    0.02    0.00    0.00    1.10 ^ clk (in)
                                         clk (net)
                  0.00    0.00    1.10 ^ clkbuf_0_clk/A (sky130_fd_sc_hd__clkbuf_8)
     4    0.03    0.07    0.13    1.23 ^ clkbuf_0_clk/X (sky130_fd_sc_hd__clkbuf_8)
                                         clknet_0_clk (net)
                  0.07    0.00    1.23 ^ clkbuf_2_0__f_clk/A (sky130_fd_sc_hd__clkbuf_8)
    10    0.04    0.07    0.16    1.39 ^ clkbuf_2_0__f_clk/X (sky130_fd_sc_hd__clkbuf_8)
                                         clknet_2_0__leaf_clk (net)
                  0.07    0.00    1.39 ^ dpath.a_reg.out[14]$_DFFE_PP_/CLK (sky130_fd_sc_hd__edfxtp_1)
                          0.00    1.39   clock reconvergence pessimism
                         -0.24    1.15   library setup time
                                  1.15   data required time
-----------------------------------------------------------------------------
                                  1.15   data required time
                                 -3.22   data arrival time
-----------------------------------------------------------------------------
                                 -2.06   slack (VIOLATED)


Startpoint: dpath.b_reg.out[1]$_DFFE_PP_
            (rising edge-triggered flip-flop clocked by core_clock)
Endpoint: resp_msg[13] (output port clocked by vclk_core_clock)
Path Group: vclk_core_clock
Path Type: max

Fanout     Cap    Slew   Delay    Time   Description
-----------------------------------------------------------------------------
                          0.00    0.00   clock core_clock (rise edge)
                          0.00    0.00   clock source latency
     1    0.02    0.00    0.00    0.00 ^ clk (in)
                                         clk (net)
                  0.00    0.00    0.00 ^ clkbuf_0_clk/A (sky130_fd_sc_hd__clkbuf_8)
     4    0.03    0.07    0.13    0.13 ^ clkbuf_0_clk/X (sky130_fd_sc_hd__clkbuf_8)
                                         clknet_0_clk (net)
                  0.07    0.00    0.13 ^ clkbuf_2_0__f_clk/A (sky130_fd_sc_hd__clkbuf_8)
    10    0.04    0.07    0.16    0.29 ^ clkbuf_2_0__f_clk/X (sky130_fd_sc_hd__clkbuf_8)
                                         clknet_2_0__leaf_clk (net)
                  0.07    0.00    0.29 ^ dpath.b_reg.out[1]$_DFFE_PP_/CLK (sky130_fd_sc_hd__edfxtp_1)
     4    0.01    0.11    0.43    0.72 v dpath.b_reg.out[1]$_DFFE_PP_/Q (sky130_fd_sc_hd__edfxtp_1)
                                         dpath.a_lt_b$in1[1] (net)
                  0.11    0.00    0.72 v _166_/A_N (sky130_fd_sc_hd__nand2b_4)
     2    0.01    0.05    0.18    0.90 v _166_/Y (sky130_fd_sc_hd__nand2b_4)
                                         _005_ (net)
                  0.05    0.00    0.90 v _170_/A1 (sky130_fd_sc_hd__a211oi_4)
     3    0.02    0.28    0.29    1.19 ^ _170_/Y (sky130_fd_sc_hd__a211oi_4)
                                         _009_ (net)
                  0.28    0.00    1.19 ^ _173_/A3 (sky130_fd_sc_hd__o31ai_4)
     3    0.01    0.07    0.10    1.30 v _173_/Y (sky130_fd_sc_hd__o31ai_4)
                                         _012_ (net)
                  0.07    0.00    1.30 v _231_/A2 (sky130_fd_sc_hd__a211oi_2)
     2    0.01    0.20    0.26    1.56 ^ _231_/Y (sky130_fd_sc_hd__a211oi_2)
                                         _049_ (net)
                  0.20    0.00    1.56 ^ _232_/A1 (sky130_fd_sc_hd__a21oi_1)
     1    0.00    0.07    0.10    1.66 v _232_/Y (sky130_fd_sc_hd__a21oi_1)
                                         _050_ (net)
                  0.07    0.00    1.66 v _239_/A1 (sky130_fd_sc_hd__o31a_1)
     2    0.01    0.08    0.33    2.00 v _239_/X (sky130_fd_sc_hd__o31a_1)
                                         _057_ (net)
                  0.08    0.00    2.00 v _261_/B (sky130_fd_sc_hd__maj3_2)
     2    0.01    0.08    0.33    2.33 v _261_/X (sky130_fd_sc_hd__maj3_2)
                                         _078_ (net)
                  0.08    0.00    2.33 v place147/A (sky130_fd_sc_hd__buf_6)
     2    0.01    0.02    0.13    2.45 v place147/X (sky130_fd_sc_hd__buf_6)
                                         net147 (net)
                  0.02    0.00    2.45 v _271_/A2 (sky130_fd_sc_hd__a21o_1)
     3    0.01    0.07    0.21    2.66 v _271_/X (sky130_fd_sc_hd__a21o_1)
                                         _088_ (net)
                  0.07    0.00    2.66 v rebuffer229/A (sky130_fd_sc_hd__buf_4)
     1    0.01    0.03    0.14    2.80 v rebuffer229/X (sky130_fd_sc_hd__buf_4)
                                         net229 (net)
                  0.03    0.00    2.80 v _288_/B (sky130_fd_sc_hd__xnor2_1)
     1    0.00    0.04    0.11    2.91 v _288_/Y (sky130_fd_sc_hd__xnor2_1)
                                         net41 (net)
                  0.04    0.00    2.91 v output41/A (sky130_fd_sc_hd__dlygate4sd2_1)
     1    0.00    0.02    0.23    3.14 v output41/X (sky130_fd_sc_hd__dlygate4sd2_1)
                                         resp_msg[13] (net)
                  0.02    0.00    3.14 v resp_msg[13] (out)
                                  3.14   data arrival time

                  0.00    1.10    1.10   clock vclk_core_clock (rise edge)
                          0.29    1.39   clock network delay (ideal)
                          0.00    1.39   clock reconvergence pessimism
                         -0.22    1.17   output external delay
                                  1.17   data required time
-----------------------------------------------------------------------------
                                  1.17   data required time
                                 -3.14   data arrival time
-----------------------------------------------------------------------------
                                 -1.97   slack (VIOLATED)



==========================================================================
cts final report_checks -unconstrained
--------------------------------------------------------------------------
Startpoint: dpath.b_reg.out[1]$_DFFE_PP_
            (rising edge-triggered flip-flop clocked by core_clock)
Endpoint: dpath.a_reg.out[14]$_DFFE_PP_
          (rising edge-triggered flip-flop clocked by core_clock)
Path Group: core_clock
Path Type: max

Fanout     Cap    Slew   Delay    Time   Description
-----------------------------------------------------------------------------
                          0.00    0.00   clock core_clock (rise edge)
                          0.00    0.00   clock source latency
     1    0.02    0.00    0.00    0.00 ^ clk (in)
                                         clk (net)
                  0.00    0.00    0.00 ^ clkbuf_0_clk/A (sky130_fd_sc_hd__clkbuf_8)
     4    0.03    0.07    0.13    0.13 ^ clkbuf_0_clk/X (sky130_fd_sc_hd__clkbuf_8)
                                         clknet_0_clk (net)
                  0.07    0.00    0.13 ^ clkbuf_2_0__f_clk/A (sky130_fd_sc_hd__clkbuf_8)
    10    0.04    0.07    0.16    0.29 ^ clkbuf_2_0__f_clk/X (sky130_fd_sc_hd__clkbuf_8)
                                         clknet_2_0__leaf_clk (net)
                  0.07    0.00    0.29 ^ dpath.b_reg.out[1]$_DFFE_PP_/CLK (sky130_fd_sc_hd__edfxtp_1)
     4    0.01    0.11    0.43    0.72 v dpath.b_reg.out[1]$_DFFE_PP_/Q (sky130_fd_sc_hd__edfxtp_1)
                                         dpath.a_lt_b$in1[1] (net)
                  0.11    0.00    0.72 v _166_/A_N (sky130_fd_sc_hd__nand2b_4)
     2    0.01    0.05    0.18    0.90 v _166_/Y (sky130_fd_sc_hd__nand2b_4)
                                         _005_ (net)
                  0.05    0.00    0.90 v _170_/A1 (sky130_fd_sc_hd__a211oi_4)
     3    0.02    0.28    0.29    1.19 ^ _170_/Y (sky130_fd_sc_hd__a211oi_4)
                                         _009_ (net)
                  0.28    0.00    1.19 ^ _173_/A3 (sky130_fd_sc_hd__o31ai_4)
     3    0.01    0.07    0.10    1.30 v _173_/Y (sky130_fd_sc_hd__o31ai_4)
                                         _012_ (net)
                  0.07    0.00    1.30 v _231_/A2 (sky130_fd_sc_hd__a211oi_2)
     2    0.01    0.20    0.26    1.56 ^ _231_/Y (sky130_fd_sc_hd__a211oi_2)
                                         _049_ (net)
                  0.20    0.00    1.56 ^ _232_/A1 (sky130_fd_sc_hd__a21oi_1)
     1    0.00    0.07    0.10    1.66 v _232_/Y (sky130_fd_sc_hd__a21oi_1)
                                         _050_ (net)
                  0.07    0.00    1.66 v _239_/A1 (sky130_fd_sc_hd__o31a_1)
     2    0.01    0.08    0.33    2.00 v _239_/X (sky130_fd_sc_hd__o31a_1)
                                         _057_ (net)
                  0.08    0.00    2.00 v _261_/B (sky130_fd_sc_hd__maj3_2)
     2    0.01    0.08    0.33    2.33 v _261_/X (sky130_fd_sc_hd__maj3_2)
                                         _078_ (net)
                  0.08    0.00    2.33 v place147/A (sky130_fd_sc_hd__buf_6)
     2    0.01    0.02    0.13    2.45 v place147/X (sky130_fd_sc_hd__buf_6)
                                         net147 (net)
                  0.02    0.00    2.45 v _271_/A2 (sky130_fd_sc_hd__a21o_1)
     3    0.01    0.07    0.21    2.66 v _271_/X (sky130_fd_sc_hd__a21o_1)
                                         _088_ (net)
                  0.07    0.00    2.66 v _275_/A1 (sky130_fd_sc_hd__o2111ai_1)
     1    0.00    0.16    0.20    2.86 ^ _275_/Y (sky130_fd_sc_hd__o2111ai_1)
                                         _092_ (net)
                  0.16    0.00    2.86 ^ _278_/D1 (sky130_fd_sc_hd__o2111ai_1)
     1    0.00    0.10    0.13    2.98 v _278_/Y (sky130_fd_sc_hd__o2111ai_1)
                                         _095_ (net)
                  0.10    0.00    2.98 v _281_/C1 (sky130_fd_sc_hd__a211o_1)
     1    0.00    0.04    0.23    3.22 v _281_/X (sky130_fd_sc_hd__a211o_1)
                                         dpath.a_mux$out[14] (net)
                  0.04    0.00    3.22 v dpath.a_reg.out[14]$_DFFE_PP_/D (sky130_fd_sc_hd__edfxtp_1)
                                  3.22   data arrival time

                          1.10    1.10   clock core_clock (rise edge)
                          0.00    1.10   clock source latency
     1    0.02    0.00    0.00    1.10 ^ clk (in)
                                         clk (net)
                  0.00    0.00    1.10 ^ clkbuf_0_clk/A (sky130_fd_sc_hd__clkbuf_8)
     4    0.03    0.07    0.13    1.23 ^ clkbuf_0_clk/X (sky130_fd_sc_hd__clkbuf_8)
                                         clknet_0_clk (net)
                  0.07    0.00    1.23 ^ clkbuf_2_0__f_clk/A (sky130_fd_sc_hd__clkbuf_8)
    10    0.04    0.07    0.16    1.39 ^ clkbuf_2_0__f_clk/X (sky130_fd_sc_hd__clkbuf_8)
                                         clknet_2_0__leaf_clk (net)
                  0.07    0.00    1.39 ^ dpath.a_reg.out[14]$_DFFE_PP_/CLK (sky130_fd_sc_hd__edfxtp_1)
                          0.00    1.39   clock reconvergence pessimism
                         -0.24    1.15   library setup time
                                  1.15   data required time
-----------------------------------------------------------------------------
                                  1.15   data required time
                                 -3.22   data arrival time
-----------------------------------------------------------------------------
                                 -2.06   slack (VIOLATED)


Startpoint: dpath.b_reg.out[1]$_DFFE_PP_
            (rising edge-triggered flip-flop clocked by core_clock)
Endpoint: resp_msg[13] (output port clocked by vclk_core_clock)
Path Group: vclk_core_clock
Path Type: max

Fanout     Cap    Slew   Delay    Time   Description
-----------------------------------------------------------------------------
                          0.00    0.00   clock core_clock (rise edge)
                          0.00    0.00   clock source latency
     1    0.02    0.00    0.00    0.00 ^ clk (in)
                                         clk (net)
                  0.00    0.00    0.00 ^ clkbuf_0_clk/A (sky130_fd_sc_hd__clkbuf_8)
     4    0.03    0.07    0.13    0.13 ^ clkbuf_0_clk/X (sky130_fd_sc_hd__clkbuf_8)
                                         clknet_0_clk (net)
                  0.07    0.00    0.13 ^ clkbuf_2_0__f_clk/A (sky130_fd_sc_hd__clkbuf_8)
    10    0.04    0.07    0.16    0.29 ^ clkbuf_2_0__f_clk/X (sky130_fd_sc_hd__clkbuf_8)
                                         clknet_2_0__leaf_clk (net)
                  0.07    0.00    0.29 ^ dpath.b_reg.out[1]$_DFFE_PP_/CLK (sky130_fd_sc_hd__edfxtp_1)
     4    0.01    0.11    0.43    0.72 v dpath.b_reg.out[1]$_DFFE_PP_/Q (sky130_fd_sc_hd__edfxtp_1)
                                         dpath.a_lt_b$in1[1] (net)
                  0.11    0.00    0.72 v _166_/A_N (sky130_fd_sc_hd__nand2b_4)
     2    0.01    0.05    0.18    0.90 v _166_/Y (sky130_fd_sc_hd__nand2b_4)
                                         _005_ (net)
                  0.05    0.00    0.90 v _170_/A1 (sky130_fd_sc_hd__a211oi_4)
     3    0.02    0.28    0.29    1.19 ^ _170_/Y (sky130_fd_sc_hd__a211oi_4)
                                         _009_ (net)
                  0.28    0.00    1.19 ^ _173_/A3 (sky130_fd_sc_hd__o31ai_4)
     3    0.01    0.07    0.10    1.30 v _173_/Y (sky130_fd_sc_hd__o31ai_4)
                                         _012_ (net)
                  0.07    0.00    1.30 v _231_/A2 (sky130_fd_sc_hd__a211oi_2)
     2    0.01    0.20    0.26    1.56 ^ _231_/Y (sky130_fd_sc_hd__a211oi_2)
                                         _049_ (net)
                  0.20    0.00    1.56 ^ _232_/A1 (sky130_fd_sc_hd__a21oi_1)
     1    0.00    0.07    0.10    1.66 v _232_/Y (sky130_fd_sc_hd__a21oi_1)
                                         _050_ (net)
                  0.07    0.00    1.66 v _239_/A1 (sky130_fd_sc_hd__o31a_1)
     2    0.01    0.08    0.33    2.00 v _239_/X (sky130_fd_sc_hd__o31a_1)
                                         _057_ (net)
                  0.08    0.00    2.00 v _261_/B (sky130_fd_sc_hd__maj3_2)
     2    0.01    0.08    0.33    2.33 v _261_/X (sky130_fd_sc_hd__maj3_2)
                                         _078_ (net)
                  0.08    0.00    2.33 v place147/A (sky130_fd_sc_hd__buf_6)
     2    0.01    0.02    0.13    2.45 v place147/X (sky130_fd_sc_hd__buf_6)
                                         net147 (net)
                  0.02    0.00    2.45 v _271_/A2 (sky130_fd_sc_hd__a21o_1)
     3    0.01    0.07    0.21    2.66 v _271_/X (sky130_fd_sc_hd__a21o_1)
                                         _088_ (net)
                  0.07    0.00    2.66 v rebuffer229/A (sky130_fd_sc_hd__buf_4)
     1    0.01    0.03    0.14    2.80 v rebuffer229/X (sky130_fd_sc_hd__buf_4)
                                         net229 (net)
                  0.03    0.00    2.80 v _288_/B (sky130_fd_sc_hd__xnor2_1)
     1    0.00    0.04    0.11    2.91 v _288_/Y (sky130_fd_sc_hd__xnor2_1)
                                         net41 (net)
                  0.04    0.00    2.91 v output41/A (sky130_fd_sc_hd__dlygate4sd2_1)
     1    0.00    0.02    0.23    3.14 v output41/X (sky130_fd_sc_hd__dlygate4sd2_1)
                                         resp_msg[13] (net)
                  0.02    0.00    3.14 v resp_msg[13] (out)
                                  3.14   data arrival time

                  0.00    1.10    1.10   clock vclk_core_clock (rise edge)
                          0.29    1.39   clock network delay (ideal)
                          0.00    1.39   clock reconvergence pessimism
                         -0.22    1.17   output external delay
                                  1.17   data required time
-----------------------------------------------------------------------------
                                  1.17   data required time
                                 -3.14   data arrival time
-----------------------------------------------------------------------------
                                 -1.97   slack (VIOLATED)



==========================================================================
cts final report_check_types -max_slew -max_cap -max_fanout -violators
--------------------------------------------------------------------------

==========================================================================
cts final max_slew_check_slack
--------------------------------------------------------------------------
1.1860594749450684

==========================================================================
cts final max_slew_check_limit
--------------------------------------------------------------------------
1.49691903591156

==========================================================================
cts final max_slew_check_slack_limit
--------------------------------------------------------------------------
0.7923

==========================================================================
cts final max_fanout_check_slack
--------------------------------------------------------------------------
1.0000000150474662e+30

==========================================================================
cts final max_fanout_check_limit
--------------------------------------------------------------------------
1.0000000150474662e+30

==========================================================================
cts final max_capacitance_check_slack
--------------------------------------------------------------------------
0.032329097390174866

==========================================================================
cts final max_capacitance_check_limit
--------------------------------------------------------------------------
0.03663099929690361

==========================================================================
cts final max_capacitance_check_slack_limit
--------------------------------------------------------------------------
0.8826

==========================================================================
cts final max_slew_violation_count
--------------------------------------------------------------------------
max slew violation count 0

==========================================================================
cts final max_fanout_violation_count
--------------------------------------------------------------------------
max fanout violation count 0

==========================================================================
cts final max_cap_violation_count
--------------------------------------------------------------------------
max cap violation count 0

==========================================================================
cts final setup_violation_count
--------------------------------------------------------------------------
setup violation count 82

==========================================================================
cts final hold_violation_count
--------------------------------------------------------------------------
hold violation count 0

==========================================================================
cts final report_checks -path_delay max reg to reg
--------------------------------------------------------------------------
Startpoint: dpath.b_reg.out[1]$_DFFE_PP_
            (rising edge-triggered flip-flop clocked by core_clock)
Endpoint: dpath.a_reg.out[14]$_DFFE_PP_
          (rising edge-triggered flip-flop clocked by core_clock)
Path Group: core_clock
Path Type: max

  Delay    Time   Description
---------------------------------------------------------
   0.00    0.00   clock core_clock (rise edge)
   0.00    0.00   clock source latency
   0.00    0.00 ^ clk (in)
   0.13    0.13 ^ clkbuf_0_clk/X (sky130_fd_sc_hd__clkbuf_8)
   0.16    0.29 ^ clkbuf_2_0__f_clk/X (sky130_fd_sc_hd__clkbuf_8)
   0.00    0.29 ^ dpath.b_reg.out[1]$_DFFE_PP_/CLK (sky130_fd_sc_hd__edfxtp_1)
   0.43    0.72 v dpath.b_reg.out[1]$_DFFE_PP_/Q (sky130_fd_sc_hd__edfxtp_1)
   0.18    0.90 v _166_/Y (sky130_fd_sc_hd__nand2b_4)
   0.29    1.19 ^ _170_/Y (sky130_fd_sc_hd__a211oi_4)
   0.10    1.30 v _173_/Y (sky130_fd_sc_hd__o31ai_4)
   0.26    1.56 ^ _231_/Y (sky130_fd_sc_hd__a211oi_2)
   0.10    1.66 v _232_/Y (sky130_fd_sc_hd__a21oi_1)
   0.33    2.00 v _239_/X (sky130_fd_sc_hd__o31a_1)
   0.33    2.33 v _261_/X (sky130_fd_sc_hd__maj3_2)
   0.13    2.45 v place147/X (sky130_fd_sc_hd__buf_6)
   0.21    2.66 v _271_/X (sky130_fd_sc_hd__a21o_1)
   0.20    2.86 ^ _275_/Y (sky130_fd_sc_hd__o2111ai_1)
   0.13    2.98 v _278_/Y (sky130_fd_sc_hd__o2111ai_1)
   0.23    3.22 v _281_/X (sky130_fd_sc_hd__a211o_1)
   0.00    3.22 v dpath.a_reg.out[14]$_DFFE_PP_/D (sky130_fd_sc_hd__edfxtp_1)
           3.22   data arrival time

   1.10    1.10   clock core_clock (rise edge)
   0.00    1.10   clock source latency
   0.00    1.10 ^ clk (in)
   0.13    1.23 ^ clkbuf_0_clk/X (sky130_fd_sc_hd__clkbuf_8)
   0.16    1.39 ^ clkbuf_2_0__f_clk/X (sky130_fd_sc_hd__clkbuf_8)
   0.00    1.39 ^ dpath.a_reg.out[14]$_DFFE_PP_/CLK (sky130_fd_sc_hd__edfxtp_1)
   0.00    1.39   clock reconvergence pessimism
  -0.24    1.15   library setup time
           1.15   data required time
---------------------------------------------------------
           1.15   data required time
          -3.22   data arrival time
---------------------------------------------------------
          -2.06   slack (VIOLATED)



==========================================================================
cts final report_checks -path_delay min reg to reg
--------------------------------------------------------------------------
Startpoint: ctrl.state.out[1]$_DFF_P_
            (rising edge-triggered flip-flop clocked by core_clock)
Endpoint: ctrl.state.out[1]$_DFF_P_
          (rising edge-triggered flip-flop clocked by core_clock)
Path Group: core_clock
Path Type: min

  Delay    Time   Description
---------------------------------------------------------
   0.00    0.00   clock core_clock (rise edge)
   0.00    0.00   clock source latency
   0.00    0.00 ^ clk (in)
   0.13    0.13 ^ clkbuf_0_clk/X (sky130_fd_sc_hd__clkbuf_8)
   0.16    0.29 ^ clkbuf_2_0__f_clk/X (sky130_fd_sc_hd__clkbuf_8)
   0.00    0.29 ^ ctrl.state.out[1]$_DFF_P_/CLK (sky130_fd_sc_hd__dfxtp_1)
   0.32    0.61 v ctrl.state.out[1]$_DFF_P_/Q (sky130_fd_sc_hd__dfxtp_1)
   0.07    0.68 ^ _362_/Y (sky130_fd_sc_hd__o21ai_0)
   0.06    0.75 v _369_/Y (sky130_fd_sc_hd__a21oi_1)
   0.00    0.75 v ctrl.state.out[1]$_DFF_P_/D (sky130_fd_sc_hd__dfxtp_1)
           0.75   data arrival time

   0.00    0.00   clock core_clock (rise edge)
   0.00    0.00   clock source latency
   0.00    0.00 ^ clk (in)
   0.13    0.13 ^ clkbuf_0_clk/X (sky130_fd_sc_hd__clkbuf_8)
   0.16    0.29 ^ clkbuf_2_0__f_clk/X (sky130_fd_sc_hd__clkbuf_8)
   0.00    0.29 ^ ctrl.state.out[1]$_DFF_P_/CLK (sky130_fd_sc_hd__dfxtp_1)
   0.00    0.29   clock reconvergence pessimism
  -0.04    0.25   library hold time
           0.25   data required time
---------------------------------------------------------
           0.25   data required time
          -0.75   data arrival time
---------------------------------------------------------
           0.49   slack (MET)



==========================================================================
cts final critical path target clock latency max path
--------------------------------------------------------------------------
0.2913

==========================================================================
cts final critical path target clock latency min path
--------------------------------------------------------------------------
0.2919

==========================================================================
cts final critical path source clock latency min path
--------------------------------------------------------------------------
0.2900

==========================================================================
cts final critical path delay
--------------------------------------------------------------------------
3.2151

==========================================================================
cts final critical path slack
--------------------------------------------------------------------------
-2.0636

==========================================================================
cts final slack div critical path delay
--------------------------------------------------------------------------
-64.184629

==========================================================================
cts final report_power
--------------------------------------------------------------------------
Group                  Internal  Switching    Leakage      Total
                          Power      Power      Power      Power (Watts)
----------------------------------------------------------------
Sequential             1.66e-03   1.45e-04   3.52e-10   1.80e-03  26.6%
Combinational          2.34e-03   1.45e-03   1.60e-09   3.79e-03  56.0%
Clock                  6.79e-04   5.02e-04   5.24e-11   1.18e-03  17.4%
Macro                  0.00e+00   0.00e+00   0.00e+00   0.00e+00   0.0%
Pad                    0.00e+00   0.00e+00   0.00e+00   0.00e+00   0.0%
----------------------------------------------------------------
Total                  4.67e-03   2.10e-03   2.00e-09   6.77e-03 100.0%
                          69.0%      31.0%       0.0%
