
==========================================================================
global route report_tns
--------------------------------------------------------------------------
tns max -89.11

==========================================================================
global route report_wns
--------------------------------------------------------------------------
wns max -2.19

==========================================================================
global route report_worst_slack
--------------------------------------------------------------------------
worst slack max -2.19

==========================================================================
global route report_clock_min_period
--------------------------------------------------------------------------
core_clock period_min = 3.29 fmax = 304.28
vclk_core_clock period_min = 0.00 fmax = inf

==========================================================================
global route report_clock_skew
--------------------------------------------------------------------------
Clock core_clock
   0.31 source latency dpath.a_reg.out[2]$_DFFE_PP_/CLK ^
  -0.29 target latency dpath.b_reg.out[11]$_DFFE_PP_/CLK ^
   0.00 CRPR
--------------
   0.01 setup skew

Clock vclk_core_clock
No launch/capture paths found.


==========================================================================
global route report_checks -path_delay min
--------------------------------------------------------------------------
Startpoint: ctrl.state.out[1]$_DFF_P_
            (rising edge-triggered flip-flop clocked by core_clock)
Endpoint: ctrl.state.out[1]$_DFF_P_
          (rising edge-triggered flip-flop clocked by core_clock)
Path Group: core_clock
Path Type: min

Fanout     Cap    Slew   Delay    Time   Description
-----------------------------------------------------------------------------
                          0.00    0.00   clock core_clock (rise edge)
                          0.00    0.00   clock source latency
     1    0.02    0.00    0.00    0.00 ^ clk (in)
                                         clk (net)
                  0.00    0.00    0.00 ^ clkbuf_0_clk/A (sky130_fd_sc_hd__clkbuf_8)
     4    0.03    0.07    0.13    0.13 ^ clkbuf_0_clk/X (sky130_fd_sc_hd__clkbuf_8)
                                         clknet_0_clk (net)
                  0.07    0.00    0.13 ^ clkbuf_2_0__f_clk/A (sky130_fd_sc_hd__clkbuf_8)
    10    0.04    0.08    0.17    0.30 ^ clkbuf_2_0__f_clk/X (sky130_fd_sc_hd__clkbuf_8)
                                         clknet_2_0__leaf_clk (net)
                  0.08    0.00    0.30 ^ ctrl.state.out[1]$_DFF_P_/CLK (sky130_fd_sc_hd__dfxtp_1)
     3    0.01    0.06    0.33    0.63 v ctrl.state.out[1]$_DFF_P_/Q (sky130_fd_sc_hd__dfxtp_1)
                                         ctrl.state.out[1] (net)
                  0.06    0.00    0.64 v _362_/B1 (sky130_fd_sc_hd__o21ai_0)
     1    0.00    0.09    0.09    0.73 ^ _362_/Y (sky130_fd_sc_hd__o21ai_0)
                                         _152_ (net)
                  0.09    0.00    0.73 ^ _369_/A2 (sky130_fd_sc_hd__a21oi_1)
     1    0.00    0.03    0.08    0.81 v _369_/Y (sky130_fd_sc_hd__a21oi_1)
                                         _001_ (net)
                  0.03    0.00    0.81 v ctrl.state.out[1]$_DFF_P_/D (sky130_fd_sc_hd__dfxtp_1)
                                  0.81   data arrival time

                          0.00    0.00   clock core_clock (rise edge)
                          0.00    0.00   clock source latency
     1    0.02    0.00    0.00    0.00 ^ clk (in)
                                         clk (net)
                  0.00    0.00    0.00 ^ clkbuf_0_clk/A (sky130_fd_sc_hd__clkbuf_8)
     4    0.03    0.07    0.13    0.13 ^ clkbuf_0_clk/X (sky130_fd_sc_hd__clkbuf_8)
                                         clknet_0_clk (net)
                  0.07    0.00    0.13 ^ clkbuf_2_0__f_clk/A (sky130_fd_sc_hd__clkbuf_8)
    10    0.04    0.08    0.17    0.30 ^ clkbuf_2_0__f_clk/X (sky130_fd_sc_hd__clkbuf_8)
                                         clknet_2_0__leaf_clk (net)
                  0.08    0.00    0.30 ^ ctrl.state.out[1]$_DFF_P_/CLK (sky130_fd_sc_hd__dfxtp_1)
                          0.00    0.30   clock reconvergence pessimism
                         -0.04    0.26   library hold time
                                  0.26   data required time
-----------------------------------------------------------------------------
                                  0.26   data required time
                                 -0.81   data arrival time
-----------------------------------------------------------------------------
                                  0.54   slack (MET)


Startpoint: ctrl.state.out[1]$_DFF_P_
            (rising edge-triggered flip-flop clocked by core_clock)
Endpoint: resp_val (output port clocked by vclk_core_clock)
Path Group: vclk_core_clock
Path Type: min

Fanout     Cap    Slew   Delay    Time   Description
-----------------------------------------------------------------------------
                          0.00    0.00   clock core_clock (rise edge)
                          0.00    0.00   clock source latency
     1    0.02    0.00    0.00    0.00 ^ clk (in)
                                         clk (net)
                  0.00    0.00    0.00 ^ clkbuf_0_clk/A (sky130_fd_sc_hd__clkbuf_8)
     4    0.03    0.07    0.13    0.13 ^ clkbuf_0_clk/X (sky130_fd_sc_hd__clkbuf_8)
                                         clknet_0_clk (net)
                  0.07    0.00    0.13 ^ clkbuf_2_0__f_clk/A (sky130_fd_sc_hd__clkbuf_8)
    10    0.04    0.08    0.17    0.30 ^ clkbuf_2_0__f_clk/X (sky130_fd_sc_hd__clkbuf_8)
                                         clknet_2_0__leaf_clk (net)
                  0.08    0.00    0.30 ^ ctrl.state.out[1]$_DFF_P_/CLK (sky130_fd_sc_hd__dfxtp_1)
     3    0.01    0.06    0.33    0.63 v ctrl.state.out[1]$_DFF_P_/Q (sky130_fd_sc_hd__dfxtp_1)
                                         ctrl.state.out[1] (net)
                  0.06    0.00    0.64 v _357_/A (sky130_fd_sc_hd__inv_1)
     1    0.01    0.09    0.09    0.73 ^ _357_/Y (sky130_fd_sc_hd__inv_1)
                                         _150_ (net)
                  0.09    0.00    0.73 ^ _359_/A (sky130_fd_sc_hd__nor2_4)
     2    0.01    0.03    0.05    0.78 v _359_/Y (sky130_fd_sc_hd__nor2_4)
                                         net53 (net)
                  0.03    0.00    0.78 v output53/A (sky130_fd_sc_hd__buf_2)
     1    0.00    0.02    0.10    0.88 v output53/X (sky130_fd_sc_hd__buf_2)
                                         resp_val (net)
                  0.02    0.00    0.88 v resp_val (out)
                                  0.88   data arrival time

                  0.00    0.00    0.00   clock vclk_core_clock (rise edge)
                          0.29    0.29   clock network delay (ideal)
                          0.00    0.29   clock reconvergence pessimism
                         -0.22    0.07   output external delay
                                  0.07   data required time
-----------------------------------------------------------------------------
                                  0.07   data required time
                                 -0.88   data arrival time
-----------------------------------------------------------------------------
                                  0.81   slack (MET)



==========================================================================
global route report_checks -path_delay max
--------------------------------------------------------------------------
Startpoint: dpath.b_reg.out[1]$_DFFE_PP_
            (rising edge-triggered flip-flop clocked by core_clock)
Endpoint: dpath.a_reg.out[14]$_DFFE_PP_
          (rising edge-triggered flip-flop clocked by core_clock)
Path Group: core_clock
Path Type: max

Fanout     Cap    Slew   Delay    Time   Description
-----------------------------------------------------------------------------
                          0.00    0.00   clock core_clock (rise edge)
                          0.00    0.00   clock source latency
     1    0.02    0.00    0.00    0.00 ^ clk (in)
                                         clk (net)
                  0.00    0.00    0.00 ^ clkbuf_0_clk/A (sky130_fd_sc_hd__clkbuf_8)
     4    0.03    0.07    0.13    0.13 ^ clkbuf_0_clk/X (sky130_fd_sc_hd__clkbuf_8)
                                         clknet_0_clk (net)
                  0.07    0.00    0.13 ^ clkbuf_2_0__f_clk/A (sky130_fd_sc_hd__clkbuf_8)
    10    0.04    0.08    0.17    0.30 ^ clkbuf_2_0__f_clk/X (sky130_fd_sc_hd__clkbuf_8)
                                         clknet_2_0__leaf_clk (net)
                  0.08    0.00    0.30 ^ dpath.b_reg.out[1]$_DFFE_PP_/CLK (sky130_fd_sc_hd__edfxtp_1)
     4    0.02    0.13    0.45    0.76 v dpath.b_reg.out[1]$_DFFE_PP_/Q (sky130_fd_sc_hd__edfxtp_1)
                                         dpath.a_lt_b$in1[1] (net)
                  0.13    0.00    0.76 v _166_/A_N (sky130_fd_sc_hd__nand2b_4)
     2    0.02    0.06    0.19    0.95 v _166_/Y (sky130_fd_sc_hd__nand2b_4)
                                         _005_ (net)
                  0.06    0.00    0.95 v _170_/A2 (sky130_fd_sc_hd__a211oi_4)
     3    0.02    0.31    0.35    1.30 ^ _170_/Y (sky130_fd_sc_hd__a211oi_4)
                                         _009_ (net)
                  0.31    0.00    1.30 ^ _173_/A2 (sky130_fd_sc_hd__o31ai_4)
     3    0.02    0.09    0.14    1.45 v _173_/Y (sky130_fd_sc_hd__o31ai_4)
                                         _012_ (net)
                  0.09    0.00    1.45 v _231_/A1 (sky130_fd_sc_hd__a211oi_2)
     2    0.01    0.23    0.25    1.70 ^ _231_/Y (sky130_fd_sc_hd__a211oi_2)
                                         _049_ (net)
                  0.23    0.00    1.70 ^ _232_/A1 (sky130_fd_sc_hd__a21oi_1)
     1    0.00    0.08    0.11    1.80 v _232_/Y (sky130_fd_sc_hd__a21oi_1)
                                         _050_ (net)
                  0.08    0.00    1.80 v _239_/A3 (sky130_fd_sc_hd__o31a_1)
     2    0.01    0.08    0.29    2.09 v _239_/X (sky130_fd_sc_hd__o31a_1)
                                         _057_ (net)
                  0.08    0.00    2.09 v _261_/A (sky130_fd_sc_hd__maj3_2)
     2    0.01    0.08    0.35    2.44 v _261_/X (sky130_fd_sc_hd__maj3_2)
                                         _078_ (net)
                  0.08    0.00    2.45 v place147/A (sky130_fd_sc_hd__buf_6)
     2    0.01    0.03    0.13    2.58 v place147/X (sky130_fd_sc_hd__buf_6)
                                         net147 (net)
                  0.03    0.00    2.58 v _271_/A1 (sky130_fd_sc_hd__a21o_4)
     3    0.01    0.05    0.20    2.78 v _271_/X (sky130_fd_sc_hd__a21o_4)
                                         _088_ (net)
                  0.05    0.00    2.78 v _275_/A2 (sky130_fd_sc_hd__o2111ai_2)
     1    0.01    0.18    0.18    2.96 ^ _275_/Y (sky130_fd_sc_hd__o2111ai_2)
                                         _092_ (net)
                  0.18    0.00    2.96 ^ _278_/C1 (sky130_fd_sc_hd__o2111ai_2)
     1    0.01    0.11    0.15    3.11 v _278_/Y (sky130_fd_sc_hd__o2111ai_2)
                                         _095_ (net)
                  0.11    0.00    3.11 v _281_/C1 (sky130_fd_sc_hd__a211o_1)
     1    0.00    0.05    0.24    3.35 v _281_/X (sky130_fd_sc_hd__a211o_1)
                                         dpath.a_mux$out[14] (net)
                  0.05    0.00    3.35 v dpath.a_reg.out[14]$_DFFE_PP_/D (sky130_fd_sc_hd__edfxtp_1)
                                  3.35   data arrival time

                          1.10    1.10   clock core_clock (rise edge)
                          0.00    1.10   clock source latency
     1    0.02    0.00    0.00    1.10 ^ clk (in)
                                         clk (net)
                  0.00    0.00    1.10 ^ clkbuf_0_clk/A (sky130_fd_sc_hd__clkbuf_8)
     4    0.03    0.07    0.13    1.23 ^ clkbuf_0_clk/X (sky130_fd_sc_hd__clkbuf_8)
                                         clknet_0_clk (net)
                  0.07    0.00    1.23 ^ clkbuf_2_0__f_clk/A (sky130_fd_sc_hd__clkbuf_8)
    10    0.04    0.08    0.17    1.40 ^ clkbuf_2_0__f_clk/X (sky130_fd_sc_hd__clkbuf_8)
                                         clknet_2_0__leaf_clk (net)
                  0.08    0.00    1.40 ^ dpath.a_reg.out[14]$_DFFE_PP_/CLK (sky130_fd_sc_hd__edfxtp_1)
                          0.00    1.40   clock reconvergence pessimism
                         -0.24    1.16   library setup time
                                  1.16   data required time
-----------------------------------------------------------------------------
                                  1.16   data required time
                                 -3.35   data arrival time
-----------------------------------------------------------------------------
                                 -2.19   slack (VIOLATED)


Startpoint: dpath.b_reg.out[1]$_DFFE_PP_
            (rising edge-triggered flip-flop clocked by core_clock)
Endpoint: resp_msg[13] (output port clocked by vclk_core_clock)
Path Group: vclk_core_clock
Path Type: max

Fanout     Cap    Slew   Delay    Time   Description
-----------------------------------------------------------------------------
                          0.00    0.00   clock core_clock (rise edge)
                          0.00    0.00   clock source latency
     1    0.02    0.00    0.00    0.00 ^ clk (in)
                                         clk (net)
                  0.00    0.00    0.00 ^ clkbuf_0_clk/A (sky130_fd_sc_hd__clkbuf_8)
     4    0.03    0.07    0.13    0.13 ^ clkbuf_0_clk/X (sky130_fd_sc_hd__clkbuf_8)
                                         clknet_0_clk (net)
                  0.07    0.00    0.13 ^ clkbuf_2_0__f_clk/A (sky130_fd_sc_hd__clkbuf_8)
    10    0.04    0.08    0.17    0.30 ^ clkbuf_2_0__f_clk/X (sky130_fd_sc_hd__clkbuf_8)
                                         clknet_2_0__leaf_clk (net)
                  0.08    0.00    0.30 ^ dpath.b_reg.out[1]$_DFFE_PP_/CLK (sky130_fd_sc_hd__edfxtp_1)
     4    0.02    0.13    0.45    0.76 v dpath.b_reg.out[1]$_DFFE_PP_/Q (sky130_fd_sc_hd__edfxtp_1)
                                         dpath.a_lt_b$in1[1] (net)
                  0.13    0.00    0.76 v _166_/A_N (sky130_fd_sc_hd__nand2b_4)
     2    0.02    0.06    0.19    0.95 v _166_/Y (sky130_fd_sc_hd__nand2b_4)
                                         _005_ (net)
                  0.06    0.00    0.95 v _170_/A2 (sky130_fd_sc_hd__a211oi_4)
     3    0.02    0.31    0.35    1.30 ^ _170_/Y (sky130_fd_sc_hd__a211oi_4)
                                         _009_ (net)
                  0.31    0.00    1.30 ^ _173_/A2 (sky130_fd_sc_hd__o31ai_4)
     3    0.02    0.09    0.14    1.45 v _173_/Y (sky130_fd_sc_hd__o31ai_4)
                                         _012_ (net)
                  0.09    0.00    1.45 v _231_/A1 (sky130_fd_sc_hd__a211oi_2)
     2    0.01    0.23    0.25    1.70 ^ _231_/Y (sky130_fd_sc_hd__a211oi_2)
                                         _049_ (net)
                  0.23    0.00    1.70 ^ _232_/A1 (sky130_fd_sc_hd__a21oi_1)
     1    0.00    0.08    0.11    1.80 v _232_/Y (sky130_fd_sc_hd__a21oi_1)
                                         _050_ (net)
                  0.08    0.00    1.80 v _239_/A3 (sky130_fd_sc_hd__o31a_1)
     2    0.01    0.08    0.29    2.09 v _239_/X (sky130_fd_sc_hd__o31a_1)
                                         _057_ (net)
                  0.08    0.00    2.09 v _261_/A (sky130_fd_sc_hd__maj3_2)
     2    0.01    0.08    0.35    2.44 v _261_/X (sky130_fd_sc_hd__maj3_2)
                                         _078_ (net)
                  0.08    0.00    2.45 v place147/A (sky130_fd_sc_hd__buf_6)
     2    0.01    0.03    0.13    2.58 v place147/X (sky130_fd_sc_hd__buf_6)
                                         net147 (net)
                  0.03    0.00    2.58 v _271_/A1 (sky130_fd_sc_hd__a21o_4)
     3    0.01    0.05    0.20    2.78 v _271_/X (sky130_fd_sc_hd__a21o_4)
                                         _088_ (net)
                  0.05    0.00    2.78 v rebuffer433/A (sky130_fd_sc_hd__buf_4)
     1    0.01    0.03    0.13    2.91 v rebuffer433/X (sky130_fd_sc_hd__buf_4)
                                         net433 (net)
                  0.03    0.00    2.92 v rebuffer229/A (sky130_fd_sc_hd__buf_6)
     1    0.01    0.03    0.11    3.02 v rebuffer229/X (sky130_fd_sc_hd__buf_6)
                                         net229 (net)
                  0.03    0.00    3.02 v _288_/B (sky130_fd_sc_hd__xnor2_2)
     1    0.00    0.11    0.11    3.13 ^ _288_/Y (sky130_fd_sc_hd__xnor2_2)
                                         net41 (net)
                  0.11    0.00    3.13 ^ output41/A (sky130_fd_sc_hd__clkbuf_2)
     1    0.00    0.02    0.10    3.24 ^ output41/X (sky130_fd_sc_hd__clkbuf_2)
                                         resp_msg[13] (net)
                  0.02    0.00    3.24 ^ resp_msg[13] (out)
                                  3.24   data arrival time

                  0.00    1.10    1.10   clock vclk_core_clock (rise edge)
                          0.29    1.39   clock network delay (ideal)
                          0.00    1.39   clock reconvergence pessimism
                         -0.22    1.17   output external delay
                                  1.17   data required time
-----------------------------------------------------------------------------
                                  1.17   data required time
                                 -3.24   data arrival time
-----------------------------------------------------------------------------
                                 -2.07   slack (VIOLATED)



==========================================================================
global route report_checks -unconstrained
--------------------------------------------------------------------------
Startpoint: dpath.b_reg.out[1]$_DFFE_PP_
            (rising edge-triggered flip-flop clocked by core_clock)
Endpoint: dpath.a_reg.out[14]$_DFFE_PP_
          (rising edge-triggered flip-flop clocked by core_clock)
Path Group: core_clock
Path Type: max

Fanout     Cap    Slew   Delay    Time   Description
-----------------------------------------------------------------------------
                          0.00    0.00   clock core_clock (rise edge)
                          0.00    0.00   clock source latency
     1    0.02    0.00    0.00    0.00 ^ clk (in)
                                         clk (net)
                  0.00    0.00    0.00 ^ clkbuf_0_clk/A (sky130_fd_sc_hd__clkbuf_8)
     4    0.03    0.07    0.13    0.13 ^ clkbuf_0_clk/X (sky130_fd_sc_hd__clkbuf_8)
                                         clknet_0_clk (net)
                  0.07    0.00    0.13 ^ clkbuf_2_0__f_clk/A (sky130_fd_sc_hd__clkbuf_8)
    10    0.04    0.08    0.17    0.30 ^ clkbuf_2_0__f_clk/X (sky130_fd_sc_hd__clkbuf_8)
                                         clknet_2_0__leaf_clk (net)
                  0.08    0.00    0.30 ^ dpath.b_reg.out[1]$_DFFE_PP_/CLK (sky130_fd_sc_hd__edfxtp_1)
     4    0.02    0.13    0.45    0.76 v dpath.b_reg.out[1]$_DFFE_PP_/Q (sky130_fd_sc_hd__edfxtp_1)
                                         dpath.a_lt_b$in1[1] (net)
                  0.13    0.00    0.76 v _166_/A_N (sky130_fd_sc_hd__nand2b_4)
     2    0.02    0.06    0.19    0.95 v _166_/Y (sky130_fd_sc_hd__nand2b_4)
                                         _005_ (net)
                  0.06    0.00    0.95 v _170_/A2 (sky130_fd_sc_hd__a211oi_4)
     3    0.02    0.31    0.35    1.30 ^ _170_/Y (sky130_fd_sc_hd__a211oi_4)
                                         _009_ (net)
                  0.31    0.00    1.30 ^ _173_/A2 (sky130_fd_sc_hd__o31ai_4)
     3    0.02    0.09    0.14    1.45 v _173_/Y (sky130_fd_sc_hd__o31ai_4)
                                         _012_ (net)
                  0.09    0.00    1.45 v _231_/A1 (sky130_fd_sc_hd__a211oi_2)
     2    0.01    0.23    0.25    1.70 ^ _231_/Y (sky130_fd_sc_hd__a211oi_2)
                                         _049_ (net)
                  0.23    0.00    1.70 ^ _232_/A1 (sky130_fd_sc_hd__a21oi_1)
     1    0.00    0.08    0.11    1.80 v _232_/Y (sky130_fd_sc_hd__a21oi_1)
                                         _050_ (net)
                  0.08    0.00    1.80 v _239_/A3 (sky130_fd_sc_hd__o31a_1)
     2    0.01    0.08    0.29    2.09 v _239_/X (sky130_fd_sc_hd__o31a_1)
                                         _057_ (net)
                  0.08    0.00    2.09 v _261_/A (sky130_fd_sc_hd__maj3_2)
     2    0.01    0.08    0.35    2.44 v _261_/X (sky130_fd_sc_hd__maj3_2)
                                         _078_ (net)
                  0.08    0.00    2.45 v place147/A (sky130_fd_sc_hd__buf_6)
     2    0.01    0.03    0.13    2.58 v place147/X (sky130_fd_sc_hd__buf_6)
                                         net147 (net)
                  0.03    0.00    2.58 v _271_/A1 (sky130_fd_sc_hd__a21o_4)
     3    0.01    0.05    0.20    2.78 v _271_/X (sky130_fd_sc_hd__a21o_4)
                                         _088_ (net)
                  0.05    0.00    2.78 v _275_/A2 (sky130_fd_sc_hd__o2111ai_2)
     1    0.01    0.18    0.18    2.96 ^ _275_/Y (sky130_fd_sc_hd__o2111ai_2)
                                         _092_ (net)
                  0.18    0.00    2.96 ^ _278_/C1 (sky130_fd_sc_hd__o2111ai_2)
     1    0.01    0.11    0.15    3.11 v _278_/Y (sky130_fd_sc_hd__o2111ai_2)
                                         _095_ (net)
                  0.11    0.00    3.11 v _281_/C1 (sky130_fd_sc_hd__a211o_1)
     1    0.00    0.05    0.24    3.35 v _281_/X (sky130_fd_sc_hd__a211o_1)
                                         dpath.a_mux$out[14] (net)
                  0.05    0.00    3.35 v dpath.a_reg.out[14]$_DFFE_PP_/D (sky130_fd_sc_hd__edfxtp_1)
                                  3.35   data arrival time

                          1.10    1.10   clock core_clock (rise edge)
                          0.00    1.10   clock source latency
     1    0.02    0.00    0.00    1.10 ^ clk (in)
                                         clk (net)
                  0.00    0.00    1.10 ^ clkbuf_0_clk/A (sky130_fd_sc_hd__clkbuf_8)
     4    0.03    0.07    0.13    1.23 ^ clkbuf_0_clk/X (sky130_fd_sc_hd__clkbuf_8)
                                         clknet_0_clk (net)
                  0.07    0.00    1.23 ^ clkbuf_2_0__f_clk/A (sky130_fd_sc_hd__clkbuf_8)
    10    0.04    0.08    0.17    1.40 ^ clkbuf_2_0__f_clk/X (sky130_fd_sc_hd__clkbuf_8)
                                         clknet_2_0__leaf_clk (net)
                  0.08    0.00    1.40 ^ dpath.a_reg.out[14]$_DFFE_PP_/CLK (sky130_fd_sc_hd__edfxtp_1)
                          0.00    1.40   clock reconvergence pessimism
                         -0.24    1.16   library setup time
                                  1.16   data required time
-----------------------------------------------------------------------------
                                  1.16   data required time
                                 -3.35   data arrival time
-----------------------------------------------------------------------------
                                 -2.19   slack (VIOLATED)


Startpoint: dpath.b_reg.out[1]$_DFFE_PP_
            (rising edge-triggered flip-flop clocked by core_clock)
Endpoint: resp_msg[13] (output port clocked by vclk_core_clock)
Path Group: vclk_core_clock
Path Type: max

Fanout     Cap    Slew   Delay    Time   Description
-----------------------------------------------------------------------------
                          0.00    0.00   clock core_clock (rise edge)
                          0.00    0.00   clock source latency
     1    0.02    0.00    0.00    0.00 ^ clk (in)
                                         clk (net)
                  0.00    0.00    0.00 ^ clkbuf_0_clk/A (sky130_fd_sc_hd__clkbuf_8)
     4    0.03    0.07    0.13    0.13 ^ clkbuf_0_clk/X (sky130_fd_sc_hd__clkbuf_8)
                                         clknet_0_clk (net)
                  0.07    0.00    0.13 ^ clkbuf_2_0__f_clk/A (sky130_fd_sc_hd__clkbuf_8)
    10    0.04    0.08    0.17    0.30 ^ clkbuf_2_0__f_clk/X (sky130_fd_sc_hd__clkbuf_8)
                                         clknet_2_0__leaf_clk (net)
                  0.08    0.00    0.30 ^ dpath.b_reg.out[1]$_DFFE_PP_/CLK (sky130_fd_sc_hd__edfxtp_1)
     4    0.02    0.13    0.45    0.76 v dpath.b_reg.out[1]$_DFFE_PP_/Q (sky130_fd_sc_hd__edfxtp_1)
                                         dpath.a_lt_b$in1[1] (net)
                  0.13    0.00    0.76 v _166_/A_N (sky130_fd_sc_hd__nand2b_4)
     2    0.02    0.06    0.19    0.95 v _166_/Y (sky130_fd_sc_hd__nand2b_4)
                                         _005_ (net)
                  0.06    0.00    0.95 v _170_/A2 (sky130_fd_sc_hd__a211oi_4)
     3    0.02    0.31    0.35    1.30 ^ _170_/Y (sky130_fd_sc_hd__a211oi_4)
                                         _009_ (net)
                  0.31    0.00    1.30 ^ _173_/A2 (sky130_fd_sc_hd__o31ai_4)
     3    0.02    0.09    0.14    1.45 v _173_/Y (sky130_fd_sc_hd__o31ai_4)
                                         _012_ (net)
                  0.09    0.00    1.45 v _231_/A1 (sky130_fd_sc_hd__a211oi_2)
     2    0.01    0.23    0.25    1.70 ^ _231_/Y (sky130_fd_sc_hd__a211oi_2)
                                         _049_ (net)
                  0.23    0.00    1.70 ^ _232_/A1 (sky130_fd_sc_hd__a21oi_1)
     1    0.00    0.08    0.11    1.80 v _232_/Y (sky130_fd_sc_hd__a21oi_1)
                                         _050_ (net)
                  0.08    0.00    1.80 v _239_/A3 (sky130_fd_sc_hd__o31a_1)
     2    0.01    0.08    0.29    2.09 v _239_/X (sky130_fd_sc_hd__o31a_1)
                                         _057_ (net)
                  0.08    0.00    2.09 v _261_/A (sky130_fd_sc_hd__maj3_2)
     2    0.01    0.08    0.35    2.44 v _261_/X (sky130_fd_sc_hd__maj3_2)
                                         _078_ (net)
                  0.08    0.00    2.45 v place147/A (sky130_fd_sc_hd__buf_6)
     2    0.01    0.03    0.13    2.58 v place147/X (sky130_fd_sc_hd__buf_6)
                                         net147 (net)
                  0.03    0.00    2.58 v _271_/A1 (sky130_fd_sc_hd__a21o_4)
     3    0.01    0.05    0.20    2.78 v _271_/X (sky130_fd_sc_hd__a21o_4)
                                         _088_ (net)
                  0.05    0.00    2.78 v rebuffer433/A (sky130_fd_sc_hd__buf_4)
     1    0.01    0.03    0.13    2.91 v rebuffer433/X (sky130_fd_sc_hd__buf_4)
                                         net433 (net)
                  0.03    0.00    2.92 v rebuffer229/A (sky130_fd_sc_hd__buf_6)
     1    0.01    0.03    0.11    3.02 v rebuffer229/X (sky130_fd_sc_hd__buf_6)
                                         net229 (net)
                  0.03    0.00    3.02 v _288_/B (sky130_fd_sc_hd__xnor2_2)
     1    0.00    0.11    0.11    3.13 ^ _288_/Y (sky130_fd_sc_hd__xnor2_2)
                                         net41 (net)
                  0.11    0.00    3.13 ^ output41/A (sky130_fd_sc_hd__clkbuf_2)
     1    0.00    0.02    0.10    3.24 ^ output41/X (sky130_fd_sc_hd__clkbuf_2)
                                         resp_msg[13] (net)
                  0.02    0.00    3.24 ^ resp_msg[13] (out)
                                  3.24   data arrival time

                  0.00    1.10    1.10   clock vclk_core_clock (rise edge)
                          0.29    1.39   clock network delay (ideal)
                          0.00    1.39   clock reconvergence pessimism
                         -0.22    1.17   output external delay
                                  1.17   data required time
-----------------------------------------------------------------------------
                                  1.17   data required time
                                 -3.24   data arrival time
-----------------------------------------------------------------------------
                                 -2.07   slack (VIOLATED)



==========================================================================
global route report_check_types -max_slew -max_cap -max_fanout -violators
--------------------------------------------------------------------------

==========================================================================
global route max_slew_check_slack
--------------------------------------------------------------------------
1.1159939765930176

==========================================================================
global route max_slew_check_limit
--------------------------------------------------------------------------
1.49691903591156

==========================================================================
global route max_slew_check_slack_limit
--------------------------------------------------------------------------
0.7455

==========================================================================
global route max_fanout_check_slack
--------------------------------------------------------------------------
1.0000000150474662e+30

==========================================================================
global route max_fanout_check_limit
--------------------------------------------------------------------------
1.0000000150474662e+30

==========================================================================
global route max_capacitance_check_slack
--------------------------------------------------------------------------
0.030525444075465202

==========================================================================
global route max_capacitance_check_limit
--------------------------------------------------------------------------
0.03663099929690361

==========================================================================
global route max_capacitance_check_slack_limit
--------------------------------------------------------------------------
0.8333

==========================================================================
global route max_slew_violation_count
--------------------------------------------------------------------------
max slew violation count 0

==========================================================================
global route max_fanout_violation_count
--------------------------------------------------------------------------
max fanout violation count 0

==========================================================================
global route max_cap_violation_count
--------------------------------------------------------------------------
max cap violation count 0

==========================================================================
global route setup_violation_count
--------------------------------------------------------------------------
setup violation count 80

==========================================================================
global route hold_violation_count
--------------------------------------------------------------------------
hold violation count 0

==========================================================================
global route report_checks -path_delay max reg to reg
--------------------------------------------------------------------------
Startpoint: dpath.b_reg.out[1]$_DFFE_PP_
            (rising edge-triggered flip-flop clocked by core_clock)
Endpoint: dpath.a_reg.out[14]$_DFFE_PP_
          (rising edge-triggered flip-flop clocked by core_clock)
Path Group: core_clock
Path Type: max

  Delay    Time   Description
---------------------------------------------------------
   0.00    0.00   clock core_clock (rise edge)
   0.00    0.00   clock source latency
   0.00    0.00 ^ clk (in)
   0.13    0.13 ^ clkbuf_0_clk/X (sky130_fd_sc_hd__clkbuf_8)
   0.17    0.30 ^ clkbuf_2_0__f_clk/X (sky130_fd_sc_hd__clkbuf_8)
   0.00    0.30 ^ dpath.b_reg.out[1]$_DFFE_PP_/CLK (sky130_fd_sc_hd__edfxtp_1)
   0.45    0.76 v dpath.b_reg.out[1]$_DFFE_PP_/Q (sky130_fd_sc_hd__edfxtp_1)
   0.19    0.95 v _166_/Y (sky130_fd_sc_hd__nand2b_4)
   0.35    1.30 ^ _170_/Y (sky130_fd_sc_hd__a211oi_4)
   0.14    1.45 v _173_/Y (sky130_fd_sc_hd__o31ai_4)
   0.25    1.70 ^ _231_/Y (sky130_fd_sc_hd__a211oi_2)
   0.11    1.80 v _232_/Y (sky130_fd_sc_hd__a21oi_1)
   0.29    2.09 v _239_/X (sky130_fd_sc_hd__o31a_1)
   0.35    2.44 v _261_/X (sky130_fd_sc_hd__maj3_2)
   0.13    2.58 v place147/X (sky130_fd_sc_hd__buf_6)
   0.20    2.78 v _271_/X (sky130_fd_sc_hd__a21o_4)
   0.18    2.96 ^ _275_/Y (sky130_fd_sc_hd__o2111ai_2)
   0.15    3.11 v _278_/Y (sky130_fd_sc_hd__o2111ai_2)
   0.24    3.35 v _281_/X (sky130_fd_sc_hd__a211o_1)
   0.00    3.35 v dpath.a_reg.out[14]$_DFFE_PP_/D (sky130_fd_sc_hd__edfxtp_1)
           3.35   data arrival time

   1.10    1.10   clock core_clock (rise edge)
   0.00    1.10   clock source latency
   0.00    1.10 ^ clk (in)
   0.13    1.23 ^ clkbuf_0_clk/X (sky130_fd_sc_hd__clkbuf_8)
   0.17    1.40 ^ clkbuf_2_0__f_clk/X (sky130_fd_sc_hd__clkbuf_8)
   0.00    1.40 ^ dpath.a_reg.out[14]$_DFFE_PP_/CLK (sky130_fd_sc_hd__edfxtp_1)
   0.00    1.40   clock reconvergence pessimism
  -0.24    1.16   library setup time
           1.16   data required time
---------------------------------------------------------
           1.16   data required time
          -3.35   data arrival time
---------------------------------------------------------
          -2.19   slack (VIOLATED)



==========================================================================
global route report_checks -path_delay min reg to reg
--------------------------------------------------------------------------
Startpoint: ctrl.state.out[1]$_DFF_P_
            (rising edge-triggered flip-flop clocked by core_clock)
Endpoint: ctrl.state.out[1]$_DFF_P_
          (rising edge-triggered flip-flop clocked by core_clock)
Path Group: core_clock
Path Type: min

  Delay    Time   Description
---------------------------------------------------------
   0.00    0.00   clock core_clock (rise edge)
   0.00    0.00   clock source latency
   0.00    0.00 ^ clk (in)
   0.13    0.13 ^ clkbuf_0_clk/X (sky130_fd_sc_hd__clkbuf_8)
   0.17    0.30 ^ clkbuf_2_0__f_clk/X (sky130_fd_sc_hd__clkbuf_8)
   0.00    0.30 ^ ctrl.state.out[1]$_DFF_P_/CLK (sky130_fd_sc_hd__dfxtp_1)
   0.33    0.63 v ctrl.state.out[1]$_DFF_P_/Q (sky130_fd_sc_hd__dfxtp_1)
   0.09    0.73 ^ _362_/Y (sky130_fd_sc_hd__o21ai_0)
   0.08    0.81 v _369_/Y (sky130_fd_sc_hd__a21oi_1)
   0.00    0.81 v ctrl.state.out[1]$_DFF_P_/D (sky130_fd_sc_hd__dfxtp_1)
           0.81   data arrival time

   0.00    0.00   clock core_clock (rise edge)
   0.00    0.00   clock source latency
   0.00    0.00 ^ clk (in)
   0.13    0.13 ^ clkbuf_0_clk/X (sky130_fd_sc_hd__clkbuf_8)
   0.17    0.30 ^ clkbuf_2_0__f_clk/X (sky130_fd_sc_hd__clkbuf_8)
   0.00    0.30 ^ ctrl.state.out[1]$_DFF_P_/CLK (sky130_fd_sc_hd__dfxtp_1)
   0.00    0.30   clock reconvergence pessimism
  -0.04    0.26   library hold time
           0.26   data required time
---------------------------------------------------------
           0.26   data required time
          -0.81   data arrival time
---------------------------------------------------------
           0.54   slack (MET)



==========================================================================
global route critical path target clock latency max path
--------------------------------------------------------------------------
0.2999

==========================================================================
global route critical path target clock latency min path
--------------------------------------------------------------------------
0.2999

==========================================================================
global route critical path source clock latency min path
--------------------------------------------------------------------------
0.2900

==========================================================================
global route critical path delay
--------------------------------------------------------------------------
3.3467

==========================================================================
global route critical path slack
--------------------------------------------------------------------------
-2.1865

==========================================================================
global route slack div critical path delay
--------------------------------------------------------------------------
-65.333015

==========================================================================
global route report_power
--------------------------------------------------------------------------
Group                  Internal  Switching    Leakage      Total
                          Power      Power      Power      Power (Watts)
----------------------------------------------------------------
Sequential             1.66e-03   1.65e-04   3.52e-10   1.82e-03  24.7%
Combinational          2.49e-03   1.83e-03   1.64e-09   4.31e-03  58.4%
Clock                  6.81e-04   5.72e-04   5.24e-11   1.25e-03  17.0%
Macro                  0.00e+00   0.00e+00   0.00e+00   0.00e+00   0.0%
Pad                    0.00e+00   0.00e+00   0.00e+00   0.00e+00   0.0%
----------------------------------------------------------------
Total                  4.82e-03   2.57e-03   2.05e-09   7.39e-03 100.0%
                          65.3%      34.7%       0.0%
