OpenROAD unknown 
Features included (+) or not (-): -GPU +GUI -Python
This program is licensed under the BSD-3 license. See the LICENSE file for details.
Components of this program may be licensed under more restrictive licenses which must be honored.
[INFO ORD-0030] Using 2 thread(s).
read_liberty /OpenROAD-flow-scripts/flow/platforms/sky130hd/lib/sky130_fd_sc_hd__tt_025C_1v80.lib
read_db -hier ./results/sky130hd/gcd/base/2_floorplan.odb
[WARNING ORD-0012] Hierarchical flow (-hier) is currently in development and may cause multiple issues. Do not use in production environments.
read_sdc ./results/sky130hd/gcd/base/2_floorplan.sdc
source /OpenROAD-flow-scripts/flow/platforms/sky130hd/setRC.tcl
global_placement -skip_io -density 0.6 -pad_left 0 -pad_right 0
[INFO GPL-0190] Using 1 of 2 threads for placement: one per core, SMT siblings idle.
[INFO GPL-0001] ---- Initialize GPL Main Data Structures
[INFO GPL-0002] DBU: 1000
[INFO GPL-0003] SiteSize: (  0.460  2.720 ) um
[INFO GPL-0004] CoreBBox: (  1.380  2.720 ) ( 81.420 81.600 ) um
[INFO GPL-0016] Core area:                    6313.555 um^2
[INFO GPL-0036] Movable instances area:       2572.467 um^2
[INFO GPL-0037] Total instances area:         2668.810 um^2
[INFO GPL-0035] Pin density area adjust:       195.873 um^2
[INFO GPL-0032] ---- Initialize Region: Top-level
[INFO GPL-0006] Number of instances:               327
[INFO GPL-0007] Movable instances:                 250
[INFO GPL-0008] Fixed instances:                    77
[INFO GPL-0009] Dummy instances:                     0
[INFO GPL-0010] Number of nets:                    286
[INFO GPL-0011] Number of pins:                    892
[INFO GPL-0012] Die BBox:       (  0.000  0.000 ) ( 82.825 82.825 ) um
[INFO GPL-0013] Placement BBox: (  1.380  2.720 ) ( 81.420 81.600 ) um
[INFO GPL-0014] Region name: top-level.
[INFO GPL-0015] Region area:                  6313.555 um^2
[INFO GPL-0017] Fixed instances area:           96.342 um^2
[INFO GPL-0018] Movable instances area:       2768.340 um^2
[INFO GPL-0019] Utilization:                    44.527 %
[INFO GPL-0020] Standard cells area:          2768.340 um^2
[INFO GPL-0021] Large instances area:            0.000 um^2
[INFO GPL-0005] ---- Execute Conjugate Gradient Initial Placement.
[INFO GPL-0051] Source of initial instance position counters:
	Odb location = 0	Core center = 250	Region center = 0
[INFO GPL-0033] ---- Initialize Nesterov Region: Top-level
[INFO GPL-0023] Placement target density:       0.6000
[INFO GPL-0024] Movable insts average area:     11.073 um^2
[INFO GPL-0025] Ideal bin area:                 18.456 um^2
[INFO GPL-0026] Ideal bin count:                   342
[INFO GPL-0027] Total bin area:               6313.555 um^2
[INFO GPL-0028] Bin count (X, Y):          16 ,     16
[INFO GPL-0029] Bin size (W * H):       5.003 *  4.930 um
[INFO GPL-0030] Number of bins:                    256
[INFO GPL-0084] ---- Execute Nesterov Global Placement.
[INFO GPL-0031] HPWL: Half-Perimeter Wirelength
Iteration | Overflow |     HPWL (um) |  HPWL(%) |   Penalty | Group
---------------------------------------------------------------
        0 |   0.9639 |  6.028240e+02 |   +0.00% |  2.90e-14 |      
       10 |   0.9576 |  5.738800e+02 |   -4.80% |  4.73e-14 |      
       20 |   0.9576 |  5.715130e+02 |   -0.41% |  7.70e-14 |      
       30 |   0.9576 |  5.716040e+02 |   +0.02% |  1.25e-13 |      
       40 |   0.9576 |  5.716250e+02 |   +0.00% |  2.04e-13 |      
       50 |   0.9576 |  5.718410e+02 |   +0.04% |  3.33e-13 |      
       60 |   0.9576 |  5.723890e+02 |   +0.10% |  5.42e-13 |      
       70 |   0.9576 |  5.732420e+02 |   +0.15% |  8.83e-13 |      
       80 |   0.9576 |  5.749680e+02 |   +0.30% |  1.44e-12 |      
       90 |   0.9576 |  5.774460e+02 |   +0.43% |  2.34e-12 |      
      100 |   0.9576 |  5.809490e+02 |   +0.61% |  3.82e-12 |      
      110 |   0.9576 |  5.852170e+02 |   +0.73% |  6.22e-12 |      
      120 |   0.9576 |  5.898520e+02 |   +0.79% |  1.01e-11 |      
      130 |   0.9576 |  5.939420e+02 |   +0.69% |  1.65e-11 |      
      140 |   0.9576 |  6.075850e+02 |   +2.30% |  2.69e-11 |      
      150 |   0.9507 |  6.722840e+02 |  +10.65% |  4.38e-11 |      
      160 |   0.9124 |  8.669740e+02 |  +28.96% |  7.13e-11 |      
      170 |   0.8658 |  1.089826e+03 |  +25.70% |  1.16e-10 |      
      180 |   0.8572 |  1.168226e+03 |   +7.19% |  1.89e-10 |      
      190 |   0.8178 |  1.333769e+03 |  +14.17% |  3.08e-10 |      
      200 |   0.7901 |  1.463040e+03 |   +9.69% |  5.02e-10 |      
      210 |   0.7480 |  1.622946e+03 |  +10.93% |  8.18e-10 |      
      220 |   0.7048 |  1.812297e+03 |  +11.67% |  1.33e-09 |      
      230 |   0.6561 |  1.931125e+03 |   +6.56% |  2.17e-09 |      
      240 |   0.6084 |  2.112054e+03 |   +9.37% |  3.53e-09 |      
      250 |   0.5546 |  2.246759e+03 |   +6.38% |  5.76e-09 |      
      260 |   0.5007 |  2.387720e+03 |   +6.27% |  9.38e-09 |      
      270 |   0.4455 |  2.518110e+03 |   +5.46% |  1.53e-08 |      
      280 |   0.3939 |  2.657024e+03 |   +5.52% |  2.49e-08 |      
      290 |   0.3457 |  2.785673e+03 |   +4.84% |  4.05e-08 |      
      300 |   0.3078 |  2.875073e+03 |   +3.21% |  6.03e-08 |      
      310 |   0.2691 |  2.956737e+03 |   +2.84% |  8.88e-08 |      
      320 |   0.2375 |  3.022816e+03 |   +2.23% |  1.31e-07 |      
      330 |   0.2043 |  3.071365e+03 |   +1.61% |  1.93e-07 |      
      340 |   0.1691 |  3.107260e+03 |   +1.17% |  2.84e-07 |      
      350 |   0.1348 |  3.144733e+03 |   +1.21% |  4.18e-07 |      
      360 |   0.1172 |  3.185973e+03 |   +1.31% |  6.16e-07 |      
      369 |   0.0983 |  3.213633e+03 |          |  9.08e-07 |      
---------------------------------------------------------------
[INFO GPL-1001] Global placement finished at iteration 369
[INFO GPL-1002] Placed Cell Area             2768.3398
[INFO GPL-1003] Available Free Area          6217.2128
[INFO GPL-1004] Minimum Feasible Density        0.4500 (cell_area / free_area)
[INFO GPL-1006]   Suggested Target Densities:
[INFO GPL-1007]     - For 90% usage of free space: 0.4947
[INFO GPL-1008]     - For 80% usage of free space: 0.5566
[INFO GPL-1009]     - For 50% usage of free space: 0.8905
[INFO GPL-1014] Final placement area: 2768.34 (+0.00%)
[INFO GPL-1018] Final HPWL (um): 3219.32
Design area 2669 um^2 42% utilization.
write_db ./results/sky130hd/gcd/base/3_1_place_gp_skip_io.odb
Elapsed time: 0:00.71[h:]min:sec. CPU time: user 0.51 sys 0.07 (81%). Peak memory: 103808KB.
Log                    Ext     Elapsed      CPU     CPU/ Peak Mem sha1sum
                                     s        s  Elapsed       MB [0:10)
3_1_place_gp_skip_io   .odb          0        1     0.82      101 45f8e0a788
