OpenROAD unknown 
Features included (+) or not (-): -GPU +GUI -Python
This program is licensed under the BSD-3 license. See the LICENSE file for details.
Components of this program may be licensed under more restrictive licenses which must be honored.
[INFO ORD-0030] Using 2 thread(s).
read_liberty /OpenROAD-flow-scripts/flow/platforms/sky130hd/lib/sky130_fd_sc_hd__tt_025C_1v80.lib
read_db -hier ./results/sky130hd/gcd/base/3_2_place_iop.odb
[WARNING ORD-0012] Hierarchical flow (-hier) is currently in development and may cause multiple issues. Do not use in production environments.
read_sdc ./results/sky130hd/gcd/base/2_floorplan.sdc
source /OpenROAD-flow-scripts/flow/platforms/sky130hd/setRC.tcl
[INFO RSZ-0026] Removed 9 buffers.
Perform port buffering...
[INFO RSZ-0027] Inserted 35 sky130_fd_sc_hd__clkdlybuf4s50_1 input buffers.
[INFO RSZ-0028] Inserted 18 sky130_fd_sc_hd__clkdlybuf4s50_1 output buffers.
global_placement -density 0.6 -pad_left 0 -pad_right 0 -routability_driven -timing_driven -force_center_initial_place -min_phi_coef 0.95 -max_phi_coef 1.05
[INFO GPL-0190] Using 1 of 2 threads for placement: one per core, SMT siblings idle.
[INFO GPL-0001] ---- Initialize GPL Main Data Structures
[INFO GPL-0002] DBU: 1000
[INFO GPL-0003] SiteSize: (  0.460  2.720 ) um
[INFO GPL-0004] CoreBBox: (  1.380  2.720 ) ( 81.420 81.600 ) um
[INFO GPL-0016] Core area:                    6313.555 um^2
[INFO GPL-0036] Movable instances area:       3020.397 um^2
[INFO GPL-0037] Total instances area:         3116.739 um^2
[INFO GPL-0035] Pin density area adjust:       242.371 um^2
[INFO GPL-0032] ---- Initialize Region: Top-level
[INFO GPL-0006] Number of instances:               371
[INFO GPL-0007] Movable instances:                 294
[INFO GPL-0008] Fixed instances:                    77
[INFO GPL-0009] Dummy instances:                     0
[INFO GPL-0010] Number of nets:                    330
[INFO GPL-0011] Number of pins:                   1034
[INFO GPL-0012] Die BBox:       (  0.000  0.000 ) ( 82.825 82.825 ) um
[INFO GPL-0013] Placement BBox: (  1.380  2.720 ) ( 81.420 81.600 ) um
[INFO GPL-0014] Region name: top-level.
[INFO GPL-0015] Region area:                  6313.555 um^2
[INFO GPL-0017] Fixed instances area:           96.342 um^2
[INFO GPL-0018] Movable instances area:       3262.768 um^2
[INFO GPL-0019] Utilization:                    52.480 %
[INFO GPL-0020] Standard cells area:          3262.768 um^2
[INFO GPL-0021] Large instances area:            0.000 um^2
[INFO GPL-0005] ---- Execute Conjugate Gradient Initial Placement.
[INFO GPL-0051] Source of initial instance position counters:
	Odb location = 0	Core center = 294	Region center = 0
[InitialPlace]  Iter: 1 conjugate gradient residual: 0.00000011 HPWL: 6164091
[InitialPlace]  Iter: 2 conjugate gradient residual: 0.00000007 HPWL: 5206933
[InitialPlace]  Iter: 3 conjugate gradient residual: 0.00000010 HPWL: 5162731
[InitialPlace]  Iter: 4 conjugate gradient residual: 0.00000010 HPWL: 5111412
[InitialPlace]  Iter: 5 conjugate gradient residual: 0.00000011 HPWL: 5090918
[INFO GPL-0033] ---- Initialize Nesterov Region: Top-level
[INFO GPL-0023] Placement target density:       0.6000
[INFO GPL-0024] Movable insts average area:     11.098 um^2
[INFO GPL-0025] Ideal bin area:                 18.496 um^2
[INFO GPL-0026] Ideal bin count:                   341
[INFO GPL-0027] Total bin area:               6313.555 um^2
[INFO GPL-0028] Bin count (X, Y):          16 ,     16
[INFO GPL-0029] Bin size (W * H):       5.003 *  4.930 um
[INFO GPL-0030] Number of bins:                    256
[INFO GPL-0084] ---- Execute Nesterov Global Placement.
[INFO GPL-0031] HPWL: Half-Perimeter Wirelength
Iteration | Overflow |     HPWL (um) |  HPWL(%) |   Penalty | Group
---------------------------------------------------------------
        0 |   0.6742 |  3.053138e+03 |   +0.00% |  1.10e-13 |      
[INFO GPL-0100] Timing-driven iteration 1/2, virtual: false.
[INFO GPL-0101]    Iter: 3, overflow: 0.622, keep resizer changes at: 1, HPWL: 3306821
Iteration |   Area    | Resized | Buffers | Nets repaired | Remaining
---------------------------------------------------------------------
        0 |     +0.0% |       0 |       0 |             0 |       330
    final |     +0.0% |       0 |       0 |             0 |         0
---------------------------------------------------------------------
   Iter   |    Area   | Removed | Inserted |   Pins
          |           | Buffers | Buffers  | Remaining
-------------------------------------------------------
        0 |     +0.0% |       0 |        0 |       294
       29 |     +0.5% |       0 |        2 |       265
       58 |     +0.7% |       0 |        3 |       236
       87 |     +3.5% |       0 |       13 |       207
      116 |     +4.0% |       0 |       15 |       178
      145 |     +5.2% |       0 |       20 |       149
      174 |     +6.4% |       0 |       25 |       120
      203 |     +9.1% |       0 |       36 |        91
      232 |    +13.9% |       0 |       56 |        62
      261 |    +19.7% |       0 |       80 |        33
      290 |    +19.9% |       0 |       81 |         4
    final |    +19.9% |       0 |       81 |         0
-------------------------------------------------------
[INFO GPL-0106] Timing-driven: worst slack -2.0711193e-09
[INFO GPL-0107] Timing-driven: repair_design delta area: 620.595 um^2 (+19.02%)
[INFO GPL-0108] Timing-driven: repair_design, gpl delta gcells: 81 (+27.55%)
[INFO GPL-0109] Timing-driven: repair_design, gcells created: 81, deleted: 0
[INFO GPL-0110] Timing-driven: new target density: 0.69981885
Iteration | Overflow |     HPWL (um) |  HPWL(%) |   Penalty | Group
---------------------------------------------------------------
       10 |   0.6135 |  3.724280e+03 |  +21.98% |  1.80e-13 |      
[INFO GPL-0038] Routability snapshot saved at iter = 18
       17 |   0.5996 |  3.752893e+03 |          |           |      
       20 |   0.5960 |  3.758254e+03 |   +0.91% |  2.93e-13 |      
       30 |   0.5891 |  3.756292e+03 |   -0.05% |  4.77e-13 |      
       40 |   0.5855 |  3.750480e+03 |   -0.15% |  7.76e-13 |      
       50 |   0.5854 |  3.750207e+03 |   -0.01% |  1.26e-12 |      
       60 |   0.5870 |  3.750949e+03 |   +0.02% |  2.06e-12 |      
       70 |   0.5881 |  3.751181e+03 |   +0.01% |  3.35e-12 |      
       80 |   0.5876 |  3.751242e+03 |   +0.00% |  5.46e-12 |      
       90 |   0.5865 |  3.751362e+03 |   +0.00% |  8.90e-12 |      
      100 |   0.5857 |  3.751749e+03 |   +0.01% |  1.45e-11 |      
      110 |   0.5854 |  3.752209e+03 |   +0.01% |  2.36e-11 |      
      120 |   0.5849 |  3.752725e+03 |   +0.01% |  3.85e-11 |      
      130 |   0.5836 |  3.754063e+03 |   +0.04% |  6.27e-11 |      
      140 |   0.5811 |  3.757004e+03 |   +0.08% |  1.02e-10 |      
      150 |   0.5778 |  3.761552e+03 |   +0.12% |  1.66e-10 |      
      160 |   0.5726 |  3.767470e+03 |   +0.16% |  2.71e-10 |      
      170 |   0.5633 |  3.774477e+03 |   +0.19% |  4.41e-10 |      
      180 |   0.5463 |  3.782235e+03 |   +0.21% |  7.19e-10 |      
      190 |   0.5300 |  3.793912e+03 |   +0.31% |  1.17e-09 |      
      200 |   0.5087 |  3.820110e+03 |   +0.69% |  1.91e-09 |      
      210 |   0.4909 |  3.857974e+03 |   +0.99% |  3.11e-09 |      
      220 |   0.4605 |  3.906757e+03 |   +1.26% |  5.06e-09 |      
      230 |   0.4251 |  3.962677e+03 |   +1.43% |  8.24e-09 |      
      240 |   0.3854 |  4.027093e+03 |   +1.63% |  1.34e-08 |      
      250 |   0.3488 |  4.104714e+03 |   +1.93% |  2.19e-08 |      
      260 |   0.3121 |  4.173693e+03 |   +1.68% |  3.25e-08 |      
[INFO GPL-0040] Routability iteration: 1
[INFO GPL-0088] Tiles the placer can act on: 102 of 144 (70.83%)
[INFO GPL-0041] Total routing overflow: 0.0000
[INFO GPL-0042] Number of overflowed tiles: 0 (0.00%)
[INFO GPL-0043] Average top 0.5% routing congestion: 0.7781
[INFO GPL-0044] Average top 1.0% routing congestion: 0.7544
[INFO GPL-0045] Average top 2.0% routing congestion: 0.7404
[INFO GPL-0046] Average top 5.0% routing congestion: 0.6732
[INFO GPL-0047] Routability iteration weighted routing congestion: 0.7662
[INFO GPL-0050] Weighted routing congestion is lower than target routing congestion(1.0100), end routability optimization.
[INFO GPL-0090] Routability finished. Target routing congestion achieved succesfully.
Iteration | Overflow |     HPWL (um) |  HPWL(%) |   Penalty | Group
---------------------------------------------------------------
      270 |   0.2778 |  4.225877e+03 |   +1.25% |  4.79e-08 |      
      280 |   0.2395 |  4.276808e+03 |   +1.21% |  7.06e-08 |      
      290 |   0.2129 |  4.340814e+03 |   +1.50% |  1.04e-07 |      
[INFO GPL-0100] Timing-driven iteration 2/2, virtual: false.
[INFO GPL-0101]    Iter: 299, overflow: 0.193, keep resizer changes at: 1, HPWL: 4385447
Iteration |   Area    | Resized | Buffers | Nets repaired | Remaining
---------------------------------------------------------------------
        0 |     +0.0% |       0 |       0 |             0 |       411
    final |     +0.0% |       0 |       0 |             0 |         0
---------------------------------------------------------------------
   Iter   |    Area   | Removed | Inserted |   Pins
          |           | Buffers | Buffers  | Remaining
-------------------------------------------------------
        0 |     +0.0% |       0 |        0 |       294
       29 |     +0.1% |       2 |        1 |       265
       58 |     -0.1% |       3 |        1 |       236
       87 |     +1.0% |      13 |       18 |       207
      116 |     +1.2% |      15 |       21 |       178
      145 |     +1.2% |      20 |       26 |       149
      174 |     +1.5% |      25 |       31 |       120
      203 |     +1.7% |      36 |       43 |        91
      232 |     +1.3% |      56 |       61 |        62
      261 |     +1.7% |      80 |       87 |        33
      290 |     +1.7% |      81 |       88 |         4
    final |     +1.7% |      81 |       88 |         0
-------------------------------------------------------
[INFO GPL-0106] Timing-driven: worst slack -2.0253403e-09
[INFO GPL-0107] Timing-driven: repair_design delta area: 65.062 um^2 (+1.68%)
[INFO GPL-0108] Timing-driven: repair_design, gpl delta gcells: 7 (+1.87%)
[INFO GPL-0109] Timing-driven: repair_design, gcells created: 88, deleted: 81
[INFO GPL-0110] Timing-driven: new target density: 0.7102838
Iteration | Overflow |     HPWL (um) |  HPWL(%) |   Penalty | Group
---------------------------------------------------------------
      300 |   0.1978 |  4.503511e+03 |   +3.75% |  1.53e-07 |      
      310 |   0.1608 |  4.592770e+03 |   +1.98% |  2.26e-07 |      
      320 |   0.1360 |  4.597435e+03 |   +0.10% |  3.32e-07 |      
      330 |   0.1244 |  4.593348e+03 |   -0.09% |  4.90e-07 |      
      340 |   0.1062 |  4.612442e+03 |   +0.42% |  7.22e-07 |      
      343 |   0.0984 |  4.614810e+03 |          |  8.42e-07 |      
---------------------------------------------------------------
[INFO GPL-1001] Global placement finished at iteration 343
[INFO GPL-1017] Routability mode iteration count: 247
[INFO GPL-1005] Routability final weighted congestion: 0.6526
[INFO GPL-1002] Placed Cell Area             3948.4255
[INFO GPL-1003] Available Free Area          6217.2128
[INFO GPL-1004] Minimum Feasible Density        0.5300 (cell_area / free_area)
[INFO GPL-1006]   Suggested Target Densities:
[INFO GPL-1007]     - For 90% usage of free space: 0.7056
[INFO GPL-1008]     - For 80% usage of free space: 0.7938
[INFO GPL-1011] Original area (um^2): 3262.77
[INFO GPL-1012] Total routability artificial inflation: 0.00 (+0.00%)
[INFO GPL-1013] Total timing-driven delta area: 685.66 (+21.01%)
[INFO GPL-1014] Final placement area: 3948.43 (+21.01%)
[INFO GPL-1018] Final HPWL (um): 4628.31
estimate_parasitics -placement
Report metrics stage 3, global place...

==========================================================================
global place report_design_area
--------------------------------------------------------------------------
Design area 3802 um^2 60% utilization.
write_db ./results/sky130hd/gcd/base/3_3_place_gp.odb
Elapsed time: 0:01.34[h:]min:sec. CPU time: user 0.95 sys 0.22 (86%). Peak memory: 229432KB.
Log                    Ext     Elapsed      CPU     CPU/ Peak Mem sha1sum
                                     s        s  Elapsed       MB [0:10)
3_3_place_gp           .odb          1        1     0.87      224 c02fa9e924
