OpenROAD unknown 
Features included (+) or not (-): -GPU +GUI -Python
This program is licensed under the BSD-3 license. See the LICENSE file for details.
Components of this program may be licensed under more restrictive licenses which must be honored.
[INFO ORD-0030] Using 2 thread(s).
read_liberty /OpenROAD-flow-scripts/flow/platforms/sky130hd/lib/sky130_fd_sc_hd__tt_025C_1v80.lib
read_db -hier ./results/sky130hd/gcd/base/4_cts.odb
[WARNING ORD-0012] Hierarchical flow (-hier) is currently in development and may cause multiple issues. Do not use in production environments.
read_sdc ./results/sky130hd/gcd/base/4_cts.sdc
source /OpenROAD-flow-scripts/flow/platforms/sky130hd/setRC.tcl
pin_access
[INFO DRT-0149] Reading tech and libs.
[WARNING DRT-0349] LEF58_ENCLOSURE with no CUTCLASS is not supported. Skipping for layer mcon
[WARNING DRT-0349] LEF58_ENCLOSURE with no CUTCLASS is not supported. Skipping for layer mcon
[WARNING DRT-0349] LEF58_ENCLOSURE with no CUTCLASS is not supported. Skipping for layer via
[WARNING DRT-0349] LEF58_ENCLOSURE with no CUTCLASS is not supported. Skipping for layer via
[WARNING DRT-0349] LEF58_ENCLOSURE with no CUTCLASS is not supported. Skipping for layer via2
[WARNING DRT-0349] LEF58_ENCLOSURE with no CUTCLASS is not supported. Skipping for layer via2
[WARNING DRT-0349] LEF58_ENCLOSURE with no CUTCLASS is not supported. Skipping for layer via3
[WARNING DRT-0349] LEF58_ENCLOSURE with no CUTCLASS is not supported. Skipping for layer via3
[WARNING DRT-0349] LEF58_ENCLOSURE with no CUTCLASS is not supported. Skipping for layer via4
[WARNING DRT-0349] LEF58_ENCLOSURE with no CUTCLASS is not supported. Skipping for layer via4

Units:                1000
Number of layers:     13
Number of macros:     441
Number of vias:       29
Number of viarulegen: 25

[INFO DRT-0150] Reading design.

Design:                   gcd
Die area:                 ( 0 0 ) ( 82825 82825 )
Number of track patterns: 12
Number of DEF vias:       0
Number of components:     502
Number of terminals:      56
Number of snets:          2
Number of nets:           458

[INFO DRT-0167] List of default vias:
  Layer via
    default via: M1M2_PR
  Layer via2
    default via: M2M3_PR
  Layer via3
    default via: M3M4_PR
  Layer via4
    default via: M4M5_PR
[INFO DRT-0162] Library cell analysis.
[INFO DRT-0163] Instance analysis.
[INFO DRT-0164] Number of unique instances = 112.
[INFO DRT-0168] Init region query.
[INFO DRT-0024]   Complete FR_MASTERSLICE.
[INFO DRT-0024]   Complete Fr_VIA.
[INFO DRT-0024]   Complete li1.
[INFO DRT-0024]   Complete mcon.
[INFO DRT-0024]   Complete met1.
[INFO DRT-0024]   Complete via.
[INFO DRT-0024]   Complete met2.
[INFO DRT-0024]   Complete via2.
[INFO DRT-0024]   Complete met3.
[INFO DRT-0024]   Complete via3.
[INFO DRT-0024]   Complete met4.
[INFO DRT-0024]   Complete via4.
[INFO DRT-0024]   Complete met5.
[INFO DRT-0033] FR_MASTERSLICE shape region query size = 0.
[INFO DRT-0033] FR_VIA shape region query size = 0.
[INFO DRT-0033] li1 shape region query size = 11984.
[INFO DRT-0033] mcon shape region query size = 7584.
[INFO DRT-0033] met1 shape region query size = 1632.
[INFO DRT-0033] via shape region query size = 375.
[INFO DRT-0033] met2 shape region query size = 252.
[INFO DRT-0033] via2 shape region query size = 300.
[INFO DRT-0033] met3 shape region query size = 252.
[INFO DRT-0033] via3 shape region query size = 300.
[INFO DRT-0033] met4 shape region query size = 93.
[INFO DRT-0033] via4 shape region query size = 13.
[INFO DRT-0033] met5 shape region query size = 23.
[INFO DRT-0165] Start pin access.
[INFO DRT-0078]   Complete 833 pins.
[INFO DRT-0079]   Complete 100 unique inst patterns.
[INFO DRT-0081]   Complete 112 unique inst patterns.
[INFO DRT-0084]   Complete 224 groups.
#scanned instances     = 502
#unique  instances     = 112
#stdCellGenAp          = 3100
#stdCellValidPlanarAp  = 14
#stdCellValidViaAp     = 2328
#stdCellPinNoAp        = 0
#stdCellPinCnt         = 1239
#instTermValidViaApCnt = 0
#macroGenAp            = 0
#macroValidPlanarAp    = 0
#macroValidViaAp       = 0
#macroNoAp             = 0
[INFO DRT-0166] Complete pin access.
[INFO DRT-0267] cpu time = 00:00:39, elapsed time = 00:00:22, memory = 110.65 (MB), peak = 110.50 (MB)
Took 23 seconds: pin_access
global_route -congestion_report_file ./reports/sky130hd/gcd/base/congestion.rpt -congestion_iterations 30 -congestion_report_iter_step 5 -verbose
[INFO GRT-0020] Min routing layer: met1
[INFO GRT-0021] Max routing layer: met5
[INFO GRT-0022] Global adjustment: 0%
[INFO GRT-0023] Grid origin: (0, 0)
[INFO GRT-0088] Layer li1     Track-Pitch = 0.4600  line-2-Via Pitch: 0.3400
[INFO GRT-0088] Layer met1    Track-Pitch = 0.3400  line-2-Via Pitch: 0.3400
[INFO GRT-0088] Layer met2    Track-Pitch = 0.4600  line-2-Via Pitch: 0.3500
[INFO GRT-0088] Layer met3    Track-Pitch = 0.6800  line-2-Via Pitch: 0.6150
[INFO GRT-0088] Layer met4    Track-Pitch = 0.9200  line-2-Via Pitch: 1.0400
[INFO GRT-0088] Layer met5    Track-Pitch = 3.4000  line-2-Via Pitch: 3.1100
[INFO GRT-0003] Macros: 0
[INFO GRT-0004] Blockages: 806
[INFO GRT-0019] Found 6 clock nets.
[INFO GRT-0001] Minimum degree: 2
[INFO GRT-0002] Maximum degree: 18

[INFO GRT-0053] Routing resources analysis:
          Routing      Original      Derated      Resource
Layer     Direction    Resources     Resources    Reduction (%)
---------------------------------------------------------------
li1        Vertical            0             0          0.00%
met1       Horizontal       2015          1566          22.28%
met2       Vertical         1738          1342          22.78%
met3       Horizontal       1282          1006          21.53%
met4       Vertical          847           638          24.68%
met5       Horizontal        209           132          36.84%
---------------------------------------------------------------

[INFO GRT-0197] Via related to pin nodes: 2071
[INFO GRT-0198] Via related Steiner nodes: 26
[INFO GRT-0199] Via filling finished.
[INFO GRT-0111] Final number of vias: 2558
[INFO GRT-0112] Final usage 3D: 8735

[INFO GRT-0096] Final congestion report:
Layer         Resource        Demand        Usage (%)    Max H / Max V / Total Congestion
---------------------------------------------------------------------------------------
li1                  0             0            0.00%             0 /  0 /  0
met1              1566           516           32.95%             0 /  0 /  0
met2              1342           482           35.92%             0 /  0 /  0
met3              1006            39            3.88%             0 /  0 /  0
met4               638            24            3.76%             0 /  0 /  0
met5               132             0            0.00%             0 /  0 /  0
---------------------------------------------------------------------------------------
Total             4684          1061           22.65%             0 /  0 /  0

[INFO GRT-0018] Total wirelength: 12516 um
[INFO GRT-0014] Routed nets: 458
[INFO GRT-0303] Global routing runtime = 00:00:00
[WARNING STA-0450] virtual clock vclk_core_clock can not be propagated.
estimate_parasitics -global_routing
Perform buffer insertion and gate resizing...
repair_design -verbose
Iteration |   Area    | Resized | Buffers | Nets repaired | Remaining
---------------------------------------------------------------------
        0 |     +0.0% |       0 |       0 |             0 |       461
       10 |     +0.0% |       0 |       0 |             0 |       451
       20 |     +0.0% |       0 |       0 |             0 |       441
       30 |     +0.0% |       0 |       0 |             0 |       431
       40 |     +0.0% |       0 |       0 |             0 |       421
       50 |     +0.0% |       0 |       0 |             0 |       411
       60 |     +0.0% |       0 |       0 |             0 |       401
       70 |     +0.0% |       0 |       0 |             0 |       391
       80 |     +0.0% |       0 |       0 |             0 |       381
       90 |     +0.0% |       0 |       0 |             0 |       371
      100 |     +0.0% |       0 |       0 |             0 |       361
      110 |     +0.0% |       0 |       0 |             0 |       351
      120 |     +0.0% |       0 |       0 |             0 |       341
      130 |     +0.0% |       0 |       0 |             0 |       331
      140 |     +0.0% |       0 |       0 |             0 |       321
      150 |     +0.0% |       0 |       0 |             0 |       311
      160 |     +0.0% |       0 |       0 |             0 |       301
      170 |     +0.0% |       0 |       0 |             0 |       291
      180 |     +0.0% |       0 |       0 |             0 |       281
      190 |     +0.0% |       0 |       0 |             0 |       271
      200 |     +0.0% |       0 |       0 |             0 |       261
      210 |     +0.0% |       0 |       0 |             0 |       251
      220 |     +0.0% |       0 |       0 |             0 |       241
      230 |     +0.0% |       0 |       0 |             0 |       231
      240 |     +0.0% |       0 |       0 |             0 |       221
      250 |     +0.0% |       0 |       0 |             0 |       211
      260 |     +0.0% |       0 |       0 |             0 |       201
      270 |     +0.0% |       0 |       0 |             0 |       191
      280 |     +0.0% |       0 |       0 |             0 |       181
      290 |     +0.0% |       0 |       0 |             0 |       171
      300 |     +0.0% |       0 |       0 |             0 |       161
      310 |     +0.0% |       0 |       0 |             0 |       151
      320 |     +0.0% |       0 |       0 |             0 |       141
      330 |     +0.0% |       0 |       0 |             0 |       131
      340 |     +0.0% |       0 |       0 |             0 |       121
      350 |     +0.0% |       0 |       0 |             0 |       111
      360 |     +0.0% |       0 |       0 |             0 |       101
      370 |     +0.0% |       0 |       0 |             0 |        91
      380 |     +0.0% |       0 |       0 |             0 |        81
      390 |     +0.0% |       0 |       0 |             0 |        71
      400 |     +0.0% |       0 |       0 |             0 |        61
      410 |     +0.0% |       0 |       0 |             0 |        51
      420 |     +0.0% |       0 |       0 |             0 |        41
      430 |     +0.0% |       0 |       0 |             0 |        31
      440 |     +0.0% |       0 |       0 |             0 |        21
      450 |     +0.0% |       0 |       0 |             0 |        11
      460 |     +0.0% |       0 |       0 |             0 |         1
    final |     +0.0% |       0 |       0 |             0 |         0
---------------------------------------------------------------------
[INFO RSZ-0504] Runtime: 0.06s
global_route -start_incremental
detailed_placement
[INFO DPL-0006] Core area: 6313.56 um^2
[INFO DPL-0007] Movable instances area: 4420.49 um^2
[INFO DPL-0008] Fixed instances area within core: 96.34 um^2
[INFO DPL-0009] Utilization: 71.5%
[INFO DPL-0005] Diamond search max displacement: +/- 500 sites horizontally, +/- 100 rows vertically.
[INFO DPL-1102] Legalizing using negotiation legalizer.
[INFO DPL-1103] Negotiation base search window: +/-20 sites horizontally, +/-5 rows vertically 
	Automatic search window extension enabled.
	Search window extendable up to the max displacement cap of +/-500 sites, +/-100 rows near walls.
[INFO DPL-1104] NegotiationLegalizer DRC penalty: 5.
[INFO DPL-0392] Negotiation cell height distribution (1 unique row-count(s)):
[INFO DPL-0393]   height 1 row(s): 502 cells
[INFO DPL-0500] Runtime: 0.00s
Detailed Placement Analysis
---------------------------------
legalizer            negotiation
total moves                   0
total displacement          0.0 u
average displacement        0.0 u
max displacement            0.0 u
original HPWL            6492.7 u
legalized HPWL           6492.7 u
delta HPWL                    0 %

global_route -end_incremental -congestion_report_file ./reports/sky130hd/gcd/base/congestion_post_repair_design.rpt
Repair setup and hold violations...
estimate_parasitics -global_routing
repair_timing -setup_margin 0 -hold_margin 0 -repair_tns 100 -verbose
[INFO RSZ-0100] Repair move sequence: UnbufferMove SizeUpMove SwapPinsMove BufferMove CloneMove SplitLoadMove 
[INFO RSZ-0094] Found 84 endpoints with setup violations.
[INFO RSZ-0099] Repairing 84 out of 84 (100.00%) violating endpoints...
   Iter   | Removed | Resized | Inserted | Cloned |  Pin  |   Area   |    WNS   |    TNS     |  Viol  |  Worst
          | Buffers |  Gates  | Buffers  |  Gates | Swaps |          |          |            | Endpts | Endpoint
------------------------------------------------------------------------------------------------------------------------------
       0* |       0 |       0 |        0 |      0 |     0 |    +0.0% |   -2.251 |      -87.3 |     84 | dpath.a_reg.out\[14\]$_DFFE_PP_/D
      10* |       0 |       3 |        2 |      0 |     4 |    +0.8% |   -2.191 |      -86.2 |     84 | dpath.a_reg.out\[10\]$_DFFE_PP_/D
      20* |       0 |       4 |        5 |      0 |    11 |    +1.4% |   -2.191 |      -87.1 |     84 | dpath.a_reg.out\[14\]$_DFFE_PP_/D
      24* |       0 |       4 |        5 |      0 |    12 |    +1.4% |   -2.169 |      -87.0 |     84 | dpath.a_reg.out\[14\]$_DFFE_PP_/D
      30* |       0 |       7 |        5 |      0 |    14 |    +1.8% |   -2.169 |      -87.0 |     84 | dpath.a_reg.out\[14\]$_DFFE_PP_/D
      40* |       3 |       9 |        6 |      0 |    18 |    +1.4% |   -2.185 |      -86.0 |     84 | dpath.a_reg.out\[14\]$_DFFE_PP_/D
      45* |       2 |       8 |        6 |      0 |    17 |    +1.6% |   -2.169 |      -86.1 |     84 | dpath.a_reg.out\[14\]$_DFFE_PP_/D
      50* |       2 |      10 |        6 |      0 |    19 |    +1.9% |   -2.170 |      -86.2 |     84 | dpath.a_reg.out\[14\]$_DFFE_PP_/D
      51* |       2 |       8 |        6 |      0 |    17 |    +1.6% |   -2.169 |      -86.1 |     84 | dpath.a_reg.out\[14\]$_DFFE_PP_/D
      60* |       2 |      14 |        7 |      0 |    18 |    +2.2% |   -2.167 |      -86.1 |     84 | dpath.a_reg.out\[14\]$_DFFE_PP_/D
      60* |       2 |      13 |        7 |      0 |    17 |    +2.1% |   -2.162 |      -86.1 |     84 | dpath.a_reg.out\[14\]$_DFFE_PP_/D
      66* |       3 |      14 |        9 |      0 |    18 |    +2.3% |   -2.161 |      -88.6 |     84 | dpath.a_reg.out\[14\]$_DFFE_PP_/D
      68* |       3 |      14 |        9 |      0 |    18 |    +2.3% |   -2.161 |      -88.6 |     84 | dpath.a_reg.out\[14\]$_DFFE_PP_/D
      70* |       3 |      14 |        9 |      0 |    19 |    +2.3% |   -2.161 |      -88.6 |     84 | dpath.a_reg.out\[14\]$_DFFE_PP_/D
      70* |       3 |      14 |        9 |      0 |    18 |    +2.3% |   -2.161 |      -88.6 |     84 | dpath.a_reg.out\[14\]$_DFFE_PP_/D
      72* |       3 |      14 |        9 |      0 |    18 |    +2.3% |   -2.161 |      -88.6 |     84 | dpath.a_reg.out\[14\]$_DFFE_PP_/D
      74* |       3 |      14 |        9 |      0 |    18 |    +2.3% |   -2.161 |      -88.6 |     84 | dpath.a_reg.out\[14\]$_DFFE_PP_/D
      76* |       3 |      14 |        9 |      0 |    18 |    +2.3% |   -2.161 |      -88.6 |     84 | dpath.a_reg.out\[14\]$_DFFE_PP_/D
      78* |       3 |      14 |        9 |      0 |    18 |    +2.3% |   -2.161 |      -88.6 |     84 | dpath.a_reg.out\[14\]$_DFFE_PP_/D
      80* |       3 |      14 |        9 |      0 |    19 |    +2.3% |   -2.161 |      -88.6 |     84 | dpath.a_reg.out\[14\]$_DFFE_PP_/D
      83* |       3 |      14 |        9 |      0 |    18 |    +2.3% |   -2.161 |      -88.6 |     84 | dpath.a_reg.out\[14\]$_DFFE_PP_/D
      90* |       3 |      17 |       10 |      0 |    20 |    +2.7% |   -2.161 |      -88.6 |     84 | dpath.a_reg.out\[14\]$_DFFE_PP_/D
      90* |       3 |      17 |       10 |      0 |    19 |    +2.7% |   -2.161 |      -88.6 |     84 | dpath.a_reg.out\[14\]$_DFFE_PP_/D
      94* |       3 |      18 |       10 |      0 |    20 |    +2.8% |   -2.161 |      -88.6 |     84 | dpath.a_reg.out\[14\]$_DFFE_PP_/D
      96* |       3 |      18 |       10 |      0 |    20 |    +2.8% |   -2.161 |      -88.6 |     84 | dpath.a_reg.out\[14\]$_DFFE_PP_/D
      98* |       3 |      18 |       10 |      0 |    20 |    +2.8% |   -2.161 |      -88.6 |     84 | dpath.a_reg.out\[14\]$_DFFE_PP_/D
     100* |       3 |      19 |       10 |      0 |    20 |    +2.9% |   -2.179 |      -89.2 |     84 | dpath.a_reg.out\[14\]$_DFFE_PP_/D
     103* |       3 |      18 |       10 |      0 |    20 |    +2.8% |   -2.161 |      -88.6 |     84 | dpath.a_reg.out\[14\]$_DFFE_PP_/D
     107* |       3 |      18 |       10 |      0 |    20 |    +2.8% |   -2.161 |      -88.6 |     84 | dpath.a_reg.out\[14\]$_DFFE_PP_/D
     110* |       3 |      19 |       10 |      1 |    20 |    +3.5% |   -2.179 |      -89.8 |     84 | dpath.a_reg.out\[14\]$_DFFE_PP_/D
     111* |       3 |      18 |       10 |      0 |    20 |    +2.8% |   -2.161 |      -88.6 |     84 | dpath.a_reg.out\[14\]$_DFFE_PP_/D
     115* |       3 |      18 |       10 |      0 |    20 |    +2.8% |   -2.161 |      -88.6 |     84 | dpath.a_reg.out\[14\]$_DFFE_PP_/D
     119* |       3 |      18 |       10 |      0 |    20 |    +2.8% |   -2.161 |      -88.6 |     84 | dpath.a_reg.out\[14\]$_DFFE_PP_/D
     120* |       3 |      18 |       10 |      0 |    20 |    +2.8% |   -2.161 |      -88.6 |     84 | dpath.a_reg.out\[14\]$_DFFE_PP_/D
     123* |       3 |      18 |       10 |      0 |    20 |    +2.8% |   -2.161 |      -88.6 |     84 | dpath.a_reg.out\[14\]$_DFFE_PP_/D
     127* |       3 |      18 |       10 |      0 |    20 |    +2.8% |   -2.161 |      -88.6 |     84 | dpath.a_reg.out\[14\]$_DFFE_PP_/D
     130* |       3 |      19 |       10 |      1 |    20 |    +3.5% |   -2.179 |      -89.8 |     84 | dpath.a_reg.out\[14\]$_DFFE_PP_/D
     131* |       3 |      18 |       10 |      0 |    20 |    +2.8% |   -2.161 |      -88.6 |     84 | dpath.a_reg.out\[14\]$_DFFE_PP_/D
     135* |       3 |      18 |       10 |      0 |    20 |    +2.8% |   -2.161 |      -88.6 |     84 | dpath.a_reg.out\[14\]$_DFFE_PP_/D
     139* |       3 |      18 |       10 |      0 |    20 |    +2.8% |   -2.161 |      -88.6 |     84 | dpath.a_reg.out\[14\]$_DFFE_PP_/D
     140* |       3 |      18 |       10 |      0 |    20 |    +2.8% |   -2.161 |      -88.6 |     84 | dpath.a_reg.out\[14\]$_DFFE_PP_/D
     143* |       3 |      18 |       10 |      0 |    20 |    +2.8% |   -2.161 |      -88.6 |     84 | dpath.a_reg.out\[14\]$_DFFE_PP_/D
     147* |       3 |      18 |       10 |      0 |    20 |    +2.8% |   -2.161 |      -88.6 |     84 | dpath.a_reg.out\[14\]$_DFFE_PP_/D
     150* |       3 |      18 |       11 |      0 |    21 |    +3.0% |   -2.161 |      -88.7 |     84 | dpath.a_reg.out\[14\]$_DFFE_PP_/D
     156* |       3 |      18 |       10 |      0 |    20 |    +2.8% |   -2.161 |      -88.6 |     84 | dpath.a_reg.out\[14\]$_DFFE_PP_/D
     160* |       3 |      18 |       11 |      0 |    22 |    +3.0% |   -2.163 |      -88.7 |     84 | dpath.a_reg.out\[14\]$_DFFE_PP_/D
     163* |       3 |      18 |       10 |      0 |    20 |    +2.8% |   -2.161 |      -88.6 |     84 | dpath.a_reg.out\[14\]$_DFFE_PP_/D
     167* |       3 |      18 |       10 |      0 |    20 |    +2.8% |   -2.161 |      -88.6 |     84 | dpath.a_reg.out\[14\]$_DFFE_PP_/D
     170* |       3 |      19 |       10 |      1 |    20 |    +3.5% |   -2.179 |      -89.8 |     84 | dpath.a_reg.out\[14\]$_DFFE_PP_/D
     171* |       3 |      18 |       10 |      0 |    20 |    +2.8% |   -2.161 |      -88.6 |     84 | dpath.a_reg.out\[14\]$_DFFE_PP_/D
     175* |       3 |      18 |       10 |      0 |    20 |    +2.8% |   -2.161 |      -88.6 |     84 | dpath.a_reg.out\[14\]$_DFFE_PP_/D
     179* |       3 |      18 |       10 |      0 |    20 |    +2.8% |   -2.161 |      -88.6 |     84 | dpath.a_reg.out\[14\]$_DFFE_PP_/D
     180* |       3 |      18 |       10 |      0 |    20 |    +2.8% |   -2.161 |      -88.6 |     84 | dpath.a_reg.out\[14\]$_DFFE_PP_/D
     190* |       6 |      22 |       12 |      0 |    21 |    +2.9% |   -2.161 |      -88.4 |     84 | dpath.a_reg.out\[14\]$_DFFE_PP_/D
     192* |       6 |      21 |       11 |      0 |    21 |    +2.6% |   -2.161 |      -88.1 |     84 | dpath.a_reg.out\[14\]$_DFFE_PP_/D
     200* |       7 |      24 |       11 |      0 |    24 |    +2.8% |   -2.161 |      -88.2 |     84 | dpath.a_reg.out\[14\]$_DFFE_PP_/D
     200* |       7 |      24 |       11 |      0 |    24 |    +2.8% |   -2.161 |      -88.2 |     84 | dpath.a_reg.out\[14\]$_DFFE_PP_/D
     210* |       7 |      29 |       13 |      0 |    26 |    +3.8% |   -2.179 |      -89.3 |     84 | dpath.a_reg.out\[14\]$_DFFE_PP_/D
     213* |       7 |      24 |       11 |      0 |    24 |    +2.8% |   -2.161 |      -88.2 |     84 | dpath.a_reg.out\[14\]$_DFFE_PP_/D
     216* |       7 |      24 |       11 |      0 |    24 |    +2.8% |   -2.161 |      -88.2 |     84 | dpath.a_reg.out\[14\]$_DFFE_PP_/D
     220* |       7 |      26 |       11 |      0 |    25 |    +3.0% |   -2.179 |      -89.0 |     84 | dpath.a_reg.out\[14\]$_DFFE_PP_/D
     225* |       7 |      24 |       11 |      0 |    24 |    +2.8% |   -2.161 |      -88.2 |     84 | dpath.a_reg.out\[14\]$_DFFE_PP_/D
     230* |       7 |      26 |       12 |      0 |    25 |    +3.2% |   -2.161 |      -88.4 |     84 | dpath.a_reg.out\[14\]$_DFFE_PP_/D
     236* |       7 |      24 |       11 |      0 |    24 |    +2.8% |   -2.161 |      -88.2 |     84 | dpath.a_reg.out\[14\]$_DFFE_PP_/D
     240* |       7 |      26 |       12 |      0 |    24 |    +3.2% |   -2.179 |      -89.2 |     84 | dpath.a_reg.out\[14\]$_DFFE_PP_/D
     248* |       7 |      24 |       11 |      0 |    24 |    +2.8% |   -2.161 |      -88.2 |     84 | dpath.a_reg.out\[14\]$_DFFE_PP_/D
     250* |       7 |      25 |       11 |      0 |    24 |    +2.9% |   -2.163 |      -88.2 |     84 | dpath.a_reg.out\[14\]$_DFFE_PP_/D
     260* |       7 |      29 |       16 |      0 |    25 |    +4.0% |   -2.161 |      -88.8 |     84 | dpath.a_reg.out\[14\]$_DFFE_PP_/D
     270* |       7 |      35 |       20 |      0 |    25 |    +5.2% |   -2.161 |      -89.1 |     84 | dpath.a_reg.out\[14\]$_DFFE_PP_/D
     273* |       7 |      24 |       11 |      0 |    24 |    +2.8% |   -2.161 |      -88.2 |     84 | dpath.a_reg.out\[14\]$_DFFE_PP_/D
     279* |       8 |      24 |       12 |      0 |    26 |    +2.7% |   -2.161 |      -88.1 |     84 | dpath.a_reg.out\[14\]$_DFFE_PP_/D
     280* |       8 |      24 |       12 |      0 |    26 |    +2.7% |   -2.161 |      -88.1 |     84 | dpath.a_reg.out\[14\]$_DFFE_PP_/D
     285* |       8 |      24 |       12 |      0 |    26 |    +2.7% |   -2.161 |      -88.1 |     84 | dpath.a_reg.out\[14\]$_DFFE_PP_/D
     290* |       9 |      24 |       13 |      0 |    28 |    +2.7% |   -2.161 |      -87.9 |     84 | dpath.a_reg.out\[14\]$_DFFE_PP_/D
     300* |       9 |      29 |       18 |      0 |    28 |    +3.9% |   -2.161 |      -88.9 |     84 | dpath.a_reg.out\[14\]$_DFFE_PP_/D
     307* |       9 |      24 |       13 |      0 |    28 |    +2.7% |   -2.161 |      -87.9 |     84 | dpath.a_reg.out\[14\]$_DFFE_PP_/D
     310* |       9 |      25 |       14 |      0 |    28 |    +2.9% |   -2.161 |      -88.1 |     84 | dpath.a_reg.out\[14\]$_DFFE_PP_/D
     320* |       9 |      29 |       18 |      0 |    30 |    +3.9% |   -2.161 |      -89.0 |     84 | dpath.a_reg.out\[14\]$_DFFE_PP_/D
     324* |       9 |      24 |       13 |      0 |    28 |    +2.7% |   -2.161 |      -87.9 |     84 | dpath.a_reg.out\[14\]$_DFFE_PP_/D
     329* |      10 |      25 |       14 |      0 |    29 |    +2.7% |   -2.161 |      -87.9 |     84 | dpath.a_reg.out\[14\]$_DFFE_PP_/D
     330* |      10 |      25 |       14 |      0 |    29 |    +2.7% |   -2.161 |      -87.9 |     84 | dpath.a_reg.out\[14\]$_DFFE_PP_/D
     332* |      10 |      25 |       14 |      0 |    30 |    +2.7% |   -2.161 |      -87.9 |     84 | dpath.a_reg.out\[14\]$_DFFE_PP_/D
     338* |      11 |      26 |       15 |      0 |    32 |    +2.7% |   -2.161 |      -87.8 |     84 | dpath.a_reg.out\[14\]$_DFFE_PP_/D
     340* |      11 |      27 |       15 |      0 |    32 |    +2.7% |   -2.161 |      -87.8 |     84 | dpath.a_reg.out\[14\]$_DFFE_PP_/D
     342* |      11 |      27 |       15 |      0 |    32 |    +2.7% |   -2.161 |      -87.8 |     84 | dpath.a_reg.out\[14\]$_DFFE_PP_/D
     347* |      13 |      28 |       17 |      0 |    32 |    +2.3% |   -2.161 |      -87.4 |     84 | dpath.a_reg.out\[14\]$_DFFE_PP_/D
     348* |      13 |      28 |       17 |      0 |    32 |    +2.3% |   -2.161 |      -87.4 |     84 | dpath.a_reg.out\[14\]$_DFFE_PP_/D
     349* |      13 |      28 |       17 |      0 |    32 |    +2.3% |   -2.161 |      -87.4 |     84 | dpath.a_reg.out\[14\]$_DFFE_PP_/D
     350* |      13 |      28 |       17 |      0 |    32 |    +2.3% |   -2.161 |      -87.4 |     84 | dpath.a_reg.out\[14\]$_DFFE_PP_/D
     350* |      13 |      28 |       17 |      0 |    32 |    +2.3% |   -2.161 |      -87.4 |     84 | dpath.a_reg.out\[14\]$_DFFE_PP_/D
     353* |      13 |      28 |       17 |      0 |    33 |    +2.3% |   -2.161 |      -87.1 |     84 | dpath.a_reg.out\[14\]$_DFFE_PP_/D
     355* |      13 |      29 |       17 |      0 |    33 |    +2.4% |   -2.161 |      -87.0 |     84 | dpath.a_reg.out\[14\]$_DFFE_PP_/D
     359* |      14 |      31 |       17 |      0 |    33 |    +2.3% |   -2.161 |      -86.9 |     84 | dpath.a_reg.out\[14\]$_DFFE_PP_/D
     360* |      14 |      31 |       17 |      0 |    33 |    +2.3% |   -2.161 |      -86.9 |     84 | dpath.a_reg.out\[14\]$_DFFE_PP_/D
     360* |      14 |      31 |       17 |      0 |    33 |    +2.3% |   -2.161 |      -86.9 |     84 | dpath.a_reg.out\[14\]$_DFFE_PP_/D
     361* |      14 |      31 |       17 |      0 |    33 |    +2.3% |   -2.161 |      -86.9 |     84 | dpath.a_reg.out\[14\]$_DFFE_PP_/D
     362* |      14 |      31 |       17 |      0 |    33 |    +2.3% |   -2.161 |      -86.9 |     84 | dpath.a_reg.out\[14\]$_DFFE_PP_/D
     363* |      14 |      31 |       17 |      0 |    33 |    +2.3% |   -2.161 |      -86.9 |     84 | dpath.a_reg.out\[14\]$_DFFE_PP_/D
     364* |      14 |      31 |       17 |      0 |    33 |    +2.3% |   -2.161 |      -86.9 |     84 | dpath.a_reg.out\[14\]$_DFFE_PP_/D
     365* |      14 |      31 |       17 |      0 |    33 |    +2.3% |   -2.161 |      -86.9 |     84 | dpath.a_reg.out\[14\]$_DFFE_PP_/D
     366* |      14 |      31 |       17 |      0 |    33 |    +2.3% |   -2.161 |      -86.9 |     84 | dpath.a_reg.out\[14\]$_DFFE_PP_/D
     367* |      14 |      31 |       17 |      0 |    33 |    +2.3% |   -2.161 |      -86.9 |     84 | dpath.a_reg.out\[14\]$_DFFE_PP_/D
     368* |      14 |      31 |       17 |      0 |    33 |    +2.3% |   -2.161 |      -86.9 |     84 | dpath.a_reg.out\[14\]$_DFFE_PP_/D
     369* |      14 |      31 |       17 |      0 |    33 |    +2.3% |   -2.161 |      -86.9 |     84 | dpath.a_reg.out\[14\]$_DFFE_PP_/D
     370* |      14 |      31 |       17 |      0 |    33 |    +2.3% |   -2.161 |      -86.9 |     84 | dpath.a_reg.out\[14\]$_DFFE_PP_/D
     370* |      14 |      31 |       17 |      0 |    33 |    +2.3% |   -2.161 |      -86.9 |     84 | dpath.a_reg.out\[14\]$_DFFE_PP_/D
     371* |      14 |      31 |       17 |      0 |    33 |    +2.3% |   -2.161 |      -86.9 |     84 | dpath.a_reg.out\[14\]$_DFFE_PP_/D
     372* |      14 |      31 |       17 |      0 |    33 |    +2.3% |   -2.161 |      -86.9 |     84 | dpath.a_reg.out\[14\]$_DFFE_PP_/D
     373* |      14 |      31 |       17 |      0 |    33 |    +2.3% |   -2.161 |      -86.9 |     84 | dpath.a_reg.out\[14\]$_DFFE_PP_/D
     374* |      14 |      31 |       17 |      0 |    33 |    +2.3% |   -2.161 |      -86.9 |     84 | dpath.a_reg.out\[14\]$_DFFE_PP_/D
     375* |      14 |      31 |       17 |      0 |    33 |    +2.3% |   -2.161 |      -86.9 |     84 | dpath.a_reg.out\[14\]$_DFFE_PP_/D
     376* |      14 |      31 |       17 |      0 |    33 |    +2.3% |   -2.161 |      -86.9 |     84 | dpath.a_reg.out\[14\]$_DFFE_PP_/D
     377* |      14 |      31 |       17 |      0 |    33 |    +2.3% |   -2.161 |      -86.9 |     84 | dpath.a_reg.out\[14\]$_DFFE_PP_/D
     378* |      14 |      31 |       17 |      0 |    33 |    +2.3% |   -2.161 |      -86.9 |     84 | dpath.a_reg.out\[14\]$_DFFE_PP_/D
     379* |      14 |      31 |       17 |      0 |    33 |    +2.3% |   -2.161 |      -86.9 |     84 | dpath.a_reg.out\[14\]$_DFFE_PP_/D
     380* |      14 |      31 |       17 |      0 |    33 |    +2.3% |   -2.161 |      -86.9 |     84 | dpath.a_reg.out\[14\]$_DFFE_PP_/D
     381* |      14 |      31 |       17 |      0 |    33 |    +2.3% |   -2.161 |      -86.9 |     84 | dpath.a_reg.out\[14\]$_DFFE_PP_/D
     382* |      14 |      31 |       17 |      0 |    33 |    +2.3% |   -2.161 |      -86.9 |     84 | dpath.a_reg.out\[14\]$_DFFE_PP_/D
     383* |      14 |      31 |       17 |      0 |    33 |    +2.3% |   -2.161 |      -86.9 |     84 | dpath.a_reg.out\[14\]$_DFFE_PP_/D
     384* |      14 |      31 |       17 |      0 |    33 |    +2.3% |   -2.161 |      -86.9 |     84 | dpath.a_reg.out\[14\]$_DFFE_PP_/D
     385* |      14 |      31 |       17 |      0 |    33 |    +2.3% |   -2.161 |      -86.9 |     84 | dpath.a_reg.out\[14\]$_DFFE_PP_/D
     389* |      14 |      32 |       17 |      0 |    33 |    +2.3% |   -2.161 |      -86.9 |     84 | dpath.a_reg.out\[14\]$_DFFE_PP_/D
     390* |      14 |      32 |       17 |      0 |    33 |    +2.3% |   -2.161 |      -86.9 |     84 | dpath.a_reg.out\[14\]$_DFFE_PP_/D
     392* |      14 |      34 |       17 |      0 |    33 |    +2.5% |   -2.161 |      -86.9 |     84 | dpath.a_reg.out\[14\]$_DFFE_PP_/D
     392* |      14 |      34 |       17 |      0 |    33 |    +2.5% |   -2.161 |      -86.9 |     84 | dpath.a_reg.out\[14\]$_DFFE_PP_/D
     393+ |      14 |      34 |       17 |      0 |    33 |    +2.5% |   -2.161 |      -86.9 |     80 | dpath.a_reg.out\[14\]$_DFFE_PP_/D
     394+ |      14 |      34 |       17 |      0 |    33 |    +2.5% |   -2.161 |      -86.9 |     80 | dpath.a_reg.out\[14\]$_DFFE_PP_/D
     395+ |      14 |      34 |       17 |      0 |    33 |    +2.5% |   -2.161 |      -86.9 |     80 | dpath.a_reg.out\[14\]$_DFFE_PP_/D
     396+ |      14 |      34 |       17 |      0 |    33 |    +2.5% |   -2.161 |      -86.9 |     80 | dpath.a_reg.out\[14\]$_DFFE_PP_/D
     397+ |      14 |      34 |       17 |      0 |    33 |    +2.5% |   -2.161 |      -86.9 |     80 | dpath.a_reg.out\[14\]$_DFFE_PP_/D
     398+ |      14 |      34 |       17 |      0 |    33 |    +2.5% |   -2.161 |      -86.9 |     80 | dpath.a_reg.out\[14\]$_DFFE_PP_/D
     399+ |      14 |      34 |       17 |      0 |    33 |    +2.5% |   -2.161 |      -86.9 |     80 | dpath.a_reg.out\[14\]$_DFFE_PP_/D
     400+ |      14 |      34 |       17 |      0 |    33 |    +2.5% |   -2.161 |      -86.9 |     80 | dpath.a_reg.out\[14\]$_DFFE_PP_/D
     400+ |      14 |      34 |       17 |      0 |    33 |    +2.5% |   -2.161 |      -86.9 |     80 | dpath.a_reg.out\[14\]$_DFFE_PP_/D
     401+ |      14 |      34 |       17 |      0 |    33 |    +2.5% |   -2.161 |      -86.9 |     80 | dpath.a_reg.out\[14\]$_DFFE_PP_/D
     402+ |      14 |      34 |       17 |      0 |    33 |    +2.5% |   -2.161 |      -86.9 |     80 | dpath.a_reg.out\[14\]$_DFFE_PP_/D
     404+ |      14 |      35 |       17 |      0 |    33 |    +2.5% |   -2.161 |      -86.9 |     80 | dpath.a_reg.out\[14\]$_DFFE_PP_/D
     405+ |      14 |      35 |       17 |      0 |    33 |    +2.5% |   -2.161 |      -86.9 |     80 | dpath.a_reg.out\[14\]$_DFFE_PP_/D
     406+ |      14 |      35 |       17 |      0 |    33 |    +2.5% |   -2.161 |      -86.9 |     80 | dpath.a_reg.out\[14\]$_DFFE_PP_/D
     407+ |      14 |      35 |       17 |      0 |    33 |    +2.5% |   -2.161 |      -86.9 |     80 | dpath.a_reg.out\[14\]$_DFFE_PP_/D
     408+ |      14 |      35 |       17 |      0 |    33 |    +2.5% |   -2.161 |      -86.9 |     80 | dpath.a_reg.out\[14\]$_DFFE_PP_/D
     409+ |      14 |      35 |       17 |      0 |    33 |    +2.5% |   -2.161 |      -86.9 |     80 | dpath.a_reg.out\[14\]$_DFFE_PP_/D
     410+ |      14 |      35 |       17 |      0 |    33 |    +2.5% |   -2.161 |      -86.9 |     80 | dpath.a_reg.out\[14\]$_DFFE_PP_/D
     410+ |      14 |      35 |       17 |      0 |    33 |    +2.5% |   -2.161 |      -86.9 |     80 | dpath.a_reg.out\[14\]$_DFFE_PP_/D
     411+ |      14 |      35 |       17 |      0 |    33 |    +2.5% |   -2.161 |      -86.9 |     80 | dpath.a_reg.out\[14\]$_DFFE_PP_/D
     412+ |      14 |      35 |       17 |      0 |    33 |    +2.5% |   -2.161 |      -86.9 |     80 | dpath.a_reg.out\[14\]$_DFFE_PP_/D
     413+ |      14 |      35 |       17 |      0 |    33 |    +2.5% |   -2.161 |      -86.9 |     80 | dpath.a_reg.out\[14\]$_DFFE_PP_/D
     414+ |      14 |      35 |       17 |      0 |    33 |    +2.5% |   -2.161 |      -86.9 |     80 | dpath.a_reg.out\[14\]$_DFFE_PP_/D
     415+ |      14 |      35 |       17 |      0 |    33 |    +2.5% |   -2.161 |      -86.9 |     80 | dpath.a_reg.out\[14\]$_DFFE_PP_/D
     416+ |      14 |      35 |       17 |      0 |    33 |    +2.5% |   -2.161 |      -86.9 |     80 | dpath.a_reg.out\[14\]$_DFFE_PP_/D
     417+ |      14 |      35 |       17 |      0 |    33 |    +2.5% |   -2.161 |      -86.9 |     80 | dpath.a_reg.out\[14\]$_DFFE_PP_/D
     418+ |      14 |      35 |       17 |      0 |    33 |    +2.5% |   -2.161 |      -86.9 |     80 | dpath.a_reg.out\[14\]$_DFFE_PP_/D
     419+ |      14 |      35 |       17 |      0 |    33 |    +2.5% |   -2.161 |      -86.9 |     80 | dpath.a_reg.out\[14\]$_DFFE_PP_/D
     420+ |      14 |      35 |       17 |      0 |    33 |    +2.5% |   -2.161 |      -86.9 |     80 | dpath.a_reg.out\[14\]$_DFFE_PP_/D
     420+ |      14 |      35 |       17 |      0 |    33 |    +2.5% |   -2.161 |      -86.9 |     80 | dpath.a_reg.out\[14\]$_DFFE_PP_/D
     421+ |      14 |      35 |       17 |      0 |    33 |    +2.5% |   -2.161 |      -86.9 |     80 | dpath.a_reg.out\[14\]$_DFFE_PP_/D
     422+ |      14 |      35 |       17 |      0 |    33 |    +2.5% |   -2.161 |      -86.9 |     80 | dpath.a_reg.out\[14\]$_DFFE_PP_/D
     423+ |      14 |      35 |       17 |      0 |    33 |    +2.5% |   -2.161 |      -86.9 |     80 | dpath.a_reg.out\[14\]$_DFFE_PP_/D
     424+ |      14 |      35 |       17 |      0 |    33 |    +2.5% |   -2.161 |      -86.9 |     80 | dpath.a_reg.out\[14\]$_DFFE_PP_/D
     425+ |      14 |      35 |       17 |      0 |    33 |    +2.5% |   -2.161 |      -86.9 |     80 | dpath.a_reg.out\[14\]$_DFFE_PP_/D
     427+ |      14 |      36 |       17 |      0 |    33 |    +2.6% |   -2.161 |      -86.9 |     80 | dpath.a_reg.out\[14\]$_DFFE_PP_/D
     428+ |      14 |      36 |       17 |      0 |    33 |    +2.6% |   -2.161 |      -86.9 |     80 | dpath.a_reg.out\[14\]$_DFFE_PP_/D
     429+ |      14 |      36 |       17 |      0 |    33 |    +2.6% |   -2.161 |      -86.9 |     80 | dpath.a_reg.out\[14\]$_DFFE_PP_/D
     430+ |      14 |      36 |       17 |      0 |    33 |    +2.6% |   -2.161 |      -86.9 |     80 | dpath.a_reg.out\[14\]$_DFFE_PP_/D
     430+ |      14 |      36 |       17 |      0 |    33 |    +2.6% |   -2.161 |      -86.9 |     80 | dpath.a_reg.out\[14\]$_DFFE_PP_/D
     431+ |      14 |      36 |       17 |      0 |    33 |    +2.6% |   -2.161 |      -86.9 |     80 | dpath.a_reg.out\[14\]$_DFFE_PP_/D
     432+ |      14 |      36 |       17 |      0 |    33 |    +2.6% |   -2.161 |      -86.9 |     80 | dpath.a_reg.out\[14\]$_DFFE_PP_/D
     433+ |      14 |      36 |       17 |      0 |    33 |    +2.6% |   -2.161 |      -86.9 |     80 | dpath.a_reg.out\[14\]$_DFFE_PP_/D
     434+ |      14 |      36 |       17 |      0 |    33 |    +2.6% |   -2.161 |      -86.9 |     80 | dpath.a_reg.out\[14\]$_DFFE_PP_/D
     435+ |      14 |      36 |       17 |      0 |    33 |    +2.6% |   -2.161 |      -86.9 |     80 | dpath.a_reg.out\[14\]$_DFFE_PP_/D
     436+ |      14 |      36 |       17 |      0 |    33 |    +2.6% |   -2.161 |      -86.9 |     80 | dpath.a_reg.out\[14\]$_DFFE_PP_/D
     437+ |      14 |      36 |       17 |      0 |    33 |    +2.6% |   -2.161 |      -86.9 |     80 | dpath.a_reg.out\[14\]$_DFFE_PP_/D
     438+ |      14 |      36 |       17 |      0 |    33 |    +2.6% |   -2.161 |      -86.9 |     80 | dpath.a_reg.out\[14\]$_DFFE_PP_/D
     439+ |      14 |      36 |       17 |      0 |    33 |    +2.6% |   -2.161 |      -86.9 |     80 | dpath.a_reg.out\[14\]$_DFFE_PP_/D
     440+ |      14 |      36 |       17 |      0 |    33 |    +2.6% |   -2.161 |      -86.9 |     80 | dpath.a_reg.out\[14\]$_DFFE_PP_/D
     440+ |      14 |      36 |       17 |      0 |    33 |    +2.6% |   -2.161 |      -86.9 |     80 | dpath.a_reg.out\[14\]$_DFFE_PP_/D
     441+ |      14 |      36 |       17 |      0 |    33 |    +2.6% |   -2.161 |      -86.9 |     80 | dpath.a_reg.out\[14\]$_DFFE_PP_/D
     442+ |      14 |      36 |       17 |      0 |    33 |    +2.6% |   -2.161 |      -86.9 |     80 | dpath.a_reg.out\[14\]$_DFFE_PP_/D
     443+ |      14 |      36 |       17 |      0 |    33 |    +2.6% |   -2.161 |      -86.9 |     80 | dpath.a_reg.out\[14\]$_DFFE_PP_/D
     444+ |      14 |      36 |       17 |      0 |    33 |    +2.6% |   -2.161 |      -86.9 |     80 | dpath.a_reg.out\[14\]$_DFFE_PP_/D
     445+ |      14 |      36 |       17 |      0 |    33 |    +2.6% |   -2.161 |      -86.9 |     80 | dpath.a_reg.out\[14\]$_DFFE_PP_/D
     446+ |      14 |      36 |       17 |      0 |    33 |    +2.6% |   -2.161 |      -86.9 |     80 | dpath.a_reg.out\[14\]$_DFFE_PP_/D
     447+ |      14 |      36 |       17 |      0 |    33 |    +2.6% |   -2.161 |      -86.9 |     80 | dpath.a_reg.out\[14\]$_DFFE_PP_/D
     448+ |      14 |      36 |       17 |      0 |    33 |    +2.6% |   -2.161 |      -86.9 |     80 | dpath.a_reg.out\[14\]$_DFFE_PP_/D
     449+ |      14 |      36 |       17 |      0 |    33 |    +2.6% |   -2.161 |      -86.9 |     80 | dpath.a_reg.out\[14\]$_DFFE_PP_/D
     450+ |      14 |      36 |       17 |      0 |    33 |    +2.6% |   -2.161 |      -86.9 |     80 | dpath.a_reg.out\[14\]$_DFFE_PP_/D
     450+ |      14 |      36 |       17 |      0 |    33 |    +2.6% |   -2.161 |      -86.9 |     80 | dpath.a_reg.out\[14\]$_DFFE_PP_/D
     451+ |      14 |      36 |       17 |      0 |    33 |    +2.6% |   -2.161 |      -86.9 |     80 | dpath.a_reg.out\[14\]$_DFFE_PP_/D
     452+ |      14 |      36 |       17 |      0 |    33 |    +2.6% |   -2.161 |      -86.9 |     80 | dpath.a_reg.out\[14\]$_DFFE_PP_/D
     453+ |      14 |      36 |       17 |      0 |    33 |    +2.6% |   -2.161 |      -86.9 |     80 | dpath.a_reg.out\[14\]$_DFFE_PP_/D
     454+ |      14 |      36 |       17 |      0 |    33 |    +2.6% |   -2.161 |      -86.9 |     80 | dpath.a_reg.out\[14\]$_DFFE_PP_/D
     455+ |      14 |      36 |       17 |      0 |    33 |    +2.6% |   -2.161 |      -86.9 |     80 | dpath.a_reg.out\[14\]$_DFFE_PP_/D
     456+ |      14 |      36 |       17 |      0 |    33 |    +2.6% |   -2.161 |      -86.9 |     80 | dpath.a_reg.out\[14\]$_DFFE_PP_/D
     457+ |      14 |      36 |       17 |      0 |    33 |    +2.6% |   -2.161 |      -86.9 |     80 | dpath.a_reg.out\[14\]$_DFFE_PP_/D
     458+ |      14 |      36 |       17 |      0 |    33 |    +2.6% |   -2.161 |      -86.9 |     80 | dpath.a_reg.out\[14\]$_DFFE_PP_/D
     459+ |      14 |      36 |       17 |      0 |    33 |    +2.6% |   -2.161 |      -86.9 |     80 | dpath.a_reg.out\[14\]$_DFFE_PP_/D
     460+ |      14 |      36 |       17 |      0 |    33 |    +2.6% |   -2.161 |      -86.9 |     80 | dpath.a_reg.out\[14\]$_DFFE_PP_/D
     460+ |      14 |      36 |       17 |      0 |    33 |    +2.6% |   -2.161 |      -86.9 |     80 | dpath.a_reg.out\[14\]$_DFFE_PP_/D
     461+ |      14 |      36 |       17 |      0 |    33 |    +2.6% |   -2.161 |      -86.9 |     80 | dpath.a_reg.out\[14\]$_DFFE_PP_/D
     462+ |      14 |      36 |       17 |      0 |    33 |    +2.6% |   -2.161 |      -86.9 |     80 | dpath.a_reg.out\[14\]$_DFFE_PP_/D
     463+ |      14 |      36 |       17 |      0 |    33 |    +2.6% |   -2.161 |      -86.9 |     80 | dpath.a_reg.out\[14\]$_DFFE_PP_/D
     464+ |      14 |      36 |       17 |      0 |    33 |    +2.6% |   -2.161 |      -86.9 |     80 | dpath.a_reg.out\[14\]$_DFFE_PP_/D
     465+ |      14 |      36 |       17 |      0 |    33 |    +2.6% |   -2.161 |      -86.9 |     80 | dpath.a_reg.out\[14\]$_DFFE_PP_/D
     466+ |      14 |      36 |       17 |      0 |    33 |    +2.6% |   -2.161 |      -86.9 |     80 | dpath.a_reg.out\[14\]$_DFFE_PP_/D
     467+ |      14 |      36 |       17 |      0 |    33 |    +2.6% |   -2.161 |      -86.9 |     80 | dpath.a_reg.out\[14\]$_DFFE_PP_/D
     468+ |      14 |      36 |       17 |      0 |    33 |    +2.6% |   -2.161 |      -86.9 |     80 | dpath.a_reg.out\[14\]$_DFFE_PP_/D
     469+ |      14 |      36 |       17 |      0 |    33 |    +2.6% |   -2.161 |      -86.9 |     80 | dpath.a_reg.out\[14\]$_DFFE_PP_/D
     470+ |      14 |      36 |       17 |      0 |    33 |    +2.6% |   -2.161 |      -86.9 |     80 | dpath.a_reg.out\[14\]$_DFFE_PP_/D
     470+ |      14 |      36 |       17 |      0 |    33 |    +2.6% |   -2.161 |      -86.9 |     80 | dpath.a_reg.out\[14\]$_DFFE_PP_/D
     471+ |      14 |      36 |       17 |      0 |    33 |    +2.6% |   -2.161 |      -86.9 |     80 | dpath.a_reg.out\[14\]$_DFFE_PP_/D
     472+ |      14 |      36 |       17 |      0 |    33 |    +2.6% |   -2.161 |      -86.9 |     80 | dpath.a_reg.out\[14\]$_DFFE_PP_/D
     473+ |      14 |      36 |       17 |      0 |    33 |    +2.6% |   -2.161 |      -86.9 |     80 | dpath.a_reg.out\[14\]$_DFFE_PP_/D
     474+ |      14 |      36 |       17 |      0 |    33 |    +2.6% |   -2.161 |      -86.9 |     80 | dpath.a_reg.out\[14\]$_DFFE_PP_/D
    final |      14 |      36 |       17 |      0 |    33 |    +2.6% |   -2.161 |      -86.9 |     80 | dpath.a_reg.out\[14\]$_DFFE_PP_/D
------------------------------------------------------------------------------------------------------------------------------
[INFO RSZ-0059] Removed 14 buffers.
[INFO RSZ-0040] Inserted 17 buffers.
[INFO RSZ-0051] Resized 36 instances: 36 up, 0 up match, 0 down, 0 VT
[INFO RSZ-0043] Swapped pins on 33 instances.
[WARNING RSZ-0062] Unable to repair all setup violations.
[INFO RSZ-0505] Runtime: 29.05s
[INFO RSZ-0033] No hold violations found.
[INFO RSZ-0506] Runtime: 0.00s
Took 29 seconds: repair_timing -setup_margin 0 -hold_margin 0 -repair_tns 100 -verbose
global_route -start_incremental
detailed_placement
[INFO DPL-0006] Core area: 6313.56 um^2
[INFO DPL-0007] Movable instances area: 4536.85 um^2
[INFO DPL-0008] Fixed instances area within core: 96.34 um^2
[INFO DPL-0009] Utilization: 73.4%
[INFO DPL-0005] Diamond search max displacement: +/- 500 sites horizontally, +/- 100 rows vertically.
[INFO DPL-1102] Legalizing using negotiation legalizer.
[INFO DPL-1103] Negotiation base search window: +/-20 sites horizontally, +/-5 rows vertically 
	Automatic search window extension enabled.
	Search window extendable up to the max displacement cap of +/-500 sites, +/-100 rows near walls.
[INFO DPL-1104] NegotiationLegalizer DRC penalty: 5.
[INFO DPL-0392] Negotiation cell height distribution (1 unique row-count(s)):
[INFO DPL-0393]   height 1 row(s): 505 cells
          |      Total |  Illegal |  Illegal
Iteration | Violations |    Cells |    Sites
---------------------------------------------
        0 |        239 |        45 |       194
        1 |        139 |        27 |       112
        2 |         77 |        15 |        62
        3 |         16 |         4 |        12
        4 |         36 |         6 |        30
        5 |          0 |         0 |         0
Negotiation phase 1 converged at iteration 5.
[INFO DPL-0500] Runtime: 0.02s
Detailed Placement Analysis
---------------------------------
legalizer            negotiation
total moves                 514
total displacement        279.3 u
average displacement        0.6 u
max displacement           16.4 u
original HPWL            6441.1 u
legalized HPWL           6641.7 u
delta HPWL                    3 %

check_placement -verbose
global_route -end_incremental -congestion_report_file ./reports/sky130hd/gcd/base/congestion_post_repair_timing.rpt
estimate_parasitics -global_routing
global_route -start_incremental
global_route -end_incremental -congestion_report_file ./reports/sky130hd/gcd/base/congestion_post_recover_power.rpt
Repair antennas...
[INFO GRT-0012] Found 0 antenna violations.
[INFO ANT-0002] Found 0 net violations.
[INFO ANT-0001] Found 0 pin violations.
Estimate parasitics...
estimate_parasitics -global_routing
Report metrics stage 5, global route...

==========================================================================
global route report_design_area
--------------------------------------------------------------------------
Design area 4633 um^2 73% utilization.
[INFO FLW-0007] clock core_clock period 1.100000
[WARNING FLW-0010] more than one clock found. Skipping sdc update.
[INFO FLW-0011] Path endpoint path count 88
write_db ./results/sky130hd/gcd/base/5_1_grt.odb
write_sdc -no_timestamp ./results/sky130hd/gcd/base/5_1_grt.sdc
Elapsed time: 0:56.35[h:]min:sec. CPU time: user 77.88 sys 0.82 (139%). Peak memory: 255388KB.
Log                    Ext     Elapsed      CPU     CPU/ Peak Mem sha1sum
                                     s        s  Elapsed       MB [0:10)
5_1_grt                .odb         56       79     1.40      249 f9bb2320e5
5_1_grt                .sdc                                       a71291c5b4
