OpenROAD unknown 
Features included (+) or not (-): -GPU +GUI -Python
This program is licensed under the BSD-3 license. See the LICENSE file for details.
Components of this program may be licensed under more restrictive licenses which must be honored.
[INFO ORD-0030] Using 2 thread(s).
read_liberty /OpenROAD-flow-scripts/flow/platforms/sky130hd/lib/sky130_fd_sc_hd__tt_025C_1v80.lib
read_db -hier ./results/sky130hd/gcd/base/5_1_grt.odb
[WARNING ORD-0012] Hierarchical flow (-hier) is currently in development and may cause multiple issues. Do not use in production environments.
read_sdc ./results/sky130hd/gcd/base/5_1_grt.sdc
source /OpenROAD-flow-scripts/flow/platforms/sky130hd/setRC.tcl
[WARNING STA-0450] virtual clock vclk_core_clock can not be propagated.
detailed_route -output_drc ./reports/sky130hd/gcd/base/5_route_drc.rpt -output_maze ./results/sky130hd/gcd/base/maze.log -droute_end_iter 64 -verbose 1 -drc_report_iter_step 5
[INFO DRT-0149] Reading tech and libs.
[WARNING DRT-0349] LEF58_ENCLOSURE with no CUTCLASS is not supported. Skipping for layer mcon
[WARNING DRT-0349] LEF58_ENCLOSURE with no CUTCLASS is not supported. Skipping for layer mcon
[WARNING DRT-0349] LEF58_ENCLOSURE with no CUTCLASS is not supported. Skipping for layer via
[WARNING DRT-0349] LEF58_ENCLOSURE with no CUTCLASS is not supported. Skipping for layer via
[WARNING DRT-0349] LEF58_ENCLOSURE with no CUTCLASS is not supported. Skipping for layer via2
[WARNING DRT-0349] LEF58_ENCLOSURE with no CUTCLASS is not supported. Skipping for layer via2
[WARNING DRT-0349] LEF58_ENCLOSURE with no CUTCLASS is not supported. Skipping for layer via3
[WARNING DRT-0349] LEF58_ENCLOSURE with no CUTCLASS is not supported. Skipping for layer via3
[WARNING DRT-0349] LEF58_ENCLOSURE with no CUTCLASS is not supported. Skipping for layer via4
[WARNING DRT-0349] LEF58_ENCLOSURE with no CUTCLASS is not supported. Skipping for layer via4

Units:                1000
Number of layers:     13
Number of macros:     441
Number of vias:       29
Number of viarulegen: 25

[INFO DRT-0150] Reading design.

Design:                   gcd
Die area:                 ( 0 0 ) ( 82825 82825 )
Number of track patterns: 12
Number of DEF vias:       0
Number of components:     505
Number of terminals:      56
Number of snets:          2
Number of nets:           461

[INFO DRT-0167] List of default vias:
  Layer via
    default via: M1M2_PR
  Layer via2
    default via: M2M3_PR
  Layer via3
    default via: M3M4_PR
  Layer via4
    default via: M4M5_PR
[INFO DRT-0162] Library cell analysis.
[INFO DRT-0163] Instance analysis.
[INFO DRT-0164] Number of unique instances = 112.
[INFO DRT-0168] Init region query.
[INFO DRT-0024]   Complete FR_MASTERSLICE.
[INFO DRT-0024]   Complete Fr_VIA.
[INFO DRT-0024]   Complete li1.
[INFO DRT-0024]   Complete mcon.
[INFO DRT-0024]   Complete met1.
[INFO DRT-0024]   Complete via.
[INFO DRT-0024]   Complete met2.
[INFO DRT-0024]   Complete via2.
[INFO DRT-0024]   Complete met3.
[INFO DRT-0024]   Complete via3.
[INFO DRT-0024]   Complete met4.
[INFO DRT-0024]   Complete via4.
[INFO DRT-0024]   Complete met5.
[INFO DRT-0033] FR_MASTERSLICE shape region query size = 0.
[INFO DRT-0033] FR_VIA shape region query size = 0.
[INFO DRT-0033] li1 shape region query size = 12274.
[INFO DRT-0033] mcon shape region query size = 7776.
[INFO DRT-0033] met1 shape region query size = 1652.
[INFO DRT-0033] via shape region query size = 375.
[INFO DRT-0033] met2 shape region query size = 252.
[INFO DRT-0033] via2 shape region query size = 300.
[INFO DRT-0033] met3 shape region query size = 252.
[INFO DRT-0033] via3 shape region query size = 300.
[INFO DRT-0033] met4 shape region query size = 93.
[INFO DRT-0033] via4 shape region query size = 13.
[INFO DRT-0033] met5 shape region query size = 23.
[INFO DRT-0165] Start pin access.
[INFO DRT-0078]   Complete 833 pins.
[INFO DRT-0079]   Complete 100 unique inst patterns.
[INFO DRT-0081]   Complete 112 unique inst patterns.
[INFO DRT-0084]   Complete 217 groups.
#scanned instances     = 505
#unique  instances     = 112
#stdCellGenAp          = 3066
#stdCellValidPlanarAp  = 21
#stdCellValidViaAp     = 2253
#stdCellPinNoAp        = 0
#stdCellPinCnt         = 1245
#instTermValidViaApCnt = 0
#macroGenAp            = 0
#macroValidPlanarAp    = 0
#macroValidViaAp       = 0
#macroNoAp             = 0
[INFO DRT-0166] Complete pin access.
[INFO DRT-0267] cpu time = 00:00:41, elapsed time = 00:00:23, memory = 205.57 (MB), peak = 205.25 (MB)

[INFO DRT-0157] Number of guides:     2926

[INFO DRT-0169] Post process guides.
[INFO DRT-0176] GCELLGRID X 0 DO 12 STEP 6900 ;
[INFO DRT-0177] GCELLGRID Y 0 DO 12 STEP 6900 ;
[INFO DRT-0028]   Complete FR_MASTERSLICE.
[INFO DRT-0028]   Complete Fr_VIA.
[INFO DRT-0028]   Complete li1.
[INFO DRT-0028]   Complete mcon.
[INFO DRT-0028]   Complete met1.
[INFO DRT-0028]   Complete via.
[INFO DRT-0028]   Complete met2.
[INFO DRT-0028]   Complete via2.
[INFO DRT-0028]   Complete met3.
[INFO DRT-0028]   Complete via3.
[INFO DRT-0028]   Complete met4.
[INFO DRT-0028]   Complete via4.
[INFO DRT-0028]   Complete met5.
[INFO DRT-0178] Init guide query.
[INFO DRT-0035]   Complete FR_MASTERSLICE (guide).
[INFO DRT-0035]   Complete Fr_VIA (guide).
[INFO DRT-0035]   Complete li1 (guide).
[INFO DRT-0035]   Complete mcon (guide).
[INFO DRT-0035]   Complete met1 (guide).
[INFO DRT-0035]   Complete via (guide).
[INFO DRT-0035]   Complete met2 (guide).
[INFO DRT-0035]   Complete via2 (guide).
[INFO DRT-0035]   Complete met3 (guide).
[INFO DRT-0035]   Complete via3 (guide).
[INFO DRT-0035]   Complete met4 (guide).
[INFO DRT-0035]   Complete via4 (guide).
[INFO DRT-0035]   Complete met5 (guide).
[INFO DRT-0036] FR_MASTERSLICE guide region query size = 0.
[INFO DRT-0036] FR_VIA guide region query size = 0.
[INFO DRT-0036] li1 guide region query size = 1041.
[INFO DRT-0036] mcon guide region query size = 0.
[INFO DRT-0036] met1 guide region query size = 855.
[INFO DRT-0036] via guide region query size = 0.
[INFO DRT-0036] met2 guide region query size = 419.
[INFO DRT-0036] via2 guide region query size = 0.
[INFO DRT-0036] met3 guide region query size = 35.
[INFO DRT-0036] via3 guide region query size = 0.
[INFO DRT-0036] met4 guide region query size = 3.
[INFO DRT-0036] via4 guide region query size = 0.
[INFO DRT-0036] met5 guide region query size = 0.
[INFO DRT-0179] Init gr pin query.
[INFO DRT-0267] cpu time = 00:00:00, elapsed time = 00:00:00, memory = 206.54 (MB), peak = 206.25 (MB)
[INFO DRT-0245] skipped writing guide updates to database.
[INFO DRT-0181] Start track assignment.
[INFO DRT-0184] Done with 1463 vertical wires in 1 frboxes and 890 horizontal wires in 1 frboxes.
[INFO DRT-0186] Done with 132 vertical wires in 1 frboxes and 263 horizontal wires in 1 frboxes.
[INFO DRT-0182] Complete track assignment.
[INFO DRT-0267] cpu time = 00:00:00, elapsed time = 00:00:00, memory = 210.69 (MB), peak = 210.50 (MB)
[INFO DRT-0187] Start routing data preparation.
[INFO DRT-0267] cpu time = 00:00:00, elapsed time = 00:00:00, memory = 210.69 (MB), peak = 210.50 (MB)
[INFO DRT-0194] Start detail routing.
[INFO DRT-0195] Start 0th optimization iteration.
    Completing 20% with 0 violations.
    elapsed time = 00:00:02, memory = 251.48 (MB).
    Completing 50% with 31 violations.
    elapsed time = 00:00:03, memory = 251.59 (MB).
    Completing 70% with 43 violations.
    elapsed time = 00:00:04, memory = 251.61 (MB).
    Completing 100% with 88 violations.
    elapsed time = 00:00:05, memory = 251.67 (MB).
[INFO DRT-0199]   Number of violations = 102.
Viol/Layer        met1    via   met2
Metal Spacing       31      0      4
Recheck             11      0      3
Short               51      1      1
[INFO DRT-0267] cpu time = 00:00:05, elapsed time = 00:00:05, memory = 252.38 (MB), peak = 529.08 (MB)
Total wire length = 7580 um.
Total wire length on LAYER li1 = 0 um.
Total wire length on LAYER met1 = 3912 um.
Total wire length on LAYER met2 = 3390 um.
Total wire length on LAYER met3 = 228 um.
Total wire length on LAYER met4 = 49 um.
Total wire length on LAYER met5 = 0 um.
Total number of vias = 2520.
Up-via summary (total 2520):

-----------------------
 FR_MASTERSLICE       0
            li1    1261
           met1    1208
           met2      45
           met3       6
           met4       0
-----------------------
               2520


[INFO DRT-0195] Start 1st optimization iteration.
    Completing 20% with 102 violations.
    elapsed time = 00:00:00, memory = 254.62 (MB).
    Completing 50% with 97 violations.
    elapsed time = 00:00:01, memory = 256.30 (MB).
    Completing 70% with 98 violations.
    elapsed time = 00:00:02, memory = 256.30 (MB).
    Completing 100% with 35 violations.
    elapsed time = 00:00:05, memory = 258.04 (MB).
[INFO DRT-0199]   Number of violations = 35.
Viol/Layer        met1   met2
Metal Spacing       14      1
Short               20      0
[INFO DRT-0267] cpu time = 00:00:05, elapsed time = 00:00:05, memory = 256.79 (MB), peak = 531.64 (MB)
Total wire length = 7481 um.
Total wire length on LAYER li1 = 0 um.
Total wire length on LAYER met1 = 3875 um.
Total wire length on LAYER met2 = 3330 um.
Total wire length on LAYER met3 = 227 um.
Total wire length on LAYER met4 = 48 um.
Total wire length on LAYER met5 = 0 um.
Total number of vias = 2498.
Up-via summary (total 2498):

-----------------------
 FR_MASTERSLICE       0
            li1    1259
           met1    1189
           met2      44
           met3       6
           met4       0
-----------------------
               2498


[INFO DRT-0195] Start 2nd optimization iteration.
    Completing 10% with 35 violations.
    elapsed time = 00:00:00, memory = 256.79 (MB).
    Completing 20% with 35 violations.
    elapsed time = 00:00:00, memory = 256.79 (MB).
    Completing 30% with 35 violations.
    elapsed time = 00:00:00, memory = 256.79 (MB).
    Completing 40% with 35 violations.
    elapsed time = 00:00:00, memory = 256.79 (MB).
    Completing 50% with 35 violations.
    elapsed time = 00:00:00, memory = 256.79 (MB).
    Completing 60% with 35 violations.
    elapsed time = 00:00:00, memory = 259.80 (MB).
    Completing 70% with 34 violations.
    elapsed time = 00:00:01, memory = 257.86 (MB).
    Completing 80% with 34 violations.
    elapsed time = 00:00:01, memory = 258.08 (MB).
    Completing 100% with 44 violations.
    elapsed time = 00:00:03, memory = 265.91 (MB).
[INFO DRT-0199]   Number of violations = 44.
Viol/Layer        met1   met2   met3
Metal Spacing       15      4      2
Short               23      0      0
[INFO DRT-0267] cpu time = 00:00:04, elapsed time = 00:00:04, memory = 274.12 (MB), peak = 532.87 (MB)
Total wire length = 7499 um.
Total wire length on LAYER li1 = 0 um.
Total wire length on LAYER met1 = 3877 um.
Total wire length on LAYER met2 = 3331 um.
Total wire length on LAYER met3 = 245 um.
Total wire length on LAYER met4 = 44 um.
Total wire length on LAYER met5 = 0 um.
Total number of vias = 2501.
Up-via summary (total 2501):

-----------------------
 FR_MASTERSLICE       0
            li1    1261
           met1    1189
           met2      46
           met3       5
           met4       0
-----------------------
               2501


[INFO DRT-0195] Start 3rd guides tiles iteration.
    Completing 10% with 44 violations.
    elapsed time = 00:00:00, memory = 276.18 (MB).
    Completing 20% with 44 violations.
    elapsed time = 00:00:00, memory = 276.18 (MB).
    Completing 30% with 22 violations.
    elapsed time = 00:00:00, memory = 276.24 (MB).
    Completing 40% with 22 violations.
    elapsed time = 00:00:00, memory = 276.24 (MB).
    Completing 50% with 22 violations.
    elapsed time = 00:00:00, memory = 276.24 (MB).
    Completing 60% with 22 violations.
    elapsed time = 00:00:01, memory = 276.26 (MB).
    Completing 70% with 20 violations.
    elapsed time = 00:00:01, memory = 276.26 (MB).
    Completing 80% with 20 violations.
    elapsed time = 00:00:01, memory = 276.26 (MB).
    Completing 90% with 20 violations.
    elapsed time = 00:00:01, memory = 276.26 (MB).
    Completing 100% with 0 violations.
    elapsed time = 00:00:01, memory = 276.26 (MB).
[INFO DRT-0199]   Number of violations = 0.
[INFO DRT-0267] cpu time = 00:00:02, elapsed time = 00:00:02, memory = 277.44 (MB), peak = 534.16 (MB)
Total wire length = 7511 um.
Total wire length on LAYER li1 = 0 um.
Total wire length on LAYER met1 = 3764 um.
Total wire length on LAYER met2 = 3349 um.
Total wire length on LAYER met3 = 354 um.
Total wire length on LAYER met4 = 43 um.
Total wire length on LAYER met5 = 0 um.
Total number of vias = 2523.
Up-via summary (total 2523):

-----------------------
 FR_MASTERSLICE       0
            li1    1260
           met1    1193
           met2      65
           met3       5
           met4       0
-----------------------
               2523


[INFO DRT-0198] Complete detail routing.
Total wire length = 7511 um.
Total wire length on LAYER li1 = 0 um.
Total wire length on LAYER met1 = 3764 um.
Total wire length on LAYER met2 = 3349 um.
Total wire length on LAYER met3 = 354 um.
Total wire length on LAYER met4 = 43 um.
Total wire length on LAYER met5 = 0 um.
Total number of vias = 2523.
Up-via summary (total 2523):

-----------------------
 FR_MASTERSLICE       0
            li1    1260
           met1    1193
           met2      65
           met3       5
           met4       0
-----------------------
               2523


[INFO DRT-0267] cpu time = 00:00:18, elapsed time = 00:00:17, memory = 277.56 (MB), peak = 534.16 (MB)

[INFO DRT-0180] Post processing.
[INFO DRT-0501] Runtime: 41.29s
Took 41 seconds: detailed_route -output_drc ./reports/sky130hd/gcd/base/5_route_drc.rpt -output_maze ./results/sky130hd/gcd/base/maze.log -droute_end_iter 64 -verbose 1 -drc_report_iter_step 5
[INFO GRT-0012] Found 0 antenna violations.
[INFO ANT-0002] Found 0 net violations.
[INFO ANT-0001] Found 0 pin violations.
[INFO ANT-0002] Found 0 net violations.
[INFO ANT-0001] Found 0 pin violations.
Design area 4633 um^2 73% utilization.
write_db ./results/sky130hd/gcd/base/5_2_route.odb
Elapsed time: 0:42.41[h:]min:sec. CPU time: user 60.74 sys 0.96 (145%). Peak memory: 546980KB.
Log                    Ext     Elapsed      CPU     CPU/ Peak Mem sha1sum
                                     s        s  Elapsed       MB [0:10)
5_2_route              .odb         42       62     1.45      534 f3a86f954b
