OpenROAD unknown 
Features included (+) or not (-): -GPU +GUI -Python
This program is licensed under the BSD-3 license. See the LICENSE file for details.
Components of this program may be licensed under more restrictive licenses which must be honored.
[INFO ORD-0030] Using 2 thread(s).
read_liberty /OpenROAD-flow-scripts/flow/platforms/sky130hd/lib/sky130_fd_sc_hd__tt_025C_1v80.lib
read_db -hier ./results/sky130hd/gcd/base/2_floorplan.odb
[WARNING ORD-0012] Hierarchical flow (-hier) is currently in development and may cause multiple issues. Do not use in production environments.
read_sdc ./results/sky130hd/gcd/base/2_floorplan.sdc
source /OpenROAD-flow-scripts/flow/platforms/sky130hd/setRC.tcl
global_placement -skip_io -density 0.6 -pad_left 0 -pad_right 0
[INFO GPL-0190] Using 1 of 2 threads for placement: one per core, SMT siblings idle.
[INFO GPL-0001] ---- Initialize GPL Main Data Structures
[INFO GPL-0002] DBU: 1000
[INFO GPL-0003] SiteSize: (  0.460  2.720 ) um
[INFO GPL-0004] CoreBBox: (  1.380  2.720 ) ( 74.980 73.440 ) um
[INFO GPL-0016] Core area:                    5204.992 um^2
[INFO GPL-0036] Movable instances area:       2750.138 um^2
[INFO GPL-0037] Total instances area:         2837.722 um^2
[INFO GPL-0035] Pin density area adjust:       182.370 um^2
[INFO GPL-0032] ---- Initialize Region: Top-level
[INFO GPL-0006] Number of instances:               336
[INFO GPL-0007] Movable instances:                 266
[INFO GPL-0008] Fixed instances:                    70
[INFO GPL-0009] Dummy instances:                     0
[INFO GPL-0010] Number of nets:                    302
[INFO GPL-0011] Number of pins:                    969
[INFO GPL-0012] Die BBox:       (  0.000  0.000 ) ( 76.215 76.215 ) um
[INFO GPL-0013] Placement BBox: (  1.380  2.720 ) ( 74.980 73.440 ) um
[INFO GPL-0014] Region name: top-level.
[INFO GPL-0015] Region area:                  5204.992 um^2
[INFO GPL-0017] Fixed instances area:           87.584 um^2
[INFO GPL-0018] Movable instances area:       2932.508 um^2
[INFO GPL-0019] Utilization:                    57.305 %
[INFO GPL-0020] Standard cells area:          2932.508 um^2
[INFO GPL-0021] Large instances area:            0.000 um^2
[INFO GPL-0005] ---- Execute Conjugate Gradient Initial Placement.
[INFO GPL-0051] Source of initial instance position counters:
	Odb location = 0	Core center = 266	Region center = 0
[INFO GPL-0033] ---- Initialize Nesterov Region: Top-level
[INFO GPL-0023] Placement target density:       0.6000
[INFO GPL-0024] Movable insts average area:     11.024 um^2
[INFO GPL-0025] Ideal bin area:                 18.374 um^2
[INFO GPL-0026] Ideal bin count:                   283
[INFO GPL-0027] Total bin area:               5204.992 um^2
[INFO GPL-0028] Bin count (X, Y):          16 ,     16
[INFO GPL-0029] Bin size (W * H):       4.600 *  4.420 um
[INFO GPL-0030] Number of bins:                    256
[INFO GPL-0084] ---- Execute Nesterov Global Placement.
[INFO GPL-0031] HPWL: Half-Perimeter Wirelength
Iteration | Overflow |     HPWL (um) |  HPWL(%) |   Penalty | Group
---------------------------------------------------------------
        0 |   0.9673 |  5.855020e+02 |   +0.00% |  5.85e-14 |      
       10 |   0.9673 |  5.543880e+02 |   -5.31% |  9.52e-14 |      
       20 |   0.9673 |  5.521630e+02 |   -0.40% |  1.55e-13 |      
       30 |   0.9673 |  5.524330e+02 |   +0.05% |  2.53e-13 |      
       40 |   0.9673 |  5.525840e+02 |   +0.03% |  4.12e-13 |      
       50 |   0.9673 |  5.526090e+02 |   +0.00% |  6.70e-13 |      
       60 |   0.9673 |  5.528110e+02 |   +0.04% |  1.09e-12 |      
       70 |   0.9673 |  5.532510e+02 |   +0.08% |  1.78e-12 |      
       80 |   0.9673 |  5.540660e+02 |   +0.15% |  2.90e-12 |      
       90 |   0.9673 |  5.555440e+02 |   +0.27% |  4.72e-12 |      
      100 |   0.9673 |  5.576740e+02 |   +0.38% |  7.69e-12 |      
      110 |   0.9673 |  5.606630e+02 |   +0.54% |  1.25e-11 |      
      120 |   0.9668 |  5.759850e+02 |   +2.73% |  2.04e-11 |      
      130 |   0.9575 |  6.383540e+02 |  +10.83% |  3.32e-11 |      
      140 |   0.9333 |  7.679730e+02 |  +20.31% |  5.41e-11 |      
      150 |   0.9022 |  9.985960e+02 |  +30.03% |  8.82e-11 |      
      160 |   0.8772 |  1.167672e+03 |  +16.93% |  1.44e-10 |      
      170 |   0.8432 |  1.360224e+03 |  +16.49% |  2.34e-10 |      
      180 |   0.8032 |  1.508766e+03 |  +10.92% |  3.81e-10 |      
      190 |   0.7674 |  1.680013e+03 |  +11.35% |  6.21e-10 |      
      200 |   0.7302 |  1.917354e+03 |  +14.13% |  1.01e-09 |      
      210 |   0.6822 |  2.079232e+03 |   +8.44% |  1.65e-09 |      
      220 |   0.6363 |  2.248703e+03 |   +8.15% |  2.68e-09 |      
      230 |   0.5939 |  2.439439e+03 |   +8.48% |  4.37e-09 |      
      240 |   0.5357 |  2.596725e+03 |   +6.45% |  7.12e-09 |      
      250 |   0.4772 |  2.782706e+03 |   +7.16% |  1.16e-08 |      
      260 |   0.4236 |  2.970714e+03 |   +6.76% |  1.89e-08 |      
      270 |   0.3643 |  3.121069e+03 |   +5.06% |  3.08e-08 |      
      280 |   0.3203 |  3.227037e+03 |   +3.40% |  4.72e-08 |      
      290 |   0.2863 |  3.314694e+03 |   +2.72% |  6.95e-08 |      
      300 |   0.2475 |  3.375874e+03 |   +1.85% |  1.02e-07 |      
      310 |   0.2140 |  3.418175e+03 |   +1.25% |  1.51e-07 |      
      320 |   0.1849 |  3.450491e+03 |   +0.95% |  2.22e-07 |      
      330 |   0.1618 |  3.491513e+03 |   +1.19% |  3.27e-07 |      
      340 |   0.1336 |  3.523012e+03 |   +0.90% |  4.82e-07 |      
      350 |   0.1175 |  3.566294e+03 |   +1.23% |  7.10e-07 |      
      358 |   0.1000 |  3.588320e+03 |          |  1.01e-06 |      
---------------------------------------------------------------
[INFO GPL-1001] Global placement finished at iteration 358
[INFO GPL-1002] Placed Cell Area             2932.5078
[INFO GPL-1003] Available Free Area          5117.4080
[INFO GPL-1004] Minimum Feasible Density        0.5800 (cell_area / free_area)
[INFO GPL-1006]   Suggested Target Densities:
[INFO GPL-1007]     - For 90% usage of free space: 0.6367
[INFO GPL-1008]     - For 80% usage of free space: 0.7163
[INFO GPL-1014] Final placement area: 2932.51 (+0.00%)
[INFO GPL-1018] Final HPWL (um): 3599.79
Design area 2838 um^2 55% utilization.
write_db ./results/sky130hd/gcd/base/3_1_place_gp_skip_io.odb
Elapsed time: 0:00.58[h:]min:sec. CPU time: user 0.49 sys 0.07 (97%). Peak memory: 106240KB.
Log                    Ext     Elapsed      CPU     CPU/ Peak Mem sha1sum
                                     s        s  Elapsed       MB [0:10)
3_1_place_gp_skip_io   .odb          0        1     0.97      103 07329cdc92
