OpenROAD unknown 
Features included (+) or not (-): -GPU +GUI -Python
This program is licensed under the BSD-3 license. See the LICENSE file for details.
Components of this program may be licensed under more restrictive licenses which must be honored.
[INFO ORD-0030] Using 2 thread(s).
read_liberty /OpenROAD-flow-scripts/flow/platforms/sky130hd/lib/sky130_fd_sc_hd__tt_025C_1v80.lib
read_db -hier ./results/sky130hd/gcd/base/3_2_place_iop.odb
[WARNING ORD-0012] Hierarchical flow (-hier) is currently in development and may cause multiple issues. Do not use in production environments.
read_sdc ./results/sky130hd/gcd/base/2_floorplan.sdc
source /OpenROAD-flow-scripts/flow/platforms/sky130hd/setRC.tcl
[INFO RSZ-0026] Removed 0 buffers.
Perform port buffering...
[INFO RSZ-0027] Inserted 35 sky130_fd_sc_hd__clkdlybuf4s50_1 input buffers.
[INFO RSZ-0028] Inserted 18 sky130_fd_sc_hd__clkdlybuf4s50_1 output buffers.
global_placement -density 0.6 -pad_left 0 -pad_right 0 -routability_driven -timing_driven -force_center_initial_place -min_phi_coef 0.95 -max_phi_coef 1.05
[INFO GPL-0190] Using 1 of 2 threads for placement: one per core, SMT siblings idle.
[INFO GPL-0001] ---- Initialize GPL Main Data Structures
[INFO GPL-0002] DBU: 1000
[INFO GPL-0003] SiteSize: (  0.460  2.720 ) um
[INFO GPL-0004] CoreBBox: (  1.380  2.720 ) ( 74.980 73.440 ) um
[INFO GPL-0016] Core area:                    5204.992 um^2
[INFO GPL-0036] Movable instances area:       3280.646 um^2
[INFO GPL-0037] Total instances area:         3368.230 um^2
[INFO GPL-0035] Pin density area adjust:       242.963 um^2
[INFO GPL-0032] ---- Initialize Region: Top-level
[INFO GPL-0006] Number of instances:               389
[INFO GPL-0007] Movable instances:                 319
[INFO GPL-0008] Fixed instances:                    70
[INFO GPL-0009] Dummy instances:                     0
[INFO GPL-0010] Number of nets:                    355
[INFO GPL-0011] Number of pins:                   1129
[INFO GPL-0012] Die BBox:       (  0.000  0.000 ) ( 76.215 76.215 ) um
[INFO GPL-0013] Placement BBox: (  1.380  2.720 ) ( 74.980 73.440 ) um
[INFO GPL-0014] Region name: top-level.
[INFO GPL-0015] Region area:                  5204.992 um^2
[INFO GPL-0017] Fixed instances area:           87.584 um^2
[INFO GPL-0018] Movable instances area:       3523.610 um^2
[INFO GPL-0019] Utilization:                    68.855 %
[INFO GPL-0020] Standard cells area:          3523.610 um^2
[INFO GPL-0021] Large instances area:            0.000 um^2
[INFO GPL-0005] ---- Execute Conjugate Gradient Initial Placement.
[INFO GPL-0051] Source of initial instance position counters:
	Odb location = 0	Core center = 319	Region center = 0
[InitialPlace]  Iter: 1 conjugate gradient residual: 0.00000011 HPWL: 6613911
[InitialPlace]  Iter: 2 conjugate gradient residual: 0.00000009 HPWL: 5435595
[InitialPlace]  Iter: 3 conjugate gradient residual: 0.00000011 HPWL: 5435796
[InitialPlace]  Iter: 4 conjugate gradient residual: 0.00000008 HPWL: 5443427
[InitialPlace]  Iter: 5 conjugate gradient residual: 0.00000011 HPWL: 5439494
[INFO GPL-0033] ---- Initialize Nesterov Region: Top-level
[WARNING GPL-0302] Target density 0.6000 is too low for the available free area.
Automatically adjusting to uniform density 0.6900.
[INFO GPL-0023] Placement target density:       0.6900
[INFO GPL-0024] Movable insts average area:     11.046 um^2
[INFO GPL-0025] Ideal bin area:                 16.008 um^2
[INFO GPL-0026] Ideal bin count:                   325
[INFO GPL-0027] Total bin area:               5204.992 um^2
[INFO GPL-0028] Bin count (X, Y):          16 ,     16
[INFO GPL-0029] Bin size (W * H):       4.600 *  4.420 um
[INFO GPL-0030] Number of bins:                    256
[INFO GPL-0084] ---- Execute Nesterov Global Placement.
[INFO GPL-0031] HPWL: Half-Perimeter Wirelength
Iteration | Overflow |     HPWL (um) |  HPWL(%) |   Penalty | Group
---------------------------------------------------------------
        0 |   0.7593 |  3.216395e+03 |   +0.00% |  3.89e-14 |      
[INFO GPL-0100] Timing-driven iteration 1/2, virtual: false.
[INFO GPL-0101]    Iter: 7, overflow: 0.630, keep resizer changes at: 1, HPWL: 3551273
Iteration |   Area    | Resized | Buffers | Nets repaired | Remaining
---------------------------------------------------------------------
        0 |     +0.0% |       0 |       0 |             0 |       357
    final |     +0.0% |       0 |       0 |             0 |         0
---------------------------------------------------------------------
   Iter   |    Area   | Removed | Inserted |   Pins
          |           | Buffers | Buffers  | Remaining
-------------------------------------------------------
        0 |     +0.0% |       0 |        0 |       316
       31 |     +0.0% |       0 |        0 |       285
       62 |     +1.6% |       0 |        4 |       254
       93 |     +2.5% |       0 |        8 |       223
      124 |     +2.7% |       0 |        9 |       192
      155 |     +4.5% |       0 |       17 |       161
      186 |     +6.1% |       0 |       24 |       130
      217 |     +7.6% |       0 |       29 |        99
      248 |    +10.9% |       0 |       44 |        68
      279 |    +16.5% |       0 |       69 |        37
      310 |    +17.2% |       0 |       72 |         6
    final |    +17.2% |       0 |       72 |         0
-------------------------------------------------------
[INFO GPL-0106] Timing-driven: worst slack -1.4603051e-09
[INFO GPL-0107] Timing-driven: repair_design delta area: 578.054 um^2 (+16.41%)
[INFO GPL-0108] Timing-driven: repair_design, gpl delta gcells: 72 (+22.57%)
[INFO GPL-0109] Timing-driven: repair_design, gcells created: 72, deleted: 0
[INFO GPL-0110] Timing-driven: new target density: 0.8029584
Iteration | Overflow |     HPWL (um) |  HPWL(%) |   Penalty | Group
---------------------------------------------------------------
       10 |   0.6270 |  3.927640e+03 |  +22.11% |  6.34e-14 |      
       20 |   0.6163 |  3.919851e+03 |   -0.20% |  1.03e-13 |      
       30 |   0.6191 |  3.895999e+03 |   -0.61% |  1.68e-13 |      
       40 |   0.6243 |  3.889232e+03 |   -0.17% |  2.74e-13 |      
       50 |   0.6231 |  3.893916e+03 |   +0.12% |  4.46e-13 |      
       60 |   0.6213 |  3.898155e+03 |   +0.11% |  7.27e-13 |      
       70 |   0.6208 |  3.898346e+03 |   +0.00% |  1.18e-12 |      
       80 |   0.6211 |  3.896022e+03 |   -0.06% |  1.93e-12 |      
       90 |   0.6217 |  3.894966e+03 |   -0.03% |  3.14e-12 |      
      100 |   0.6219 |  3.894947e+03 |   -0.00% |  5.12e-12 |      
      110 |   0.6217 |  3.895178e+03 |   +0.01% |  8.33e-12 |      
      120 |   0.6211 |  3.895825e+03 |   +0.02% |  1.36e-11 |      
      130 |   0.6199 |  3.897470e+03 |   +0.04% |  2.21e-11 |      
      140 |   0.6180 |  3.900372e+03 |   +0.07% |  3.60e-11 |      
      150 |   0.6150 |  3.904347e+03 |   +0.10% |  5.87e-11 |      
      160 |   0.6113 |  3.910109e+03 |   +0.15% |  9.56e-11 |      
      170 |   0.6051 |  3.918877e+03 |   +0.22% |  1.56e-10 |      
[INFO GPL-0038] Routability snapshot saved at iter = 177
      176 |   0.5991 |  3.925888e+03 |          |           |      
      180 |   0.5943 |  3.931517e+03 |   +0.32% |  2.54e-10 |      
      190 |   0.5805 |  3.949672e+03 |   +0.46% |  4.13e-10 |      
      200 |   0.5655 |  3.976041e+03 |   +0.67% |  6.73e-10 |      
      210 |   0.5457 |  4.013353e+03 |   +0.94% |  1.10e-09 |      
      220 |   0.5161 |  4.056720e+03 |   +1.08% |  1.78e-09 |      
      230 |   0.4796 |  4.105332e+03 |   +1.20% |  2.91e-09 |      
      240 |   0.4390 |  4.168610e+03 |   +1.54% |  4.74e-09 |      
      250 |   0.3913 |  4.237711e+03 |   +1.66% |  7.71e-09 |      
      260 |   0.3467 |  4.301332e+03 |   +1.50% |  1.26e-08 |      
      270 |   0.3193 |  4.362945e+03 |   +1.43% |  1.87e-08 |      
[INFO GPL-0040] Routability iteration: 1
[INFO GPL-0088] Tiles the placer can act on: 106 of 121 (87.60%)
[INFO GPL-0041] Total routing overflow: 0.2372
[INFO GPL-0042] Number of overflowed tiles: 1 (0.94%)
[INFO GPL-0043] Average top 0.5% routing congestion: 1.2372
[INFO GPL-0044] Average top 1.0% routing congestion: 1.0563
[INFO GPL-0045] Average top 2.0% routing congestion: 0.9626
[INFO GPL-0046] Average top 5.0% routing congestion: 0.8124
[INFO GPL-0047] Routability iteration weighted routing congestion: 1.1467
[INFO GPL-0048] Routing congestion (1.1467) lower than previous minimum (1e+30). Updating minimum.
[INFO GPL-0086] Inflated area:                 130.021 um^2 (+3.17%)
[INFO GPL-0052] Placement target density:       0.8030
[INFO GPL-0076] Removing fillers, count: Before: 0, After: 0 (+0.00%)
[INFO GPL-0077] Filler area (um^2)     : Before: 7.402, After: 0.000 (-100.00%)
[INFO GPL-0078] Removed fillers count: 0, area removed: 0.000 um^2. Remaining area to be compensated by modifying density: 130.022 um^2
[INFO GPL-0079] New target density: 0.8269197
[INFO GPL-0058] White space area:             5117.408 um^2 (+0.00%)
[INFO GPL-0059] Movable instances area:       4231.686 um^2 (+2.98%)
[INFO GPL-0060] Total filler area:               0.000 um^2 (-100.00%)
[INFO GPL-0061] Total non-inflated area:      4231.686 um^2 (+2.98%)
[INFO GPL-0062] Total inflated area:          4361.707 um^2 (+2.89%)
[INFO GPL-0063] New Target Density:             0.8269
[INFO GPL-0087] Routability end iteration: increase inflation and revert back to snapshot.
Iteration | Overflow |     HPWL (um) |  HPWL(%) |   Penalty | Group
---------------------------------------------------------------
      280 |   0.6020 |  3.930147e+03 |   +0.00% |  2.37e-10 |      
      290 |   0.5887 |  3.950032e+03 |   +0.51% |  3.49e-10 |      
      300 |   0.5776 |  3.967111e+03 |   +0.43% |  5.14e-10 |      
      310 |   0.5663 |  3.989665e+03 |   +0.57% |  7.57e-10 |      
      320 |   0.5472 |  4.023954e+03 |   +0.86% |  1.11e-09 |      
      330 |   0.5231 |  4.059214e+03 |   +0.88% |  1.64e-09 |      
      340 |   0.4963 |  4.097673e+03 |   +0.95% |  2.42e-09 |      
      350 |   0.4631 |  4.146997e+03 |   +1.20% |  3.56e-09 |      
      360 |   0.4277 |  4.203845e+03 |   +1.37% |  5.25e-09 |      
      370 |   0.3892 |  4.260133e+03 |   +1.34% |  7.73e-09 |      
      380 |   0.3529 |  4.311653e+03 |   +1.21% |  1.14e-08 |      
      390 |   0.3264 |  4.371715e+03 |   +1.39% |  1.68e-08 |      
[INFO GPL-0040] Routability iteration: 2
[INFO GPL-0088] Tiles the placer can act on: 104 of 121 (85.95%)
[INFO GPL-0041] Total routing overflow: 0.1630
[INFO GPL-0042] Number of overflowed tiles: 1 (0.96%)
[INFO GPL-0043] Average top 0.5% routing congestion: 1.1630
[INFO GPL-0044] Average top 1.0% routing congestion: 0.9824
[INFO GPL-0045] Average top 2.0% routing congestion: 0.9191
[INFO GPL-0046] Average top 5.0% routing congestion: 0.8097
[INFO GPL-0047] Routability iteration weighted routing congestion: 1.0727
[INFO GPL-0048] Routing congestion (1.0727) lower than previous minimum (1.147). Updating minimum.
[INFO GPL-0086] Inflated area:                  80.893 um^2 (+1.91%)
[INFO GPL-0052] Placement target density:       0.8269
[INFO GPL-0076] Removing fillers, count: Before: 0, After: 0 (+0.00%)
[INFO GPL-0077] Filler area (um^2)     : Before: 0.000, After: 0.000 (+0.00%)
[INFO GPL-0078] Removed fillers count: 0, area removed: 0.000 um^2. Remaining area to be compensated by modifying density: 80.893 um^2
[INFO GPL-0079] New target density: 0.84272707
[INFO GPL-0058] White space area:             5117.408 um^2 (+0.00%)
[INFO GPL-0059] Movable instances area:       4312.579 um^2 (+1.91%)
[INFO GPL-0060] Total filler area:               0.000 um^2 (+0.00%)
[INFO GPL-0061] Total non-inflated area:      4312.579 um^2 (+1.91%)
[INFO GPL-0062] Total inflated area:          4393.472 um^2 (+1.88%)
[INFO GPL-0063] New Target Density:             0.8427
[INFO GPL-0087] Routability end iteration: increase inflation and revert back to snapshot.
Iteration | Overflow |     HPWL (um) |  HPWL(%) |   Penalty | Group
---------------------------------------------------------------
      400 |   0.6082 |  3.926851e+03 |   +0.00% |  2.19e-10 |      
      410 |   0.5940 |  3.949587e+03 |   +0.58% |  3.23e-10 |      
      420 |   0.5822 |  3.968617e+03 |   +0.48% |  4.75e-10 |      
      430 |   0.5715 |  3.988362e+03 |   +0.50% |  7.00e-10 |      
      440 |   0.5538 |  4.021843e+03 |   +0.84% |  1.03e-09 |      
      450 |   0.5288 |  4.059193e+03 |   +0.93% |  1.52e-09 |      
      460 |   0.5027 |  4.097447e+03 |   +0.94% |  2.24e-09 |      
      470 |   0.4703 |  4.146585e+03 |   +1.20% |  3.30e-09 |      
      480 |   0.4350 |  4.205549e+03 |   +1.42% |  4.86e-09 |      
      490 |   0.3971 |  4.263604e+03 |   +1.38% |  7.16e-09 |      
      500 |   0.3586 |  4.317495e+03 |   +1.26% |  1.05e-08 |      
      510 |   0.3305 |  4.377263e+03 |   +1.38% |  1.55e-08 |      
      520 |   0.3006 |  4.428809e+03 |   +1.18% |  2.29e-08 |      
[INFO GPL-0040] Routability iteration: 3
[INFO GPL-0088] Tiles the placer can act on: 105 of 121 (86.78%)
[INFO GPL-0041] Total routing overflow: 0.0269
[INFO GPL-0042] Number of overflowed tiles: 1 (0.95%)
[INFO GPL-0043] Average top 0.5% routing congestion: 1.0269
[INFO GPL-0044] Average top 1.0% routing congestion: 0.8975
[INFO GPL-0045] Average top 2.0% routing congestion: 0.8539
[INFO GPL-0046] Average top 5.0% routing congestion: 0.7768
[INFO GPL-0047] Routability iteration weighted routing congestion: 0.9622
[INFO GPL-0050] Weighted routing congestion is lower than target routing congestion(1.0100), end routability optimization.
[INFO GPL-0090] Routability finished. Target routing congestion achieved succesfully.
Iteration | Overflow |     HPWL (um) |  HPWL(%) |   Penalty | Group
---------------------------------------------------------------
      530 |   0.2718 |  4.476840e+03 |   +1.08% |  3.37e-08 |      
      540 |   0.2435 |  4.533190e+03 |   +1.26% |  4.96e-08 |      
      550 |   0.2221 |  4.592971e+03 |   +1.32% |  7.31e-08 |      
      560 |   0.1978 |  4.639837e+03 |   +1.02% |  1.08e-07 |      
[INFO GPL-0100] Timing-driven iteration 2/2, virtual: false.
[INFO GPL-0101]    Iter: 562, overflow: 0.195, keep resizer changes at: 1, HPWL: 4644936
Iteration |   Area    | Resized | Buffers | Nets repaired | Remaining
---------------------------------------------------------------------
        0 |     +0.0% |       0 |       0 |             0 |       429
    final |     +0.0% |       0 |       0 |             0 |         0
---------------------------------------------------------------------
   Iter   |    Area   | Removed | Inserted |   Pins
          |           | Buffers | Buffers  | Remaining
-------------------------------------------------------
        0 |     +0.0% |       0 |        0 |       316
       31 |     +0.0% |       0 |        0 |       285
       62 |     +1.0% |       4 |        9 |       254
       93 |     +1.3% |       8 |       15 |       223
      124 |     +1.5% |       9 |       17 |       192
      155 |     +1.9% |      17 |       27 |       161
      186 |     +2.1% |      24 |       35 |       130
      217 |     +2.3% |      29 |       43 |        99
      248 |     +2.0% |      44 |       56 |        68
      279 |     +2.3% |      69 |       83 |        37
      310 |     +2.3% |      72 |       86 |         6
    final |     +2.3% |      72 |       86 |         0
-------------------------------------------------------
[INFO GPL-0106] Timing-driven: worst slack -1.4836359e-09
[INFO GPL-0107] Timing-driven: repair_design delta area: 67.090 um^2 (+1.56%)
[INFO GPL-0108] Timing-driven: repair_design, gpl delta gcells: 14 (+3.58%)
[INFO GPL-0109] Timing-driven: repair_design, gcells created: 86, deleted: 72
[INFO GPL-0110] Timing-driven: new target density: 0.85583735
Iteration | Overflow |     HPWL (um) |  HPWL(%) |   Penalty | Group
---------------------------------------------------------------
      570 |   0.1876 |  4.888118e+03 |   +5.35% |  1.59e-07 |      
      580 |   0.1588 |  4.865056e+03 |   -0.47% |  2.34e-07 |      
      590 |   0.1417 |  4.919817e+03 |   +1.13% |  3.44e-07 |      
      600 |   0.1276 |  4.941868e+03 |   +0.45% |  5.07e-07 |      
      610 |   0.1060 |  4.974638e+03 |   +0.66% |  7.47e-07 |      
      614 |   0.0999 |  4.986400e+03 |          |  9.07e-07 |      
---------------------------------------------------------------
[INFO GPL-1001] Global placement finished at iteration 614
[INFO GPL-1017] Routability mode iteration count: 342
[INFO GPL-1005] Routability final weighted congestion: 0.8023
[INFO GPL-1002] Placed Cell Area             4379.6691
[INFO GPL-1003] Available Free Area          5117.4080
[INFO GPL-1004] Minimum Feasible Density        0.6900 (cell_area / free_area)
[INFO GPL-1006]   Suggested Target Densities:
[INFO GPL-1007]     - For 90% usage of free space: 0.9509
[INFO GPL-1008]     - For 80% usage of free space: 1.0698
[INFO GPL-1011] Original area (um^2): 3523.61
[INFO GPL-1012] Total routability artificial inflation: 210.91 (+5.99%)
[INFO GPL-1013] Total timing-driven delta area: 645.14 (+18.31%)
[INFO GPL-1014] Final placement area: 4379.67 (+24.29%)
[INFO GPL-1018] Final HPWL (um): 4997.24
estimate_parasitics -placement
Report metrics stage 3, global place...

==========================================================================
global place report_design_area
--------------------------------------------------------------------------
Design area 4039 um^2 78% utilization.
write_db ./results/sky130hd/gcd/base/3_3_place_gp.odb
Elapsed time: 0:01.28[h:]min:sec. CPU time: user 1.03 sys 0.19 (95%). Peak memory: 230192KB.
Log                    Ext     Elapsed      CPU     CPU/ Peak Mem sha1sum
                                     s        s  Elapsed       MB [0:10)
3_3_place_gp           .odb          1        1     0.95      224 de0d56e728
