OpenROAD unknown 
Features included (+) or not (-): -GPU +GUI -Python
This program is licensed under the BSD-3 license. See the LICENSE file for details.
Components of this program may be licensed under more restrictive licenses which must be honored.
[INFO ORD-0030] Using 2 thread(s).
read_liberty /OpenROAD-flow-scripts/flow/platforms/sky130hd/lib/sky130_fd_sc_hd__tt_025C_1v80.lib
read_db -hier ./results/sky130hd/gcd/base/3_place.odb
[WARNING ORD-0012] Hierarchical flow (-hier) is currently in development and may cause multiple issues. Do not use in production environments.
read_sdc ./results/sky130hd/gcd/base/3_place.sdc
source /OpenROAD-flow-scripts/flow/platforms/sky130hd/setRC.tcl
clock_tree_synthesis -sink_clustering_enable -repair_clock_nets
[INFO CTS-0050] Root buffer is sky130_fd_sc_hd__clkbuf_8.
[INFO CTS-0051] Sink buffer is sky130_fd_sc_hd__clkbuf_16.
[INFO CTS-0052] The following clock buffers will be used for CTS:
                    sky130_fd_sc_hd__clkbuf_8
                    sky130_fd_sc_hd__clkbuf_16
[INFO CTS-0049] Characterization buffer is sky130_fd_sc_hd__clkbuf_16.
[INFO CTS-0007] Net "clk" found for clock "core_clock".
[INFO CTS-0010]  Clock net "clk" has 35 sinks.
[INFO CTS-0008] TritonCTS found 1 clock nets.
[INFO CTS-0097] Characterization used 2 buffer(s) types.
[INFO CTS-0201] 0 blockages from hard placement blockages and placed macros will be used.
[INFO CTS-0027] Generating H-Tree topology for net clk.
[INFO CTS-0028]  Total number of sinks: 35.
[INFO CTS-0090]  Sinks will be clustered based on buffer max cap.
[INFO CTS-0030]  Number of static layers: 0.
[INFO CTS-0020]  Wire segment unit: 13600  dbu (13 um).
[INFO CTS-0023]  Original sink region: [(1650, 4020), (64210, 72140)].
[INFO CTS-0024]  Normalized sink region: [(0.121324, 0.295588), (4.72132, 5.30441)].
[INFO CTS-0025]     Width:  4.6000.
[INFO CTS-0026]     Height: 5.0088.
 Level 1
    Direction: Vertical
    Sinks per sub-region: 18
    Sub-region size: 4.6000 X 2.5044
[INFO CTS-0034]     Segment length (rounded): 1.
 Level 2
    Direction: Horizontal
    Sinks per sub-region: 9
    Sub-region size: 2.3000 X 2.5044
[INFO CTS-0034]     Segment length (rounded): 1.
[INFO CTS-0038]  Stop criterion found. Sink region hpwl is smaller than max wirelength (1911.535 um) and max number of sinks is 15.
[INFO CTS-0035]  Number of sinks covered: 35.
[INFO CTS-0018]     Created 5 clock buffers.
[INFO CTS-0012]     Minimum number of buffers in the clock path: 2.
[INFO CTS-0013]     Maximum number of buffers in the clock path: 2.
[INFO CTS-0015]     Created 5 clock nets.
[INFO CTS-0016]     Fanout distribution for the current clock = 8:1, 9:3..
[INFO CTS-0017]     Max level of the clock tree: 2.
[INFO CTS-0098] Clock net "clk"
[INFO CTS-0099]  Sinks 38
[INFO CTS-0100]  Leaf buffers 0
[INFO CTS-0101]  Average sink wire length 110.67 um
[INFO CTS-0102]  Path depth 2 - 2
[INFO CTS-0207]  Dummy loads inserted 3
[INFO CTS-0500] Runtime: 0.74s
estimate_parasitics -placement
detailed_placement
[INFO DPL-0006] Core area: 5204.99 um^2
[INFO DPL-0007] Movable instances area: 4031.37 um^2
[INFO DPL-0008] Fixed instances area within core: 87.58 um^2
[INFO DPL-0009] Utilization: 79.1%
[INFO DPL-0005] Diamond search max displacement: +/- 500 sites horizontally, +/- 100 rows vertically.
[INFO DPL-1102] Legalizing using negotiation legalizer.
[INFO DPL-1103] Negotiation base search window: +/-20 sites horizontally, +/-5 rows vertically 
	Automatic search window extension enabled.
	Search window extendable up to the max displacement cap of +/-500 sites, +/-100 rows near walls.
[INFO DPL-1104] NegotiationLegalizer DRC penalty: 5.
[INFO DPL-0392] Negotiation cell height distribution (1 unique row-count(s)):
[INFO DPL-0393]   height 1 row(s): 483 cells
          |      Total |  Illegal |  Illegal
Iteration | Violations |    Cells |    Sites
---------------------------------------------
        0 |         33 |         7 |        26
        1 |          8 |         2 |         6
        2 |          0 |         0 |         0
Negotiation phase 1 converged at iteration 2.
[INFO DPL-0500] Runtime: 0.01s
Detailed Placement Analysis
---------------------------------
legalizer            negotiation
total moves                 292
total displacement        417.9 u
average displacement        0.9 u
max displacement           11.0 u
original HPWL            5530.6 u
legalized HPWL           5792.2 u
delta HPWL                    5 %

estimate_parasitics -placement
Warning: master sky130_ef_sc_hd__decap_12 has signal pins but no liberty cell
repair_timing -setup_margin 0 -hold_margin 0 -repair_tns 100 -match_cell_footprint -verbose
[INFO RSZ-0100] Repair move sequence: UnbufferMove SizeUpMove SwapPinsMove BufferMove CloneMove SplitLoadMove 
[INFO RSZ-0094] Found 69 endpoints with setup violations.
[INFO RSZ-0099] Repairing 69 out of 69 (100.00%) violating endpoints...
   Iter   | Removed | Resized | Inserted | Cloned |  Pin  |   Area   |    WNS   |    TNS     |  Viol  |  Worst
          | Buffers |  Gates  | Buffers  |  Gates | Swaps |          |          |            | Endpts | Endpoint
------------------------------------------------------------------------------------------------------------------------------
       0* |       0 |       0 |        0 |      0 |     0 |    +0.0% |   -1.595 |      -68.0 |     69 | resp_msg[15]
      10* |       0 |       5 |        1 |      0 |     3 |    +0.4% |   -1.542 |      -67.7 |     69 | resp_msg[15]
      20* |       0 |       8 |        4 |      0 |     7 |    +1.6% |   -1.518 |      -67.6 |     69 | resp_msg[15]
      30* |       0 |      10 |        7 |      0 |    12 |    +2.2% |   -1.508 |      -67.9 |     69 | resp_msg[7]
      40* |       0 |      16 |        7 |      0 |    16 |    +2.9% |   -1.443 |      -67.5 |     69 | resp_msg[13]
      50* |       0 |      22 |        9 |      0 |    18 |    +3.8% |   -1.415 |      -67.0 |     69 | dpath.a_reg.out\[2\]$_DFFE_PP_/D
      60* |       0 |      26 |       10 |      0 |    23 |    +4.4% |   -1.400 |      -66.3 |     69 | resp_msg[14]
      70* |       0 |      32 |       11 |      0 |    26 |    +4.9% |   -1.406 |      -65.6 |     69 | dpath.a_reg.out\[15\]$_DFFE_PP_/D
      70* |       0 |      28 |       11 |      0 |    24 |    +4.5% |   -1.393 |      -66.0 |     69 | resp_msg[9]
      73* |       0 |      30 |       11 |      0 |    24 |    +4.4% |   -1.393 |      -65.9 |     69 | resp_msg[9]
      80* |       0 |      35 |       12 |      0 |    24 |    +5.1% |   -1.397 |      -65.7 |     69 | resp_msg[11]
      85* |       0 |      30 |       11 |      0 |    24 |    +4.4% |   -1.393 |      -65.9 |     69 | resp_msg[9]
      88* |       0 |      32 |       11 |      0 |    24 |    +4.3% |   -1.393 |      -65.8 |     69 | resp_msg[9]
      90* |       0 |      33 |       11 |      0 |    24 |    +4.3% |   -1.393 |      -65.5 |     69 | resp_msg[9]
      93* |       0 |      35 |       12 |      0 |    24 |    +4.4% |   -1.393 |      -65.5 |     69 | resp_msg[9]
     100* |       0 |      38 |       12 |      0 |    27 |    +4.9% |   -1.425 |      -65.5 |     69 | resp_msg[12]
     110* |       1 |      43 |       14 |      0 |    29 |    +5.8% |   -1.437 |      -67.1 |     69 | resp_msg[12]
     118* |       0 |      36 |       12 |      0 |    24 |    +4.5% |   -1.393 |      -65.5 |     69 | resp_msg[9]
     120* |       0 |      37 |       12 |      0 |    24 |    +4.5% |   -1.393 |      -65.5 |     69 | resp_msg[9]
     122* |       0 |      37 |       12 |      0 |    24 |    +4.5% |   -1.393 |      -65.5 |     69 | resp_msg[9]
     130* |       0 |      42 |       14 |      0 |    24 |    +5.6% |   -1.429 |      -65.9 |     69 | resp_msg[9]
     140* |       1 |      47 |       17 |      0 |    25 |    +6.0% |   -1.429 |      -65.7 |     69 | resp_msg[9]
     140* |       0 |      38 |       14 |      0 |    24 |    +5.1% |   -1.393 |      -65.4 |     69 | resp_msg[9]
     150* |       0 |      42 |       15 |      0 |    28 |    +5.6% |   -1.393 |      -65.4 |     69 | resp_msg[9]
     150* |       0 |      39 |       14 |      0 |    25 |    +5.2% |   -1.393 |      -65.1 |     69 | resp_msg[9]
     156* |       0 |      41 |       15 |      0 |    25 |    +5.4% |   -1.393 |      -64.9 |     69 | resp_msg[9]
     160* |       0 |      43 |       15 |      0 |    26 |    +5.6% |   -1.393 |      -65.0 |     69 | resp_msg[9]
     160* |       0 |      43 |       15 |      0 |    25 |    +5.6% |   -1.393 |      -65.0 |     69 | resp_msg[9]
     163* |       0 |      44 |       15 |      0 |    25 |    +5.6% |   -1.393 |      -65.0 |     69 | resp_msg[9]
     167* |       1 |      45 |       15 |      0 |    26 |    +5.4% |   -1.393 |      -65.0 |     69 | resp_msg[9]
     170* |       1 |      47 |       15 |      0 |    26 |    +5.5% |   -1.393 |      -65.1 |     69 | resp_msg[9]
     171* |       1 |      47 |       15 |      0 |    26 |    +5.5% |   -1.393 |      -65.1 |     69 | resp_msg[9]
     180* |       1 |      53 |       15 |      0 |    28 |    +6.3% |   -1.393 |      -65.1 |     69 | resp_msg[9]
     188* |       1 |      56 |       15 |      0 |    28 |    +6.2% |   -1.393 |      -64.7 |     69 | resp_msg[9]
     190* |       1 |      57 |       15 |      0 |    28 |    +6.2% |   -1.393 |      -64.7 |     69 | resp_msg[9]
     192* |       1 |      57 |       15 |      0 |    28 |    +6.2% |   -1.393 |      -64.7 |     69 | resp_msg[9]
     196* |       1 |      58 |       15 |      0 |    28 |    +6.2% |   -1.393 |      -64.7 |     69 | resp_msg[9]
     199* |       1 |      59 |       15 |      0 |    28 |    +6.2% |   -1.393 |      -64.7 |     69 | resp_msg[9]
     200* |       1 |      59 |       15 |      0 |    28 |    +6.2% |   -1.393 |      -64.7 |     69 | resp_msg[9]
     203* |       1 |      60 |       16 |      0 |    29 |    +6.4% |   -1.393 |      -64.7 |     69 | resp_msg[9]
     207* |       1 |      60 |       16 |      0 |    29 |    +6.4% |   -1.393 |      -64.7 |     69 | resp_msg[9]
     208* |       1 |      60 |       16 |      0 |    29 |    +6.4% |   -1.393 |      -64.7 |     69 | resp_msg[9]
     210* |       1 |      61 |       16 |      0 |    29 |    +6.4% |   -1.393 |      -64.7 |     69 | resp_msg[9]
     211* |       1 |      61 |       16 |      0 |    29 |    +6.4% |   -1.393 |      -64.7 |     69 | resp_msg[9]
     220* |       1 |      65 |       19 |      0 |    30 |    +7.3% |   -1.393 |      -64.1 |     69 | resp_msg[9]
     230* |       5 |      68 |       22 |      0 |    30 |    +7.2% |   -1.393 |      -63.9 |     69 | resp_msg[9]
     240* |      10 |      68 |       27 |      0 |    30 |    +7.2% |   -1.393 |      -63.9 |     69 | resp_msg[9]
     250* |      15 |      68 |       32 |      0 |    30 |    +7.2% |   -1.393 |      -63.9 |     69 | resp_msg[9]
     260* |      20 |      68 |       37 |      0 |    30 |    +7.2% |   -1.393 |      -63.9 |     69 | resp_msg[9]
     270* |      25 |      68 |       42 |      0 |    30 |    +7.2% |   -1.393 |      -63.9 |     69 | resp_msg[9]
     274* |       2 |      68 |       19 |      0 |    30 |    +7.2% |   -1.393 |      -63.9 |     69 | resp_msg[9]
     280* |       2 |      70 |       22 |      0 |    30 |    +7.8% |   -1.397 |      -63.9 |     69 | resp_msg[9]
     290* |       6 |      72 |       26 |      0 |    30 |    +7.7% |   -1.397 |      -63.8 |     69 | resp_msg[9]
     300* |      11 |      72 |       31 |      0 |    30 |    +7.7% |   -1.397 |      -63.8 |     69 | resp_msg[9]
     310* |      16 |      72 |       36 |      0 |    30 |    +7.7% |   -1.397 |      -63.8 |     69 | resp_msg[9]
     320* |      21 |      72 |       41 |      0 |    30 |    +7.7% |   -1.397 |      -63.8 |     69 | resp_msg[9]
     326* |       2 |      69 |       19 |      0 |    30 |    +7.1% |   -1.393 |      -63.7 |     69 | resp_msg[9]
     330* |       2 |      72 |       19 |      0 |    30 |    +7.7% |   -1.393 |      -62.6 |     69 | resp_msg[9]
     336* |       2 |      72 |       19 |      0 |    30 |    +7.7% |   -1.393 |      -62.6 |     69 | resp_msg[9]
     340* |       2 |      73 |       20 |      0 |    31 |    +8.0% |   -1.393 |      -62.5 |     69 | resp_msg[9]
     345* |       2 |      76 |       20 |      0 |    31 |    +8.1% |   -1.393 |      -62.3 |     69 | resp_msg[9]
     350* |       2 |      79 |       20 |      0 |    32 |    +8.6% |   -1.393 |      -61.3 |     69 | resp_msg[9]
     360* |       2 |      81 |       24 |      0 |    36 |    +9.5% |   -1.393 |      -61.8 |     69 | resp_msg[9]
     367* |       2 |      81 |       21 |      0 |    33 |    +8.9% |   -1.393 |      -60.2 |     69 | resp_msg[9]
     370* |       2 |      81 |       23 |      0 |    33 |    +9.3% |   -1.393 |      -61.9 |     69 | resp_msg[9]
     373* |       2 |      81 |       21 |      0 |    33 |    +8.9% |   -1.393 |      -60.2 |     69 | resp_msg[9]
     379* |       2 |      81 |       21 |      0 |    33 |    +8.9% |   -1.393 |      -60.2 |     69 | resp_msg[9]
     380* |       2 |      81 |       21 |      0 |    33 |    +8.9% |   -1.393 |      -60.2 |     69 | resp_msg[9]
     385* |       2 |      81 |       21 |      0 |    33 |    +8.9% |   -1.393 |      -60.2 |     69 | resp_msg[9]
     390* |       2 |      81 |       25 |      0 |    33 |    +9.7% |   -1.393 |      -61.8 |     69 | resp_msg[9]
     391* |       2 |      81 |       21 |      0 |    33 |    +8.9% |   -1.393 |      -60.2 |     69 | resp_msg[9]
     398* |       2 |      81 |       21 |      0 |    33 |    +8.9% |   -1.393 |      -60.2 |     69 | resp_msg[9]
     400* |       2 |      81 |       21 |      1 |    33 |    +9.7% |   -1.393 |      -61.3 |     69 | resp_msg[9]
     405* |       2 |      81 |       21 |      0 |    33 |    +8.9% |   -1.393 |      -60.2 |     69 | resp_msg[9]
     410* |       2 |      82 |       24 |      1 |    33 |   +10.4% |   -1.393 |      -61.6 |     69 | resp_msg[9]
     412* |       2 |      81 |       21 |      0 |    33 |    +8.9% |   -1.393 |      -60.2 |     69 | resp_msg[9]
     419* |       2 |      81 |       21 |      0 |    33 |    +8.9% |   -1.393 |      -60.2 |     69 | resp_msg[9]
     420* |       2 |      81 |       21 |      0 |    33 |    +8.9% |   -1.393 |      -60.2 |     69 | resp_msg[9]
     426* |       2 |      81 |       21 |      0 |    33 |    +8.9% |   -1.393 |      -60.2 |     69 | resp_msg[9]
     430* |       2 |      82 |       23 |      1 |    33 |   +10.2% |   -1.393 |      -61.6 |     69 | resp_msg[9]
     433* |       2 |      81 |       21 |      0 |    33 |    +8.9% |   -1.393 |      -60.2 |     69 | resp_msg[9]
     440* |       2 |      83 |       25 |      1 |    33 |   +10.4% |   -1.393 |      -61.1 |     69 | resp_msg[9]
     442* |       2 |      81 |       21 |      0 |    33 |    +8.9% |   -1.393 |      -60.2 |     69 | resp_msg[9]
     450* |       2 |      83 |       26 |      1 |    33 |   +10.6% |   -1.393 |      -61.1 |     69 | resp_msg[9]
     451* |       2 |      81 |       21 |      0 |    33 |    +8.9% |   -1.393 |      -60.2 |     69 | resp_msg[9]
     460* |       2 |      83 |       27 |      1 |    33 |   +10.8% |   -1.393 |      -61.1 |     69 | resp_msg[9]
     460* |       2 |      81 |       21 |      0 |    33 |    +8.9% |   -1.393 |      -60.2 |     69 | resp_msg[9]
     469* |       2 |      81 |       21 |      0 |    33 |    +8.9% |   -1.393 |      -60.2 |     69 | resp_msg[9]
     470* |       2 |      81 |       21 |      0 |    33 |    +8.9% |   -1.393 |      -60.2 |     69 | resp_msg[9]
     478* |       2 |      81 |       21 |      0 |    33 |    +8.9% |   -1.393 |      -60.2 |     69 | resp_msg[9]
     480* |       2 |      81 |       22 |      0 |    33 |    +9.1% |   -1.393 |      -61.9 |     69 | resp_msg[9]
     490* |       2 |      84 |       27 |      0 |    35 |   +10.3% |   -1.393 |      -62.2 |     69 | resp_msg[9]
     490* |       2 |      83 |       26 |      0 |    33 |   +10.0% |   -1.393 |      -62.0 |     69 | resp_msg[9]
     495* |       2 |      85 |       27 |      0 |    33 |   +10.3% |   -1.393 |      -62.2 |     69 | resp_msg[9]
     498* |       2 |      86 |       27 |      0 |    33 |   +10.3% |   -1.393 |      -62.2 |     69 | resp_msg[9]
     500* |       2 |      86 |       27 |      0 |    34 |   +10.3% |   -1.393 |      -62.2 |     69 | resp_msg[9]
     504* |       2 |      89 |       27 |      0 |    35 |   +10.6% |   -1.393 |      -62.3 |     69 | resp_msg[9]
     510* |       2 |      93 |       27 |      0 |    36 |   +10.6% |   -1.393 |      -61.9 |     69 | resp_msg[9]
     511* |       3 |      93 |       27 |      0 |    36 |   +10.4% |   -1.393 |      -61.8 |     69 | resp_msg[9]
     520* |       3 |      99 |       28 |      0 |    37 |   +10.9% |   -1.393 |      -61.5 |     69 | resp_msg[9]
     520* |       3 |      98 |       27 |      0 |    36 |   +10.6% |   -1.393 |      -61.5 |     69 | resp_msg[9]
     528* |       4 |     103 |       27 |      0 |    37 |   +10.6% |   -1.393 |      -61.1 |     69 | resp_msg[9]
     530* |       4 |     104 |       27 |      0 |    37 |   +10.8% |   -1.393 |      -61.1 |     69 | resp_msg[9]
     536* |       4 |     107 |       28 |      0 |    39 |   +10.8% |   -1.393 |      -60.7 |     69 | resp_msg[9]
     540* |       4 |     109 |       28 |      0 |    40 |   +11.0% |   -1.393 |      -60.7 |     69 | resp_msg[9]
     546* |       4 |     113 |       29 |      0 |    41 |   +11.1% |   -1.393 |      -62.2 |     69 | resp_msg[9]
     550* |       4 |     116 |       29 |      0 |    41 |   +11.5% |   -1.393 |      -62.3 |     69 | resp_msg[9]
     552* |       4 |     117 |       30 |      0 |    41 |   +11.9% |   -1.393 |      -62.4 |     69 | resp_msg[9]
     557* |       4 |     119 |       31 |      1 |    41 |   +12.8% |   -1.393 |      -62.3 |     69 | resp_msg[9]
     559* |       4 |     120 |       31 |      1 |    41 |   +12.9% |   -1.393 |      -62.3 |     69 | resp_msg[9]
     560* |       4 |     120 |       31 |      1 |    41 |   +12.9% |   -1.393 |      -62.3 |     69 | resp_msg[9]
     561* |       4 |     121 |       31 |      1 |    41 |   +13.0% |   -1.393 |      -62.3 |     69 | resp_msg[9]
     563* |       4 |     122 |       31 |      1 |    41 |   +13.1% |   -1.393 |      -62.3 |     69 | resp_msg[9]
     567* |       4 |     123 |       31 |      1 |    41 |   +13.1% |   -1.393 |      -62.2 |     69 | resp_msg[9]
     569* |       4 |     124 |       31 |      1 |    41 |   +13.2% |   -1.393 |      -62.2 |     69 | resp_msg[9]
     570* |       4 |     124 |       31 |      1 |    41 |   +13.2% |   -1.393 |      -62.2 |     69 | resp_msg[9]
     571* |       4 |     125 |       31 |      1 |    41 |   +13.3% |   -1.393 |      -62.2 |     69 | resp_msg[9]
     573* |       4 |     126 |       31 |      1 |    41 |   +13.4% |   -1.393 |      -62.2 |     69 | resp_msg[9]
     575* |       4 |     127 |       31 |      1 |    41 |   +13.5% |   -1.393 |      -62.2 |     69 | resp_msg[9]
     580* |       4 |     129 |       33 |      1 |    41 |   +14.0% |   -1.393 |      -62.3 |     69 | resp_msg[9]
     590* |       4 |     134 |       38 |      1 |    41 |   +15.4% |   -1.393 |      -62.8 |     69 | resp_msg[9]
     600* |       5 |     139 |       42 |      1 |    41 |   +16.4% |   -1.393 |      -63.1 |     69 | resp_msg[9]
     600* |       4 |     127 |       31 |      1 |    41 |   +13.5% |   -1.393 |      -62.2 |     69 | resp_msg[9]
     604* |       4 |     130 |       31 |      1 |    41 |   +13.7% |   -1.393 |      -61.9 |     69 | resp_msg[9]
     606* |       4 |     131 |       31 |      1 |    41 |   +13.8% |   -1.393 |      -61.9 |     69 | resp_msg[9]
     608* |       4 |     132 |       31 |      1 |    41 |   +13.9% |   -1.393 |      -61.9 |     69 | resp_msg[9]
     610* |       4 |     133 |       31 |      1 |    41 |   +14.0% |   -1.393 |      -61.9 |     69 | resp_msg[9]
     610* |       4 |     133 |       31 |      1 |    41 |   +14.0% |   -1.393 |      -61.9 |     69 | resp_msg[9]
     612* |       4 |     134 |       31 |      1 |    41 |   +14.1% |   -1.393 |      -61.9 |     69 | resp_msg[9]
     614* |       4 |     135 |       31 |      1 |    41 |   +14.2% |   -1.393 |      -61.9 |     69 | resp_msg[9]
     617* |       4 |     137 |       31 |      1 |    41 |   +14.4% |   -1.393 |      -61.9 |     69 | resp_msg[9]
     617* |       4 |     137 |       31 |      1 |    41 |   +14.4% |   -1.393 |      -61.9 |     69 | resp_msg[9]
     618+ |       4 |     137 |       31 |      1 |    41 |   +14.4% |   -1.393 |      -61.9 |     84 | resp_msg[9]
     619+ |       4 |     137 |       31 |      1 |    41 |   +14.4% |   -1.393 |      -61.9 |     84 | resp_msg[9]
     620+ |       4 |     137 |       31 |      1 |    41 |   +14.4% |   -1.393 |      -61.9 |     84 | resp_msg[9]
     620+ |       4 |     137 |       31 |      1 |    41 |   +14.4% |   -1.393 |      -61.9 |     84 | resp_msg[9]
     621+ |       4 |     137 |       31 |      1 |    41 |   +14.4% |   -1.393 |      -61.9 |     84 | resp_msg[9]
     622+ |       4 |     137 |       31 |      1 |    41 |   +14.4% |   -1.393 |      -61.9 |     84 | resp_msg[9]
     623+ |       4 |     137 |       31 |      1 |    41 |   +14.4% |   -1.393 |      -61.9 |     84 | resp_msg[9]
     624+ |       4 |     137 |       31 |      1 |    41 |   +14.4% |   -1.393 |      -61.9 |     84 | resp_msg[9]
     625+ |       4 |     137 |       31 |      1 |    41 |   +14.4% |   -1.393 |      -61.9 |     84 | resp_msg[9]
     627+ |       4 |     138 |       31 |      1 |    41 |   +14.4% |   -1.393 |      -61.9 |     84 | resp_msg[9]
     628+ |       4 |     138 |       31 |      1 |    41 |   +14.4% |   -1.393 |      -61.9 |     84 | resp_msg[9]
     630+ |       4 |     139 |       31 |      1 |    41 |   +14.5% |   -1.393 |      -61.7 |     84 | resp_msg[9]
     630+ |       4 |     139 |       31 |      1 |    41 |   +14.5% |   -1.393 |      -61.7 |     84 | resp_msg[9]
     631+ |       4 |     139 |       31 |      1 |    41 |   +14.5% |   -1.393 |      -61.7 |     84 | resp_msg[9]
     632+ |       4 |     139 |       31 |      1 |    41 |   +14.5% |   -1.393 |      -61.7 |     84 | resp_msg[9]
     633+ |       4 |     139 |       31 |      1 |    41 |   +14.5% |   -1.393 |      -61.7 |     84 | resp_msg[9]
     634+ |       4 |     139 |       31 |      1 |    41 |   +14.5% |   -1.393 |      -61.7 |     84 | resp_msg[9]
     635+ |       4 |     139 |       31 |      1 |    41 |   +14.5% |   -1.393 |      -61.7 |     84 | resp_msg[9]
     636+ |       4 |     139 |       31 |      1 |    41 |   +14.5% |   -1.393 |      -61.7 |     84 | resp_msg[9]
     637+ |       4 |     139 |       31 |      1 |    41 |   +14.5% |   -1.393 |      -61.7 |     84 | resp_msg[9]
     638+ |       4 |     139 |       31 |      1 |    41 |   +14.5% |   -1.393 |      -61.7 |     84 | resp_msg[9]
     639+ |       4 |     139 |       31 |      1 |    41 |   +14.5% |   -1.393 |      -61.7 |     84 | resp_msg[9]
     640+ |       4 |     139 |       31 |      1 |    41 |   +14.5% |   -1.393 |      -61.7 |     84 | resp_msg[9]
     640+ |       4 |     139 |       31 |      1 |    41 |   +14.5% |   -1.393 |      -61.7 |     84 | resp_msg[9]
     641+ |       4 |     139 |       31 |      1 |    41 |   +14.5% |   -1.393 |      -61.7 |     84 | resp_msg[9]
     642+ |       4 |     139 |       31 |      1 |    41 |   +14.5% |   -1.393 |      -61.7 |     84 | resp_msg[9]
     643+ |       4 |     139 |       31 |      1 |    41 |   +14.5% |   -1.393 |      -61.7 |     84 | resp_msg[9]
     644+ |       4 |     139 |       31 |      1 |    41 |   +14.5% |   -1.393 |      -61.7 |     84 | resp_msg[9]
     645+ |       4 |     139 |       31 |      1 |    41 |   +14.5% |   -1.393 |      -61.7 |     84 | resp_msg[9]
     646+ |       4 |     139 |       31 |      1 |    41 |   +14.5% |   -1.393 |      -61.7 |     84 | resp_msg[9]
     647+ |       4 |     139 |       31 |      1 |    41 |   +14.5% |   -1.393 |      -61.7 |     84 | resp_msg[9]
     648+ |       4 |     139 |       31 |      1 |    41 |   +14.5% |   -1.393 |      -61.7 |     84 | resp_msg[9]
     649+ |       4 |     139 |       31 |      1 |    41 |   +14.5% |   -1.393 |      -61.7 |     84 | resp_msg[9]
     650+ |       4 |     139 |       31 |      1 |    41 |   +14.5% |   -1.393 |      -61.7 |     84 | resp_msg[9]
     650+ |       4 |     139 |       31 |      1 |    41 |   +14.5% |   -1.393 |      -61.7 |     84 | resp_msg[9]
     651+ |       4 |     139 |       31 |      1 |    41 |   +14.5% |   -1.393 |      -61.7 |     84 | resp_msg[9]
     652+ |       4 |     139 |       31 |      1 |    41 |   +14.5% |   -1.393 |      -61.7 |     84 | resp_msg[9]
     653+ |       4 |     139 |       31 |      1 |    41 |   +14.5% |   -1.393 |      -61.7 |     84 | resp_msg[9]
     654+ |       4 |     139 |       31 |      1 |    41 |   +14.5% |   -1.393 |      -61.7 |     84 | resp_msg[9]
     655+ |       4 |     139 |       31 |      1 |    41 |   +14.5% |   -1.393 |      -61.7 |     84 | resp_msg[9]
     656+ |       4 |     139 |       31 |      1 |    41 |   +14.5% |   -1.393 |      -61.7 |     84 | resp_msg[9]
     657+ |       4 |     139 |       31 |      1 |    41 |   +14.5% |   -1.393 |      -61.7 |     84 | resp_msg[9]
     658+ |       4 |     139 |       31 |      1 |    41 |   +14.5% |   -1.393 |      -61.7 |     84 | resp_msg[9]
     660+ |       4 |     140 |       31 |      1 |    41 |   +14.6% |   -1.393 |      -61.7 |     84 | resp_msg[9]
     660+ |       4 |     140 |       31 |      1 |    41 |   +14.6% |   -1.393 |      -61.7 |     84 | resp_msg[9]
     661+ |       4 |     140 |       31 |      1 |    41 |   +14.6% |   -1.393 |      -61.7 |     84 | resp_msg[9]
     664+ |       4 |     142 |       31 |      1 |    41 |   +14.5% |   -1.393 |      -61.6 |     84 | resp_msg[9]
     665+ |       4 |     142 |       31 |      1 |    41 |   +14.5% |   -1.393 |      -61.6 |     84 | resp_msg[9]
     666+ |       4 |     142 |       31 |      1 |    41 |   +14.5% |   -1.393 |      -61.6 |     84 | resp_msg[9]
     667+ |       4 |     142 |       31 |      1 |    41 |   +14.5% |   -1.393 |      -61.6 |     84 | resp_msg[9]
     669+ |       4 |     143 |       31 |      1 |    41 |   +14.4% |   -1.393 |      -61.5 |     84 | resp_msg[9]
     670+ |       4 |     143 |       31 |      1 |    41 |   +14.4% |   -1.393 |      -61.5 |     84 | resp_msg[9]
     671+ |       4 |     144 |       31 |      1 |    41 |   +14.4% |   -1.393 |      -61.5 |     84 | resp_msg[9]
     672+ |       4 |     144 |       31 |      1 |    41 |   +14.4% |   -1.393 |      -61.5 |     84 | resp_msg[9]
     673+ |       4 |     144 |       31 |      1 |    41 |   +14.4% |   -1.393 |      -61.5 |     84 | resp_msg[9]
     674+ |       4 |     144 |       31 |      1 |    41 |   +14.4% |   -1.393 |      -61.5 |     84 | resp_msg[9]
     678+ |       4 |     147 |       31 |      1 |    41 |   +14.7% |   -1.393 |      -60.3 |     84 | resp_msg[9]
     679+ |       4 |     147 |       31 |      1 |    41 |   +14.7% |   -1.393 |      -60.3 |     84 | resp_msg[9]
     680+ |       4 |     147 |       31 |      1 |    41 |   +14.7% |   -1.393 |      -60.3 |     84 | resp_msg[9]
     680+ |       4 |     147 |       31 |      1 |    41 |   +14.7% |   -1.393 |      -60.3 |     84 | resp_msg[9]
     681+ |       4 |     147 |       31 |      1 |    41 |   +14.7% |   -1.393 |      -60.3 |     84 | resp_msg[9]
     682+ |       4 |     147 |       31 |      1 |    41 |   +14.7% |   -1.393 |      -60.3 |     84 | resp_msg[9]
     683+ |       4 |     147 |       31 |      1 |    41 |   +14.7% |   -1.393 |      -60.3 |     84 | resp_msg[9]
     684+ |       4 |     147 |       31 |      1 |    41 |   +14.7% |   -1.393 |      -60.3 |     84 | resp_msg[9]
     685+ |       4 |     147 |       31 |      1 |    41 |   +14.7% |   -1.393 |      -60.3 |     84 | resp_msg[9]
     686+ |       4 |     147 |       31 |      1 |    41 |   +14.7% |   -1.393 |      -60.3 |     84 | resp_msg[9]
     687+ |       4 |     147 |       31 |      1 |    41 |   +14.7% |   -1.393 |      -60.3 |     84 | resp_msg[9]
     688+ |       4 |     147 |       31 |      1 |    41 |   +14.7% |   -1.393 |      -60.3 |     84 | resp_msg[9]
     689+ |       4 |     147 |       31 |      1 |    41 |   +14.7% |   -1.393 |      -60.3 |     84 | resp_msg[9]
     690+ |       4 |     147 |       31 |      1 |    41 |   +14.7% |   -1.393 |      -60.3 |     84 | resp_msg[9]
     690+ |       4 |     147 |       31 |      1 |    41 |   +14.7% |   -1.393 |      -60.3 |     84 | resp_msg[9]
     691+ |       4 |     147 |       31 |      1 |    41 |   +14.7% |   -1.393 |      -60.3 |     84 | resp_msg[9]
     692+ |       4 |     147 |       31 |      1 |    41 |   +14.7% |   -1.393 |      -60.3 |     84 | resp_msg[9]
     693+ |       4 |     147 |       31 |      1 |    41 |   +14.7% |   -1.393 |      -60.3 |     84 | resp_msg[9]
     695+ |       4 |     148 |       31 |      1 |    41 |   +14.8% |   -1.393 |      -60.3 |     84 | resp_msg[9]
     696+ |       4 |     148 |       31 |      1 |    41 |   +14.8% |   -1.393 |      -60.3 |     84 | resp_msg[9]
     697+ |       4 |     148 |       31 |      1 |    41 |   +14.8% |   -1.393 |      -60.3 |     84 | resp_msg[9]
     698+ |       4 |     148 |       31 |      1 |    41 |   +14.8% |   -1.393 |      -60.3 |     84 | resp_msg[9]
     699+ |       4 |     148 |       31 |      1 |    41 |   +14.8% |   -1.393 |      -60.3 |     84 | resp_msg[9]
     700+ |       4 |     148 |       31 |      1 |    41 |   +14.8% |   -1.393 |      -60.3 |     84 | resp_msg[9]
     700+ |       4 |     148 |       31 |      1 |    41 |   +14.8% |   -1.393 |      -60.3 |     84 | resp_msg[9]
     701+ |       4 |     148 |       31 |      1 |    41 |   +14.8% |   -1.393 |      -60.3 |     84 | resp_msg[9]
     702+ |       4 |     148 |       31 |      1 |    41 |   +14.8% |   -1.393 |      -60.3 |     84 | resp_msg[9]
     703+ |       4 |     148 |       31 |      1 |    41 |   +14.8% |   -1.393 |      -60.3 |     84 | resp_msg[9]
     704+ |       4 |     148 |       31 |      1 |    41 |   +14.8% |   -1.393 |      -60.3 |     84 | resp_msg[9]
     705+ |       4 |     148 |       31 |      1 |    41 |   +14.8% |   -1.393 |      -60.3 |     84 | resp_msg[9]
     706+ |       4 |     148 |       31 |      1 |    41 |   +14.8% |   -1.393 |      -60.3 |     84 | resp_msg[9]
     707+ |       4 |     148 |       31 |      1 |    41 |   +14.8% |   -1.393 |      -60.3 |     84 | resp_msg[9]
     708+ |       4 |     148 |       31 |      1 |    41 |   +14.8% |   -1.393 |      -60.3 |     84 | resp_msg[9]
     709+ |       4 |     148 |       31 |      1 |    41 |   +14.8% |   -1.393 |      -60.3 |     84 | resp_msg[9]
     710+ |       4 |     148 |       31 |      1 |    41 |   +14.8% |   -1.393 |      -60.3 |     84 | resp_msg[9]
     710+ |       4 |     148 |       31 |      1 |    41 |   +14.8% |   -1.393 |      -60.3 |     84 | resp_msg[9]
     711+ |       4 |     148 |       31 |      1 |    41 |   +14.8% |   -1.393 |      -60.3 |     84 | resp_msg[9]
     713+ |       4 |     149 |       31 |      1 |    41 |   +14.9% |   -1.393 |      -60.3 |     84 | resp_msg[9]
    final |       4 |     149 |       31 |      1 |    41 |   +14.9% |   -1.393 |      -60.3 |     84 | resp_msg[9]
------------------------------------------------------------------------------------------------------------------------------
[INFO RSZ-0059] Removed 4 buffers.
[INFO RSZ-0040] Inserted 31 buffers.
[INFO RSZ-0051] Resized 149 instances: 149 up, 0 up match, 0 down, 0 VT
[INFO RSZ-0043] Swapped pins on 41 instances.
[INFO RSZ-0049] Cloned 1 instances.
[WARNING RSZ-0062] Unable to repair all setup violations.
[INFO RSZ-0505] Runtime: 3.51s
[INFO RSZ-0033] No hold violations found.
[INFO RSZ-0506] Runtime: 0.01s
Warning: master sky130_ef_sc_hd__decap_12 has signal pins but no liberty cell
Elapsed time: 0:00.50[h:]min:sec. CPU time: user 0.34 sys 0.03 (73%). Peak memory: 20352KB.
Repair timing output passed lec test
detailed_placement
[INFO DPL-0006] Core area: 5204.99 um^2
[INFO DPL-0007] Movable instances area: 4644.45 um^2
[INFO DPL-0008] Fixed instances area within core: 87.58 um^2
[INFO DPL-0009] Utilization: 90.9%
[INFO DPL-0005] Diamond search max displacement: +/- 500 sites horizontally, +/- 100 rows vertically.
[INFO DPL-1102] Legalizing using negotiation legalizer.
[INFO DPL-1103] Negotiation base search window: +/-20 sites horizontally, +/-5 rows vertically 
	Automatic search window extension enabled.
	Search window extendable up to the max displacement cap of +/-500 sites, +/-100 rows near walls.
[INFO DPL-1104] NegotiationLegalizer DRC penalty: 5.
[INFO DPL-0392] Negotiation cell height distribution (1 unique row-count(s)):
[INFO DPL-0393]   height 1 row(s): 511 cells
          |      Total |  Illegal |  Illegal
Iteration | Violations |    Cells |    Sites
---------------------------------------------
        0 |        791 |       123 |       650
        1 |        488 |        74 |       405
        2 |        367 |        53 |       311
        3 |        341 |        43 |       283
        4 |        270 |        36 |       231
        5 |        255 |        23 |       208
        6 |        231 |        27 |       204
        7 |        178 |        22 |       156
        8 |        253 |        21 |       232
        9 |        143 |        13 |       118
       10 |        158 |        16 |       142
       20 |         14 |         2 |        12
       21 |          0 |         0 |         0
Negotiation phase 1 converged at iteration 21.
[INFO DPL-0500] Runtime: 0.06s
Detailed Placement Analysis
---------------------------------
legalizer            negotiation
total moves                1038
total displacement       1347.2 u
average displacement        2.6 u
max displacement           24.6 u
original HPWL            6197.9 u
legalized HPWL           7594.0 u
delta HPWL                   23 %

estimate_parasitics -placement
Report metrics stage 4, cts final...

==========================================================================
cts final report_design_area
--------------------------------------------------------------------------
Design area 4732 um^2 91% utilization.
write_db ./results/sky130hd/gcd/base/4_1_cts.odb
write_sdc -no_timestamp ./results/sky130hd/gcd/base/4_cts.sdc
Elapsed time: 0:05.73[h:]min:sec. CPU time: user 4.23 sys 0.68 (85%). Peak memory: 157800KB.
Log                    Ext     Elapsed      CPU     CPU/ Peak Mem sha1sum
                                     s        s  Elapsed       MB [0:10)
4_1_cts                .odb          0        0     0.74       19 616f575677
