[2026-10-08 06:02:47.560] [kepler_formal_main_logger] [info] [KeplerFormal.cpp:2121] KEPLER FORMAL: Run.
[2026-10-08 06:02:47.560] [kepler_formal_main_logger] [info] [KeplerFormal.cpp:2145] Input format: VERILOG
[2026-10-08 06:02:47.560] [kepler_formal_main_logger] [info] [KeplerFormal.cpp:837] Netlist 1: ./results/sky130hd/gcd/base/4_before_rsz_lec.v
[2026-10-08 06:02:47.560] [kepler_formal_main_logger] [info] [KeplerFormal.cpp:837] Netlist 2: ./results/sky130hd/gcd/base/4_after_rsz_lec.v
[2026-10-08 06:02:47.560] [kepler_formal_main_logger] [info] [KeplerFormal.cpp:2312] Solver: KISSAT
[2026-10-08 06:02:47.560] [kepler_formal_main_logger] [info] [KeplerFormal.cpp:2313] Verification: lec
[2026-10-08 06:02:47.560] [kepler_formal_main_logger] [info] [KeplerFormal.cpp:2328] Compact mode: disabled
[2026-10-08 06:02:47.560] [kepler_formal_main_logger] [info] [KeplerFormal.cpp:2329] Skipped PO reports: disabled
[2026-10-08 06:02:47.560] [kepler_formal_main_logger] [info] [KeplerFormal.cpp:2331] Library: /OpenROAD-flow-scripts/flow/platforms/sky130hd/lib/sky130_fd_sc_hd__tt_025C_1v80.lib
[2026-10-08 06:02:47.562] [kepler_formal_main_logger] [info] [KeplerFormal.cpp:2562] Loading library file: /OpenROAD-flow-scripts/flow/platforms/sky130hd/lib/sky130_fd_sc_hd__tt_025C_1v80.lib
2026-10-08 06:02:47,707 [naja] [warning] In SNLLibertyConstructor, cell sky130_fd_sc_hd__dlclkp_1 from /OpenROAD-flow-scripts/flow/platforms/sky130hd/lib/sky130_fd_sc_hd__tt_025C_1v80.lib uses unsupported Liberty statetable/state_function behavioral modeling; leaving its truth table uninitialized while preserving independently supported timing/modeling.
2026-10-08 06:02:47,707 [naja] [warning] In SNLLibertyConstructor, cell sky130_fd_sc_hd__dlclkp_2 from /OpenROAD-flow-scripts/flow/platforms/sky130hd/lib/sky130_fd_sc_hd__tt_025C_1v80.lib uses unsupported Liberty statetable/state_function behavioral modeling; leaving its truth table uninitialized while preserving independently supported timing/modeling.
2026-10-08 06:02:47,707 [naja] [warning] In SNLLibertyConstructor, cell sky130_fd_sc_hd__dlclkp_4 from /OpenROAD-flow-scripts/flow/platforms/sky130hd/lib/sky130_fd_sc_hd__tt_025C_1v80.lib uses unsupported Liberty statetable/state_function behavioral modeling; leaving its truth table uninitialized while preserving independently supported timing/modeling.
2026-10-08 06:02:47,711 [naja] [warning] In SNLLibertyConstructor, cell sky130_fd_sc_hd__sdlclkp_1 from /OpenROAD-flow-scripts/flow/platforms/sky130hd/lib/sky130_fd_sc_hd__tt_025C_1v80.lib uses unsupported Liberty statetable/state_function behavioral modeling; leaving its truth table uninitialized while preserving independently supported timing/modeling.
2026-10-08 06:02:47,711 [naja] [warning] In SNLLibertyConstructor, cell sky130_fd_sc_hd__sdlclkp_2 from /OpenROAD-flow-scripts/flow/platforms/sky130hd/lib/sky130_fd_sc_hd__tt_025C_1v80.lib uses unsupported Liberty statetable/state_function behavioral modeling; leaving its truth table uninitialized while preserving independently supported timing/modeling.
2026-10-08 06:02:47,711 [naja] [warning] In SNLLibertyConstructor, cell sky130_fd_sc_hd__sdlclkp_4 from /OpenROAD-flow-scripts/flow/platforms/sky130hd/lib/sky130_fd_sc_hd__tt_025C_1v80.lib uses unsupported Liberty statetable/state_function behavioral modeling; leaving its truth table uninitialized while preserving independently supported timing/modeling.
2026-10-08 06:02:47,714 [naja] [info] Parsing verilog file(s) for design 1
2026-10-08 06:02:47,724 [naja] [info] Found top design: gcd
2026-10-08 06:02:47,724 [naja] [info] Loading library file: /OpenROAD-flow-scripts/flow/platforms/sky130hd/lib/sky130_fd_sc_hd__tt_025C_1v80.lib
2026-10-08 06:02:47,834 [naja] [warning] In SNLLibertyConstructor, cell sky130_fd_sc_hd__dlclkp_1 from /OpenROAD-flow-scripts/flow/platforms/sky130hd/lib/sky130_fd_sc_hd__tt_025C_1v80.lib uses unsupported Liberty statetable/state_function behavioral modeling; leaving its truth table uninitialized while preserving independently supported timing/modeling.
2026-10-08 06:02:47,834 [naja] [warning] In SNLLibertyConstructor, cell sky130_fd_sc_hd__dlclkp_2 from /OpenROAD-flow-scripts/flow/platforms/sky130hd/lib/sky130_fd_sc_hd__tt_025C_1v80.lib uses unsupported Liberty statetable/state_function behavioral modeling; leaving its truth table uninitialized while preserving independently supported timing/modeling.
2026-10-08 06:02:47,835 [naja] [warning] In SNLLibertyConstructor, cell sky130_fd_sc_hd__dlclkp_4 from /OpenROAD-flow-scripts/flow/platforms/sky130hd/lib/sky130_fd_sc_hd__tt_025C_1v80.lib uses unsupported Liberty statetable/state_function behavioral modeling; leaving its truth table uninitialized while preserving independently supported timing/modeling.
2026-10-08 06:02:47,839 [naja] [warning] In SNLLibertyConstructor, cell sky130_fd_sc_hd__sdlclkp_1 from /OpenROAD-flow-scripts/flow/platforms/sky130hd/lib/sky130_fd_sc_hd__tt_025C_1v80.lib uses unsupported Liberty statetable/state_function behavioral modeling; leaving its truth table uninitialized while preserving independently supported timing/modeling.
2026-10-08 06:02:47,839 [naja] [warning] In SNLLibertyConstructor, cell sky130_fd_sc_hd__sdlclkp_2 from /OpenROAD-flow-scripts/flow/platforms/sky130hd/lib/sky130_fd_sc_hd__tt_025C_1v80.lib uses unsupported Liberty statetable/state_function behavioral modeling; leaving its truth table uninitialized while preserving independently supported timing/modeling.
2026-10-08 06:02:47,839 [naja] [warning] In SNLLibertyConstructor, cell sky130_fd_sc_hd__sdlclkp_4 from /OpenROAD-flow-scripts/flow/platforms/sky130hd/lib/sky130_fd_sc_hd__tt_025C_1v80.lib uses unsupported Liberty statetable/state_function behavioral modeling; leaving its truth table uninitialized while preserving independently supported timing/modeling.
2026-10-08 06:02:47,842 [naja] [info] Parsing verilog file(s) for design 2
2026-10-08 06:02:47,852 [naja] [info] Found top design: gcd
2026-10-08 06:02:47,933 [naja] [info] No difference was found.
Elapsed time: 0:00.50[h:]min:sec. CPU time: user 0.34 sys 0.03 (73%). Peak memory: 20352KB.
