OpenROAD unknown 
Features included (+) or not (-): -GPU +GUI -Python
This program is licensed under the BSD-3 license. See the LICENSE file for details.
Components of this program may be licensed under more restrictive licenses which must be honored.
[INFO ORD-0030] Using 2 thread(s).
read_liberty /OpenROAD-flow-scripts/flow/platforms/sky130hd/lib/sky130_fd_sc_hd__tt_025C_1v80.lib
read_db -hier ./results/sky130hd/gcd/base/4_cts.odb
[WARNING ORD-0012] Hierarchical flow (-hier) is currently in development and may cause multiple issues. Do not use in production environments.
read_sdc ./results/sky130hd/gcd/base/4_cts.sdc
source /OpenROAD-flow-scripts/flow/platforms/sky130hd/setRC.tcl
pin_access
[INFO DRT-0149] Reading tech and libs.
[WARNING DRT-0349] LEF58_ENCLOSURE with no CUTCLASS is not supported. Skipping for layer mcon
[WARNING DRT-0349] LEF58_ENCLOSURE with no CUTCLASS is not supported. Skipping for layer mcon
[WARNING DRT-0349] LEF58_ENCLOSURE with no CUTCLASS is not supported. Skipping for layer via
[WARNING DRT-0349] LEF58_ENCLOSURE with no CUTCLASS is not supported. Skipping for layer via
[WARNING DRT-0349] LEF58_ENCLOSURE with no CUTCLASS is not supported. Skipping for layer via2
[WARNING DRT-0349] LEF58_ENCLOSURE with no CUTCLASS is not supported. Skipping for layer via2
[WARNING DRT-0349] LEF58_ENCLOSURE with no CUTCLASS is not supported. Skipping for layer via3
[WARNING DRT-0349] LEF58_ENCLOSURE with no CUTCLASS is not supported. Skipping for layer via3
[WARNING DRT-0349] LEF58_ENCLOSURE with no CUTCLASS is not supported. Skipping for layer via4
[WARNING DRT-0349] LEF58_ENCLOSURE with no CUTCLASS is not supported. Skipping for layer via4

Units:                1000
Number of layers:     13
Number of macros:     441
Number of vias:       29
Number of viarulegen: 25

[INFO DRT-0150] Reading design.

Design:                   gcd
Die area:                 ( 0 0 ) ( 76215 76215 )
Number of track patterns: 12
Number of DEF vias:       0
Number of components:     511
Number of terminals:      56
Number of snets:          2
Number of nets:           474

[INFO DRT-0167] List of default vias:
  Layer via
    default via: M1M2_PR
  Layer via2
    default via: M2M3_PR
  Layer via3
    default via: M3M4_PR
  Layer via4
    default via: M4M5_PR
[INFO DRT-0162] Library cell analysis.
[INFO DRT-0163] Instance analysis.
[INFO DRT-0164] Number of unique instances = 95.
[INFO DRT-0168] Init region query.
[INFO DRT-0024]   Complete FR_MASTERSLICE.
[INFO DRT-0024]   Complete Fr_VIA.
[INFO DRT-0024]   Complete li1.
[INFO DRT-0024]   Complete mcon.
[INFO DRT-0024]   Complete met1.
[INFO DRT-0024]   Complete via.
[INFO DRT-0024]   Complete met2.
[INFO DRT-0024]   Complete via2.
[INFO DRT-0024]   Complete met3.
[INFO DRT-0024]   Complete via3.
[INFO DRT-0024]   Complete met4.
[INFO DRT-0024]   Complete via4.
[INFO DRT-0024]   Complete met5.
[INFO DRT-0033] FR_MASTERSLICE shape region query size = 0.
[INFO DRT-0033] FR_VIA shape region query size = 0.
[INFO DRT-0033] li1 shape region query size = 12864.
[INFO DRT-0033] mcon shape region query size = 7998.
[INFO DRT-0033] met1 shape region query size = 1785.
[INFO DRT-0033] via shape region query size = 340.
[INFO DRT-0033] met2 shape region query size = 233.
[INFO DRT-0033] via2 shape region query size = 272.
[INFO DRT-0033] met3 shape region query size = 229.
[INFO DRT-0033] via3 shape region query size = 272.
[INFO DRT-0033] met4 shape region query size = 86.
[INFO DRT-0033] via4 shape region query size = 13.
[INFO DRT-0033] met5 shape region query size = 23.
[INFO DRT-0165] Start pin access.
[INFO DRT-0078]   Complete 706 pins.
[INFO DRT-0081]   Complete 95 unique inst patterns.
[INFO DRT-0084]   Complete 205 groups.
#scanned instances     = 511
#unique  instances     = 95
#stdCellGenAp          = 2528
#stdCellValidPlanarAp  = 14
#stdCellValidViaAp     = 1880
#stdCellPinNoAp        = 0
#stdCellPinCnt         = 1316
#instTermValidViaApCnt = 0
#macroGenAp            = 0
#macroValidPlanarAp    = 0
#macroValidViaAp       = 0
#macroNoAp             = 0
[INFO DRT-0166] Complete pin access.
[INFO DRT-0267] cpu time = 00:00:38, elapsed time = 00:00:21, memory = 112.92 (MB), peak = 112.62 (MB)
Took 21 seconds: pin_access
global_route -congestion_report_file ./reports/sky130hd/gcd/base/congestion.rpt -congestion_iterations 30 -congestion_report_iter_step 5 -verbose
[INFO GRT-0020] Min routing layer: met1
[INFO GRT-0021] Max routing layer: met5
[INFO GRT-0022] Global adjustment: 0%
[INFO GRT-0023] Grid origin: (0, 0)
[INFO GRT-0088] Layer li1     Track-Pitch = 0.4600  line-2-Via Pitch: 0.3400
[INFO GRT-0088] Layer met1    Track-Pitch = 0.3400  line-2-Via Pitch: 0.3400
[INFO GRT-0088] Layer met2    Track-Pitch = 0.4600  line-2-Via Pitch: 0.3500
[INFO GRT-0088] Layer met3    Track-Pitch = 0.6800  line-2-Via Pitch: 0.6150
[INFO GRT-0088] Layer met4    Track-Pitch = 0.9200  line-2-Via Pitch: 1.0400
[INFO GRT-0088] Layer met5    Track-Pitch = 3.4000  line-2-Via Pitch: 3.1100
[INFO GRT-0003] Macros: 0
[INFO GRT-0004] Blockages: 983
[INFO GRT-0019] Found 6 clock nets.
[INFO GRT-0001] Minimum degree: 2
[INFO GRT-0002] Maximum degree: 23

[INFO GRT-0053] Routing resources analysis:
          Routing      Original      Derated      Resource
Layer     Direction    Resources     Resources    Reduction (%)
---------------------------------------------------------------
li1        Vertical            0             0          0.00%
met1       Horizontal       1657          1284          22.51%
met2       Vertical         1440          1110          22.92%
met3       Horizontal       1065           835          21.60%
met4       Vertical          700           520          25.71%
met5       Horizontal        170           110          35.29%
---------------------------------------------------------------

[INFO GRT-0197] Via related to pin nodes: 2334
[INFO GRT-0198] Via related Steiner nodes: 36
[INFO GRT-0199] Via filling finished.
[INFO GRT-0111] Final number of vias: 2920
[INFO GRT-0112] Final usage 3D: 10008

[INFO GRT-0096] Final congestion report:
Layer         Resource        Demand        Usage (%)    Max H / Max V / Total Congestion
---------------------------------------------------------------------------------------
li1                  0             0            0.00%             0 /  0 /  0
met1              1284           573           44.63%             0 /  0 /  0
met2              1110           585           52.70%             0 /  0 /  0
met3               835            50            5.99%             0 /  0 /  0
met4               520            40            7.69%             0 /  0 /  0
met5               110             0            0.00%             0 /  0 /  0
---------------------------------------------------------------------------------------
Total             3859          1248           32.34%             0 /  0 /  0

[INFO GRT-0018] Total wirelength: 14683 um
[INFO GRT-0014] Routed nets: 474
[INFO GRT-0303] Global routing runtime = 00:00:00
[WARNING STA-0450] virtual clock vclk_core_clock can not be propagated.
estimate_parasitics -global_routing
Perform buffer insertion and gate resizing...
repair_design -verbose
Iteration |   Area    | Resized | Buffers | Nets repaired | Remaining
---------------------------------------------------------------------
        0 |     +0.0% |       0 |       0 |             0 |       479
       10 |     +0.0% |       0 |       0 |             0 |       469
       20 |     +0.0% |       0 |       0 |             0 |       459
       30 |     +0.0% |       0 |       0 |             0 |       449
       40 |     +0.0% |       0 |       0 |             0 |       439
       50 |     +0.0% |       0 |       0 |             0 |       429
       60 |     +0.0% |       0 |       0 |             0 |       419
       70 |     +0.0% |       0 |       0 |             0 |       409
       80 |     +0.0% |       0 |       0 |             0 |       399
       90 |     +0.0% |       0 |       0 |             0 |       389
      100 |     +0.0% |       0 |       0 |             0 |       379
      110 |     +0.0% |       0 |       0 |             0 |       369
      120 |     +0.0% |       0 |       0 |             0 |       359
      130 |     +0.0% |       0 |       0 |             0 |       349
      140 |     +0.0% |       0 |       0 |             0 |       339
      150 |     +0.0% |       0 |       0 |             0 |       329
      160 |     +0.0% |       0 |       0 |             0 |       319
      170 |     +0.0% |       0 |       0 |             0 |       309
      180 |     +0.0% |       0 |       0 |             0 |       299
      190 |     +0.0% |       0 |       0 |             0 |       289
      200 |     +0.0% |       0 |       0 |             0 |       279
      210 |     +0.0% |       0 |       0 |             0 |       269
      220 |     +0.0% |       0 |       0 |             0 |       259
      230 |     +0.0% |       0 |       0 |             0 |       249
      240 |     +0.0% |       0 |       0 |             0 |       239
      250 |     +0.0% |       0 |       0 |             0 |       229
      260 |     +0.0% |       0 |       0 |             0 |       219
      270 |     +0.0% |       0 |       0 |             0 |       209
      280 |     +0.0% |       0 |       0 |             0 |       199
      290 |     +0.0% |       0 |       0 |             0 |       189
      300 |     +0.0% |       0 |       0 |             0 |       179
      310 |     +0.0% |       0 |       0 |             0 |       169
      320 |     +0.0% |       0 |       0 |             0 |       159
      330 |     +0.0% |       0 |       0 |             0 |       149
      340 |     +0.0% |       0 |       0 |             0 |       139
      350 |     +0.0% |       0 |       0 |             0 |       129
      360 |     +0.0% |       0 |       0 |             0 |       119
      370 |     +0.0% |       0 |       0 |             0 |       109
      380 |     +0.0% |       0 |       0 |             0 |        99
      390 |     +0.0% |       0 |       0 |             0 |        89
      400 |     +0.0% |       0 |       0 |             0 |        79
      410 |     +0.0% |       0 |       0 |             0 |        69
      420 |     +0.0% |       0 |       0 |             0 |        59
      430 |     +0.0% |       0 |       0 |             0 |        49
      440 |     +0.0% |       0 |       0 |             0 |        39
      450 |     +0.0% |       0 |       0 |             0 |        29
      460 |     +0.0% |       0 |       0 |             0 |        19
      470 |     +0.0% |       0 |       0 |             0 |         9
    final |     +0.0% |       0 |       0 |             0 |         0
---------------------------------------------------------------------
[INFO RSZ-0504] Runtime: 0.06s
global_route -start_incremental
detailed_placement
[INFO DPL-0006] Core area: 5204.99 um^2
[INFO DPL-0007] Movable instances area: 4644.45 um^2
[INFO DPL-0008] Fixed instances area within core: 87.58 um^2
[INFO DPL-0009] Utilization: 90.9%
[INFO DPL-0005] Diamond search max displacement: +/- 500 sites horizontally, +/- 100 rows vertically.
[INFO DPL-1102] Legalizing using negotiation legalizer.
[INFO DPL-1103] Negotiation base search window: +/-20 sites horizontally, +/-5 rows vertically 
	Automatic search window extension enabled.
	Search window extendable up to the max displacement cap of +/-500 sites, +/-100 rows near walls.
[INFO DPL-1104] NegotiationLegalizer DRC penalty: 5.
[INFO DPL-0392] Negotiation cell height distribution (1 unique row-count(s)):
[INFO DPL-0393]   height 1 row(s): 511 cells
[INFO DPL-0500] Runtime: 0.00s
Detailed Placement Analysis
---------------------------------
legalizer            negotiation
total moves                   0
total displacement          0.0 u
average displacement        0.0 u
max displacement            0.0 u
original HPWL            7594.0 u
legalized HPWL           7594.0 u
delta HPWL                    0 %

global_route -end_incremental -congestion_report_file ./reports/sky130hd/gcd/base/congestion_post_repair_design.rpt
Repair setup and hold violations...
estimate_parasitics -global_routing
repair_timing -setup_margin 0 -hold_margin 0 -repair_tns 100 -verbose
[INFO RSZ-0100] Repair move sequence: UnbufferMove SizeUpMove SwapPinsMove BufferMove CloneMove SplitLoadMove 
[INFO RSZ-0094] Found 85 endpoints with setup violations.
[INFO RSZ-0099] Repairing 85 out of 85 (100.00%) violating endpoints...
   Iter   | Removed | Resized | Inserted | Cloned |  Pin  |   Area   |    WNS   |    TNS     |  Viol  |  Worst
          | Buffers |  Gates  | Buffers  |  Gates | Swaps |          |          |            | Endpts | Endpoint
------------------------------------------------------------------------------------------------------------------------------
       0* |       0 |       0 |        0 |      0 |     0 |    +0.0% |   -1.621 |      -71.0 |     85 | dpath.a_reg.out\[15\]$_DFFE_PP_/D
      10* |       0 |       0 |        4 |      0 |     6 |    +0.6% |   -1.570 |      -70.5 |     85 | dpath.a_reg.out\[15\]$_DFFE_PP_/D
      20* |       0 |       6 |        5 |      0 |     9 |    +1.5% |   -1.557 |      -69.3 |     85 | resp_msg[9]
      30* |       0 |      13 |        6 |      0 |    11 |    +2.4% |   -1.599 |      -69.5 |     85 | dpath.a_reg.out\[15\]$_DFFE_PP_/D
      37* |       0 |      13 |        6 |      0 |    10 |    +2.4% |   -1.451 |      -68.5 |     85 | dpath.a_reg.out\[15\]$_DFFE_PP_/D
      40* |       0 |      15 |        6 |      0 |    10 |    +2.6% |   -1.451 |      -68.0 |     85 | dpath.a_reg.out\[15\]$_DFFE_PP_/D
      50* |       0 |      18 |        8 |      0 |    15 |    +3.3% |   -1.457 |      -68.7 |     85 | dpath.a_reg.out\[10\]$_DFFE_PP_/D
      53* |       0 |      17 |        6 |      0 |    10 |    +2.9% |   -1.451 |      -67.9 |     85 | dpath.a_reg.out\[15\]$_DFFE_PP_/D
      59* |       0 |      20 |        6 |      0 |    12 |    +2.9% |   -1.451 |      -67.8 |     85 | dpath.a_reg.out\[15\]$_DFFE_PP_/D
      60* |       0 |      20 |        6 |      0 |    12 |    +2.9% |   -1.451 |      -67.8 |     85 | dpath.a_reg.out\[15\]$_DFFE_PP_/D
      70* |       0 |      22 |        8 |      0 |    18 |    +3.4% |   -1.457 |      -67.9 |     85 | dpath.a_reg.out\[15\]$_DFFE_PP_/D
      77* |       0 |      20 |        7 |      0 |    12 |    +3.1% |   -1.451 |      -67.8 |     85 | dpath.a_reg.out\[15\]$_DFFE_PP_/D
      80* |       0 |      20 |        8 |      0 |    13 |    +3.2% |   -1.451 |      -67.7 |     85 | dpath.a_reg.out\[15\]$_DFFE_PP_/D
      84* |       0 |      22 |        9 |      0 |    14 |    +3.6% |   -1.451 |      -67.4 |     85 | dpath.a_reg.out\[15\]$_DFFE_PP_/D
      87* |       0 |      23 |        9 |      0 |    14 |    +3.7% |   -1.451 |      -67.4 |     85 | dpath.a_reg.out\[15\]$_DFFE_PP_/D
      90* |       0 |      24 |        9 |      0 |    15 |    +3.8% |   -1.451 |      -67.5 |     85 | dpath.a_reg.out\[15\]$_DFFE_PP_/D
      90* |       0 |      23 |        9 |      0 |    14 |    +3.7% |   -1.451 |      -67.4 |     85 | dpath.a_reg.out\[15\]$_DFFE_PP_/D
      97* |       0 |      24 |       10 |      0 |    16 |    +4.1% |   -1.451 |      -67.5 |     85 | dpath.a_reg.out\[15\]$_DFFE_PP_/D
     100* |       0 |      26 |       10 |      0 |    16 |    +4.2% |   -1.451 |      -67.4 |     85 | dpath.a_reg.out\[15\]$_DFFE_PP_/D
     102* |       0 |      24 |       10 |      0 |    16 |    +4.1% |   -1.451 |      -67.5 |     85 | dpath.a_reg.out\[15\]$_DFFE_PP_/D
     104* |       0 |      24 |       11 |      0 |    16 |    +4.3% |   -1.445 |      -67.6 |     85 | dpath.a_reg.out\[15\]$_DFFE_PP_/D
     106* |       0 |      24 |       11 |      0 |    17 |    +4.3% |   -1.445 |      -67.6 |     85 | dpath.a_reg.out\[15\]$_DFFE_PP_/D
     109* |       0 |      25 |       11 |      0 |    17 |    +4.4% |   -1.445 |      -67.6 |     85 | dpath.a_reg.out\[15\]$_DFFE_PP_/D
     110* |       0 |      25 |       11 |      0 |    17 |    +4.4% |   -1.445 |      -67.6 |     85 | dpath.a_reg.out\[15\]$_DFFE_PP_/D
     112* |       0 |      25 |       11 |      0 |    19 |    +4.4% |   -1.445 |      -67.5 |     85 | dpath.a_reg.out\[15\]$_DFFE_PP_/D
     114* |       0 |      25 |       11 |      0 |    19 |    +4.4% |   -1.445 |      -67.5 |     85 | dpath.a_reg.out\[15\]$_DFFE_PP_/D
     120* |       0 |      28 |       12 |      0 |    20 |    +4.5% |   -1.448 |      -67.2 |     85 | dpath.a_reg.out\[15\]$_DFFE_PP_/D
     121* |       0 |      25 |       12 |      0 |    19 |    +4.5% |   -1.445 |      -67.5 |     85 | dpath.a_reg.out\[15\]$_DFFE_PP_/D
     123* |       0 |      25 |       12 |      0 |    19 |    +4.5% |   -1.445 |      -67.5 |     85 | dpath.a_reg.out\[15\]$_DFFE_PP_/D
     127* |       0 |      25 |       12 |      0 |    19 |    +4.5% |   -1.445 |      -67.5 |     85 | dpath.a_reg.out\[15\]$_DFFE_PP_/D
     130* |       0 |      25 |       12 |      0 |    21 |    +4.5% |   -1.445 |      -67.5 |     85 | dpath.a_reg.out\[15\]$_DFFE_PP_/D
     130* |       0 |      25 |       12 |      0 |    19 |    +4.5% |   -1.445 |      -67.5 |     85 | dpath.a_reg.out\[15\]$_DFFE_PP_/D
     132* |       0 |      25 |       12 |      0 |    19 |    +4.5% |   -1.445 |      -67.5 |     85 | dpath.a_reg.out\[15\]$_DFFE_PP_/D
     140* |       0 |      30 |       13 |      0 |    20 |    +5.3% |   -1.445 |      -67.6 |     85 | dpath.a_reg.out\[15\]$_DFFE_PP_/D
     150* |       2 |      31 |       17 |      0 |    23 |    +5.8% |   -1.445 |      -66.8 |     85 | dpath.a_reg.out\[15\]$_DFFE_PP_/D
     160* |       7 |      31 |       22 |      0 |    23 |    +5.8% |   -1.445 |      -66.8 |     85 | dpath.a_reg.out\[15\]$_DFFE_PP_/D
     170* |      12 |      31 |       27 |      0 |    23 |    +5.8% |   -1.445 |      -66.8 |     85 | dpath.a_reg.out\[15\]$_DFFE_PP_/D
     180* |      17 |      31 |       32 |      0 |    23 |    +5.8% |   -1.445 |      -66.8 |     85 | dpath.a_reg.out\[15\]$_DFFE_PP_/D
     185* |       0 |      27 |       12 |      0 |    19 |    +4.7% |   -1.445 |      -66.7 |     85 | dpath.a_reg.out\[15\]$_DFFE_PP_/D
     187* |       0 |      27 |       12 |      0 |    19 |    +4.7% |   -1.445 |      -66.7 |     85 | dpath.a_reg.out\[15\]$_DFFE_PP_/D
     190* |       0 |      28 |       13 |      0 |    19 |    +5.0% |   -1.445 |      -66.2 |     85 | dpath.a_reg.out\[15\]$_DFFE_PP_/D
     200* |       0 |      28 |       17 |      1 |    24 |    +6.2% |   -1.445 |      -67.4 |     85 | dpath.a_reg.out\[15\]$_DFFE_PP_/D
     201* |       0 |      27 |       12 |      0 |    19 |    +4.7% |   -1.445 |      -66.7 |     85 | dpath.a_reg.out\[15\]$_DFFE_PP_/D
     209* |       0 |      27 |       12 |      0 |    19 |    +4.7% |   -1.445 |      -66.7 |     85 | dpath.a_reg.out\[15\]$_DFFE_PP_/D
     210* |       0 |      27 |       12 |      0 |    19 |    +4.7% |   -1.445 |      -66.7 |     85 | dpath.a_reg.out\[15\]$_DFFE_PP_/D
     217* |       0 |      27 |       12 |      0 |    19 |    +4.7% |   -1.445 |      -66.7 |     85 | dpath.a_reg.out\[15\]$_DFFE_PP_/D
     220* |       0 |      28 |       13 |      0 |    19 |    +5.0% |   -1.445 |      -66.2 |     85 | dpath.a_reg.out\[15\]$_DFFE_PP_/D
     225* |       0 |      27 |       12 |      0 |    19 |    +4.7% |   -1.445 |      -66.7 |     85 | dpath.a_reg.out\[15\]$_DFFE_PP_/D
     230* |       0 |      28 |       14 |      1 |    19 |    +5.7% |   -1.445 |      -67.1 |     85 | dpath.a_reg.out\[15\]$_DFFE_PP_/D
     233* |       0 |      27 |       12 |      0 |    19 |    +4.7% |   -1.445 |      -66.7 |     85 | dpath.a_reg.out\[15\]$_DFFE_PP_/D
     240* |       0 |      28 |       16 |      1 |    19 |    +6.0% |   -1.445 |      -67.1 |     85 | dpath.a_reg.out\[15\]$_DFFE_PP_/D
     241* |       0 |      27 |       12 |      0 |    19 |    +4.7% |   -1.445 |      -66.7 |     85 | dpath.a_reg.out\[15\]$_DFFE_PP_/D
     249* |       0 |      27 |       12 |      0 |    19 |    +4.7% |   -1.445 |      -66.7 |     85 | dpath.a_reg.out\[15\]$_DFFE_PP_/D
     250* |       0 |      27 |       12 |      0 |    19 |    +4.7% |   -1.445 |      -66.7 |     85 | dpath.a_reg.out\[15\]$_DFFE_PP_/D
     257* |       0 |      27 |       12 |      0 |    19 |    +4.7% |   -1.445 |      -66.7 |     85 | dpath.a_reg.out\[15\]$_DFFE_PP_/D
     260* |       0 |      28 |       13 |      0 |    19 |    +5.0% |   -1.445 |      -66.2 |     85 | dpath.a_reg.out\[15\]$_DFFE_PP_/D
     265* |       0 |      27 |       12 |      0 |    19 |    +4.7% |   -1.445 |      -66.7 |     85 | dpath.a_reg.out\[15\]$_DFFE_PP_/D
     270* |       0 |      28 |       14 |      1 |    19 |    +5.7% |   -1.445 |      -67.1 |     85 | dpath.a_reg.out\[15\]$_DFFE_PP_/D
     273* |       0 |      27 |       12 |      0 |    19 |    +4.7% |   -1.445 |      -66.7 |     85 | dpath.a_reg.out\[15\]$_DFFE_PP_/D
     280* |       0 |      28 |       16 |      1 |    19 |    +6.0% |   -1.445 |      -67.1 |     85 | dpath.a_reg.out\[15\]$_DFFE_PP_/D
     281* |       0 |      27 |       12 |      0 |    19 |    +4.7% |   -1.445 |      -66.7 |     85 | dpath.a_reg.out\[15\]$_DFFE_PP_/D
     288* |       0 |      27 |       12 |      0 |    19 |    +4.7% |   -1.445 |      -66.7 |     85 | dpath.a_reg.out\[15\]$_DFFE_PP_/D
     290* |       0 |      28 |       12 |      0 |    19 |    +4.8% |   -1.445 |      -66.3 |     85 | dpath.a_reg.out\[15\]$_DFFE_PP_/D
     295* |       0 |      27 |       12 |      0 |    19 |    +4.7% |   -1.445 |      -66.7 |     85 | dpath.a_reg.out\[15\]$_DFFE_PP_/D
     300* |       0 |      28 |       15 |      0 |    19 |    +5.3% |   -1.445 |      -66.2 |     85 | dpath.a_reg.out\[15\]$_DFFE_PP_/D
     302* |       0 |      27 |       12 |      0 |    19 |    +4.7% |   -1.445 |      -66.7 |     85 | dpath.a_reg.out\[15\]$_DFFE_PP_/D
     309* |       0 |      27 |       12 |      0 |    19 |    +4.7% |   -1.445 |      -66.7 |     85 | dpath.a_reg.out\[15\]$_DFFE_PP_/D
     310* |       0 |      27 |       12 |      0 |    19 |    +4.7% |   -1.445 |      -66.7 |     85 | dpath.a_reg.out\[15\]$_DFFE_PP_/D
     316* |       0 |      27 |       12 |      0 |    19 |    +4.7% |   -1.445 |      -66.7 |     85 | dpath.a_reg.out\[15\]$_DFFE_PP_/D
     320* |       0 |      28 |       12 |      0 |    21 |    +4.8% |   -1.445 |      -66.7 |     85 | dpath.a_reg.out\[15\]$_DFFE_PP_/D
     321* |       1 |      28 |       12 |      0 |    21 |    +4.5% |   -1.445 |      -66.5 |     85 | dpath.a_reg.out\[15\]$_DFFE_PP_/D
     323* |       1 |      29 |       12 |      0 |    21 |    +4.4% |   -1.445 |      -66.5 |     85 | dpath.a_reg.out\[15\]$_DFFE_PP_/D
     329* |       3 |      31 |       12 |      0 |    21 |    +4.3% |   -1.445 |      -66.6 |     85 | dpath.a_reg.out\[15\]$_DFFE_PP_/D
     330* |       3 |      31 |       12 |      0 |    21 |    +4.3% |   -1.445 |      -66.6 |     85 | dpath.a_reg.out\[15\]$_DFFE_PP_/D
     335* |       3 |      32 |       12 |      0 |    22 |    +4.4% |   -1.445 |      -66.6 |     85 | dpath.a_reg.out\[15\]$_DFFE_PP_/D
     340* |       3 |      34 |       12 |      0 |    24 |    +4.8% |   -1.445 |      -66.6 |     85 | dpath.a_reg.out\[15\]$_DFFE_PP_/D
     344* |       4 |      36 |       13 |      0 |    24 |    +5.2% |   -1.445 |      -66.5 |     85 | dpath.a_reg.out\[15\]$_DFFE_PP_/D
     346* |       4 |      36 |       13 |      0 |    24 |    +5.2% |   -1.445 |      -66.5 |     85 | dpath.a_reg.out\[15\]$_DFFE_PP_/D
     347* |       4 |      36 |       13 |      0 |    24 |    +5.2% |   -1.445 |      -66.5 |     85 | dpath.a_reg.out\[15\]$_DFFE_PP_/D
     350* |       4 |      37 |       13 |      0 |    25 |    +5.3% |   -1.445 |      -66.5 |     85 | dpath.a_reg.out\[15\]$_DFFE_PP_/D
     354* |       4 |      36 |       13 |      0 |    24 |    +5.2% |   -1.445 |      -66.5 |     85 | dpath.a_reg.out\[15\]$_DFFE_PP_/D
     356* |       4 |      36 |       13 |      0 |    25 |    +5.2% |   -1.445 |      -66.5 |     85 | dpath.a_reg.out\[15\]$_DFFE_PP_/D
     359* |       4 |      36 |       13 |      0 |    25 |    +5.2% |   -1.445 |      -66.5 |     85 | dpath.a_reg.out\[15\]$_DFFE_PP_/D
     360* |       4 |      36 |       13 |      0 |    25 |    +5.2% |   -1.445 |      -66.5 |     85 | dpath.a_reg.out\[15\]$_DFFE_PP_/D
     364* |       4 |      36 |       13 |      0 |    25 |    +5.2% |   -1.445 |      -66.5 |     85 | dpath.a_reg.out\[15\]$_DFFE_PP_/D
     369* |       4 |      36 |       13 |      0 |    25 |    +5.2% |   -1.445 |      -66.5 |     85 | dpath.a_reg.out\[15\]$_DFFE_PP_/D
     370* |       4 |      36 |       13 |      0 |    25 |    +5.2% |   -1.445 |      -66.5 |     85 | dpath.a_reg.out\[15\]$_DFFE_PP_/D
     376* |       4 |      36 |       13 |      0 |    25 |    +5.2% |   -1.445 |      -66.5 |     85 | dpath.a_reg.out\[15\]$_DFFE_PP_/D
     380* |       4 |      36 |       14 |      0 |    27 |    +5.4% |   -1.445 |      -69.0 |     85 | dpath.a_reg.out\[15\]$_DFFE_PP_/D
     382* |       5 |      37 |       14 |      0 |    27 |    +5.2% |   -1.445 |      -66.1 |     85 | dpath.a_reg.out\[15\]$_DFFE_PP_/D
     387* |       5 |      37 |       14 |      0 |    27 |    +5.2% |   -1.445 |      -66.1 |     85 | dpath.a_reg.out\[15\]$_DFFE_PP_/D
     389* |       5 |      37 |       14 |      1 |    27 |    +5.8% |   -1.445 |      -66.3 |     85 | dpath.a_reg.out\[15\]$_DFFE_PP_/D
     390* |       5 |      37 |       14 |      1 |    27 |    +5.8% |   -1.445 |      -66.3 |     85 | dpath.a_reg.out\[15\]$_DFFE_PP_/D
     390* |       5 |      37 |       14 |      1 |    27 |    +5.8% |   -1.445 |      -66.3 |     85 | dpath.a_reg.out\[15\]$_DFFE_PP_/D
     391* |       5 |      37 |       14 |      1 |    27 |    +5.8% |   -1.445 |      -66.3 |     85 | dpath.a_reg.out\[15\]$_DFFE_PP_/D
     392* |       5 |      37 |       14 |      1 |    27 |    +5.8% |   -1.445 |      -66.3 |     85 | dpath.a_reg.out\[15\]$_DFFE_PP_/D
     395* |       5 |      37 |       14 |      1 |    27 |    +5.8% |   -1.445 |      -66.3 |     85 | dpath.a_reg.out\[15\]$_DFFE_PP_/D
     396* |       5 |      37 |       14 |      1 |    27 |    +5.8% |   -1.445 |      -66.3 |     85 | dpath.a_reg.out\[15\]$_DFFE_PP_/D
     400* |       6 |      38 |       16 |      1 |    27 |    +5.6% |   -1.445 |      -66.9 |     85 | dpath.a_reg.out\[15\]$_DFFE_PP_/D
     401* |       6 |      39 |       16 |      1 |    27 |    +5.7% |   -1.445 |      -66.9 |     85 | dpath.a_reg.out\[15\]$_DFFE_PP_/D
     403* |       6 |      39 |       16 |      1 |    27 |    +5.7% |   -1.445 |      -66.9 |     85 | dpath.a_reg.out\[15\]$_DFFE_PP_/D
     404* |       6 |      39 |       16 |      1 |    27 |    +5.7% |   -1.445 |      -66.9 |     85 | dpath.a_reg.out\[15\]$_DFFE_PP_/D
     405* |       6 |      39 |       16 |      1 |    27 |    +5.7% |   -1.445 |      -66.9 |     85 | dpath.a_reg.out\[15\]$_DFFE_PP_/D
     406* |       6 |      39 |       16 |      1 |    27 |    +5.7% |   -1.445 |      -66.9 |     85 | dpath.a_reg.out\[15\]$_DFFE_PP_/D
     407* |       6 |      39 |       16 |      1 |    27 |    +5.7% |   -1.445 |      -66.9 |     85 | dpath.a_reg.out\[15\]$_DFFE_PP_/D
     408* |       6 |      39 |       16 |      1 |    27 |    +5.7% |   -1.445 |      -66.9 |     85 | dpath.a_reg.out\[15\]$_DFFE_PP_/D
     410* |       6 |      40 |       16 |      1 |    27 |    +5.7% |   -1.445 |      -66.8 |     85 | dpath.a_reg.out\[15\]$_DFFE_PP_/D
     410* |       6 |      40 |       16 |      1 |    27 |    +5.7% |   -1.445 |      -66.8 |     85 | dpath.a_reg.out\[15\]$_DFFE_PP_/D
     411* |       6 |      40 |       16 |      1 |    27 |    +5.7% |   -1.445 |      -66.8 |     85 | dpath.a_reg.out\[15\]$_DFFE_PP_/D
     412* |       6 |      40 |       16 |      1 |    27 |    +5.7% |   -1.445 |      -66.8 |     85 | dpath.a_reg.out\[15\]$_DFFE_PP_/D
     413* |       6 |      40 |       16 |      1 |    27 |    +5.7% |   -1.445 |      -66.8 |     85 | dpath.a_reg.out\[15\]$_DFFE_PP_/D
     414* |       6 |      40 |       16 |      1 |    27 |    +5.7% |   -1.445 |      -66.8 |     85 | dpath.a_reg.out\[15\]$_DFFE_PP_/D
     415* |       6 |      40 |       16 |      1 |    27 |    +5.7% |   -1.445 |      -66.8 |     85 | dpath.a_reg.out\[15\]$_DFFE_PP_/D
     416* |       6 |      40 |       16 |      1 |    27 |    +5.7% |   -1.445 |      -66.8 |     85 | dpath.a_reg.out\[15\]$_DFFE_PP_/D
     417* |       6 |      40 |       16 |      1 |    27 |    +5.7% |   -1.445 |      -66.8 |     85 | dpath.a_reg.out\[15\]$_DFFE_PP_/D
     418* |       6 |      40 |       16 |      1 |    27 |    +5.7% |   -1.445 |      -66.8 |     85 | dpath.a_reg.out\[15\]$_DFFE_PP_/D
     419* |       6 |      40 |       16 |      1 |    27 |    +5.7% |   -1.445 |      -66.8 |     85 | dpath.a_reg.out\[15\]$_DFFE_PP_/D
     420* |       6 |      40 |       16 |      1 |    27 |    +5.7% |   -1.445 |      -66.8 |     85 | dpath.a_reg.out\[15\]$_DFFE_PP_/D
     420* |       6 |      40 |       16 |      1 |    27 |    +5.7% |   -1.445 |      -66.8 |     85 | dpath.a_reg.out\[15\]$_DFFE_PP_/D
     423* |       6 |      41 |       17 |      1 |    27 |    +6.0% |   -1.445 |      -66.8 |     85 | dpath.a_reg.out\[15\]$_DFFE_PP_/D
     424* |       6 |      41 |       17 |      1 |    27 |    +6.0% |   -1.445 |      -66.8 |     85 | dpath.a_reg.out\[15\]$_DFFE_PP_/D
     425* |       6 |      41 |       17 |      1 |    27 |    +6.0% |   -1.445 |      -66.8 |     85 | dpath.a_reg.out\[15\]$_DFFE_PP_/D
     426* |       6 |      41 |       17 |      1 |    27 |    +6.0% |   -1.445 |      -66.8 |     85 | dpath.a_reg.out\[15\]$_DFFE_PP_/D
     428* |       7 |      41 |       17 |      1 |    27 |    +5.8% |   -1.445 |      -66.8 |     85 | dpath.a_reg.out\[15\]$_DFFE_PP_/D
     429* |       7 |      41 |       17 |      1 |    27 |    +5.8% |   -1.445 |      -66.8 |     85 | dpath.a_reg.out\[15\]$_DFFE_PP_/D
     430* |       7 |      41 |       17 |      1 |    27 |    +5.8% |   -1.445 |      -66.8 |     85 | dpath.a_reg.out\[15\]$_DFFE_PP_/D
     430* |       7 |      41 |       17 |      1 |    27 |    +5.8% |   -1.445 |      -66.8 |     85 | dpath.a_reg.out\[15\]$_DFFE_PP_/D
     431* |       7 |      41 |       17 |      1 |    27 |    +5.8% |   -1.445 |      -66.8 |     85 | dpath.a_reg.out\[15\]$_DFFE_PP_/D
     432* |       7 |      41 |       17 |      1 |    27 |    +5.8% |   -1.445 |      -66.8 |     85 | dpath.a_reg.out\[15\]$_DFFE_PP_/D
     432* |       7 |      41 |       17 |      1 |    27 |    +5.8% |   -1.445 |      -66.8 |     85 | dpath.a_reg.out\[15\]$_DFFE_PP_/D
     433+ |       7 |      41 |       17 |      1 |    27 |    +5.8% |   -1.445 |      -66.8 |     84 | dpath.a_reg.out\[15\]$_DFFE_PP_/D
     434+ |       7 |      41 |       17 |      1 |    27 |    +5.8% |   -1.445 |      -66.8 |     84 | dpath.a_reg.out\[15\]$_DFFE_PP_/D
     435+ |       7 |      41 |       17 |      1 |    27 |    +5.8% |   -1.445 |      -66.8 |     84 | dpath.a_reg.out\[15\]$_DFFE_PP_/D
     437+ |       7 |      42 |       17 |      1 |    27 |    +6.0% |   -1.445 |      -66.8 |     84 | dpath.a_reg.out\[15\]$_DFFE_PP_/D
     438+ |       7 |      42 |       17 |      1 |    27 |    +6.0% |   -1.445 |      -66.8 |     84 | dpath.a_reg.out\[15\]$_DFFE_PP_/D
     439+ |       7 |      42 |       17 |      1 |    27 |    +6.0% |   -1.445 |      -66.8 |     84 | dpath.a_reg.out\[15\]$_DFFE_PP_/D
     440+ |       7 |      42 |       17 |      1 |    27 |    +6.0% |   -1.445 |      -66.8 |     84 | dpath.a_reg.out\[15\]$_DFFE_PP_/D
     440+ |       7 |      42 |       17 |      1 |    27 |    +6.0% |   -1.445 |      -66.8 |     84 | dpath.a_reg.out\[15\]$_DFFE_PP_/D
     441+ |       7 |      42 |       17 |      1 |    27 |    +6.0% |   -1.445 |      -66.8 |     84 | dpath.a_reg.out\[15\]$_DFFE_PP_/D
     442+ |       7 |      42 |       17 |      1 |    27 |    +6.0% |   -1.445 |      -66.8 |     84 | dpath.a_reg.out\[15\]$_DFFE_PP_/D
     443+ |       7 |      42 |       17 |      1 |    27 |    +6.0% |   -1.445 |      -66.8 |     84 | dpath.a_reg.out\[15\]$_DFFE_PP_/D
     444+ |       7 |      42 |       17 |      1 |    27 |    +6.0% |   -1.445 |      -66.8 |     84 | dpath.a_reg.out\[15\]$_DFFE_PP_/D
     445+ |       7 |      42 |       17 |      1 |    27 |    +6.0% |   -1.445 |      -66.8 |     84 | dpath.a_reg.out\[15\]$_DFFE_PP_/D
     446+ |       7 |      42 |       17 |      1 |    27 |    +6.0% |   -1.445 |      -66.8 |     84 | dpath.a_reg.out\[15\]$_DFFE_PP_/D
     447+ |       7 |      42 |       17 |      1 |    27 |    +6.0% |   -1.445 |      -66.8 |     84 | dpath.a_reg.out\[15\]$_DFFE_PP_/D
     448+ |       7 |      42 |       17 |      1 |    27 |    +6.0% |   -1.445 |      -66.8 |     84 | dpath.a_reg.out\[15\]$_DFFE_PP_/D
     449+ |       7 |      42 |       17 |      1 |    27 |    +6.0% |   -1.445 |      -66.8 |     84 | dpath.a_reg.out\[15\]$_DFFE_PP_/D
     450+ |       7 |      42 |       17 |      1 |    27 |    +6.0% |   -1.445 |      -66.8 |     84 | dpath.a_reg.out\[15\]$_DFFE_PP_/D
     450+ |       7 |      42 |       17 |      1 |    27 |    +6.0% |   -1.445 |      -66.8 |     84 | dpath.a_reg.out\[15\]$_DFFE_PP_/D
     451+ |       7 |      42 |       17 |      1 |    27 |    +6.0% |   -1.445 |      -66.8 |     84 | dpath.a_reg.out\[15\]$_DFFE_PP_/D
     452+ |       7 |      42 |       17 |      1 |    27 |    +6.0% |   -1.445 |      -66.8 |     84 | dpath.a_reg.out\[15\]$_DFFE_PP_/D
     453+ |       7 |      42 |       17 |      1 |    27 |    +6.0% |   -1.445 |      -66.8 |     84 | dpath.a_reg.out\[15\]$_DFFE_PP_/D
     454+ |       7 |      42 |       17 |      1 |    27 |    +6.0% |   -1.445 |      -66.8 |     84 | dpath.a_reg.out\[15\]$_DFFE_PP_/D
     455+ |       7 |      42 |       17 |      1 |    27 |    +6.0% |   -1.445 |      -66.8 |     84 | dpath.a_reg.out\[15\]$_DFFE_PP_/D
     456+ |       7 |      42 |       17 |      1 |    27 |    +6.0% |   -1.445 |      -66.8 |     84 | dpath.a_reg.out\[15\]$_DFFE_PP_/D
     457+ |       7 |      42 |       17 |      1 |    27 |    +6.0% |   -1.445 |      -66.8 |     84 | dpath.a_reg.out\[15\]$_DFFE_PP_/D
     458+ |       7 |      42 |       17 |      1 |    27 |    +6.0% |   -1.445 |      -66.8 |     84 | dpath.a_reg.out\[15\]$_DFFE_PP_/D
     459+ |       7 |      42 |       17 |      1 |    27 |    +6.0% |   -1.445 |      -66.8 |     84 | dpath.a_reg.out\[15\]$_DFFE_PP_/D
     460+ |       7 |      42 |       17 |      1 |    27 |    +6.0% |   -1.445 |      -66.8 |     84 | dpath.a_reg.out\[15\]$_DFFE_PP_/D
     460+ |       7 |      42 |       17 |      1 |    27 |    +6.0% |   -1.445 |      -66.8 |     84 | dpath.a_reg.out\[15\]$_DFFE_PP_/D
     461+ |       7 |      42 |       17 |      1 |    27 |    +6.0% |   -1.445 |      -66.8 |     84 | dpath.a_reg.out\[15\]$_DFFE_PP_/D
     462+ |       7 |      42 |       17 |      1 |    27 |    +6.0% |   -1.445 |      -66.8 |     84 | dpath.a_reg.out\[15\]$_DFFE_PP_/D
     463+ |       7 |      42 |       17 |      1 |    27 |    +6.0% |   -1.445 |      -66.8 |     84 | dpath.a_reg.out\[15\]$_DFFE_PP_/D
     464+ |       7 |      42 |       17 |      1 |    27 |    +6.0% |   -1.445 |      -66.8 |     84 | dpath.a_reg.out\[15\]$_DFFE_PP_/D
     465+ |       7 |      42 |       17 |      1 |    27 |    +6.0% |   -1.445 |      -66.8 |     84 | dpath.a_reg.out\[15\]$_DFFE_PP_/D
     466+ |       7 |      42 |       17 |      1 |    27 |    +6.0% |   -1.445 |      -66.8 |     84 | dpath.a_reg.out\[15\]$_DFFE_PP_/D
     467+ |       7 |      42 |       17 |      1 |    27 |    +6.0% |   -1.445 |      -66.8 |     84 | dpath.a_reg.out\[15\]$_DFFE_PP_/D
     468+ |       7 |      42 |       17 |      1 |    27 |    +6.0% |   -1.445 |      -66.8 |     84 | dpath.a_reg.out\[15\]$_DFFE_PP_/D
     470+ |       7 |      43 |       17 |      1 |    27 |    +6.0% |   -1.445 |      -66.7 |     84 | dpath.a_reg.out\[15\]$_DFFE_PP_/D
     471+ |       7 |      43 |       17 |      1 |    28 |    +6.0% |   -1.445 |      -66.7 |     84 | dpath.a_reg.out\[15\]$_DFFE_PP_/D
     472+ |       7 |      43 |       17 |      1 |    28 |    +6.0% |   -1.445 |      -66.7 |     84 | dpath.a_reg.out\[15\]$_DFFE_PP_/D
     473+ |       7 |      43 |       17 |      1 |    28 |    +6.0% |   -1.445 |      -66.7 |     84 | dpath.a_reg.out\[15\]$_DFFE_PP_/D
     474+ |       7 |      43 |       17 |      1 |    28 |    +6.0% |   -1.445 |      -66.7 |     84 | dpath.a_reg.out\[15\]$_DFFE_PP_/D
     475+ |       7 |      43 |       17 |      1 |    28 |    +6.0% |   -1.445 |      -66.7 |     84 | dpath.a_reg.out\[15\]$_DFFE_PP_/D
     476+ |       7 |      43 |       17 |      1 |    28 |    +6.0% |   -1.445 |      -66.7 |     84 | dpath.a_reg.out\[15\]$_DFFE_PP_/D
     477+ |       7 |      43 |       17 |      1 |    28 |    +6.0% |   -1.445 |      -66.7 |     84 | dpath.a_reg.out\[15\]$_DFFE_PP_/D
     478+ |       7 |      43 |       17 |      1 |    28 |    +6.0% |   -1.445 |      -66.7 |     84 | dpath.a_reg.out\[15\]$_DFFE_PP_/D
     479+ |       7 |      43 |       17 |      1 |    28 |    +6.0% |   -1.445 |      -66.7 |     84 | dpath.a_reg.out\[15\]$_DFFE_PP_/D
     480+ |       7 |      43 |       17 |      1 |    28 |    +6.0% |   -1.445 |      -66.7 |     84 | dpath.a_reg.out\[15\]$_DFFE_PP_/D
     480+ |       7 |      43 |       17 |      1 |    28 |    +6.0% |   -1.445 |      -66.7 |     84 | dpath.a_reg.out\[15\]$_DFFE_PP_/D
     481+ |       7 |      43 |       17 |      1 |    28 |    +6.0% |   -1.445 |      -66.7 |     84 | dpath.a_reg.out\[15\]$_DFFE_PP_/D
     482+ |       7 |      43 |       17 |      1 |    28 |    +6.0% |   -1.445 |      -66.7 |     84 | dpath.a_reg.out\[15\]$_DFFE_PP_/D
     483+ |       7 |      43 |       17 |      1 |    28 |    +6.0% |   -1.445 |      -66.7 |     84 | dpath.a_reg.out\[15\]$_DFFE_PP_/D
     484+ |       7 |      43 |       17 |      1 |    28 |    +6.0% |   -1.445 |      -66.7 |     84 | dpath.a_reg.out\[15\]$_DFFE_PP_/D
     485+ |       7 |      43 |       17 |      1 |    28 |    +6.0% |   -1.445 |      -66.7 |     84 | dpath.a_reg.out\[15\]$_DFFE_PP_/D
     486+ |       7 |      43 |       17 |      1 |    28 |    +6.0% |   -1.445 |      -66.7 |     84 | dpath.a_reg.out\[15\]$_DFFE_PP_/D
     487+ |       7 |      43 |       17 |      1 |    28 |    +6.0% |   -1.445 |      -66.7 |     84 | dpath.a_reg.out\[15\]$_DFFE_PP_/D
     488+ |       7 |      43 |       17 |      1 |    28 |    +6.0% |   -1.445 |      -66.7 |     84 | dpath.a_reg.out\[15\]$_DFFE_PP_/D
     489+ |       7 |      43 |       17 |      1 |    28 |    +6.0% |   -1.445 |      -66.7 |     84 | dpath.a_reg.out\[15\]$_DFFE_PP_/D
     490+ |       7 |      43 |       17 |      1 |    28 |    +6.0% |   -1.445 |      -66.7 |     84 | dpath.a_reg.out\[15\]$_DFFE_PP_/D
     490+ |       7 |      43 |       17 |      1 |    28 |    +6.0% |   -1.445 |      -66.7 |     84 | dpath.a_reg.out\[15\]$_DFFE_PP_/D
     491+ |       7 |      43 |       17 |      1 |    28 |    +6.0% |   -1.445 |      -66.7 |     84 | dpath.a_reg.out\[15\]$_DFFE_PP_/D
     492+ |       7 |      43 |       17 |      1 |    28 |    +6.0% |   -1.445 |      -66.7 |     84 | dpath.a_reg.out\[15\]$_DFFE_PP_/D
     493+ |       7 |      43 |       17 |      1 |    28 |    +6.0% |   -1.445 |      -66.7 |     84 | dpath.a_reg.out\[15\]$_DFFE_PP_/D
     494+ |       7 |      43 |       17 |      1 |    28 |    +6.0% |   -1.445 |      -66.7 |     84 | dpath.a_reg.out\[15\]$_DFFE_PP_/D
     495+ |       7 |      43 |       17 |      1 |    28 |    +6.0% |   -1.445 |      -66.7 |     84 | dpath.a_reg.out\[15\]$_DFFE_PP_/D
     496+ |       7 |      43 |       17 |      1 |    28 |    +6.0% |   -1.445 |      -66.7 |     84 | dpath.a_reg.out\[15\]$_DFFE_PP_/D
     497+ |       7 |      43 |       17 |      1 |    28 |    +6.0% |   -1.445 |      -66.7 |     84 | dpath.a_reg.out\[15\]$_DFFE_PP_/D
     498+ |       7 |      43 |       17 |      1 |    28 |    +6.0% |   -1.445 |      -66.7 |     84 | dpath.a_reg.out\[15\]$_DFFE_PP_/D
     499+ |       7 |      43 |       17 |      1 |    28 |    +6.0% |   -1.445 |      -66.7 |     84 | dpath.a_reg.out\[15\]$_DFFE_PP_/D
     500+ |       7 |      43 |       17 |      1 |    28 |    +6.0% |   -1.445 |      -66.7 |     84 | dpath.a_reg.out\[15\]$_DFFE_PP_/D
     500+ |       7 |      43 |       17 |      1 |    28 |    +6.0% |   -1.445 |      -66.7 |     84 | dpath.a_reg.out\[15\]$_DFFE_PP_/D
     501+ |       7 |      43 |       17 |      1 |    28 |    +6.0% |   -1.445 |      -66.7 |     84 | dpath.a_reg.out\[15\]$_DFFE_PP_/D
     502+ |       7 |      43 |       17 |      1 |    28 |    +6.0% |   -1.445 |      -66.7 |     84 | dpath.a_reg.out\[15\]$_DFFE_PP_/D
     503+ |       7 |      43 |       17 |      1 |    28 |    +6.0% |   -1.445 |      -66.7 |     84 | dpath.a_reg.out\[15\]$_DFFE_PP_/D
     504+ |       7 |      43 |       17 |      1 |    28 |    +6.0% |   -1.445 |      -66.7 |     84 | dpath.a_reg.out\[15\]$_DFFE_PP_/D
     505+ |       7 |      43 |       17 |      1 |    28 |    +6.0% |   -1.445 |      -66.7 |     84 | dpath.a_reg.out\[15\]$_DFFE_PP_/D
     506+ |       7 |      43 |       17 |      1 |    28 |    +6.0% |   -1.445 |      -66.7 |     84 | dpath.a_reg.out\[15\]$_DFFE_PP_/D
     507+ |       7 |      43 |       17 |      1 |    28 |    +6.0% |   -1.445 |      -66.7 |     84 | dpath.a_reg.out\[15\]$_DFFE_PP_/D
     508+ |       7 |      43 |       17 |      1 |    28 |    +6.0% |   -1.445 |      -66.7 |     84 | dpath.a_reg.out\[15\]$_DFFE_PP_/D
     509+ |       7 |      43 |       17 |      1 |    28 |    +6.0% |   -1.445 |      -66.7 |     84 | dpath.a_reg.out\[15\]$_DFFE_PP_/D
     510+ |       7 |      43 |       17 |      1 |    28 |    +6.0% |   -1.445 |      -66.7 |     84 | dpath.a_reg.out\[15\]$_DFFE_PP_/D
     510+ |       7 |      43 |       17 |      1 |    28 |    +6.0% |   -1.445 |      -66.7 |     84 | dpath.a_reg.out\[15\]$_DFFE_PP_/D
     511+ |       7 |      43 |       17 |      1 |    28 |    +6.0% |   -1.445 |      -66.7 |     84 | dpath.a_reg.out\[15\]$_DFFE_PP_/D
     512+ |       7 |      43 |       17 |      1 |    28 |    +6.0% |   -1.445 |      -66.7 |     84 | dpath.a_reg.out\[15\]$_DFFE_PP_/D
     513+ |       7 |      43 |       17 |      1 |    28 |    +6.0% |   -1.445 |      -66.7 |     84 | dpath.a_reg.out\[15\]$_DFFE_PP_/D
     514+ |       7 |      43 |       17 |      1 |    28 |    +6.0% |   -1.445 |      -66.7 |     84 | dpath.a_reg.out\[15\]$_DFFE_PP_/D
     515+ |       7 |      43 |       17 |      1 |    28 |    +6.0% |   -1.445 |      -66.7 |     84 | dpath.a_reg.out\[15\]$_DFFE_PP_/D
     516+ |       7 |      43 |       17 |      1 |    28 |    +6.0% |   -1.445 |      -66.7 |     84 | dpath.a_reg.out\[15\]$_DFFE_PP_/D
     517+ |       7 |      43 |       17 |      1 |    28 |    +6.0% |   -1.445 |      -66.7 |     84 | dpath.a_reg.out\[15\]$_DFFE_PP_/D
     518+ |       7 |      43 |       17 |      1 |    28 |    +6.0% |   -1.445 |      -66.7 |     84 | dpath.a_reg.out\[15\]$_DFFE_PP_/D
     519+ |       7 |      43 |       17 |      1 |    28 |    +6.0% |   -1.445 |      -66.7 |     84 | dpath.a_reg.out\[15\]$_DFFE_PP_/D
    final |       7 |      43 |       17 |      1 |    28 |    +6.0% |   -1.445 |      -66.7 |     84 | dpath.a_reg.out\[15\]$_DFFE_PP_/D
------------------------------------------------------------------------------------------------------------------------------
[INFO RSZ-0059] Removed 7 buffers.
[INFO RSZ-0040] Inserted 17 buffers.
[INFO RSZ-0051] Resized 43 instances: 43 up, 0 up match, 0 down, 0 VT
[INFO RSZ-0043] Swapped pins on 28 instances.
[INFO RSZ-0049] Cloned 1 instances.
[WARNING RSZ-0062] Unable to repair all setup violations.
[INFO RSZ-0505] Runtime: 31.29s
[INFO RSZ-0033] No hold violations found.
[INFO RSZ-0506] Runtime: 0.01s
Took 31 seconds: repair_timing -setup_margin 0 -hold_margin 0 -repair_tns 100 -verbose
global_route -start_incremental
detailed_placement
[INFO DPL-0006] Core area: 5204.99 um^2
[INFO DPL-0007] Movable instances area: 4929.73 um^2
[INFO DPL-0008] Fixed instances area within core: 87.58 um^2
[INFO DPL-0009] Utilization: 96.4%
[INFO DPL-0005] Diamond search max displacement: +/- 500 sites horizontally, +/- 100 rows vertically.
[INFO DPL-1102] Legalizing using negotiation legalizer.
[INFO DPL-1103] Negotiation base search window: +/-20 sites horizontally, +/-5 rows vertically 
	Automatic search window extension enabled.
	Search window extendable up to the max displacement cap of +/-500 sites, +/-100 rows near walls.
[INFO DPL-1104] NegotiationLegalizer DRC penalty: 5.
[INFO DPL-0392] Negotiation cell height distribution (1 unique row-count(s)):
[INFO DPL-0393]   height 1 row(s): 522 cells
          |      Total |  Illegal |  Illegal
Iteration | Violations |    Cells |    Sites
---------------------------------------------
        0 |        545 |        91 |       454
        1 |        493 |        67 |       426
        2 |        476 |        52 |       424
        3 |        455 |        51 |       404
        4 |        358 |        40 |       309
        5 |        376 |        44 |       332
        6 |        370 |        40 |       330
        7 |        369 |        43 |       323
        8 |        363 |        43 |       320
        9 |        341 |        39 |       302
       10 |        366 |        36 |       297
       20 |        249 |        25 |       197
       30 |        143 |        17 |       126
       40 |        138 |        22 |       116
       50 |        138 |        20 |       118
       60 |        108 |        20 |        88
       70 |         88 |        16 |        72
       80 |         54 |         8 |        46
       90 |         53 |         9 |        44
      100 |         26 |         6 |        20
      110 |         32 |         8 |        24
      120 |         52 |         8 |        44
      130 |         44 |         6 |        38
      140 |         54 |         6 |        48
      150 |         46 |         8 |        38
      160 |         21 |         5 |        16
      170 |         30 |         6 |        24
      180 |         26 |         8 |        18
      190 |         93 |        13 |        80
      200 |         90 |        18 |        72
      210 |        101 |        19 |        82
      220 |         99 |        19 |        80
      230 |         57 |        11 |        46
      240 |         56 |         8 |        48
      250 |         56 |         8 |        48
      260 |         64 |        12 |        52
      270 |         37 |         9 |        28
      280 |         24 |         6 |        18
      290 |         37 |         9 |        28
      300 |         34 |         8 |        26
      310 |         47 |         7 |        40
      320 |         30 |         4 |        26
      330 |         54 |         6 |        48
      340 |         52 |         6 |        46
      350 |         23 |         5 |        18
      360 |         33 |         9 |        24
      370 |         24 |         8 |        16
      380 |         13 |         5 |         8
      385 |          0 |         0 |         0
Negotiation phase 1 converged at iteration 385.
[INFO DPL-0500] Runtime: 1.34s
Detailed Placement Analysis
---------------------------------
legalizer            negotiation
total moves                6392
total displacement       3637.8 u
average displacement        7.0 u
max displacement           32.4 u
original HPWL            7657.0 u
legalized HPWL          11330.6 u
delta HPWL                   48 %

check_placement -verbose
global_route -end_incremental -congestion_report_file ./reports/sky130hd/gcd/base/congestion_post_repair_timing.rpt
Took 12 seconds: global_route -end_incremental -congestion_report_file ./reports/sky130hd/gcd/base/congestion_post_repair_timing.rpt
estimate_parasitics -global_routing
global_route -start_incremental
global_route -end_incremental -congestion_report_file ./reports/sky130hd/gcd/base/congestion_post_recover_power.rpt
Repair antennas...
[INFO GRT-0012] Found 0 antenna violations.
[INFO ANT-0002] Found 0 net violations.
[INFO ANT-0001] Found 0 pin violations.
Estimate parasitics...
estimate_parasitics -global_routing
Report metrics stage 5, global route...

==========================================================================
global route report_design_area
--------------------------------------------------------------------------
Design area 5017 um^2 96% utilization.
[INFO FLW-0007] clock core_clock period 1.100000
[WARNING FLW-0010] more than one clock found. Skipping sdc update.
[INFO FLW-0011] Path endpoint path count 88
write_db ./results/sky130hd/gcd/base/5_1_grt.odb
write_sdc -no_timestamp ./results/sky130hd/gcd/base/5_1_grt.sdc
Elapsed time: 1:08.02[h:]min:sec. CPU time: user 94.29 sys 0.83 (139%). Peak memory: 257408KB.
Log                    Ext     Elapsed      CPU     CPU/ Peak Mem sha1sum
                                     s        s  Elapsed       MB [0:10)
5_1_grt                .odb         68       95     1.40      251 1bf6e7f633
5_1_grt                .sdc                                       a71291c5b4
