OpenROAD unknown 
Features included (+) or not (-): -GPU +GUI -Python
This program is licensed under the BSD-3 license. See the LICENSE file for details.
Components of this program may be licensed under more restrictive licenses which must be honored.
[INFO ORD-0030] Using 2 thread(s).
read_liberty /OpenROAD-flow-scripts/flow/platforms/sky130hd/lib/sky130_fd_sc_hd__tt_025C_1v80.lib
read_db -hier ./results/sky130hd/gcd/base/5_1_grt.odb
[WARNING ORD-0012] Hierarchical flow (-hier) is currently in development and may cause multiple issues. Do not use in production environments.
read_sdc ./results/sky130hd/gcd/base/5_1_grt.sdc
source /OpenROAD-flow-scripts/flow/platforms/sky130hd/setRC.tcl
[WARNING STA-0450] virtual clock vclk_core_clock can not be propagated.
detailed_route -output_drc ./reports/sky130hd/gcd/base/5_route_drc.rpt -output_maze ./results/sky130hd/gcd/base/maze.log -droute_end_iter 64 -verbose 1 -drc_report_iter_step 5
[INFO DRT-0149] Reading tech and libs.
[WARNING DRT-0349] LEF58_ENCLOSURE with no CUTCLASS is not supported. Skipping for layer mcon
[WARNING DRT-0349] LEF58_ENCLOSURE with no CUTCLASS is not supported. Skipping for layer mcon
[WARNING DRT-0349] LEF58_ENCLOSURE with no CUTCLASS is not supported. Skipping for layer via
[WARNING DRT-0349] LEF58_ENCLOSURE with no CUTCLASS is not supported. Skipping for layer via
[WARNING DRT-0349] LEF58_ENCLOSURE with no CUTCLASS is not supported. Skipping for layer via2
[WARNING DRT-0349] LEF58_ENCLOSURE with no CUTCLASS is not supported. Skipping for layer via2
[WARNING DRT-0349] LEF58_ENCLOSURE with no CUTCLASS is not supported. Skipping for layer via3
[WARNING DRT-0349] LEF58_ENCLOSURE with no CUTCLASS is not supported. Skipping for layer via3
[WARNING DRT-0349] LEF58_ENCLOSURE with no CUTCLASS is not supported. Skipping for layer via4
[WARNING DRT-0349] LEF58_ENCLOSURE with no CUTCLASS is not supported. Skipping for layer via4

Units:                1000
Number of layers:     13
Number of macros:     441
Number of vias:       29
Number of viarulegen: 25

[INFO DRT-0150] Reading design.

Design:                   gcd
Die area:                 ( 0 0 ) ( 76215 76215 )
Number of track patterns: 12
Number of DEF vias:       0
Number of components:     522
Number of terminals:      56
Number of snets:          2
Number of nets:           485

[INFO DRT-0167] List of default vias:
  Layer via
    default via: M1M2_PR
  Layer via2
    default via: M2M3_PR
  Layer via3
    default via: M3M4_PR
  Layer via4
    default via: M4M5_PR
[INFO DRT-0162] Library cell analysis.
[INFO DRT-0163] Instance analysis.
[INFO DRT-0164] Number of unique instances = 106.
[INFO DRT-0168] Init region query.
[INFO DRT-0024]   Complete FR_MASTERSLICE.
[INFO DRT-0024]   Complete Fr_VIA.
[INFO DRT-0024]   Complete li1.
[INFO DRT-0024]   Complete mcon.
[INFO DRT-0024]   Complete met1.
[INFO DRT-0024]   Complete via.
[INFO DRT-0024]   Complete met2.
[INFO DRT-0024]   Complete via2.
[INFO DRT-0024]   Complete met3.
[INFO DRT-0024]   Complete via3.
[INFO DRT-0024]   Complete met4.
[INFO DRT-0024]   Complete via4.
[INFO DRT-0024]   Complete met5.
[INFO DRT-0033] FR_MASTERSLICE shape region query size = 0.
[INFO DRT-0033] FR_VIA shape region query size = 0.
[INFO DRT-0033] li1 shape region query size = 13490.
[INFO DRT-0033] mcon shape region query size = 8476.
[INFO DRT-0033] met1 shape region query size = 1844.
[INFO DRT-0033] via shape region query size = 340.
[INFO DRT-0033] met2 shape region query size = 233.
[INFO DRT-0033] via2 shape region query size = 272.
[INFO DRT-0033] met3 shape region query size = 229.
[INFO DRT-0033] via3 shape region query size = 272.
[INFO DRT-0033] met4 shape region query size = 86.
[INFO DRT-0033] via4 shape region query size = 13.
[INFO DRT-0033] met5 shape region query size = 23.
[INFO DRT-0165] Start pin access.
[INFO DRT-0078]   Complete 785 pins.
[INFO DRT-0079]   Complete 100 unique inst patterns.
[INFO DRT-0081]   Complete 106 unique inst patterns.
[INFO DRT-0084]   Complete 166 groups.
#scanned instances     = 522
#unique  instances     = 106
#stdCellGenAp          = 2956
#stdCellValidPlanarAp  = 18
#stdCellValidViaAp     = 2120
#stdCellPinNoAp        = 0
#stdCellPinCnt         = 1338
#instTermValidViaApCnt = 0
#macroGenAp            = 0
#macroValidPlanarAp    = 0
#macroValidViaAp       = 0
#macroNoAp             = 0
[INFO DRT-0166] Complete pin access.
[INFO DRT-0267] cpu time = 00:00:52, elapsed time = 00:00:29, memory = 208.66 (MB), peak = 208.38 (MB)

[INFO DRT-0157] Number of guides:     3769

[INFO DRT-0169] Post process guides.
[INFO DRT-0176] GCELLGRID X 0 DO 11 STEP 6900 ;
[INFO DRT-0177] GCELLGRID Y 0 DO 11 STEP 6900 ;
[INFO DRT-0028]   Complete FR_MASTERSLICE.
[INFO DRT-0028]   Complete Fr_VIA.
[INFO DRT-0028]   Complete li1.
[INFO DRT-0028]   Complete mcon.
[INFO DRT-0028]   Complete met1.
[INFO DRT-0028]   Complete via.
[INFO DRT-0028]   Complete met2.
[INFO DRT-0028]   Complete via2.
[INFO DRT-0028]   Complete met3.
[INFO DRT-0028]   Complete via3.
[INFO DRT-0028]   Complete met4.
[INFO DRT-0028]   Complete via4.
[INFO DRT-0028]   Complete met5.
[INFO DRT-0178] Init guide query.
[INFO DRT-0035]   Complete FR_MASTERSLICE (guide).
[INFO DRT-0035]   Complete Fr_VIA (guide).
[INFO DRT-0035]   Complete li1 (guide).
[INFO DRT-0035]   Complete mcon (guide).
[INFO DRT-0035]   Complete met1 (guide).
[INFO DRT-0035]   Complete via (guide).
[INFO DRT-0035]   Complete met2 (guide).
[INFO DRT-0035]   Complete via2 (guide).
[INFO DRT-0035]   Complete met3 (guide).
[INFO DRT-0035]   Complete via3 (guide).
[INFO DRT-0035]   Complete met4 (guide).
[INFO DRT-0035]   Complete via4 (guide).
[INFO DRT-0035]   Complete met5 (guide).
[INFO DRT-0036] FR_MASTERSLICE guide region query size = 0.
[INFO DRT-0036] FR_VIA guide region query size = 0.
[INFO DRT-0036] li1 guide region query size = 1229.
[INFO DRT-0036] mcon guide region query size = 0.
[INFO DRT-0036] met1 guide region query size = 1170.
[INFO DRT-0036] via guide region query size = 0.
[INFO DRT-0036] met2 guide region query size = 631.
[INFO DRT-0036] via2 guide region query size = 0.
[INFO DRT-0036] met3 guide region query size = 91.
[INFO DRT-0036] via3 guide region query size = 0.
[INFO DRT-0036] met4 guide region query size = 36.
[INFO DRT-0036] via4 guide region query size = 0.
[INFO DRT-0036] met5 guide region query size = 0.
[INFO DRT-0179] Init gr pin query.
[INFO DRT-0267] cpu time = 00:00:00, elapsed time = 00:00:00, memory = 209.72 (MB), peak = 209.50 (MB)
[INFO DRT-0245] skipped writing guide updates to database.
[INFO DRT-0181] Start track assignment.
[INFO DRT-0184] Done with 1896 vertical wires in 1 frboxes and 1261 horizontal wires in 1 frboxes.
[INFO DRT-0186] Done with 405 vertical wires in 1 frboxes and 537 horizontal wires in 1 frboxes.
[INFO DRT-0182] Complete track assignment.
[INFO DRT-0267] cpu time = 00:00:00, elapsed time = 00:00:00, memory = 214.84 (MB), peak = 214.50 (MB)
[INFO DRT-0187] Start routing data preparation.
[INFO DRT-0267] cpu time = 00:00:00, elapsed time = 00:00:00, memory = 214.88 (MB), peak = 214.62 (MB)
[INFO DRT-0194] Start detail routing.
[INFO DRT-0195] Start 0th optimization iteration.
    Completing 20% with 0 violations.
    elapsed time = 00:00:10, memory = 260.56 (MB).
    Completing 50% with 177 violations.
    elapsed time = 00:00:12, memory = 260.80 (MB).
    Completing 70% with 234 violations.
    elapsed time = 00:00:16, memory = 261.07 (MB).
    Completing 100% with 404 violations.
    elapsed time = 00:00:18, memory = 261.07 (MB).
[INFO DRT-0199]   Number of violations = 425.
Viol/Layer        met1    via   met2   met3
Metal Spacing       63      0     27      2
Recheck             18      0      3      0
Short              274      1     37      0
[INFO DRT-0267] cpu time = 00:00:18, elapsed time = 00:00:18, memory = 262.85 (MB), peak = 535.57 (MB)
Total wire length = 13288 um.
Total wire length on LAYER li1 = 0 um.
Total wire length on LAYER met1 = 5729 um.
Total wire length on LAYER met2 = 6073 um.
Total wire length on LAYER met3 = 744 um.
Total wire length on LAYER met4 = 741 um.
Total wire length on LAYER met5 = 0 um.
Total number of vias = 3275.
Up-via summary (total 3275):

-----------------------
 FR_MASTERSLICE       0
            li1    1351
           met1    1671
           met2     184
           met3      69
           met4       0
-----------------------
               3275


[INFO DRT-0195] Start 1st optimization iteration.
    Completing 20% with 425 violations.
    elapsed time = 00:00:02, memory = 266.50 (MB).
    Completing 50% with 449 violations.
    elapsed time = 00:00:05, memory = 267.09 (MB).
    Completing 70% with 426 violations.
    elapsed time = 00:00:07, memory = 267.32 (MB).
    Completing 100% with 256 violations.
    elapsed time = 00:00:12, memory = 268.01 (MB).
[INFO DRT-0199]   Number of violations = 256.
Viol/Layer        met1    via   met2   met3
Metal Spacing       36      0     19      1
Short              174      1     24      1
[INFO DRT-0267] cpu time = 00:00:12, elapsed time = 00:00:13, memory = 265.17 (MB), peak = 537.98 (MB)
Total wire length = 13113 um.
Total wire length on LAYER li1 = 0 um.
Total wire length on LAYER met1 = 5661 um.
Total wire length on LAYER met2 = 6029 um.
Total wire length on LAYER met3 = 756 um.
Total wire length on LAYER met4 = 665 um.
Total wire length on LAYER met5 = 0 um.
Total number of vias = 3231.
Up-via summary (total 3231):

-----------------------
 FR_MASTERSLICE       0
            li1    1346
           met1    1651
           met2     172
           met3      62
           met4       0
-----------------------
               3231


[INFO DRT-0195] Start 2nd optimization iteration.
    Completing 10% with 256 violations.
    elapsed time = 00:00:00, memory = 265.17 (MB).
    Completing 20% with 256 violations.
    elapsed time = 00:00:00, memory = 265.17 (MB).
    Completing 30% with 256 violations.
    elapsed time = 00:00:00, memory = 265.21 (MB).
    Completing 40% with 256 violations.
    elapsed time = 00:00:00, memory = 265.21 (MB).
    Completing 50% with 255 violations.
    elapsed time = 00:00:00, memory = 271.20 (MB).
    Completing 60% with 255 violations.
    elapsed time = 00:00:01, memory = 271.20 (MB).
    Completing 70% with 251 violations.
    elapsed time = 00:00:02, memory = 273.41 (MB).
    Completing 80% with 251 violations.
    elapsed time = 00:00:03, memory = 273.41 (MB).
    Completing 100% with 424 violations.
    elapsed time = 00:00:17, memory = 274.28 (MB).
[INFO DRT-0199]   Number of violations = 424.
Viol/Layer        mcon   met1   met2
Cut Spacing          2      0      0
Metal Spacing        0     74     29
Short                0    294     25
[INFO DRT-0267] cpu time = 00:00:18, elapsed time = 00:00:17, memory = 316.89 (MB), peak = 541.64 (MB)
Total wire length = 13147 um.
Total wire length on LAYER li1 = 0 um.
Total wire length on LAYER met1 = 5676 um.
Total wire length on LAYER met2 = 6072 um.
Total wire length on LAYER met3 = 725 um.
Total wire length on LAYER met4 = 671 um.
Total wire length on LAYER met5 = 0 um.
Total number of vias = 3261.
Up-via summary (total 3261):

-----------------------
 FR_MASTERSLICE       0
            li1    1342
           met1    1658
           met2     195
           met3      66
           met4       0
-----------------------
               3261


[INFO DRT-0195] Start 3rd optimization iteration.
    Completing 20% with 424 violations.
    elapsed time = 00:00:10, memory = 309.89 (MB).
    Completing 50% with 261 violations.
    elapsed time = 00:00:12, memory = 309.89 (MB).
    Completing 70% with 210 violations.
    elapsed time = 00:00:16, memory = 287.89 (MB).
    Completing 100% with 95 violations.
    elapsed time = 00:00:18, memory = 283.89 (MB).
[INFO DRT-0199]   Number of violations = 95.
Viol/Layer        met1   met2
Metal Spacing       23      8
Short               47     17
[INFO DRT-0267] cpu time = 00:00:18, elapsed time = 00:00:18, memory = 281.51 (MB), peak = 542.23 (MB)
Total wire length = 13073 um.
Total wire length on LAYER li1 = 0 um.
Total wire length on LAYER met1 = 4925 um.
Total wire length on LAYER met2 = 5859 um.
Total wire length on LAYER met3 = 1461 um.
Total wire length on LAYER met4 = 826 um.
Total wire length on LAYER met5 = 0 um.
Total number of vias = 3411.
Up-via summary (total 3411):

-----------------------
 FR_MASTERSLICE       0
            li1    1345
           met1    1622
           met2     351
           met3      93
           met4       0
-----------------------
               3411


[INFO DRT-0195] Start 4th guides tiles iteration.
    Completing 30% with 95 violations.
    elapsed time = 00:00:00, memory = 281.51 (MB).
    Completing 60% with 94 violations.
    elapsed time = 00:00:02, memory = 293.12 (MB).
    Completing 100% with 0 violations.
    elapsed time = 00:00:04, memory = 294.52 (MB).
[INFO DRT-0199]   Number of violations = 0.
[INFO DRT-0267] cpu time = 00:00:04, elapsed time = 00:00:04, memory = 299.87 (MB), peak = 542.50 (MB)
Total wire length = 13069 um.
Total wire length on LAYER li1 = 0 um.
Total wire length on LAYER met1 = 4856 um.
Total wire length on LAYER met2 = 5849 um.
Total wire length on LAYER met3 = 1538 um.
Total wire length on LAYER met4 = 826 um.
Total wire length on LAYER met5 = 0 um.
Total number of vias = 3420.
Up-via summary (total 3420):

-----------------------
 FR_MASTERSLICE       0
            li1    1345
           met1    1616
           met2     364
           met3      95
           met4       0
-----------------------
               3420


[INFO DRT-0198] Complete detail routing.
Total wire length = 13069 um.
Total wire length on LAYER li1 = 0 um.
Total wire length on LAYER met1 = 4856 um.
Total wire length on LAYER met2 = 5849 um.
Total wire length on LAYER met3 = 1538 um.
Total wire length on LAYER met4 = 826 um.
Total wire length on LAYER met5 = 0 um.
Total number of vias = 3420.
Up-via summary (total 3420):

-----------------------
 FR_MASTERSLICE       0
            li1    1345
           met1    1616
           met2     364
           met3      95
           met4       0
-----------------------
               3420


[INFO DRT-0267] cpu time = 00:01:13, elapsed time = 00:01:12, memory = 299.99 (MB), peak = 542.50 (MB)

[INFO DRT-0180] Post processing.
[INFO DRT-0501] Runtime: 102.04s
Took 102 seconds: detailed_route -output_drc ./reports/sky130hd/gcd/base/5_route_drc.rpt -output_maze ./results/sky130hd/gcd/base/maze.log -droute_end_iter 64 -verbose 1 -drc_report_iter_step 5
[INFO GRT-0012] Found 0 antenna violations.
[INFO ANT-0002] Found 0 net violations.
[INFO ANT-0001] Found 0 pin violations.
[INFO ANT-0002] Found 0 net violations.
[INFO ANT-0001] Found 0 pin violations.
Design area 5017 um^2 96% utilization.
write_db ./results/sky130hd/gcd/base/5_2_route.odb
Elapsed time: 1:43.31[h:]min:sec. CPU time: user 125.95 sys 1.20 (123%). Peak memory: 555516KB.
Log                    Ext     Elapsed      CPU     CPU/ Peak Mem sha1sum
                                     s        s  Elapsed       MB [0:10)
5_2_route              .odb        103      127     1.23      542 755896653b
