
==========================================================================
detailed place report_tns
--------------------------------------------------------------------------
tns max -66.62

==========================================================================
detailed place report_wns
--------------------------------------------------------------------------
wns max -1.53

==========================================================================
detailed place report_worst_slack
--------------------------------------------------------------------------
worst slack max -1.53

==========================================================================
detailed place report_clock_min_period
--------------------------------------------------------------------------
core_clock period_min = 2.42 fmax = 413.20
vclk_core_clock period_min = 0.00 fmax = inf

==========================================================================
detailed place report_checks -path_delay min
--------------------------------------------------------------------------
Startpoint: dpath.a_reg.out[0]$_DFFE_PP_
            (rising edge-triggered flip-flop clocked by core_clock)
Endpoint: dpath.b_reg.out[0]$_DFFE_PP_
          (rising edge-triggered flip-flop clocked by core_clock)
Path Group: core_clock
Path Type: min

Fanout     Cap    Slew   Delay    Time   Description
-----------------------------------------------------------------------------
                  0.00    0.00    0.00   clock core_clock (rise edge)
                          0.29    0.29   clock network delay (ideal)
                  0.00    0.00    0.29 ^ dpath.a_reg.out[0]$_DFFE_PP_/CLK (sky130_fd_sc_hd__edfxtp_1)
     2    0.01    0.08    0.33    0.62 ^ dpath.a_reg.out[0]$_DFFE_PP_/Q (sky130_fd_sc_hd__edfxtp_1)
                                         _034_ (net)
                  0.08    0.00    0.62 ^ _172_/A0 (sky130_fd_sc_hd__mux2_1)
     1    0.00    0.04    0.13    0.74 ^ _172_/X (sky130_fd_sc_hd__mux2_1)
                                         _087_ (net)
                  0.04    0.00    0.74 ^ dpath.b_reg.out[0]$_DFFE_PP_/D (sky130_fd_sc_hd__edfxtp_1)
                                  0.74   data arrival time

                  0.00    0.00    0.00   clock core_clock (rise edge)
                          0.29    0.29   clock network delay (ideal)
                          0.00    0.29   clock reconvergence pessimism
                                  0.29 ^ dpath.b_reg.out[0]$_DFFE_PP_/CLK (sky130_fd_sc_hd__edfxtp_1)
                         -0.11    0.18   library hold time
                                  0.18   data required time
-----------------------------------------------------------------------------
                                  0.18   data required time
                                 -0.74   data arrival time
-----------------------------------------------------------------------------
                                  0.56   slack (MET)


Startpoint: ctrl.state.out[1]$_DFF_P_
            (rising edge-triggered flip-flop clocked by core_clock)
Endpoint: resp_val (output port clocked by vclk_core_clock)
Path Group: vclk_core_clock
Path Type: min

Fanout     Cap    Slew   Delay    Time   Description
-----------------------------------------------------------------------------
                  0.00    0.00    0.00   clock core_clock (rise edge)
                          0.29    0.29   clock network delay (ideal)
                  0.00    0.00    0.29 ^ ctrl.state.out[1]$_DFF_P_/CLK (sky130_fd_sc_hd__dfxtp_1)
     2    0.01    0.04    0.29    0.58 v ctrl.state.out[1]$_DFF_P_/Q (sky130_fd_sc_hd__dfxtp_1)
                                         _003_ (net)
                  0.04    0.00    0.58 v _121_/A (sky130_fd_sc_hd__clkinv_1)
     2    0.01    0.04    0.05    0.63 ^ _121_/Y (sky130_fd_sc_hd__clkinv_1)
                                         _036_ (net)
                  0.04    0.00    0.63 ^ _187_/A (sky130_fd_sc_hd__nor2_1)
     2    0.01    0.03    0.05    0.68 v _187_/Y (sky130_fd_sc_hd__nor2_1)
                                         net55 (net)
                  0.03    0.00    0.68 v output55/A (sky130_fd_sc_hd__clkdlybuf4s50_1)
     1    0.00    0.04    0.40    1.08 v output55/X (sky130_fd_sc_hd__clkdlybuf4s50_1)
                                         resp_val (net)
                  0.04    0.00    1.08 v resp_val (out)
                                  1.08   data arrival time

                  0.00    0.00    0.00   clock vclk_core_clock (rise edge)
                          0.29    0.29   clock network delay (ideal)
                          0.00    0.29   clock reconvergence pessimism
                         -0.22    0.07   output external delay
                                  0.07   data required time
-----------------------------------------------------------------------------
                                  0.07   data required time
                                 -1.08   data arrival time
-----------------------------------------------------------------------------
                                  1.01   slack (MET)



==========================================================================
detailed place report_checks -path_delay max
--------------------------------------------------------------------------
Startpoint: dpath.b_reg.out[13]$_DFFE_PP_
            (rising edge-triggered flip-flop clocked by core_clock)
Endpoint: dpath.b_reg.out[15]$_DFFE_PP_
          (rising edge-triggered flip-flop clocked by core_clock)
Path Group: core_clock
Path Type: max

Fanout     Cap    Slew   Delay    Time   Description
-----------------------------------------------------------------------------
                  0.00    0.00    0.00   clock core_clock (rise edge)
                          0.29    0.29   clock network delay (ideal)
                  0.00    0.00    0.29 ^ dpath.b_reg.out[13]$_DFFE_PP_/CLK (sky130_fd_sc_hd__edfxtp_1)
     2    0.01    0.10    0.39    0.68 v dpath.b_reg.out[13]$_DFFE_PP_/Q (sky130_fd_sc_hd__edfxtp_1)
                                         _005_ (net)
                  0.10    0.00    0.68 v _119_/_189_/B (sky130_fd_sc_hd__xor2_1)
     2    0.01    0.20    0.22    0.89 ^ _119_/_189_/X (sky130_fd_sc_hd__xor2_1)
                                         _119_/_060_ (net)
                  0.20    0.00    0.89 ^ _119_/_191_/A (sky130_fd_sc_hd__xnor2_1)
     4    0.01    0.35    0.23    1.12 ^ _119_/_191_/Y (sky130_fd_sc_hd__xnor2_1)
                                         _119_/_062_ (net)
                  0.35    0.00    1.12 ^ _119_/_199_/A2 (sky130_fd_sc_hd__o21ai_1)
     2    0.01    0.09    0.14    1.26 v _119_/_199_/Y (sky130_fd_sc_hd__o21ai_1)
                                         _119_/_070_ (net)
                  0.09    0.00    1.26 v _119_/_203_/B1 (sky130_fd_sc_hd__a221oi_1)
     1    0.00    0.26    0.28    1.54 ^ _119_/_203_/Y (sky130_fd_sc_hd__a221oi_1)
                                         _119_/_074_ (net)
                  0.26    0.00    1.54 ^ _119_/_204_/B1 (sky130_fd_sc_hd__o21ai_1)
     1    0.01    0.10    0.14    1.68 v _119_/_204_/Y (sky130_fd_sc_hd__o21ai_1)
                                         _119_/_075_ (net)
                  0.10    0.00    1.68 v _119_/_205_/B1 (sky130_fd_sc_hd__a21o_4)
     2    0.02    0.05    0.22    1.90 v _119_/_205_/X (sky130_fd_sc_hd__a21o_4)
                                         _032_ (net)
                  0.05    0.00    1.90 v place135/A (sky130_fd_sc_hd__buf_12)
     8    0.06    0.04    0.15    2.05 v place135/X (sky130_fd_sc_hd__buf_12)
                                         net151 (net)
                  0.05    0.00    2.05 v _123_/A1 (sky130_fd_sc_hd__o21bai_4)
     2    0.02    0.15    0.17    2.22 ^ _123_/Y (sky130_fd_sc_hd__o21bai_4)
                                         _038_ (net)
                  0.15    0.00    2.23 ^ place132/A (sky130_fd_sc_hd__buf_4)
     5    0.03    0.09    0.18    2.41 ^ place132/X (sky130_fd_sc_hd__buf_4)
                                         net148 (net)
                  0.09    0.00    2.41 ^ dpath.b_reg.out[15]$_DFFE_PP_/DE (sky130_fd_sc_hd__edfxtp_1)
                                  2.41   data arrival time

                  0.00    1.10    1.10   clock core_clock (rise edge)
                          0.29    1.39   clock network delay (ideal)
                          0.00    1.39   clock reconvergence pessimism
                                  1.39 ^ dpath.b_reg.out[15]$_DFFE_PP_/CLK (sky130_fd_sc_hd__edfxtp_1)
                         -0.30    1.09   library setup time
                                  1.09   data required time
-----------------------------------------------------------------------------
                                  1.09   data required time
                                 -2.41   data arrival time
-----------------------------------------------------------------------------
                                 -1.32   slack (VIOLATED)


Startpoint: dpath.a_reg.out[4]$_DFFE_PP_
            (rising edge-triggered flip-flop clocked by core_clock)
Endpoint: resp_msg[15] (output port clocked by vclk_core_clock)
Path Group: vclk_core_clock
Path Type: max

Fanout     Cap    Slew   Delay    Time   Description
-----------------------------------------------------------------------------
                  0.00    0.00    0.00   clock core_clock (rise edge)
                          0.29    0.29   clock network delay (ideal)
                  0.00    0.00    0.29 ^ dpath.a_reg.out[4]$_DFFE_PP_/CLK (sky130_fd_sc_hd__edfxtp_1)
     2    0.01    0.08    0.36    0.65 v dpath.a_reg.out[4]$_DFFE_PP_/Q (sky130_fd_sc_hd__edfxtp_1)
                                         _029_ (net)
                  0.08    0.00    0.65 v _119_/_145_/A (sky130_fd_sc_hd__xnor3_1)
     5    0.01    0.12    0.44    1.09 v _119_/_145_/X (sky130_fd_sc_hd__xnor3_1)
                                         _119_/_016_ (net)
                  0.12    0.00    1.09 v _119_/_214_/A (sky130_fd_sc_hd__or2_1)
     3    0.01    0.09    0.30    1.39 v _119_/_214_/X (sky130_fd_sc_hd__or2_1)
                                         _119_/_079_ (net)
                  0.09    0.00    1.39 v _119_/_225_/C (sky130_fd_sc_hd__nor3_1)
     1    0.01    0.22    0.20    1.58 ^ _119_/_225_/Y (sky130_fd_sc_hd__nor3_1)
                                         _119_/_088_ (net)
                  0.22    0.00    1.58 ^ _119_/_228_/B1 (sky130_fd_sc_hd__a221oi_2)
     3    0.01    0.12    0.12    1.70 v _119_/_228_/Y (sky130_fd_sc_hd__a221oi_2)
                                         _119_/_091_ (net)
                  0.12    0.00    1.70 v _119_/_130_/A3 (sky130_fd_sc_hd__o311ai_1)
     1    0.01    0.33    0.33    2.03 ^ _119_/_130_/Y (sky130_fd_sc_hd__o311ai_1)
                                         _119_/_002_ (net)
                  0.33    0.00    2.03 ^ _119_/_131_/B (sky130_fd_sc_hd__xnor2_1)
     2    0.01    0.16    0.18    2.21 ^ _119_/_131_/Y (sky130_fd_sc_hd__xnor2_1)
                                         net45 (net)
                  0.16    0.00    2.21 ^ output45/A (sky130_fd_sc_hd__clkdlybuf4s50_1)
     1    0.00    0.03    0.49    2.70 ^ output45/X (sky130_fd_sc_hd__clkdlybuf4s50_1)
                                         resp_msg[15] (net)
                  0.03    0.00    2.70 ^ resp_msg[15] (out)
                                  2.70   data arrival time

                  0.00    1.10    1.10   clock vclk_core_clock (rise edge)
                          0.29    1.39   clock network delay (ideal)
                          0.00    1.39   clock reconvergence pessimism
                         -0.22    1.17   output external delay
                                  1.17   data required time
-----------------------------------------------------------------------------
                                  1.17   data required time
                                 -2.70   data arrival time
-----------------------------------------------------------------------------
                                 -1.53   slack (VIOLATED)



==========================================================================
detailed place report_checks -unconstrained
--------------------------------------------------------------------------
Startpoint: dpath.b_reg.out[13]$_DFFE_PP_
            (rising edge-triggered flip-flop clocked by core_clock)
Endpoint: dpath.b_reg.out[15]$_DFFE_PP_
          (rising edge-triggered flip-flop clocked by core_clock)
Path Group: core_clock
Path Type: max

Fanout     Cap    Slew   Delay    Time   Description
-----------------------------------------------------------------------------
                  0.00    0.00    0.00   clock core_clock (rise edge)
                          0.29    0.29   clock network delay (ideal)
                  0.00    0.00    0.29 ^ dpath.b_reg.out[13]$_DFFE_PP_/CLK (sky130_fd_sc_hd__edfxtp_1)
     2    0.01    0.10    0.39    0.68 v dpath.b_reg.out[13]$_DFFE_PP_/Q (sky130_fd_sc_hd__edfxtp_1)
                                         _005_ (net)
                  0.10    0.00    0.68 v _119_/_189_/B (sky130_fd_sc_hd__xor2_1)
     2    0.01    0.20    0.22    0.89 ^ _119_/_189_/X (sky130_fd_sc_hd__xor2_1)
                                         _119_/_060_ (net)
                  0.20    0.00    0.89 ^ _119_/_191_/A (sky130_fd_sc_hd__xnor2_1)
     4    0.01    0.35    0.23    1.12 ^ _119_/_191_/Y (sky130_fd_sc_hd__xnor2_1)
                                         _119_/_062_ (net)
                  0.35    0.00    1.12 ^ _119_/_199_/A2 (sky130_fd_sc_hd__o21ai_1)
     2    0.01    0.09    0.14    1.26 v _119_/_199_/Y (sky130_fd_sc_hd__o21ai_1)
                                         _119_/_070_ (net)
                  0.09    0.00    1.26 v _119_/_203_/B1 (sky130_fd_sc_hd__a221oi_1)
     1    0.00    0.26    0.28    1.54 ^ _119_/_203_/Y (sky130_fd_sc_hd__a221oi_1)
                                         _119_/_074_ (net)
                  0.26    0.00    1.54 ^ _119_/_204_/B1 (sky130_fd_sc_hd__o21ai_1)
     1    0.01    0.10    0.14    1.68 v _119_/_204_/Y (sky130_fd_sc_hd__o21ai_1)
                                         _119_/_075_ (net)
                  0.10    0.00    1.68 v _119_/_205_/B1 (sky130_fd_sc_hd__a21o_4)
     2    0.02    0.05    0.22    1.90 v _119_/_205_/X (sky130_fd_sc_hd__a21o_4)
                                         _032_ (net)
                  0.05    0.00    1.90 v place135/A (sky130_fd_sc_hd__buf_12)
     8    0.06    0.04    0.15    2.05 v place135/X (sky130_fd_sc_hd__buf_12)
                                         net151 (net)
                  0.05    0.00    2.05 v _123_/A1 (sky130_fd_sc_hd__o21bai_4)
     2    0.02    0.15    0.17    2.22 ^ _123_/Y (sky130_fd_sc_hd__o21bai_4)
                                         _038_ (net)
                  0.15    0.00    2.23 ^ place132/A (sky130_fd_sc_hd__buf_4)
     5    0.03    0.09    0.18    2.41 ^ place132/X (sky130_fd_sc_hd__buf_4)
                                         net148 (net)
                  0.09    0.00    2.41 ^ dpath.b_reg.out[15]$_DFFE_PP_/DE (sky130_fd_sc_hd__edfxtp_1)
                                  2.41   data arrival time

                  0.00    1.10    1.10   clock core_clock (rise edge)
                          0.29    1.39   clock network delay (ideal)
                          0.00    1.39   clock reconvergence pessimism
                                  1.39 ^ dpath.b_reg.out[15]$_DFFE_PP_/CLK (sky130_fd_sc_hd__edfxtp_1)
                         -0.30    1.09   library setup time
                                  1.09   data required time
-----------------------------------------------------------------------------
                                  1.09   data required time
                                 -2.41   data arrival time
-----------------------------------------------------------------------------
                                 -1.32   slack (VIOLATED)


Startpoint: dpath.a_reg.out[4]$_DFFE_PP_
            (rising edge-triggered flip-flop clocked by core_clock)
Endpoint: resp_msg[15] (output port clocked by vclk_core_clock)
Path Group: vclk_core_clock
Path Type: max

Fanout     Cap    Slew   Delay    Time   Description
-----------------------------------------------------------------------------
                  0.00    0.00    0.00   clock core_clock (rise edge)
                          0.29    0.29   clock network delay (ideal)
                  0.00    0.00    0.29 ^ dpath.a_reg.out[4]$_DFFE_PP_/CLK (sky130_fd_sc_hd__edfxtp_1)
     2    0.01    0.08    0.36    0.65 v dpath.a_reg.out[4]$_DFFE_PP_/Q (sky130_fd_sc_hd__edfxtp_1)
                                         _029_ (net)
                  0.08    0.00    0.65 v _119_/_145_/A (sky130_fd_sc_hd__xnor3_1)
     5    0.01    0.12    0.44    1.09 v _119_/_145_/X (sky130_fd_sc_hd__xnor3_1)
                                         _119_/_016_ (net)
                  0.12    0.00    1.09 v _119_/_214_/A (sky130_fd_sc_hd__or2_1)
     3    0.01    0.09    0.30    1.39 v _119_/_214_/X (sky130_fd_sc_hd__or2_1)
                                         _119_/_079_ (net)
                  0.09    0.00    1.39 v _119_/_225_/C (sky130_fd_sc_hd__nor3_1)
     1    0.01    0.22    0.20    1.58 ^ _119_/_225_/Y (sky130_fd_sc_hd__nor3_1)
                                         _119_/_088_ (net)
                  0.22    0.00    1.58 ^ _119_/_228_/B1 (sky130_fd_sc_hd__a221oi_2)
     3    0.01    0.12    0.12    1.70 v _119_/_228_/Y (sky130_fd_sc_hd__a221oi_2)
                                         _119_/_091_ (net)
                  0.12    0.00    1.70 v _119_/_130_/A3 (sky130_fd_sc_hd__o311ai_1)
     1    0.01    0.33    0.33    2.03 ^ _119_/_130_/Y (sky130_fd_sc_hd__o311ai_1)
                                         _119_/_002_ (net)
                  0.33    0.00    2.03 ^ _119_/_131_/B (sky130_fd_sc_hd__xnor2_1)
     2    0.01    0.16    0.18    2.21 ^ _119_/_131_/Y (sky130_fd_sc_hd__xnor2_1)
                                         net45 (net)
                  0.16    0.00    2.21 ^ output45/A (sky130_fd_sc_hd__clkdlybuf4s50_1)
     1    0.00    0.03    0.49    2.70 ^ output45/X (sky130_fd_sc_hd__clkdlybuf4s50_1)
                                         resp_msg[15] (net)
                  0.03    0.00    2.70 ^ resp_msg[15] (out)
                                  2.70   data arrival time

                  0.00    1.10    1.10   clock vclk_core_clock (rise edge)
                          0.29    1.39   clock network delay (ideal)
                          0.00    1.39   clock reconvergence pessimism
                         -0.22    1.17   output external delay
                                  1.17   data required time
-----------------------------------------------------------------------------
                                  1.17   data required time
                                 -2.70   data arrival time
-----------------------------------------------------------------------------
                                 -1.53   slack (VIOLATED)



==========================================================================
detailed place report_check_types -max_slew -max_cap -max_fanout -violators
--------------------------------------------------------------------------

==========================================================================
detailed place max_slew_check_slack
--------------------------------------------------------------------------
1.0

==========================================================================
detailed place max_slew_check_limit
--------------------------------------------------------------------------
1.0

==========================================================================
detailed place max_slew_check_slack_limit
--------------------------------------------------------------------------
1.0000

==========================================================================
detailed place max_fanout_check_slack
--------------------------------------------------------------------------
1.0000000150474662e+30

==========================================================================
detailed place max_fanout_check_limit
--------------------------------------------------------------------------
1.0000000150474662e+30

==========================================================================
detailed place max_capacitance_check_slack
--------------------------------------------------------------------------
0.02981537953019142

==========================================================================
detailed place max_capacitance_check_limit
--------------------------------------------------------------------------
0.03663099929690361

==========================================================================
detailed place max_capacitance_check_slack_limit
--------------------------------------------------------------------------
0.8139

==========================================================================
detailed place max_slew_violation_count
--------------------------------------------------------------------------
max slew violation count 0

==========================================================================
detailed place max_fanout_violation_count
--------------------------------------------------------------------------
max fanout violation count 0

==========================================================================
detailed place max_cap_violation_count
--------------------------------------------------------------------------
max cap violation count 0

==========================================================================
detailed place setup_violation_count
--------------------------------------------------------------------------
setup violation count 69

==========================================================================
detailed place hold_violation_count
--------------------------------------------------------------------------
hold violation count 0

==========================================================================
detailed place report_checks -path_delay max reg to reg
--------------------------------------------------------------------------
Startpoint: dpath.b_reg.out[13]$_DFFE_PP_
            (rising edge-triggered flip-flop clocked by core_clock)
Endpoint: dpath.b_reg.out[15]$_DFFE_PP_
          (rising edge-triggered flip-flop clocked by core_clock)
Path Group: core_clock
Path Type: max

  Delay    Time   Description
---------------------------------------------------------
   0.00    0.00   clock core_clock (rise edge)
   0.29    0.29   clock network delay (ideal)
   0.00    0.29 ^ dpath.b_reg.out[13]$_DFFE_PP_/CLK (sky130_fd_sc_hd__edfxtp_1)
   0.39    0.68 v dpath.b_reg.out[13]$_DFFE_PP_/Q (sky130_fd_sc_hd__edfxtp_1)
   0.22    0.89 ^ _119_/_189_/X (sky130_fd_sc_hd__xor2_1)
   0.23    1.12 ^ _119_/_191_/Y (sky130_fd_sc_hd__xnor2_1)
   0.14    1.26 v _119_/_199_/Y (sky130_fd_sc_hd__o21ai_1)
   0.28    1.54 ^ _119_/_203_/Y (sky130_fd_sc_hd__a221oi_1)
   0.14    1.68 v _119_/_204_/Y (sky130_fd_sc_hd__o21ai_1)
   0.22    1.90 v _119_/_205_/X (sky130_fd_sc_hd__a21o_4)
   0.15    2.05 v place135/X (sky130_fd_sc_hd__buf_12)
   0.18    2.22 ^ _123_/Y (sky130_fd_sc_hd__o21bai_4)
   0.18    2.41 ^ place132/X (sky130_fd_sc_hd__buf_4)
   0.00    2.41 ^ dpath.b_reg.out[15]$_DFFE_PP_/DE (sky130_fd_sc_hd__edfxtp_1)
           2.41   data arrival time

   1.10    1.10   clock core_clock (rise edge)
   0.29    1.39   clock network delay (ideal)
   0.00    1.39   clock reconvergence pessimism
           1.39 ^ dpath.b_reg.out[15]$_DFFE_PP_/CLK (sky130_fd_sc_hd__edfxtp_1)
  -0.30    1.09   library setup time
           1.09   data required time
---------------------------------------------------------
           1.09   data required time
          -2.41   data arrival time
---------------------------------------------------------
          -1.32   slack (VIOLATED)



==========================================================================
detailed place report_checks -path_delay min reg to reg
--------------------------------------------------------------------------
Startpoint: dpath.a_reg.out[0]$_DFFE_PP_
            (rising edge-triggered flip-flop clocked by core_clock)
Endpoint: dpath.b_reg.out[0]$_DFFE_PP_
          (rising edge-triggered flip-flop clocked by core_clock)
Path Group: core_clock
Path Type: min

  Delay    Time   Description
---------------------------------------------------------
   0.00    0.00   clock core_clock (rise edge)
   0.29    0.29   clock network delay (ideal)
   0.00    0.29 ^ dpath.a_reg.out[0]$_DFFE_PP_/CLK (sky130_fd_sc_hd__edfxtp_1)
   0.33    0.62 ^ dpath.a_reg.out[0]$_DFFE_PP_/Q (sky130_fd_sc_hd__edfxtp_1)
   0.13    0.74 ^ _172_/X (sky130_fd_sc_hd__mux2_1)
   0.00    0.74 ^ dpath.b_reg.out[0]$_DFFE_PP_/D (sky130_fd_sc_hd__edfxtp_1)
           0.74   data arrival time

   0.00    0.00   clock core_clock (rise edge)
   0.29    0.29   clock network delay (ideal)
   0.00    0.29   clock reconvergence pessimism
           0.29 ^ dpath.b_reg.out[0]$_DFFE_PP_/CLK (sky130_fd_sc_hd__edfxtp_1)
  -0.11    0.18   library hold time
           0.18   data required time
---------------------------------------------------------
           0.18   data required time
          -0.74   data arrival time
---------------------------------------------------------
           0.56   slack (MET)



==========================================================================
detailed place critical path target clock latency max path
--------------------------------------------------------------------------
0.2900

==========================================================================
detailed place critical path target clock latency min path
--------------------------------------------------------------------------
0.2900

==========================================================================
detailed place critical path source clock latency min path
--------------------------------------------------------------------------
0.2900

==========================================================================
detailed place critical path delay
--------------------------------------------------------------------------
2.7035

==========================================================================
detailed place critical path slack
--------------------------------------------------------------------------
-1.5335

==========================================================================
detailed place slack div critical path delay
--------------------------------------------------------------------------
-56.722767

==========================================================================
detailed place report_power
--------------------------------------------------------------------------
Group                  Internal  Switching    Leakage      Total
                          Power      Power      Power      Power (Watts)
----------------------------------------------------------------
Sequential             1.69e-03   1.18e-04   3.51e-10   1.81e-03  30.4%
Combinational          2.47e-03   1.68e-03   1.32e-09   4.14e-03  69.6%
Clock                  0.00e+00   0.00e+00   0.00e+00   0.00e+00   0.0%
Macro                  0.00e+00   0.00e+00   0.00e+00   0.00e+00   0.0%
Pad                    0.00e+00   0.00e+00   0.00e+00   0.00e+00   0.0%
----------------------------------------------------------------
Total                  4.15e-03   1.80e-03   1.67e-09   5.95e-03 100.0%
                          69.8%      30.2%       0.0%
