
==========================================================================
resizer report_tns
--------------------------------------------------------------------------
tns max -66.75

==========================================================================
resizer report_wns
--------------------------------------------------------------------------
wns max -1.48

==========================================================================
resizer report_worst_slack
--------------------------------------------------------------------------
worst slack max -1.48

==========================================================================
resizer report_clock_min_period
--------------------------------------------------------------------------
core_clock period_min = 2.45 fmax = 408.82
vclk_core_clock period_min = 0.00 fmax = inf

==========================================================================
resizer report_checks -path_delay min
--------------------------------------------------------------------------
Startpoint: dpath.a_reg.out[0]$_DFFE_PP_
            (rising edge-triggered flip-flop clocked by core_clock)
Endpoint: dpath.b_reg.out[0]$_DFFE_PP_
          (rising edge-triggered flip-flop clocked by core_clock)
Path Group: core_clock
Path Type: min

Fanout     Cap    Slew   Delay    Time   Description
-----------------------------------------------------------------------------
                  0.00    0.00    0.00   clock core_clock (rise edge)
                          0.29    0.29   clock network delay (ideal)
                  0.00    0.00    0.29 ^ dpath.a_reg.out[0]$_DFFE_PP_/CLK (sky130_fd_sc_hd__edfxtp_1)
     2    0.01    0.08    0.32    0.61 ^ dpath.a_reg.out[0]$_DFFE_PP_/Q (sky130_fd_sc_hd__edfxtp_1)
                                         _034_ (net)
                  0.08    0.00    0.61 ^ _172_/A0 (sky130_fd_sc_hd__mux2_1)
     1    0.00    0.04    0.12    0.73 ^ _172_/X (sky130_fd_sc_hd__mux2_1)
                                         _087_ (net)
                  0.04    0.00    0.73 ^ dpath.b_reg.out[0]$_DFFE_PP_/D (sky130_fd_sc_hd__edfxtp_1)
                                  0.73   data arrival time

                  0.00    0.00    0.00   clock core_clock (rise edge)
                          0.29    0.29   clock network delay (ideal)
                          0.00    0.29   clock reconvergence pessimism
                                  0.29 ^ dpath.b_reg.out[0]$_DFFE_PP_/CLK (sky130_fd_sc_hd__edfxtp_1)
                         -0.11    0.18   library hold time
                                  0.18   data required time
-----------------------------------------------------------------------------
                                  0.18   data required time
                                 -0.73   data arrival time
-----------------------------------------------------------------------------
                                  0.55   slack (MET)


Startpoint: ctrl.state.out[1]$_DFF_P_
            (rising edge-triggered flip-flop clocked by core_clock)
Endpoint: resp_val (output port clocked by vclk_core_clock)
Path Group: vclk_core_clock
Path Type: min

Fanout     Cap    Slew   Delay    Time   Description
-----------------------------------------------------------------------------
                  0.00    0.00    0.00   clock core_clock (rise edge)
                          0.29    0.29   clock network delay (ideal)
                  0.00    0.00    0.29 ^ ctrl.state.out[1]$_DFF_P_/CLK (sky130_fd_sc_hd__dfxtp_1)
     2    0.01    0.04    0.29    0.58 v ctrl.state.out[1]$_DFF_P_/Q (sky130_fd_sc_hd__dfxtp_1)
                                         _003_ (net)
                  0.04    0.00    0.58 v _121_/A (sky130_fd_sc_hd__clkinv_1)
     2    0.01    0.04    0.05    0.63 ^ _121_/Y (sky130_fd_sc_hd__clkinv_1)
                                         _036_ (net)
                  0.04    0.00    0.63 ^ _187_/A (sky130_fd_sc_hd__nor2_1)
     2    0.01    0.03    0.05    0.68 v _187_/Y (sky130_fd_sc_hd__nor2_1)
                                         net55 (net)
                  0.03    0.00    0.68 v output55/A (sky130_fd_sc_hd__clkdlybuf4s50_1)
     1    0.00    0.04    0.40    1.07 v output55/X (sky130_fd_sc_hd__clkdlybuf4s50_1)
                                         resp_val (net)
                  0.04    0.00    1.07 v resp_val (out)
                                  1.07   data arrival time

                  0.00    0.00    0.00   clock vclk_core_clock (rise edge)
                          0.29    0.29   clock network delay (ideal)
                          0.00    0.29   clock reconvergence pessimism
                         -0.22    0.07   output external delay
                                  0.07   data required time
-----------------------------------------------------------------------------
                                  0.07   data required time
                                 -1.07   data arrival time
-----------------------------------------------------------------------------
                                  1.00   slack (MET)



==========================================================================
resizer report_checks -path_delay max
--------------------------------------------------------------------------
Startpoint: dpath.b_reg.out[2]$_DFFE_PP_
            (rising edge-triggered flip-flop clocked by core_clock)
Endpoint: dpath.b_reg.out[15]$_DFFE_PP_
          (rising edge-triggered flip-flop clocked by core_clock)
Path Group: core_clock
Path Type: max

Fanout     Cap    Slew   Delay    Time   Description
-----------------------------------------------------------------------------
                  0.00    0.00    0.00   clock core_clock (rise edge)
                          0.29    0.29   clock network delay (ideal)
                  0.00    0.00    0.29 ^ dpath.b_reg.out[2]$_DFFE_PP_/CLK (sky130_fd_sc_hd__edfxtp_1)
     4    0.01    0.13    0.42    0.71 v dpath.b_reg.out[2]$_DFFE_PP_/Q (sky130_fd_sc_hd__edfxtp_1)
                                         _016_ (net)
                  0.13    0.00    0.71 v _119_/_151_/A (sky130_fd_sc_hd__xor2_1)
     2    0.01    0.21    0.25    0.96 ^ _119_/_151_/X (sky130_fd_sc_hd__xor2_1)
                                         _119_/_022_ (net)
                  0.21    0.00    0.96 ^ _119_/_154_/B (sky130_fd_sc_hd__xnor2_1)
     2    0.01    0.24    0.19    1.15 ^ _119_/_154_/Y (sky130_fd_sc_hd__xnor2_1)
                                         _119_/_025_ (net)
                  0.24    0.00    1.15 ^ _119_/place165/A (sky130_fd_sc_hd__buf_4)
     2    0.01    0.04    0.17    1.32 ^ _119_/place165/X (sky130_fd_sc_hd__buf_4)
                                         _119_/net181 (net)
                  0.04    0.00    1.32 ^ _119_/_155_/B (sky130_fd_sc_hd__nor2_1)
     1    0.01    0.06    0.05    1.37 v _119_/_155_/Y (sky130_fd_sc_hd__nor2_1)
                                         _119_/_026_ (net)
                  0.06    0.00    1.37 v _119_/_166_/A1 (sky130_fd_sc_hd__a21oi_2)
     3    0.01    0.18    0.20    1.57 ^ _119_/_166_/Y (sky130_fd_sc_hd__a21oi_2)
                                         _119_/_037_ (net)
                  0.18    0.00    1.57 ^ _119_/_167_/A1 (sky130_fd_sc_hd__o21ai_2)
     2    0.01    0.08    0.12    1.68 v _119_/_167_/Y (sky130_fd_sc_hd__o21ai_2)
                                         _119_/_038_ (net)
                  0.08    0.00    1.68 v _119_/_205_/A2 (sky130_fd_sc_hd__a21o_4)
     2    0.02    0.05    0.25    1.93 v _119_/_205_/X (sky130_fd_sc_hd__a21o_4)
                                         _032_ (net)
                  0.05    0.00    1.93 v place135/A (sky130_fd_sc_hd__buf_12)
     8    0.06    0.04    0.15    2.08 v place135/X (sky130_fd_sc_hd__buf_12)
                                         net151 (net)
                  0.04    0.00    2.08 v _123_/A1 (sky130_fd_sc_hd__o21bai_4)
     2    0.01    0.15    0.17    2.25 ^ _123_/Y (sky130_fd_sc_hd__o21bai_4)
                                         _038_ (net)
                  0.15    0.00    2.25 ^ place132/A (sky130_fd_sc_hd__buf_4)
     5    0.03    0.09    0.18    2.43 ^ place132/X (sky130_fd_sc_hd__buf_4)
                                         net148 (net)
                  0.09    0.00    2.44 ^ dpath.b_reg.out[15]$_DFFE_PP_/DE (sky130_fd_sc_hd__edfxtp_1)
                                  2.44   data arrival time

                  0.00    1.10    1.10   clock core_clock (rise edge)
                          0.29    1.39   clock network delay (ideal)
                          0.00    1.39   clock reconvergence pessimism
                                  1.39 ^ dpath.b_reg.out[15]$_DFFE_PP_/CLK (sky130_fd_sc_hd__edfxtp_1)
                         -0.30    1.09   library setup time
                                  1.09   data required time
-----------------------------------------------------------------------------
                                  1.09   data required time
                                 -2.44   data arrival time
-----------------------------------------------------------------------------
                                 -1.35   slack (VIOLATED)


Startpoint: dpath.a_reg.out[4]$_DFFE_PP_
            (rising edge-triggered flip-flop clocked by core_clock)
Endpoint: resp_msg[15] (output port clocked by vclk_core_clock)
Path Group: vclk_core_clock
Path Type: max

Fanout     Cap    Slew   Delay    Time   Description
-----------------------------------------------------------------------------
                  0.00    0.00    0.00   clock core_clock (rise edge)
                          0.29    0.29   clock network delay (ideal)
                  0.00    0.00    0.29 ^ dpath.a_reg.out[4]$_DFFE_PP_/CLK (sky130_fd_sc_hd__edfxtp_1)
     2    0.01    0.08    0.36    0.65 v dpath.a_reg.out[4]$_DFFE_PP_/Q (sky130_fd_sc_hd__edfxtp_1)
                                         _029_ (net)
                  0.08    0.00    0.65 v _119_/_145_/A (sky130_fd_sc_hd__xnor3_1)
     5    0.01    0.11    0.43    1.07 v _119_/_145_/X (sky130_fd_sc_hd__xnor3_1)
                                         _119_/_016_ (net)
                  0.11    0.00    1.07 v _119_/_214_/A (sky130_fd_sc_hd__or2_1)
     3    0.01    0.09    0.29    1.37 v _119_/_214_/X (sky130_fd_sc_hd__or2_1)
                                         _119_/_079_ (net)
                  0.09    0.00    1.37 v _119_/_225_/C (sky130_fd_sc_hd__nor3_1)
     1    0.00    0.20    0.18    1.55 ^ _119_/_225_/Y (sky130_fd_sc_hd__nor3_1)
                                         _119_/_088_ (net)
                  0.20    0.00    1.55 ^ _119_/_228_/B1 (sky130_fd_sc_hd__a221oi_2)
     3    0.01    0.12    0.11    1.66 v _119_/_228_/Y (sky130_fd_sc_hd__a221oi_2)
                                         _119_/_091_ (net)
                  0.12    0.00    1.66 v _119_/_130_/A3 (sky130_fd_sc_hd__o311ai_1)
     1    0.01    0.31    0.32    1.98 ^ _119_/_130_/Y (sky130_fd_sc_hd__o311ai_1)
                                         _119_/_002_ (net)
                  0.31    0.00    1.98 ^ _119_/_131_/B (sky130_fd_sc_hd__xnor2_1)
     2    0.01    0.17    0.18    2.16 ^ _119_/_131_/Y (sky130_fd_sc_hd__xnor2_1)
                                         net45 (net)
                  0.17    0.00    2.16 ^ output45/A (sky130_fd_sc_hd__clkdlybuf4s50_1)
     1    0.00    0.03    0.49    2.65 ^ output45/X (sky130_fd_sc_hd__clkdlybuf4s50_1)
                                         resp_msg[15] (net)
                  0.03    0.00    2.65 ^ resp_msg[15] (out)
                                  2.65   data arrival time

                  0.00    1.10    1.10   clock vclk_core_clock (rise edge)
                          0.29    1.39   clock network delay (ideal)
                          0.00    1.39   clock reconvergence pessimism
                         -0.22    1.17   output external delay
                                  1.17   data required time
-----------------------------------------------------------------------------
                                  1.17   data required time
                                 -2.65   data arrival time
-----------------------------------------------------------------------------
                                 -1.48   slack (VIOLATED)



==========================================================================
resizer report_checks -unconstrained
--------------------------------------------------------------------------
Startpoint: dpath.b_reg.out[2]$_DFFE_PP_
            (rising edge-triggered flip-flop clocked by core_clock)
Endpoint: dpath.b_reg.out[15]$_DFFE_PP_
          (rising edge-triggered flip-flop clocked by core_clock)
Path Group: core_clock
Path Type: max

Fanout     Cap    Slew   Delay    Time   Description
-----------------------------------------------------------------------------
                  0.00    0.00    0.00   clock core_clock (rise edge)
                          0.29    0.29   clock network delay (ideal)
                  0.00    0.00    0.29 ^ dpath.b_reg.out[2]$_DFFE_PP_/CLK (sky130_fd_sc_hd__edfxtp_1)
     4    0.01    0.13    0.42    0.71 v dpath.b_reg.out[2]$_DFFE_PP_/Q (sky130_fd_sc_hd__edfxtp_1)
                                         _016_ (net)
                  0.13    0.00    0.71 v _119_/_151_/A (sky130_fd_sc_hd__xor2_1)
     2    0.01    0.21    0.25    0.96 ^ _119_/_151_/X (sky130_fd_sc_hd__xor2_1)
                                         _119_/_022_ (net)
                  0.21    0.00    0.96 ^ _119_/_154_/B (sky130_fd_sc_hd__xnor2_1)
     2    0.01    0.24    0.19    1.15 ^ _119_/_154_/Y (sky130_fd_sc_hd__xnor2_1)
                                         _119_/_025_ (net)
                  0.24    0.00    1.15 ^ _119_/place165/A (sky130_fd_sc_hd__buf_4)
     2    0.01    0.04    0.17    1.32 ^ _119_/place165/X (sky130_fd_sc_hd__buf_4)
                                         _119_/net181 (net)
                  0.04    0.00    1.32 ^ _119_/_155_/B (sky130_fd_sc_hd__nor2_1)
     1    0.01    0.06    0.05    1.37 v _119_/_155_/Y (sky130_fd_sc_hd__nor2_1)
                                         _119_/_026_ (net)
                  0.06    0.00    1.37 v _119_/_166_/A1 (sky130_fd_sc_hd__a21oi_2)
     3    0.01    0.18    0.20    1.57 ^ _119_/_166_/Y (sky130_fd_sc_hd__a21oi_2)
                                         _119_/_037_ (net)
                  0.18    0.00    1.57 ^ _119_/_167_/A1 (sky130_fd_sc_hd__o21ai_2)
     2    0.01    0.08    0.12    1.68 v _119_/_167_/Y (sky130_fd_sc_hd__o21ai_2)
                                         _119_/_038_ (net)
                  0.08    0.00    1.68 v _119_/_205_/A2 (sky130_fd_sc_hd__a21o_4)
     2    0.02    0.05    0.25    1.93 v _119_/_205_/X (sky130_fd_sc_hd__a21o_4)
                                         _032_ (net)
                  0.05    0.00    1.93 v place135/A (sky130_fd_sc_hd__buf_12)
     8    0.06    0.04    0.15    2.08 v place135/X (sky130_fd_sc_hd__buf_12)
                                         net151 (net)
                  0.04    0.00    2.08 v _123_/A1 (sky130_fd_sc_hd__o21bai_4)
     2    0.01    0.15    0.17    2.25 ^ _123_/Y (sky130_fd_sc_hd__o21bai_4)
                                         _038_ (net)
                  0.15    0.00    2.25 ^ place132/A (sky130_fd_sc_hd__buf_4)
     5    0.03    0.09    0.18    2.43 ^ place132/X (sky130_fd_sc_hd__buf_4)
                                         net148 (net)
                  0.09    0.00    2.44 ^ dpath.b_reg.out[15]$_DFFE_PP_/DE (sky130_fd_sc_hd__edfxtp_1)
                                  2.44   data arrival time

                  0.00    1.10    1.10   clock core_clock (rise edge)
                          0.29    1.39   clock network delay (ideal)
                          0.00    1.39   clock reconvergence pessimism
                                  1.39 ^ dpath.b_reg.out[15]$_DFFE_PP_/CLK (sky130_fd_sc_hd__edfxtp_1)
                         -0.30    1.09   library setup time
                                  1.09   data required time
-----------------------------------------------------------------------------
                                  1.09   data required time
                                 -2.44   data arrival time
-----------------------------------------------------------------------------
                                 -1.35   slack (VIOLATED)


Startpoint: dpath.a_reg.out[4]$_DFFE_PP_
            (rising edge-triggered flip-flop clocked by core_clock)
Endpoint: resp_msg[15] (output port clocked by vclk_core_clock)
Path Group: vclk_core_clock
Path Type: max

Fanout     Cap    Slew   Delay    Time   Description
-----------------------------------------------------------------------------
                  0.00    0.00    0.00   clock core_clock (rise edge)
                          0.29    0.29   clock network delay (ideal)
                  0.00    0.00    0.29 ^ dpath.a_reg.out[4]$_DFFE_PP_/CLK (sky130_fd_sc_hd__edfxtp_1)
     2    0.01    0.08    0.36    0.65 v dpath.a_reg.out[4]$_DFFE_PP_/Q (sky130_fd_sc_hd__edfxtp_1)
                                         _029_ (net)
                  0.08    0.00    0.65 v _119_/_145_/A (sky130_fd_sc_hd__xnor3_1)
     5    0.01    0.11    0.43    1.07 v _119_/_145_/X (sky130_fd_sc_hd__xnor3_1)
                                         _119_/_016_ (net)
                  0.11    0.00    1.07 v _119_/_214_/A (sky130_fd_sc_hd__or2_1)
     3    0.01    0.09    0.29    1.37 v _119_/_214_/X (sky130_fd_sc_hd__or2_1)
                                         _119_/_079_ (net)
                  0.09    0.00    1.37 v _119_/_225_/C (sky130_fd_sc_hd__nor3_1)
     1    0.00    0.20    0.18    1.55 ^ _119_/_225_/Y (sky130_fd_sc_hd__nor3_1)
                                         _119_/_088_ (net)
                  0.20    0.00    1.55 ^ _119_/_228_/B1 (sky130_fd_sc_hd__a221oi_2)
     3    0.01    0.12    0.11    1.66 v _119_/_228_/Y (sky130_fd_sc_hd__a221oi_2)
                                         _119_/_091_ (net)
                  0.12    0.00    1.66 v _119_/_130_/A3 (sky130_fd_sc_hd__o311ai_1)
     1    0.01    0.31    0.32    1.98 ^ _119_/_130_/Y (sky130_fd_sc_hd__o311ai_1)
                                         _119_/_002_ (net)
                  0.31    0.00    1.98 ^ _119_/_131_/B (sky130_fd_sc_hd__xnor2_1)
     2    0.01    0.17    0.18    2.16 ^ _119_/_131_/Y (sky130_fd_sc_hd__xnor2_1)
                                         net45 (net)
                  0.17    0.00    2.16 ^ output45/A (sky130_fd_sc_hd__clkdlybuf4s50_1)
     1    0.00    0.03    0.49    2.65 ^ output45/X (sky130_fd_sc_hd__clkdlybuf4s50_1)
                                         resp_msg[15] (net)
                  0.03    0.00    2.65 ^ resp_msg[15] (out)
                                  2.65   data arrival time

                  0.00    1.10    1.10   clock vclk_core_clock (rise edge)
                          0.29    1.39   clock network delay (ideal)
                          0.00    1.39   clock reconvergence pessimism
                         -0.22    1.17   output external delay
                                  1.17   data required time
-----------------------------------------------------------------------------
                                  1.17   data required time
                                 -2.65   data arrival time
-----------------------------------------------------------------------------
                                 -1.48   slack (VIOLATED)



==========================================================================
resizer report_check_types -max_slew -max_cap -max_fanout -violators
--------------------------------------------------------------------------

==========================================================================
resizer max_slew_check_slack
--------------------------------------------------------------------------
1.0

==========================================================================
resizer max_slew_check_limit
--------------------------------------------------------------------------
1.0

==========================================================================
resizer max_slew_check_slack_limit
--------------------------------------------------------------------------
1.0000

==========================================================================
resizer max_fanout_check_slack
--------------------------------------------------------------------------
1.0000000150474662e+30

==========================================================================
resizer max_fanout_check_limit
--------------------------------------------------------------------------
1.0000000150474662e+30

==========================================================================
resizer max_capacitance_check_slack
--------------------------------------------------------------------------
0.02932770363986492

==========================================================================
resizer max_capacitance_check_limit
--------------------------------------------------------------------------
0.03663099929690361

==========================================================================
resizer max_capacitance_check_slack_limit
--------------------------------------------------------------------------
0.8006

==========================================================================
resizer max_slew_violation_count
--------------------------------------------------------------------------
max slew violation count 0

==========================================================================
resizer max_fanout_violation_count
--------------------------------------------------------------------------
max fanout violation count 0

==========================================================================
resizer max_cap_violation_count
--------------------------------------------------------------------------
max cap violation count 0

==========================================================================
resizer setup_violation_count
--------------------------------------------------------------------------
setup violation count 69

==========================================================================
resizer hold_violation_count
--------------------------------------------------------------------------
hold violation count 0

==========================================================================
resizer report_checks -path_delay max reg to reg
--------------------------------------------------------------------------
Startpoint: dpath.b_reg.out[2]$_DFFE_PP_
            (rising edge-triggered flip-flop clocked by core_clock)
Endpoint: dpath.b_reg.out[15]$_DFFE_PP_
          (rising edge-triggered flip-flop clocked by core_clock)
Path Group: core_clock
Path Type: max

  Delay    Time   Description
---------------------------------------------------------
   0.00    0.00   clock core_clock (rise edge)
   0.29    0.29   clock network delay (ideal)
   0.00    0.29 ^ dpath.b_reg.out[2]$_DFFE_PP_/CLK (sky130_fd_sc_hd__edfxtp_1)
   0.42    0.71 v dpath.b_reg.out[2]$_DFFE_PP_/Q (sky130_fd_sc_hd__edfxtp_1)
   0.25    0.96 ^ _119_/_151_/X (sky130_fd_sc_hd__xor2_1)
   0.19    1.15 ^ _119_/_154_/Y (sky130_fd_sc_hd__xnor2_1)
   0.17    1.32 ^ _119_/place165/X (sky130_fd_sc_hd__buf_4)
   0.05    1.37 v _119_/_155_/Y (sky130_fd_sc_hd__nor2_1)
   0.20    1.57 ^ _119_/_166_/Y (sky130_fd_sc_hd__a21oi_2)
   0.12    1.68 v _119_/_167_/Y (sky130_fd_sc_hd__o21ai_2)
   0.25    1.93 v _119_/_205_/X (sky130_fd_sc_hd__a21o_4)
   0.15    2.08 v place135/X (sky130_fd_sc_hd__buf_12)
   0.17    2.25 ^ _123_/Y (sky130_fd_sc_hd__o21bai_4)
   0.18    2.43 ^ place132/X (sky130_fd_sc_hd__buf_4)
   0.00    2.44 ^ dpath.b_reg.out[15]$_DFFE_PP_/DE (sky130_fd_sc_hd__edfxtp_1)
           2.44   data arrival time

   1.10    1.10   clock core_clock (rise edge)
   0.29    1.39   clock network delay (ideal)
   0.00    1.39   clock reconvergence pessimism
           1.39 ^ dpath.b_reg.out[15]$_DFFE_PP_/CLK (sky130_fd_sc_hd__edfxtp_1)
  -0.30    1.09   library setup time
           1.09   data required time
---------------------------------------------------------
           1.09   data required time
          -2.44   data arrival time
---------------------------------------------------------
          -1.35   slack (VIOLATED)



==========================================================================
resizer report_checks -path_delay min reg to reg
--------------------------------------------------------------------------
Startpoint: dpath.a_reg.out[0]$_DFFE_PP_
            (rising edge-triggered flip-flop clocked by core_clock)
Endpoint: dpath.b_reg.out[0]$_DFFE_PP_
          (rising edge-triggered flip-flop clocked by core_clock)
Path Group: core_clock
Path Type: min

  Delay    Time   Description
---------------------------------------------------------
   0.00    0.00   clock core_clock (rise edge)
   0.29    0.29   clock network delay (ideal)
   0.00    0.29 ^ dpath.a_reg.out[0]$_DFFE_PP_/CLK (sky130_fd_sc_hd__edfxtp_1)
   0.32    0.61 ^ dpath.a_reg.out[0]$_DFFE_PP_/Q (sky130_fd_sc_hd__edfxtp_1)
   0.12    0.73 ^ _172_/X (sky130_fd_sc_hd__mux2_1)
   0.00    0.73 ^ dpath.b_reg.out[0]$_DFFE_PP_/D (sky130_fd_sc_hd__edfxtp_1)
           0.73   data arrival time

   0.00    0.00   clock core_clock (rise edge)
   0.29    0.29   clock network delay (ideal)
   0.00    0.29   clock reconvergence pessimism
           0.29 ^ dpath.b_reg.out[0]$_DFFE_PP_/CLK (sky130_fd_sc_hd__edfxtp_1)
  -0.11    0.18   library hold time
           0.18   data required time
---------------------------------------------------------
           0.18   data required time
          -0.73   data arrival time
---------------------------------------------------------
           0.55   slack (MET)



==========================================================================
resizer critical path target clock latency max path
--------------------------------------------------------------------------
0.2900

==========================================================================
resizer critical path target clock latency min path
--------------------------------------------------------------------------
0.2900

==========================================================================
resizer critical path source clock latency min path
--------------------------------------------------------------------------
0.2900

==========================================================================
resizer critical path delay
--------------------------------------------------------------------------
2.6498

==========================================================================
resizer critical path slack
--------------------------------------------------------------------------
-1.4798

==========================================================================
resizer slack div critical path delay
--------------------------------------------------------------------------
-55.845724

==========================================================================
resizer report_power
--------------------------------------------------------------------------
Group                  Internal  Switching    Leakage      Total
                          Power      Power      Power      Power (Watts)
----------------------------------------------------------------
Sequential             1.69e-03   1.15e-04   3.51e-10   1.80e-03  30.3%
Combinational          2.47e-03   1.68e-03   1.32e-09   4.14e-03  69.7%
Clock                  0.00e+00   0.00e+00   0.00e+00   0.00e+00   0.0%
Macro                  0.00e+00   0.00e+00   0.00e+00   0.00e+00   0.0%
Pad                    0.00e+00   0.00e+00   0.00e+00   0.00e+00   0.0%
----------------------------------------------------------------
Total                  4.15e-03   1.79e-03   1.67e-09   5.95e-03 100.0%
                          69.9%      30.1%       0.0%
