
==========================================================================
finish report_tns
--------------------------------------------------------------------------
tns max -68.70

==========================================================================
finish report_wns
--------------------------------------------------------------------------
wns max -1.55

==========================================================================
finish report_worst_slack
--------------------------------------------------------------------------
worst slack max -1.55

==========================================================================
finish report_clock_min_period
--------------------------------------------------------------------------
core_clock period_min = 2.65 fmax = 376.84
vclk_core_clock period_min = 0.00 fmax = inf

==========================================================================
finish report_clock_skew
--------------------------------------------------------------------------
Clock core_clock
   0.30 source latency dpath.a_reg.out[4]$_DFFE_PP_/CLK ^
  -0.30 target latency dpath.b_reg.out[7]$_DFFE_PP_/CLK ^
   0.00 CRPR
--------------
   0.01 setup skew

Clock vclk_core_clock
No launch/capture paths found.


==========================================================================
finish report_checks -path_delay min
--------------------------------------------------------------------------
Startpoint: dpath.a_reg.out[0]$_DFFE_PP_
            (rising edge-triggered flip-flop clocked by core_clock)
Endpoint: dpath.b_reg.out[0]$_DFFE_PP_
          (rising edge-triggered flip-flop clocked by core_clock)
Path Group: core_clock
Path Type: min

Fanout     Cap    Slew   Delay    Time   Description
-----------------------------------------------------------------------------
                          0.00    0.00   clock core_clock (rise edge)
                          0.00    0.00   clock source latency
     1    0.02    0.00    0.00    0.00 ^ clk (in)
                                         clk (net)
                  0.00    0.00    0.00 ^ clkbuf_0_clk/A (sky130_fd_sc_hd__clkbuf_8)
     4    0.03    0.07    0.13    0.13 ^ clkbuf_0_clk/X (sky130_fd_sc_hd__clkbuf_8)
                                         clknet_0_clk (net)
                  0.07    0.00    0.14 ^ clkbuf_2_1__f_clk/A (sky130_fd_sc_hd__clkbuf_8)
    10    0.04    0.08    0.16    0.30 ^ clkbuf_2_1__f_clk/X (sky130_fd_sc_hd__clkbuf_8)
                                         clknet_2_1__leaf_clk (net)
                  0.08    0.00    0.30 ^ dpath.a_reg.out[0]$_DFFE_PP_/CLK (sky130_fd_sc_hd__edfxtp_1)
     2    0.01    0.11    0.38    0.67 ^ dpath.a_reg.out[0]$_DFFE_PP_/Q (sky130_fd_sc_hd__edfxtp_1)
                                         _034_ (net)
                  0.11    0.00    0.67 ^ _172_/A0 (sky130_fd_sc_hd__mux2_4)
     1    0.01    0.04    0.16    0.83 ^ _172_/X (sky130_fd_sc_hd__mux2_4)
                                         _087_ (net)
                  0.04    0.00    0.83 ^ dpath.b_reg.out[0]$_DFFE_PP_/D (sky130_fd_sc_hd__edfxtp_1)
                                  0.83   data arrival time

                          0.00    0.00   clock core_clock (rise edge)
                          0.00    0.00   clock source latency
     1    0.02    0.00    0.00    0.00 ^ clk (in)
                                         clk (net)
                  0.00    0.00    0.00 ^ clkbuf_0_clk/A (sky130_fd_sc_hd__clkbuf_8)
     4    0.03    0.07    0.13    0.13 ^ clkbuf_0_clk/X (sky130_fd_sc_hd__clkbuf_8)
                                         clknet_0_clk (net)
                  0.07    0.00    0.14 ^ clkbuf_2_0__f_clk/A (sky130_fd_sc_hd__clkbuf_8)
    10    0.04    0.08    0.17    0.30 ^ clkbuf_2_0__f_clk/X (sky130_fd_sc_hd__clkbuf_8)
                                         clknet_2_0__leaf_clk (net)
                  0.08    0.00    0.30 ^ dpath.b_reg.out[0]$_DFFE_PP_/CLK (sky130_fd_sc_hd__edfxtp_1)
                          0.00    0.30   clock reconvergence pessimism
                         -0.10    0.20   library hold time
                                  0.20   data required time
-----------------------------------------------------------------------------
                                  0.20   data required time
                                 -0.83   data arrival time
-----------------------------------------------------------------------------
                                  0.63   slack (MET)


Startpoint: ctrl.state.out[1]$_DFF_P_
            (rising edge-triggered flip-flop clocked by core_clock)
Endpoint: resp_val (output port clocked by vclk_core_clock)
Path Group: vclk_core_clock
Path Type: min

Fanout     Cap    Slew   Delay    Time   Description
-----------------------------------------------------------------------------
                          0.00    0.00   clock core_clock (rise edge)
                          0.00    0.00   clock source latency
     1    0.02    0.00    0.00    0.00 ^ clk (in)
                                         clk (net)
                  0.00    0.00    0.00 ^ clkbuf_0_clk/A (sky130_fd_sc_hd__clkbuf_8)
     4    0.03    0.07    0.13    0.13 ^ clkbuf_0_clk/X (sky130_fd_sc_hd__clkbuf_8)
                                         clknet_0_clk (net)
                  0.07    0.00    0.14 ^ clkbuf_2_2__f_clk/A (sky130_fd_sc_hd__clkbuf_8)
     9    0.04    0.07    0.16    0.30 ^ clkbuf_2_2__f_clk/X (sky130_fd_sc_hd__clkbuf_8)
                                         clknet_2_2__leaf_clk (net)
                  0.07    0.00    0.30 ^ ctrl.state.out[1]$_DFF_P_/CLK (sky130_fd_sc_hd__dfxtp_1)
     2    0.01    0.06    0.33    0.63 v ctrl.state.out[1]$_DFF_P_/Q (sky130_fd_sc_hd__dfxtp_1)
                                         _003_ (net)
                  0.06    0.00    0.63 v _121_/A (sky130_fd_sc_hd__clkinv_1)
     2    0.02    0.10    0.10    0.73 ^ _121_/Y (sky130_fd_sc_hd__clkinv_1)
                                         _036_ (net)
                  0.10    0.00    0.73 ^ _187_/A (sky130_fd_sc_hd__nor2_4)
     2    0.01    0.04    0.05    0.78 v _187_/Y (sky130_fd_sc_hd__nor2_4)
                                         net55 (net)
                  0.04    0.00    0.78 v output55/A (sky130_fd_sc_hd__buf_2)
     1    0.01    0.03    0.12    0.90 v output55/X (sky130_fd_sc_hd__buf_2)
                                         resp_val (net)
                  0.03    0.00    0.90 v resp_val (out)
                                  0.90   data arrival time

                  0.00    0.00    0.00   clock vclk_core_clock (rise edge)
                          0.29    0.29   clock network delay (ideal)
                          0.00    0.29   clock reconvergence pessimism
                         -0.22    0.07   output external delay
                                  0.07   data required time
-----------------------------------------------------------------------------
                                  0.07   data required time
                                 -0.90   data arrival time
-----------------------------------------------------------------------------
                                  0.83   slack (MET)



==========================================================================
finish report_checks -path_delay max
--------------------------------------------------------------------------
Startpoint: dpath.a_reg.out[4]$_DFFE_PP_
            (rising edge-triggered flip-flop clocked by core_clock)
Endpoint: dpath.a_reg.out[13]$_DFFE_PP_
          (rising edge-triggered flip-flop clocked by core_clock)
Path Group: core_clock
Path Type: max

Fanout     Cap    Slew   Delay    Time   Description
-----------------------------------------------------------------------------
                          0.00    0.00   clock core_clock (rise edge)
                          0.00    0.00   clock source latency
     1    0.02    0.00    0.00    0.00 ^ clk (in)
                                         clk (net)
                  0.00    0.00    0.00 ^ clkbuf_0_clk/A (sky130_fd_sc_hd__clkbuf_8)
     4    0.03    0.07    0.13    0.13 ^ clkbuf_0_clk/X (sky130_fd_sc_hd__clkbuf_8)
                                         clknet_0_clk (net)
                  0.07    0.00    0.14 ^ clkbuf_2_0__f_clk/A (sky130_fd_sc_hd__clkbuf_8)
    10    0.04    0.08    0.17    0.30 ^ clkbuf_2_0__f_clk/X (sky130_fd_sc_hd__clkbuf_8)
                                         clknet_2_0__leaf_clk (net)
                  0.08    0.00    0.30 ^ dpath.a_reg.out[4]$_DFFE_PP_/CLK (sky130_fd_sc_hd__edfxtp_1)
     2    0.01    0.09    0.40    0.71 v dpath.a_reg.out[4]$_DFFE_PP_/Q (sky130_fd_sc_hd__edfxtp_1)
                                         _029_ (net)
                  0.09    0.00    0.71 v _119_/_145_/A (sky130_fd_sc_hd__xnor3_2)
     5    0.03    0.15    0.49    1.20 v _119_/_145_/X (sky130_fd_sc_hd__xnor3_2)
                                         _119_/_016_ (net)
                  0.15    0.00    1.20 v _119_/_214_/A (sky130_fd_sc_hd__or2_4)
     3    0.03    0.08    0.33    1.53 v _119_/_214_/X (sky130_fd_sc_hd__or2_4)
                                         _119_/_079_ (net)
                  0.08    0.00    1.53 v _119_/rebuffer425/A (sky130_fd_sc_hd__buf_6)
     1    0.01    0.02    0.13    1.66 v _119_/rebuffer425/X (sky130_fd_sc_hd__buf_6)
                                         _119_/net444 (net)
                  0.02    0.00    1.66 v _119_/_217_/B1 (sky130_fd_sc_hd__a21oi_4)
     2    0.02    0.17    0.16    1.82 ^ _119_/_217_/Y (sky130_fd_sc_hd__a21oi_4)
                                         _119_/_082_ (net)
                  0.17    0.00    1.82 ^ _119_/_237_/A3 (sky130_fd_sc_hd__o31ai_4)
     2    0.01    0.10    0.08    1.90 v _119_/_237_/Y (sky130_fd_sc_hd__o31ai_4)
                                         _119_/_098_ (net)
                  0.10    0.00    1.90 v _119_/_263_/A2 (sky130_fd_sc_hd__o211ai_1)
     1    0.02    0.38    0.36    2.26 ^ _119_/_263_/Y (sky130_fd_sc_hd__o211ai_1)
                                         _119_/_120_ (net)
                  0.38    0.00    2.27 ^ _119_/_264_/B (sky130_fd_sc_hd__xnor2_1)
     2    0.01    0.10    0.15    2.42 v _119_/_264_/Y (sky130_fd_sc_hd__xnor2_1)
                                         net43 (net)
                  0.10    0.00    2.42 v _166_/A1 (sky130_fd_sc_hd__mux2i_1)
     1    0.00    0.15    0.18    2.60 ^ _166_/Y (sky130_fd_sc_hd__mux2i_1)
                                         _081_ (net)
                  0.15    0.00    2.60 ^ _168_/A1 (sky130_fd_sc_hd__o21ai_1)
     1    0.01    0.07    0.11    2.70 v _168_/Y (sky130_fd_sc_hd__o21ai_1)
                                         _083_ (net)
                  0.07    0.00    2.70 v dpath.a_reg.out[13]$_DFFE_PP_/D (sky130_fd_sc_hd__edfxtp_1)
                                  2.70   data arrival time

                          1.10    1.10   clock core_clock (rise edge)
                          0.00    1.10   clock source latency
     1    0.02    0.00    0.00    1.10 ^ clk (in)
                                         clk (net)
                  0.00    0.00    1.10 ^ clkbuf_0_clk/A (sky130_fd_sc_hd__clkbuf_8)
     4    0.03    0.07    0.13    1.23 ^ clkbuf_0_clk/X (sky130_fd_sc_hd__clkbuf_8)
                                         clknet_0_clk (net)
                  0.07    0.00    1.24 ^ clkbuf_2_1__f_clk/A (sky130_fd_sc_hd__clkbuf_8)
    10    0.04    0.08    0.16    1.40 ^ clkbuf_2_1__f_clk/X (sky130_fd_sc_hd__clkbuf_8)
                                         clknet_2_1__leaf_clk (net)
                  0.08    0.00    1.40 ^ dpath.a_reg.out[13]$_DFFE_PP_/CLK (sky130_fd_sc_hd__edfxtp_1)
                          0.00    1.40   clock reconvergence pessimism
                         -0.25    1.15   library setup time
                                  1.15   data required time
-----------------------------------------------------------------------------
                                  1.15   data required time
                                 -2.70   data arrival time
-----------------------------------------------------------------------------
                                 -1.55   slack (VIOLATED)


Startpoint: dpath.b_reg.out[3]$_DFFE_PP_
            (rising edge-triggered flip-flop clocked by core_clock)
Endpoint: resp_msg[15] (output port clocked by vclk_core_clock)
Path Group: vclk_core_clock
Path Type: max

Fanout     Cap    Slew   Delay    Time   Description
-----------------------------------------------------------------------------
                          0.00    0.00   clock core_clock (rise edge)
                          0.00    0.00   clock source latency
     1    0.02    0.00    0.00    0.00 ^ clk (in)
                                         clk (net)
                  0.00    0.00    0.00 ^ clkbuf_0_clk/A (sky130_fd_sc_hd__clkbuf_8)
     4    0.03    0.07    0.13    0.13 ^ clkbuf_0_clk/X (sky130_fd_sc_hd__clkbuf_8)
                                         clknet_0_clk (net)
                  0.07    0.00    0.14 ^ clkbuf_2_0__f_clk/A (sky130_fd_sc_hd__clkbuf_8)
    10    0.04    0.08    0.17    0.30 ^ clkbuf_2_0__f_clk/X (sky130_fd_sc_hd__clkbuf_8)
                                         clknet_2_0__leaf_clk (net)
                  0.08    0.00    0.30 ^ dpath.b_reg.out[3]$_DFFE_PP_/CLK (sky130_fd_sc_hd__edfxtp_1)
     2    0.01    0.11    0.42    0.73 v dpath.b_reg.out[3]$_DFFE_PP_/Q (sky130_fd_sc_hd__edfxtp_1)
                                         _015_ (net)
                  0.11    0.00    0.73 v rebuffer432/A (sky130_fd_sc_hd__buf_4)
     1    0.00    0.02    0.15    0.88 v rebuffer432/X (sky130_fd_sc_hd__buf_4)
                                         net451 (net)
                  0.02    0.00    0.88 v place187/A (sky130_fd_sc_hd__buf_4)
     3    0.02    0.04    0.14    1.02 v place187/X (sky130_fd_sc_hd__buf_4)
                                         net202 (net)
                  0.04    0.00    1.02 v _119_/_148_/A (sky130_fd_sc_hd__xor2_1)
     1    0.00    0.13    0.15    1.17 ^ _119_/_148_/X (sky130_fd_sc_hd__xor2_1)
                                         _119_/_019_ (net)
                  0.13    0.00    1.17 ^ _119_/_149_/B (sky130_fd_sc_hd__nand2_1)
     2    0.02    0.14    0.15    1.33 v _119_/_149_/Y (sky130_fd_sc_hd__nand2_1)
                                         _119_/_020_ (net)
                  0.14    0.00    1.33 v _119_/_215_/A2 (sky130_fd_sc_hd__o21ai_2)
     3    0.03    0.38    0.36    1.69 ^ _119_/_215_/Y (sky130_fd_sc_hd__o21ai_2)
                                         _119_/_080_ (net)
                  0.38    0.00    1.69 ^ _119_/_228_/A1 (sky130_fd_sc_hd__a221oi_4)
     3    0.02    0.13    0.16    1.85 v _119_/_228_/Y (sky130_fd_sc_hd__a221oi_4)
                                         _119_/_091_ (net)
                  0.13    0.00    1.85 v _119_/rebuffer220/A (sky130_fd_sc_hd__buf_4)
     1    0.01    0.03    0.18    2.03 v _119_/rebuffer220/X (sky130_fd_sc_hd__buf_4)
                                         _119_/net237 (net)
                  0.03    0.00    2.03 v _119_/_130_/A3 (sky130_fd_sc_hd__o311ai_4)
     1    0.01    0.26    0.25    2.28 ^ _119_/_130_/Y (sky130_fd_sc_hd__o311ai_4)
                                         _119_/_002_ (net)
                  0.26    0.00    2.28 ^ _119_/_131_/B (sky130_fd_sc_hd__xnor2_2)
     2    0.01    0.13    0.15    2.43 ^ _119_/_131_/Y (sky130_fd_sc_hd__xnor2_2)
                                         net45 (net)
                  0.13    0.00    2.43 ^ rebuffer440/A (sky130_fd_sc_hd__buf_4)
     1    0.00    0.03    0.13    2.55 ^ rebuffer440/X (sky130_fd_sc_hd__buf_4)
                                         net459 (net)
                  0.03    0.00    2.55 ^ output45/A (sky130_fd_sc_hd__buf_2)
     1    0.00    0.02    0.08    2.63 ^ output45/X (sky130_fd_sc_hd__buf_2)
                                         resp_msg[15] (net)
                  0.02    0.00    2.63 ^ resp_msg[15] (out)
                                  2.63   data arrival time

                  0.00    1.10    1.10   clock vclk_core_clock (rise edge)
                          0.29    1.39   clock network delay (ideal)
                          0.00    1.39   clock reconvergence pessimism
                         -0.22    1.17   output external delay
                                  1.17   data required time
-----------------------------------------------------------------------------
                                  1.17   data required time
                                 -2.63   data arrival time
-----------------------------------------------------------------------------
                                 -1.46   slack (VIOLATED)



==========================================================================
finish report_checks -unconstrained
--------------------------------------------------------------------------
Startpoint: dpath.a_reg.out[4]$_DFFE_PP_
            (rising edge-triggered flip-flop clocked by core_clock)
Endpoint: dpath.a_reg.out[13]$_DFFE_PP_
          (rising edge-triggered flip-flop clocked by core_clock)
Path Group: core_clock
Path Type: max

Fanout     Cap    Slew   Delay    Time   Description
-----------------------------------------------------------------------------
                          0.00    0.00   clock core_clock (rise edge)
                          0.00    0.00   clock source latency
     1    0.02    0.00    0.00    0.00 ^ clk (in)
                                         clk (net)
                  0.00    0.00    0.00 ^ clkbuf_0_clk/A (sky130_fd_sc_hd__clkbuf_8)
     4    0.03    0.07    0.13    0.13 ^ clkbuf_0_clk/X (sky130_fd_sc_hd__clkbuf_8)
                                         clknet_0_clk (net)
                  0.07    0.00    0.14 ^ clkbuf_2_0__f_clk/A (sky130_fd_sc_hd__clkbuf_8)
    10    0.04    0.08    0.17    0.30 ^ clkbuf_2_0__f_clk/X (sky130_fd_sc_hd__clkbuf_8)
                                         clknet_2_0__leaf_clk (net)
                  0.08    0.00    0.30 ^ dpath.a_reg.out[4]$_DFFE_PP_/CLK (sky130_fd_sc_hd__edfxtp_1)
     2    0.01    0.09    0.40    0.71 v dpath.a_reg.out[4]$_DFFE_PP_/Q (sky130_fd_sc_hd__edfxtp_1)
                                         _029_ (net)
                  0.09    0.00    0.71 v _119_/_145_/A (sky130_fd_sc_hd__xnor3_2)
     5    0.03    0.15    0.49    1.20 v _119_/_145_/X (sky130_fd_sc_hd__xnor3_2)
                                         _119_/_016_ (net)
                  0.15    0.00    1.20 v _119_/_214_/A (sky130_fd_sc_hd__or2_4)
     3    0.03    0.08    0.33    1.53 v _119_/_214_/X (sky130_fd_sc_hd__or2_4)
                                         _119_/_079_ (net)
                  0.08    0.00    1.53 v _119_/rebuffer425/A (sky130_fd_sc_hd__buf_6)
     1    0.01    0.02    0.13    1.66 v _119_/rebuffer425/X (sky130_fd_sc_hd__buf_6)
                                         _119_/net444 (net)
                  0.02    0.00    1.66 v _119_/_217_/B1 (sky130_fd_sc_hd__a21oi_4)
     2    0.02    0.17    0.16    1.82 ^ _119_/_217_/Y (sky130_fd_sc_hd__a21oi_4)
                                         _119_/_082_ (net)
                  0.17    0.00    1.82 ^ _119_/_237_/A3 (sky130_fd_sc_hd__o31ai_4)
     2    0.01    0.10    0.08    1.90 v _119_/_237_/Y (sky130_fd_sc_hd__o31ai_4)
                                         _119_/_098_ (net)
                  0.10    0.00    1.90 v _119_/_263_/A2 (sky130_fd_sc_hd__o211ai_1)
     1    0.02    0.38    0.36    2.26 ^ _119_/_263_/Y (sky130_fd_sc_hd__o211ai_1)
                                         _119_/_120_ (net)
                  0.38    0.00    2.27 ^ _119_/_264_/B (sky130_fd_sc_hd__xnor2_1)
     2    0.01    0.10    0.15    2.42 v _119_/_264_/Y (sky130_fd_sc_hd__xnor2_1)
                                         net43 (net)
                  0.10    0.00    2.42 v _166_/A1 (sky130_fd_sc_hd__mux2i_1)
     1    0.00    0.15    0.18    2.60 ^ _166_/Y (sky130_fd_sc_hd__mux2i_1)
                                         _081_ (net)
                  0.15    0.00    2.60 ^ _168_/A1 (sky130_fd_sc_hd__o21ai_1)
     1    0.01    0.07    0.11    2.70 v _168_/Y (sky130_fd_sc_hd__o21ai_1)
                                         _083_ (net)
                  0.07    0.00    2.70 v dpath.a_reg.out[13]$_DFFE_PP_/D (sky130_fd_sc_hd__edfxtp_1)
                                  2.70   data arrival time

                          1.10    1.10   clock core_clock (rise edge)
                          0.00    1.10   clock source latency
     1    0.02    0.00    0.00    1.10 ^ clk (in)
                                         clk (net)
                  0.00    0.00    1.10 ^ clkbuf_0_clk/A (sky130_fd_sc_hd__clkbuf_8)
     4    0.03    0.07    0.13    1.23 ^ clkbuf_0_clk/X (sky130_fd_sc_hd__clkbuf_8)
                                         clknet_0_clk (net)
                  0.07    0.00    1.24 ^ clkbuf_2_1__f_clk/A (sky130_fd_sc_hd__clkbuf_8)
    10    0.04    0.08    0.16    1.40 ^ clkbuf_2_1__f_clk/X (sky130_fd_sc_hd__clkbuf_8)
                                         clknet_2_1__leaf_clk (net)
                  0.08    0.00    1.40 ^ dpath.a_reg.out[13]$_DFFE_PP_/CLK (sky130_fd_sc_hd__edfxtp_1)
                          0.00    1.40   clock reconvergence pessimism
                         -0.25    1.15   library setup time
                                  1.15   data required time
-----------------------------------------------------------------------------
                                  1.15   data required time
                                 -2.70   data arrival time
-----------------------------------------------------------------------------
                                 -1.55   slack (VIOLATED)


Startpoint: dpath.b_reg.out[3]$_DFFE_PP_
            (rising edge-triggered flip-flop clocked by core_clock)
Endpoint: resp_msg[15] (output port clocked by vclk_core_clock)
Path Group: vclk_core_clock
Path Type: max

Fanout     Cap    Slew   Delay    Time   Description
-----------------------------------------------------------------------------
                          0.00    0.00   clock core_clock (rise edge)
                          0.00    0.00   clock source latency
     1    0.02    0.00    0.00    0.00 ^ clk (in)
                                         clk (net)
                  0.00    0.00    0.00 ^ clkbuf_0_clk/A (sky130_fd_sc_hd__clkbuf_8)
     4    0.03    0.07    0.13    0.13 ^ clkbuf_0_clk/X (sky130_fd_sc_hd__clkbuf_8)
                                         clknet_0_clk (net)
                  0.07    0.00    0.14 ^ clkbuf_2_0__f_clk/A (sky130_fd_sc_hd__clkbuf_8)
    10    0.04    0.08    0.17    0.30 ^ clkbuf_2_0__f_clk/X (sky130_fd_sc_hd__clkbuf_8)
                                         clknet_2_0__leaf_clk (net)
                  0.08    0.00    0.30 ^ dpath.b_reg.out[3]$_DFFE_PP_/CLK (sky130_fd_sc_hd__edfxtp_1)
     2    0.01    0.11    0.42    0.73 v dpath.b_reg.out[3]$_DFFE_PP_/Q (sky130_fd_sc_hd__edfxtp_1)
                                         _015_ (net)
                  0.11    0.00    0.73 v rebuffer432/A (sky130_fd_sc_hd__buf_4)
     1    0.00    0.02    0.15    0.88 v rebuffer432/X (sky130_fd_sc_hd__buf_4)
                                         net451 (net)
                  0.02    0.00    0.88 v place187/A (sky130_fd_sc_hd__buf_4)
     3    0.02    0.04    0.14    1.02 v place187/X (sky130_fd_sc_hd__buf_4)
                                         net202 (net)
                  0.04    0.00    1.02 v _119_/_148_/A (sky130_fd_sc_hd__xor2_1)
     1    0.00    0.13    0.15    1.17 ^ _119_/_148_/X (sky130_fd_sc_hd__xor2_1)
                                         _119_/_019_ (net)
                  0.13    0.00    1.17 ^ _119_/_149_/B (sky130_fd_sc_hd__nand2_1)
     2    0.02    0.14    0.15    1.33 v _119_/_149_/Y (sky130_fd_sc_hd__nand2_1)
                                         _119_/_020_ (net)
                  0.14    0.00    1.33 v _119_/_215_/A2 (sky130_fd_sc_hd__o21ai_2)
     3    0.03    0.38    0.36    1.69 ^ _119_/_215_/Y (sky130_fd_sc_hd__o21ai_2)
                                         _119_/_080_ (net)
                  0.38    0.00    1.69 ^ _119_/_228_/A1 (sky130_fd_sc_hd__a221oi_4)
     3    0.02    0.13    0.16    1.85 v _119_/_228_/Y (sky130_fd_sc_hd__a221oi_4)
                                         _119_/_091_ (net)
                  0.13    0.00    1.85 v _119_/rebuffer220/A (sky130_fd_sc_hd__buf_4)
     1    0.01    0.03    0.18    2.03 v _119_/rebuffer220/X (sky130_fd_sc_hd__buf_4)
                                         _119_/net237 (net)
                  0.03    0.00    2.03 v _119_/_130_/A3 (sky130_fd_sc_hd__o311ai_4)
     1    0.01    0.26    0.25    2.28 ^ _119_/_130_/Y (sky130_fd_sc_hd__o311ai_4)
                                         _119_/_002_ (net)
                  0.26    0.00    2.28 ^ _119_/_131_/B (sky130_fd_sc_hd__xnor2_2)
     2    0.01    0.13    0.15    2.43 ^ _119_/_131_/Y (sky130_fd_sc_hd__xnor2_2)
                                         net45 (net)
                  0.13    0.00    2.43 ^ rebuffer440/A (sky130_fd_sc_hd__buf_4)
     1    0.00    0.03    0.13    2.55 ^ rebuffer440/X (sky130_fd_sc_hd__buf_4)
                                         net459 (net)
                  0.03    0.00    2.55 ^ output45/A (sky130_fd_sc_hd__buf_2)
     1    0.00    0.02    0.08    2.63 ^ output45/X (sky130_fd_sc_hd__buf_2)
                                         resp_msg[15] (net)
                  0.02    0.00    2.63 ^ resp_msg[15] (out)
                                  2.63   data arrival time

                  0.00    1.10    1.10   clock vclk_core_clock (rise edge)
                          0.29    1.39   clock network delay (ideal)
                          0.00    1.39   clock reconvergence pessimism
                         -0.22    1.17   output external delay
                                  1.17   data required time
-----------------------------------------------------------------------------
                                  1.17   data required time
                                 -2.63   data arrival time
-----------------------------------------------------------------------------
                                 -1.46   slack (VIOLATED)



==========================================================================
finish report_check_types -max_slew -max_cap -max_fanout -violators
--------------------------------------------------------------------------

==========================================================================
finish max_slew_check_slack
--------------------------------------------------------------------------
0.9540837407112122

==========================================================================
finish max_slew_check_limit
--------------------------------------------------------------------------
1.4862940311431885

==========================================================================
finish max_slew_check_slack_limit
--------------------------------------------------------------------------
0.6419

==========================================================================
finish max_fanout_check_slack
--------------------------------------------------------------------------
1.0000000150474662e+30

==========================================================================
finish max_fanout_check_limit
--------------------------------------------------------------------------
1.0000000150474662e+30

==========================================================================
finish max_capacitance_check_slack
--------------------------------------------------------------------------
0.02490418031811714

==========================================================================
finish max_capacitance_check_limit
--------------------------------------------------------------------------
0.03663099929690361

==========================================================================
finish max_capacitance_check_slack_limit
--------------------------------------------------------------------------
0.6799

==========================================================================
finish max_slew_violation_count
--------------------------------------------------------------------------
max slew violation count 0

==========================================================================
finish max_fanout_violation_count
--------------------------------------------------------------------------
max fanout violation count 0

==========================================================================
finish max_cap_violation_count
--------------------------------------------------------------------------
max cap violation count 0

==========================================================================
finish setup_violation_count
--------------------------------------------------------------------------
setup violation count 85

==========================================================================
finish hold_violation_count
--------------------------------------------------------------------------
hold violation count 0

==========================================================================
finish report_checks -path_delay max reg to reg
--------------------------------------------------------------------------
Startpoint: dpath.a_reg.out[4]$_DFFE_PP_
            (rising edge-triggered flip-flop clocked by core_clock)
Endpoint: dpath.a_reg.out[13]$_DFFE_PP_
          (rising edge-triggered flip-flop clocked by core_clock)
Path Group: core_clock
Path Type: max

  Delay    Time   Description
---------------------------------------------------------
   0.00    0.00   clock core_clock (rise edge)
   0.00    0.00   clock source latency
   0.00    0.00 ^ clk (in)
   0.13    0.13 ^ clkbuf_0_clk/X (sky130_fd_sc_hd__clkbuf_8)
   0.17    0.30 ^ clkbuf_2_0__f_clk/X (sky130_fd_sc_hd__clkbuf_8)
   0.00    0.30 ^ dpath.a_reg.out[4]$_DFFE_PP_/CLK (sky130_fd_sc_hd__edfxtp_1)
   0.40    0.71 v dpath.a_reg.out[4]$_DFFE_PP_/Q (sky130_fd_sc_hd__edfxtp_1)
   0.49    1.20 v _119_/_145_/X (sky130_fd_sc_hd__xnor3_2)
   0.33    1.53 v _119_/_214_/X (sky130_fd_sc_hd__or2_4)
   0.13    1.66 v _119_/rebuffer425/X (sky130_fd_sc_hd__buf_6)
   0.16    1.82 ^ _119_/_217_/Y (sky130_fd_sc_hd__a21oi_4)
   0.08    1.90 v _119_/_237_/Y (sky130_fd_sc_hd__o31ai_4)
   0.36    2.26 ^ _119_/_263_/Y (sky130_fd_sc_hd__o211ai_1)
   0.16    2.42 v _119_/_264_/Y (sky130_fd_sc_hd__xnor2_1)
   0.18    2.60 ^ _166_/Y (sky130_fd_sc_hd__mux2i_1)
   0.11    2.70 v _168_/Y (sky130_fd_sc_hd__o21ai_1)
   0.00    2.70 v dpath.a_reg.out[13]$_DFFE_PP_/D (sky130_fd_sc_hd__edfxtp_1)
           2.70   data arrival time

   1.10    1.10   clock core_clock (rise edge)
   0.00    1.10   clock source latency
   0.00    1.10 ^ clk (in)
   0.13    1.23 ^ clkbuf_0_clk/X (sky130_fd_sc_hd__clkbuf_8)
   0.16    1.40 ^ clkbuf_2_1__f_clk/X (sky130_fd_sc_hd__clkbuf_8)
   0.00    1.40 ^ dpath.a_reg.out[13]$_DFFE_PP_/CLK (sky130_fd_sc_hd__edfxtp_1)
   0.00    1.40   clock reconvergence pessimism
  -0.25    1.15   library setup time
           1.15   data required time
---------------------------------------------------------
           1.15   data required time
          -2.70   data arrival time
---------------------------------------------------------
          -1.55   slack (VIOLATED)



==========================================================================
finish report_checks -path_delay min reg to reg
--------------------------------------------------------------------------
Startpoint: dpath.a_reg.out[0]$_DFFE_PP_
            (rising edge-triggered flip-flop clocked by core_clock)
Endpoint: dpath.b_reg.out[0]$_DFFE_PP_
          (rising edge-triggered flip-flop clocked by core_clock)
Path Group: core_clock
Path Type: min

  Delay    Time   Description
---------------------------------------------------------
   0.00    0.00   clock core_clock (rise edge)
   0.00    0.00   clock source latency
   0.00    0.00 ^ clk (in)
   0.13    0.13 ^ clkbuf_0_clk/X (sky130_fd_sc_hd__clkbuf_8)
   0.16    0.30 ^ clkbuf_2_1__f_clk/X (sky130_fd_sc_hd__clkbuf_8)
   0.00    0.30 ^ dpath.a_reg.out[0]$_DFFE_PP_/CLK (sky130_fd_sc_hd__edfxtp_1)
   0.38    0.67 ^ dpath.a_reg.out[0]$_DFFE_PP_/Q (sky130_fd_sc_hd__edfxtp_1)
   0.16    0.83 ^ _172_/X (sky130_fd_sc_hd__mux2_4)
   0.00    0.83 ^ dpath.b_reg.out[0]$_DFFE_PP_/D (sky130_fd_sc_hd__edfxtp_1)
           0.83   data arrival time

   0.00    0.00   clock core_clock (rise edge)
   0.00    0.00   clock source latency
   0.00    0.00 ^ clk (in)
   0.13    0.13 ^ clkbuf_0_clk/X (sky130_fd_sc_hd__clkbuf_8)
   0.17    0.30 ^ clkbuf_2_0__f_clk/X (sky130_fd_sc_hd__clkbuf_8)
   0.00    0.30 ^ dpath.b_reg.out[0]$_DFFE_PP_/CLK (sky130_fd_sc_hd__edfxtp_1)
   0.00    0.30   clock reconvergence pessimism
  -0.10    0.20   library hold time
           0.20   data required time
---------------------------------------------------------
           0.20   data required time
          -0.83   data arrival time
---------------------------------------------------------
           0.63   slack (MET)



==========================================================================
finish critical path target clock latency max path
--------------------------------------------------------------------------
0.2983

==========================================================================
finish critical path target clock latency min path
--------------------------------------------------------------------------
0.2979

==========================================================================
finish critical path source clock latency min path
--------------------------------------------------------------------------
0.2900

==========================================================================
finish critical path delay
--------------------------------------------------------------------------
2.7036

==========================================================================
finish critical path slack
--------------------------------------------------------------------------
-1.5536

==========================================================================
finish slack div critical path delay
--------------------------------------------------------------------------
-57.464122

==========================================================================
finish report_power
--------------------------------------------------------------------------
Group                  Internal  Switching    Leakage      Total
                          Power      Power      Power      Power (Watts)
----------------------------------------------------------------
Sequential             1.66e-03   1.60e-04   3.51e-10   1.82e-03  20.4%
Combinational          3.24e-03   2.88e-03   1.79e-09   6.12e-03  68.5%
Clock                  4.52e-04   5.41e-04   3.95e-11   9.93e-04  11.1%
Macro                  0.00e+00   0.00e+00   0.00e+00   0.00e+00   0.0%
Pad                    0.00e+00   0.00e+00   0.00e+00   0.00e+00   0.0%
----------------------------------------------------------------
Total                  5.35e-03   3.58e-03   2.18e-09   8.93e-03 100.0%
                          59.9%      40.1%       0.0%
